Archive member included to satisfy reference by file (symbol)

C:\FreeRTOSv202212.01\FreeRTOS\Demo\Common\drivers\LuminaryMicro/arm-none-eabi-gcc/\libdriver.a(gpio.o)
                              ./LocalDemoFiles/osram128x64x4.o (GPIODirModeSet)
C:\FreeRTOSv202212.01\FreeRTOS\Demo\Common\drivers\LuminaryMicro/arm-none-eabi-gcc/\libdriver.a(interrupt.o)
                              C:\FreeRTOSv202212.01\FreeRTOS\Demo\Common\drivers\LuminaryMicro/arm-none-eabi-gcc/\libdriver.a(gpio.o) (IntRegister)
C:\FreeRTOSv202212.01\FreeRTOS\Demo\Common\drivers\LuminaryMicro/arm-none-eabi-gcc/\libdriver.a(ssi.o)
                              ./LocalDemoFiles/osram128x64x4.o (SSIConfigSetExpClk)
C:\FreeRTOSv202212.01\FreeRTOS\Demo\Common\drivers\LuminaryMicro/arm-none-eabi-gcc/\libdriver.a(sysctl.o)
                              ./LocalDemoFiles/osram128x64x4.o (SysCtlPeripheralEnable)
C:\FreeRTOSv202212.01\FreeRTOS\Demo\Common\drivers\LuminaryMicro/arm-none-eabi-gcc/\libdriver.a(uart.o)
                              ./main.o (UARTEnable)
C:\FreeRTOSv202212.01\FreeRTOS\Demo\Common\drivers\LuminaryMicro/arm-none-eabi-gcc/\libdriver.a(cpu.o)
                              C:\FreeRTOSv202212.01\FreeRTOS\Demo\Common\drivers\LuminaryMicro/arm-none-eabi-gcc/\libdriver.a(interrupt.o) (CPUcpsid)
c:/program files (x86)/gnu arm embedded toolchain/10 2021.10/bin/../lib/gcc/arm-none-eabi/10.3.1/../../../../arm-none-eabi/lib/thumb/v7-m/nofp\libg_nano.a(lib_a-atoi.o)
                              ./LocalDemoFiles/serial.o (atoi)
c:/program files (x86)/gnu arm embedded toolchain/10 2021.10/bin/../lib/gcc/arm-none-eabi/10.3.1/../../../../arm-none-eabi/lib/thumb/v7-m/nofp\libg_nano.a(lib_a-ctype_.o)
                              ./LocalDemoFiles/serial.o (_ctype_)
c:/program files (x86)/gnu arm embedded toolchain/10 2021.10/bin/../lib/gcc/arm-none-eabi/10.3.1/../../../../arm-none-eabi/lib/thumb/v7-m/nofp\libg_nano.a(lib_a-memcpy-stub.o)
                              ./FreeRTOS_Source/queue.o (memcpy)
c:/program files (x86)/gnu arm embedded toolchain/10 2021.10/bin/../lib/gcc/arm-none-eabi/10.3.1/../../../../arm-none-eabi/lib/thumb/v7-m/nofp\libg_nano.a(lib_a-memset.o)
                              ./FreeRTOS_Source/portable/MemMang/heap_4.o (memset)
c:/program files (x86)/gnu arm embedded toolchain/10 2021.10/bin/../lib/gcc/arm-none-eabi/10.3.1/../../../../arm-none-eabi/lib/thumb/v7-m/nofp\libg_nano.a(lib_a-sprintf.o)
                              ./LocalDemoFiles/display.o (sprintf)
c:/program files (x86)/gnu arm embedded toolchain/10 2021.10/bin/../lib/gcc/arm-none-eabi/10.3.1/../../../../arm-none-eabi/lib/thumb/v7-m/nofp\libg_nano.a(lib_a-strcmp.o)
                              ./LocalDemoFiles/worker.o (strcmp)
c:/program files (x86)/gnu arm embedded toolchain/10 2021.10/bin/../lib/gcc/arm-none-eabi/10.3.1/../../../../arm-none-eabi/lib/thumb/v7-m/nofp\libg_nano.a(lib_a-strcpy.o)
                              ./FreeRTOS_Source/tasks.o (strcpy)
c:/program files (x86)/gnu arm embedded toolchain/10 2021.10/bin/../lib/gcc/arm-none-eabi/10.3.1/../../../../arm-none-eabi/lib/thumb/v7-m/nofp\libg_nano.a(lib_a-strlen.o)
                              ./FreeRTOS_Source/tasks.o (strlen)
c:/program files (x86)/gnu arm embedded toolchain/10 2021.10/bin/../lib/gcc/arm-none-eabi/10.3.1/../../../../arm-none-eabi/lib/thumb/v7-m/nofp\libg_nano.a(lib_a-strncpy.o)
                              ./LegacyDrivers/ustdlib.o (strncpy)
c:/program files (x86)/gnu arm embedded toolchain/10 2021.10/bin/../lib/gcc/arm-none-eabi/10.3.1/../../../../arm-none-eabi/lib/thumb/v7-m/nofp\libg_nano.a(lib_a-strtol.o)
                              c:/program files (x86)/gnu arm embedded toolchain/10 2021.10/bin/../lib/gcc/arm-none-eabi/10.3.1/../../../../arm-none-eabi/lib/thumb/v7-m/nofp\libg_nano.a(lib_a-atoi.o) (_strtol_r)
c:/program files (x86)/gnu arm embedded toolchain/10 2021.10/bin/../lib/gcc/arm-none-eabi/10.3.1/../../../../arm-none-eabi/lib/thumb/v7-m/nofp\libg_nano.a(lib_a-errno.o)
                              c:/program files (x86)/gnu arm embedded toolchain/10 2021.10/bin/../lib/gcc/arm-none-eabi/10.3.1/../../../../arm-none-eabi/lib/thumb/v7-m/nofp\libg_nano.a(lib_a-strtol.o) (__errno)
c:/program files (x86)/gnu arm embedded toolchain/10 2021.10/bin/../lib/gcc/arm-none-eabi/10.3.1/../../../../arm-none-eabi/lib/thumb/v7-m/nofp\libg_nano.a(lib_a-impure.o)
                              c:/program files (x86)/gnu arm embedded toolchain/10 2021.10/bin/../lib/gcc/arm-none-eabi/10.3.1/../../../../arm-none-eabi/lib/thumb/v7-m/nofp\libg_nano.a(lib_a-sprintf.o) (_impure_ptr)
c:/program files (x86)/gnu arm embedded toolchain/10 2021.10/bin/../lib/gcc/arm-none-eabi/10.3.1/../../../../arm-none-eabi/lib/thumb/v7-m/nofp\libg_nano.a(lib_a-nano-svfprintf.o)
                              c:/program files (x86)/gnu arm embedded toolchain/10 2021.10/bin/../lib/gcc/arm-none-eabi/10.3.1/../../../../arm-none-eabi/lib/thumb/v7-m/nofp\libg_nano.a(lib_a-sprintf.o) (_svfprintf_r)
[...]
Memory Configuration

Name             Origin             Length             Attributes
FLASH            0x00000000         0x00040000         xr
SRAM             0x20000000         0x00010000         xrw
*default*        0x00000000         0xffffffff

Linker script and memory map

LOAD ./LocalDemoFiles/display.o
LOAD ./LocalDemoFiles/globals.o
LOAD ./LocalDemoFiles/osram128x64x4.o
LOAD ./LocalDemoFiles/serial.o
LOAD ./LocalDemoFiles/snake.o
LOAD ./LocalDemoFiles/worker.o
LOAD ./LegacyDrivers/ustdlib.o
LOAD ./FreeRTOS_Source/portable/MemMang/heap_4.o
LOAD ./FreeRTOS_Source/portable/GCC/ARM_CM3/port.o
LOAD ./FreeRTOS_Source/croutine.o
LOAD ./FreeRTOS_Source/event_groups.o
LOAD ./FreeRTOS_Source/list.o
LOAD ./FreeRTOS_Source/queue.o
LOAD ./FreeRTOS_Source/stream_buffer.o
LOAD ./FreeRTOS_Source/tasks.o
LOAD ./FreeRTOS_Source/timers.o
LOAD ./main.o
LOAD ./startup.o
LOAD C:\FreeRTOSv202212.01\FreeRTOS\Demo\Common\drivers\LuminaryMicro/arm-none-eabi-gcc/\libdriver.a
LOAD C:\FreeRTOSv202212.01\FreeRTOS\Demo\Common\drivers\LuminaryMicro/arm-none-eabi-gcc/\libgr.a
START GROUP
LOAD c:/program files (x86)/gnu arm embedded toolchain/10 2021.10/bin/../lib/gcc/arm-none-eabi/10.3.1/thumb/v7-m/nofp\libgcc.a
LOAD c:/program files (x86)/gnu arm embedded toolchain/10 2021.10/bin/../lib/gcc/arm-none-eabi/10.3.1/../../../../arm-none-eabi/lib/thumb/v7-m/nofp\libg_nano.a
LOAD c:/program files (x86)/gnu arm embedded toolchain/10 2021.10/bin/../lib/gcc/arm-none-eabi/10.3.1/../../../../arm-none-eabi/lib/thumb/v7-m/nofp\libc_nano.a
END GROUP
START GROUP
LOAD c:/program files (x86)/gnu arm embedded toolchain/10 2021.10/bin/../lib/gcc/arm-none-eabi/10.3.1/thumb/v7-m/nofp\libgcc.a
LOAD c:/program files (x86)/gnu arm embedded toolchain/10 2021.10/bin/../lib/gcc/arm-none-eabi/10.3.1/../../../../arm-none-eabi/lib/thumb/v7-m/nofp\libc_nano.a
END GROUP

.text           0x00000000     0xaceb
 *(.isr_vector)
 .isr_vector    0x00000000       0xf0 ./startup.o
                0x00000000                g_pfnVectors
 *(.text*)
 .text          0x000000f0        0x0 ./LocalDemoFiles/display.o
 .text.printScreanType
                0x000000f0       0x7c ./LocalDemoFiles/display.o
                0x000000f0                printScreanType
 .text.printMouse
                0x0000016c       0x24 ./LocalDemoFiles/display.o
                0x0000016c                printMouse
 .text.printMenu
                0x00000190       0x9c ./LocalDemoFiles/display.o
                0x00000190                printMenu
 .text.printWorkers
                0x0000022c      0x14c ./LocalDemoFiles/display.o
                0x0000022c                printWorkers
 .text.drawSnakeGame
                0x00000378       0xb4 ./LocalDemoFiles/display.o
                0x00000378                drawSnakeGame
 .text          0x0000042c        0x0 ./LocalDemoFiles/globals.o
 .text          0x0000042c        0x0 ./LocalDemoFiles/osram128x64x4.o
 .text.OSRAMWriteCommand
                0x0000042c       0x60 ./LocalDemoFiles/osram128x64x4.o
 .text.OSRAMWriteData
                0x0000048c       0x60 ./LocalDemoFiles/osram128x64x4.o
 .text.OSRAM128x64x4Clear
                0x000004ec       0x64 ./LocalDemoFiles/osram128x64x4.o
                0x000004ec                OSRAM128x64x4Clear
 .text.OSRAM128x64x4StringDraw
                0x00000550      0x1c8 ./LocalDemoFiles/osram128x64x4.o
                0x00000550                OSRAM128x64x4StringDraw
 .text.OSRAM128x64x4ImageDraw
                0x00000718      0x118 ./LocalDemoFiles/osram128x64x4.o
                0x00000718                OSRAM128x64x4ImageDraw
 .text.OSRAM128x64x4PixelDraw
                0x00000830       0xc8 ./LocalDemoFiles/osram128x64x4.o
                0x00000830                OSRAM128x64x4PixelDraw
 .text.OSRAM128x64x4RectangleDraw
                0x000008f8      0x19c ./LocalDemoFiles/osram128x64x4.o
                0x000008f8                OSRAM128x64x4RectangleDraw
 .text.OSRAM128x64x4Enable
                0x00000a94       0x70 ./LocalDemoFiles/osram128x64x4.o
                0x00000a94                OSRAM128x64x4Enable
 .text.OSRAM128x64x4Disable
                0x00000b04       0x5c ./LocalDemoFiles/osram128x64x4.o
                0x00000b04                OSRAM128x64x4Disable
 .text.OSRAM128x64x4Init
                0x00000b60       0xd8 ./LocalDemoFiles/osram128x64x4.o
                0x00000b60                OSRAM128x64x4Init
 .text.OSRAM128x64x4DisplayOn
                0x00000c38       0x4c ./LocalDemoFiles/osram128x64x4.o
                0x00000c38                OSRAM128x64x4DisplayOn
 .text.OSRAM128x64x4DisplayOff
                0x00000c84       0x14 ./LocalDemoFiles/osram128x64x4.o
                0x00000c84                OSRAM128x64x4DisplayOff
 .text.OSRAM128x64x4SwapBuffer
                0x00000c98       0x4c ./LocalDemoFiles/osram128x64x4.o
                0x00000c98                OSRAM128x64x4SwapBuffer
 .text          0x00000ce4        0x0 ./LocalDemoFiles/serial.o
 .text.cleanSerial
                0x00000ce4       0x58 ./LocalDemoFiles/serial.o
                0x00000ce4                cleanSerial
 .text.writeToSerialBuffer
                0x00000d3c       0x48 ./LocalDemoFiles/serial.o
                0x00000d3c                writeToSerialBuffer
 .text.defaultSerial
                0x00000d84      0x118 ./LocalDemoFiles/serial.o
                0x00000d84                defaultSerial
 .text.getSpecialKey
                0x00000e9c       0xe0 ./LocalDemoFiles/serial.o
                0x00000e9c                getSpecialKey
 .text.moveMouse
                0x00000f7c       0xc0 ./LocalDemoFiles/serial.o
                0x00000f7c                moveMouse
 .text.interactWorkers
                0x0000103c      0x1bc ./LocalDemoFiles/serial.o
                0x0000103c                interactWorkers
 .text.interactMenu
                0x000011f8      0x108 ./LocalDemoFiles/serial.o
                0x000011f8                interactMenu
 .text.interactSnakeGame
                0x00001300       0xdc ./LocalDemoFiles/serial.o
                0x00001300                interactSnakeGame
 .text          0x000013dc        0x0 ./LocalDemoFiles/snake.o
 .text.initSnake
                0x000013dc       0x9c ./LocalDemoFiles/snake.o
                0x000013dc                initSnake
 .text.SnakeTask
                0x00001478      0x274 ./LocalDemoFiles/snake.o
                0x00001478                SnakeTask
 .text.stopSnake
                0x000016ec       0x18 ./LocalDemoFiles/snake.o
                0x000016ec                stopSnake
 .text          0x00001704        0x0 ./LocalDemoFiles/worker.o
 .text.WorkerTask
                0x00001704       0xf8 ./LocalDemoFiles/worker.o
                0x00001704                WorkerTask
 .text.initWorkers
                0x000017fc       0x98 ./LocalDemoFiles/worker.o
                0x000017fc                initWorkers
 .text.stopWorkers
                0x00001894       0x40 ./LocalDemoFiles/worker.o
                0x00001894                stopWorkers
 .text          0x000018d4        0x0 ./LegacyDrivers/ustdlib.o
 .text.uvsnprintf
                0x000018d4      0x3d0 ./LegacyDrivers/ustdlib.o
                0x000018d4                uvsnprintf
 .text.usprintf
                0x00001ca4       0x30 ./LegacyDrivers/ustdlib.o
                0x00001ca4                usprintf
 .text.usnprintf
                0x00001cd4       0x30 ./LegacyDrivers/ustdlib.o
                0x00001cd4                usnprintf
 .text          0x00001d04        0x0 ./FreeRTOS_Source/portable/MemMang/heap_4.o
 .text.pvPortMalloc
                0x00001d04      0x15c ./FreeRTOS_Source/portable/MemMang/heap_4.o
                0x00001d04                pvPortMalloc
 .text.vPortFree
                0x00001e60       0xa4 ./FreeRTOS_Source/portable/MemMang/heap_4.o
                0x00001e60                vPortFree
 .text.xPortGetFreeHeapSize
                0x00001f04       0x14 ./FreeRTOS_Source/portable/MemMang/heap_4.o
                0x00001f04                xPortGetFreeHeapSize
 .text.xPortGetMinimumEverFreeHeapSize
                0x00001f18       0x14 ./FreeRTOS_Source/portable/MemMang/heap_4.o
                0x00001f18                xPortGetMinimumEverFreeHeapSize
 .text.vPortInitialiseBlocks
                0x00001f2c        0xc ./FreeRTOS_Source/portable/MemMang/heap_4.o
                0x00001f2c                vPortInitialiseBlocks
 .text.pvPortCalloc
                0x00001f38       0x60 ./FreeRTOS_Source/portable/MemMang/heap_4.o
                0x00001f38                pvPortCalloc
 .text.prvHeapInit
                0x00001f98       0xb8 ./FreeRTOS_Source/portable/MemMang/heap_4.o
 .text.prvInsertBlockIntoFreeList
                0x00002050       0xb0 ./FreeRTOS_Source/portable/MemMang/heap_4.o
 .text.vPortGetHeapStats
                0x00002100       0xbc ./FreeRTOS_Source/portable/MemMang/heap_4.o
                0x00002100                vPortGetHeapStats
 .text          0x000021bc        0x0 ./FreeRTOS_Source/portable/GCC/ARM_CM3/port.o
 .text.pxPortInitialiseStack
                0x000021bc       0x58 ./FreeRTOS_Source/portable/GCC/ARM_CM3/port.o
                0x000021bc                pxPortInitialiseStack
 .text.prvTaskExitError
                0x00002214       0x4c ./FreeRTOS_Source/portable/GCC/ARM_CM3/port.o
 .text.vPortSVCHandler
                0x00002260       0x28 ./FreeRTOS_Source/portable/GCC/ARM_CM3/port.o
                0x00002260                vPortSVCHandler
 .text.prvPortStartFirstTask
                0x00002288       0x24 ./FreeRTOS_Source/portable/GCC/ARM_CM3/port.o
 .text.xPortStartScheduler
                0x000022ac       0xc0 ./FreeRTOS_Source/portable/GCC/ARM_CM3/port.o
                0x000022ac                xPortStartScheduler
 .text.vPortEndScheduler
                0x0000236c       0x24 ./FreeRTOS_Source/portable/GCC/ARM_CM3/port.o
                0x0000236c                vPortEndScheduler
 .text.vPortEnterCritical
                0x00002390       0x54 ./FreeRTOS_Source/portable/GCC/ARM_CM3/port.o
                0x00002390                vPortEnterCritical
 .text.vPortExitCritical
                0x000023e4       0x48 ./FreeRTOS_Source/portable/GCC/ARM_CM3/port.o
                0x000023e4                vPortExitCritical
 *fill*         0x0000242c        0x4 
 .text.xPortPendSVHandler
                0x00002430       0x48 ./FreeRTOS_Source/portable/GCC/ARM_CM3/port.o
                0x00002430                xPortPendSVHandler
 .text.xPortSysTickHandler
                0x00002478       0x44 ./FreeRTOS_Source/portable/GCC/ARM_CM3/port.o
                0x00002478                xPortSysTickHandler
 .text.vPortSetupTimerInterrupt
                0x000024bc       0x34 ./FreeRTOS_Source/portable/GCC/ARM_CM3/port.o
                0x000024bc                vPortSetupTimerInterrupt
 .text.vPortValidateInterruptPriority
                0x000024f0       0x68 ./FreeRTOS_Source/portable/GCC/ARM_CM3/port.o
                0x000024f0                vPortValidateInterruptPriority
 .text          0x00002558        0x0 ./FreeRTOS_Source/croutine.o
 .text          0x00002558        0x0 ./FreeRTOS_Source/event_groups.o
 .text.xEventGroupCreate
                0x00002558       0x2e ./FreeRTOS_Source/event_groups.o
                0x00002558                xEventGroupCreate
 *fill*         0x00002586        0x2 
 .text.xEventGroupSync
                0x00002588      0x138 ./FreeRTOS_Source/event_groups.o
                0x00002588                xEventGroupSync
 .text.xEventGroupWaitBits
                0x000026c0      0x170 ./FreeRTOS_Source/event_groups.o
                0x000026c0                xEventGroupWaitBits
 .text.xEventGroupClearBits
                0x00002830       0x5c ./FreeRTOS_Source/event_groups.o
                0x00002830                xEventGroupClearBits
 .text.xEventGroupClearBitsFromISR
                0x0000288c       0x28 ./FreeRTOS_Source/event_groups.o
                0x0000288c                xEventGroupClearBitsFromISR
 .text.xEventGroupGetBitsFromISR
                0x000028b4       0x46 ./FreeRTOS_Source/event_groups.o
                0x000028b4                xEventGroupGetBitsFromISR
 *fill*         0x000028fa        0x2 
 .text.xEventGroupSetBits
                0x000028fc      0x104 ./FreeRTOS_Source/event_groups.o
                0x000028fc                xEventGroupSetBits
 .text.vEventGroupDelete
                0x00002a00       0x6c ./FreeRTOS_Source/event_groups.o
                0x00002a00                vEventGroupDelete
 .text.vEventGroupSetBitsCallback
                0x00002a6c       0x1a ./FreeRTOS_Source/event_groups.o
                0x00002a6c                vEventGroupSetBitsCallback
 .text.vEventGroupClearBitsCallback
                0x00002a86       0x1a ./FreeRTOS_Source/event_groups.o
                0x00002a86                vEventGroupClearBitsCallback
 .text.prvTestWaitCondition
                0x00002aa0       0x42 ./FreeRTOS_Source/event_groups.o
 *fill*         0x00002ae2        0x2 
 .text.xEventGroupSetBitsFromISR
                0x00002ae4       0x28 ./FreeRTOS_Source/event_groups.o
                0x00002ae4                xEventGroupSetBitsFromISR
 .text.uxEventGroupGetNumber
                0x00002b0c       0x2a ./FreeRTOS_Source/event_groups.o
                0x00002b0c                uxEventGroupGetNumber
 .text.vEventGroupSetNumber
                0x00002b36       0x1a ./FreeRTOS_Source/event_groups.o
                0x00002b36                vEventGroupSetNumber
 .text          0x00002b50        0x0 ./FreeRTOS_Source/list.o
 .text.vListInitialise
                0x00002b50       0x3e ./FreeRTOS_Source/list.o
                0x00002b50                vListInitialise
 .text.vListInitialiseItem
                0x00002b8e       0x18 ./FreeRTOS_Source/list.o
                0x00002b8e                vListInitialiseItem
 .text.vListInsertEnd
                0x00002ba6       0x46 ./FreeRTOS_Source/list.o
                0x00002ba6                vListInsertEnd
 .text.vListInsert
                0x00002bec       0x70 ./FreeRTOS_Source/list.o
                0x00002bec                vListInsert
 .text.uxListRemove
                0x00002c5c       0x52 ./FreeRTOS_Source/list.o
                0x00002c5c                uxListRemove
 .text          0x00002cae        0x0 ./FreeRTOS_Source/queue.o
 *fill*         0x00002cae        0x2 
 .text.xQueueGenericReset
                0x00002cb0      0x10c ./FreeRTOS_Source/queue.o
                0x00002cb0                xQueueGenericReset
 .text.xQueueGenericCreate
                0x00002dbc       0x94 ./FreeRTOS_Source/queue.o
                0x00002dbc                xQueueGenericCreate
 .text.prvInitialiseNewQueue
                0x00002e50       0x4c ./FreeRTOS_Source/queue.o
 .text.prvInitialiseMutex
                0x00002e9c       0x34 ./FreeRTOS_Source/queue.o
 .text.xQueueCreateMutex
                0x00002ed0       0x30 ./FreeRTOS_Source/queue.o
                0x00002ed0                xQueueCreateMutex
 .text.xQueueGetMutexHolder
                0x00002f00       0x48 ./FreeRTOS_Source/queue.o
                0x00002f00                xQueueGetMutexHolder
 .text.xQueueGetMutexHolderFromISR
                0x00002f48       0x3c ./FreeRTOS_Source/queue.o
                0x00002f48                xQueueGetMutexHolderFromISR
 .text.xQueueGiveMutexRecursive
                0x00002f84       0x60 ./FreeRTOS_Source/queue.o
                0x00002f84                xQueueGiveMutexRecursive
 .text.xQueueTakeMutexRecursive
                0x00002fe4       0x64 ./FreeRTOS_Source/queue.o
                0x00002fe4                xQueueTakeMutexRecursive
 .text.xQueueCreateCountingSemaphore
                0x00003048       0x54 ./FreeRTOS_Source/queue.o
                0x00003048                xQueueCreateCountingSemaphore
 .text.xQueueGenericSend
                0x0000309c      0x208 ./FreeRTOS_Source/queue.o
                0x0000309c                xQueueGenericSend
 .text.xQueueGenericSendFromISR
                0x000032a4      0x168 ./FreeRTOS_Source/queue.o
                0x000032a4                xQueueGenericSendFromISR
 .text.xQueueGiveFromISR
                0x0000340c      0x13c ./FreeRTOS_Source/queue.o
                0x0000340c                xQueueGiveFromISR
 .text.xQueueReceive
                0x00003548      0x1a0 ./FreeRTOS_Source/queue.o
                0x00003548                xQueueReceive
 .text.xQueueSemaphoreTake
                0x000036e8      0x1dc ./FreeRTOS_Source/queue.o
                0x000036e8                xQueueSemaphoreTake
 .text.xQueuePeek
                0x000038c4      0x1a4 ./FreeRTOS_Source/queue.o
                0x000038c4                xQueuePeek
 .text.xQueueReceiveFromISR
                0x00003a68      0x110 ./FreeRTOS_Source/queue.o
                0x00003a68                xQueueReceiveFromISR
 .text.xQueuePeekFromISR
                0x00003b78       0xb4 ./FreeRTOS_Source/queue.o
                0x00003b78                xQueuePeekFromISR
 .text.uxQueueMessagesWaiting
                0x00003c2c       0x34 ./FreeRTOS_Source/queue.o
                0x00003c2c                uxQueueMessagesWaiting
 .text.uxQueueSpacesAvailable
                0x00003c60       0x40 ./FreeRTOS_Source/queue.o
                0x00003c60                uxQueueSpacesAvailable
 .text.uxQueueMessagesWaitingFromISR
                0x00003ca0       0x30 ./FreeRTOS_Source/queue.o
                0x00003ca0                uxQueueMessagesWaitingFromISR
 .text.vQueueDelete
                0x00003cd0       0x34 ./FreeRTOS_Source/queue.o
                0x00003cd0                vQueueDelete
 .text.uxQueueGetQueueNumber
                0x00003d04       0x16 ./FreeRTOS_Source/queue.o
                0x00003d04                uxQueueGetQueueNumber
 .text.vQueueSetQueueNumber
                0x00003d1a       0x1a ./FreeRTOS_Source/queue.o
                0x00003d1a                vQueueSetQueueNumber
 .text.ucQueueGetQueueType
                0x00003d34       0x18 ./FreeRTOS_Source/queue.o
                0x00003d34                ucQueueGetQueueType
 .text.prvGetDisinheritPriorityAfterTimeout
                0x00003d4c       0x2e ./FreeRTOS_Source/queue.o
 .text.prvCopyDataToQueue
                0x00003d7a       0xd4 ./FreeRTOS_Source/queue.o
 .text.prvCopyDataFromQueue
                0x00003e4e       0x4c ./FreeRTOS_Source/queue.o
 .text.prvUnlockQueue
                0x00003e9a       0xbe ./FreeRTOS_Source/queue.o
 .text.prvIsQueueEmpty
                0x00003f58       0x2c ./FreeRTOS_Source/queue.o
 .text.xQueueIsQueueEmptyFromISR
                0x00003f84       0x3c ./FreeRTOS_Source/queue.o
                0x00003f84                xQueueIsQueueEmptyFromISR
 .text.prvIsQueueFull
                0x00003fc0       0x30 ./FreeRTOS_Source/queue.o
 .text.xQueueIsQueueFullFromISR
                0x00003ff0       0x40 ./FreeRTOS_Source/queue.o
                0x00003ff0                xQueueIsQueueFullFromISR
 .text.vQueueAddToRegistry
                0x00004030       0x90 ./FreeRTOS_Source/queue.o
                0x00004030                vQueueAddToRegistry
 .text.pcQueueGetName
                0x000040c0       0x5c ./FreeRTOS_Source/queue.o
                0x000040c0                pcQueueGetName
 .text.vQueueUnregisterQueue
                0x0000411c       0x64 ./FreeRTOS_Source/queue.o
                0x0000411c                vQueueUnregisterQueue
 .text.vQueueWaitForMessageRestricted
                0x00004180       0x68 ./FreeRTOS_Source/queue.o
                0x00004180                vQueueWaitForMessageRestricted
 .text.xQueueCreateSet
                0x000041e8       0x1e ./FreeRTOS_Source/queue.o
                0x000041e8                xQueueCreateSet
 .text.xQueueAddToSet
                0x00004206       0x42 ./FreeRTOS_Source/queue.o
                0x00004206                xQueueAddToSet
 .text.xQueueRemoveFromSet
                0x00004248       0x48 ./FreeRTOS_Source/queue.o
                0x00004248                xQueueRemoveFromSet
 .text.xQueueSelectFromSet
                0x00004290       0x26 ./FreeRTOS_Source/queue.o
                0x00004290                xQueueSelectFromSet
 .text.xQueueSelectFromSetFromISR
                0x000042b6       0x24 ./FreeRTOS_Source/queue.o
                0x000042b6                xQueueSelectFromSetFromISR
 *fill*         0x000042da        0x2 
 .text.prvNotifyQueueSetContainer
                0x000042dc       0xc0 ./FreeRTOS_Source/queue.o
 .text          0x0000439c        0x0 ./FreeRTOS_Source/stream_buffer.o
 .text.xStreamBufferGenericCreate
                0x0000439c       0xac ./FreeRTOS_Source/stream_buffer.o
                0x0000439c                xStreamBufferGenericCreate
 .text.vStreamBufferDelete
                0x00004448       0x48 ./FreeRTOS_Source/stream_buffer.o
                0x00004448                vStreamBufferDelete
 .text.xStreamBufferReset
                0x00004490       0x84 ./FreeRTOS_Source/stream_buffer.o
                0x00004490                xStreamBufferReset
 .text.xStreamBufferSetTriggerLevel
                0x00004514       0x50 ./FreeRTOS_Source/stream_buffer.o
                0x00004514                xStreamBufferSetTriggerLevel
 .text.xStreamBufferSpacesAvailable
                0x00004564       0x6c ./FreeRTOS_Source/stream_buffer.o
                0x00004564                xStreamBufferSpacesAvailable
 .text.xStreamBufferBytesAvailable
                0x000045d0       0x34 ./FreeRTOS_Source/stream_buffer.o
                0x000045d0                xStreamBufferBytesAvailable
 .text.xStreamBufferSend
                0x00004604      0x170 ./FreeRTOS_Source/stream_buffer.o
                0x00004604                xStreamBufferSend
 .text.xStreamBufferSendFromISR
                0x00004774       0xd4 ./FreeRTOS_Source/stream_buffer.o
                0x00004774                xStreamBufferSendFromISR
 .text.prvWriteMessageToBuffer
                0x00004848       0x88 ./FreeRTOS_Source/stream_buffer.o
 .text.xStreamBufferReceive
                0x000048d0      0x110 ./FreeRTOS_Source/stream_buffer.o
                0x000048d0                xStreamBufferReceive
 .text.xStreamBufferNextMessageLengthBytes
                0x000049e0       0x74 ./FreeRTOS_Source/stream_buffer.o
                0x000049e0                xStreamBufferNextMessageLengthBytes
 .text.xStreamBufferReceiveFromISR
                0x00004a54       0xcc ./FreeRTOS_Source/stream_buffer.o
                0x00004a54                xStreamBufferReceiveFromISR
 .text.prvReadMessageFromBuffer
                0x00004b20       0x7a ./FreeRTOS_Source/stream_buffer.o
 *fill*         0x00004b9a        0x2 
 .text.xStreamBufferIsEmpty
                0x00004b9c       0x44 ./FreeRTOS_Source/stream_buffer.o
                0x00004b9c                xStreamBufferIsEmpty
 .text.xStreamBufferIsFull
                0x00004be0       0x58 ./FreeRTOS_Source/stream_buffer.o
                0x00004be0                xStreamBufferIsFull
 .text.xStreamBufferSendCompletedFromISR
                0x00004c38       0x84 ./FreeRTOS_Source/stream_buffer.o
                0x00004c38                xStreamBufferSendCompletedFromISR
 .text.xStreamBufferReceiveCompletedFromISR
                0x00004cbc       0x84 ./FreeRTOS_Source/stream_buffer.o
                0x00004cbc                xStreamBufferReceiveCompletedFromISR
 .text.prvWriteBytesToBuffer
                0x00004d40       0xbc ./FreeRTOS_Source/stream_buffer.o
 .text.prvReadBytesFromBuffer
                0x00004dfc       0xb4 ./FreeRTOS_Source/stream_buffer.o
 .text.prvBytesInBuffer
                0x00004eb0       0x3e ./FreeRTOS_Source/stream_buffer.o
 *fill*         0x00004eee        0x2 
 .text.prvInitialiseNewStreamBuffer
                0x00004ef0       0x60 ./FreeRTOS_Source/stream_buffer.o
 .text.uxStreamBufferGetStreamBufferNumber
                0x00004f50       0x16 ./FreeRTOS_Source/stream_buffer.o
                0x00004f50                uxStreamBufferGetStreamBufferNumber
 .text.vStreamBufferSetStreamBufferNumber
                0x00004f66       0x1a ./FreeRTOS_Source/stream_buffer.o
                0x00004f66                vStreamBufferSetStreamBufferNumber
 .text.ucStreamBufferGetStreamBufferType
                0x00004f80       0x1c ./FreeRTOS_Source/stream_buffer.o
                0x00004f80                ucStreamBufferGetStreamBufferType
 .text          0x00004f9c        0x0 ./FreeRTOS_Source/tasks.o
 .text.xTaskCreate
                0x00004f9c       0x8c ./FreeRTOS_Source/tasks.o
                0x00004f9c                xTaskCreate
 .text.prvInitialiseNewTask
                0x00005028      0x10c ./FreeRTOS_Source/tasks.o
 .text.prvAddNewTaskToReadyList
                0x00005134      0x12c ./FreeRTOS_Source/tasks.o
 .text.vTaskDelete
                0x00005260      0x120 ./FreeRTOS_Source/tasks.o
                0x00005260                vTaskDelete
 .text.xTaskDelayUntil
                0x00005380       0xdc ./FreeRTOS_Source/tasks.o
                0x00005380                xTaskDelayUntil
 .text.vTaskDelay
                0x0000545c       0x60 ./FreeRTOS_Source/tasks.o
                0x0000545c                vTaskDelay
 .text.eTaskGetState
                0x000054bc       0xdc ./FreeRTOS_Source/tasks.o
                0x000054bc                eTaskGetState
 .text.uxTaskPriorityGet
                0x00005598       0x34 ./FreeRTOS_Source/tasks.o
                0x00005598                uxTaskPriorityGet
 .text.uxTaskPriorityGetFromISR
                0x000055cc       0x58 ./FreeRTOS_Source/tasks.o
                0x000055cc                uxTaskPriorityGetFromISR
 .text.vTaskPrioritySet
                0x00005624      0x19c ./FreeRTOS_Source/tasks.o
                0x00005624                vTaskPrioritySet
 .text.vTaskSuspend
                0x000057c0      0x138 ./FreeRTOS_Source/tasks.o
                0x000057c0                vTaskSuspend
 .text.prvTaskIsTaskSuspended
                0x000058f8       0x58 ./FreeRTOS_Source/tasks.o
 .text.vTaskResume
                0x00005950      0x104 ./FreeRTOS_Source/tasks.o
                0x00005950                vTaskResume
 .text.xTaskResumeFromISR
                0x00005a54      0x134 ./FreeRTOS_Source/tasks.o
                0x00005a54                xTaskResumeFromISR
 .text.vTaskStartScheduler
                0x00005b88       0x9c ./FreeRTOS_Source/tasks.o
                0x00005b88                vTaskStartScheduler
 .text.vTaskEndScheduler
                0x00005c24       0x30 ./FreeRTOS_Source/tasks.o
                0x00005c24                vTaskEndScheduler
 .text.vTaskSuspendAll
                0x00005c54       0x1c ./FreeRTOS_Source/tasks.o
                0x00005c54                vTaskSuspendAll
 .text.xTaskResumeAll
                0x00005c70      0x1f0 ./FreeRTOS_Source/tasks.o
                0x00005c70                xTaskResumeAll
 .text.xTaskGetTickCount
                0x00005e60       0x1c ./FreeRTOS_Source/tasks.o
                0x00005e60                xTaskGetTickCount
 .text.xTaskGetTickCountFromISR
                0x00005e7c       0x24 ./FreeRTOS_Source/tasks.o
                0x00005e7c                xTaskGetTickCountFromISR
 .text.uxTaskGetNumberOfTasks
                0x00005ea0       0x14 ./FreeRTOS_Source/tasks.o
                0x00005ea0                uxTaskGetNumberOfTasks
 .text.pcTaskGetName
                0x00005eb4       0x3c ./FreeRTOS_Source/tasks.o
                0x00005eb4                pcTaskGetName
 .text.uxTaskGetSystemState
                0x00005ef0      0x11c ./FreeRTOS_Source/tasks.o
                0x00005ef0                uxTaskGetSystemState
 .text.xTaskGetIdleTaskHandle
                0x0000600c       0x28 ./FreeRTOS_Source/tasks.o
                0x0000600c                xTaskGetIdleTaskHandle
 .text.xTaskCatchUpTicks
                0x00006034       0x50 ./FreeRTOS_Source/tasks.o
                0x00006034                xTaskCatchUpTicks
 .text.xTaskIncrementTick
                0x00006084      0x234 ./FreeRTOS_Source/tasks.o
                0x00006084                xTaskIncrementTick
 .text.vTaskSwitchContext
                0x000062b8       0xf8 ./FreeRTOS_Source/tasks.o
                0x000062b8                vTaskSwitchContext
 .text.vTaskPlaceOnEventList
                0x000063b0       0x40 ./FreeRTOS_Source/tasks.o
                0x000063b0                vTaskPlaceOnEventList
 .text.vTaskPlaceOnUnorderedEventList
                0x000063f0       0x98 ./FreeRTOS_Source/tasks.o
                0x000063f0                vTaskPlaceOnUnorderedEventList
 .text.vTaskPlaceOnEventListRestricted
                0x00006488       0x84 ./FreeRTOS_Source/tasks.o
                0x00006488                vTaskPlaceOnEventListRestricted
 .text.xTaskRemoveFromEventList
                0x0000650c      0x1a0 ./FreeRTOS_Source/tasks.o
                0x0000650c                xTaskRemoveFromEventList
 .text.vTaskRemoveFromUnorderedEventList
                0x000066ac      0x168 ./FreeRTOS_Source/tasks.o
                0x000066ac                vTaskRemoveFromUnorderedEventList
 .text.vTaskSetTimeOutState
                0x00006814       0x44 ./FreeRTOS_Source/tasks.o
                0x00006814                vTaskSetTimeOutState
 .text.vTaskInternalSetTimeOutState
                0x00006858       0x2c ./FreeRTOS_Source/tasks.o
                0x00006858                vTaskInternalSetTimeOutState
 .text.xTaskCheckForTimeOut
                0x00006884       0xb8 ./FreeRTOS_Source/tasks.o
                0x00006884                xTaskCheckForTimeOut
 .text.vTaskMissedYield
                0x0000693c       0x18 ./FreeRTOS_Source/tasks.o
                0x0000693c                vTaskMissedYield
 .text.uxTaskGetTaskNumber
                0x00006954       0x2a ./FreeRTOS_Source/tasks.o
                0x00006954                uxTaskGetTaskNumber
 .text.vTaskSetTaskNumber
                0x0000697e       0x24 ./FreeRTOS_Source/tasks.o
                0x0000697e                vTaskSetTaskNumber
 .text.prvIdleTask
                0x000069a2        0xe ./FreeRTOS_Source/tasks.o
 .text.prvInitialiseTaskLists
                0x000069b0       0x80 ./FreeRTOS_Source/tasks.o
 .text.prvCheckTasksWaitingTermination
                0x00006a30       0x5c ./FreeRTOS_Source/tasks.o
 .text.vTaskGetInfo
                0x00006a8c       0xcc ./FreeRTOS_Source/tasks.o
                0x00006a8c                vTaskGetInfo
 .text.prvListTasksWithinSingleList
                0x00006b58       0xa4 ./FreeRTOS_Source/tasks.o
 .text.prvTaskCheckFreeStackSpace
                0x00006bfc       0x36 ./FreeRTOS_Source/tasks.o
 *fill*         0x00006c32        0x2 
 .text.uxTaskGetStackHighWaterMark
                0x00006c34       0x38 ./FreeRTOS_Source/tasks.o
                0x00006c34                uxTaskGetStackHighWaterMark
 .text.prvDeleteTCB
                0x00006c6c       0x20 ./FreeRTOS_Source/tasks.o
 .text.prvResetNextTaskUnblockTime
                0x00006c8c       0x34 ./FreeRTOS_Source/tasks.o
 .text.xTaskGetCurrentTaskHandle
                0x00006cc0       0x1c ./FreeRTOS_Source/tasks.o
                0x00006cc0                xTaskGetCurrentTaskHandle
 .text.xTaskGetSchedulerState
                0x00006cdc       0x3c ./FreeRTOS_Source/tasks.o
                0x00006cdc                xTaskGetSchedulerState
 .text.xTaskPriorityInherit
                0x00006d18      0x13c ./FreeRTOS_Source/tasks.o
                0x00006d18                xTaskPriorityInherit
 .text.xTaskPriorityDisinherit
                0x00006e54      0x130 ./FreeRTOS_Source/tasks.o
                0x00006e54                xTaskPriorityDisinherit
 .text.vTaskPriorityDisinheritAfterTimeout
                0x00006f84      0x15c ./FreeRTOS_Source/tasks.o
                0x00006f84                vTaskPriorityDisinheritAfterTimeout
 .text.prvWriteNameToBuffer
                0x000070e0       0x4a ./FreeRTOS_Source/tasks.o
 *fill*         0x0000712a        0x2 
 .text.vTaskList
                0x0000712c      0x130 ./FreeRTOS_Source/tasks.o
                0x0000712c                vTaskList
 .text.uxTaskResetEventItemValue
                0x0000725c       0x30 ./FreeRTOS_Source/tasks.o
                0x0000725c                uxTaskResetEventItemValue
 .text.pvTaskIncrementMutexHeldCount
                0x0000728c       0x28 ./FreeRTOS_Source/tasks.o
                0x0000728c                pvTaskIncrementMutexHeldCount
 .text.ulTaskGenericNotifyTake
                0x000072b4       0xc8 ./FreeRTOS_Source/tasks.o
                0x000072b4                ulTaskGenericNotifyTake
 .text.xTaskGenericNotifyWait
                0x0000737c       0xf8 ./FreeRTOS_Source/tasks.o
                0x0000737c                xTaskGenericNotifyWait
 .text.xTaskGenericNotify
                0x00007474      0x218 ./FreeRTOS_Source/tasks.o
                0x00007474                xTaskGenericNotify
 .text.xTaskGenericNotifyFromISR
                0x0000768c      0x28c ./FreeRTOS_Source/tasks.o
                0x0000768c                xTaskGenericNotifyFromISR
 .text.vTaskGenericNotifyGiveFromISR
                0x00007918      0x1ec ./FreeRTOS_Source/tasks.o
                0x00007918                vTaskGenericNotifyGiveFromISR
 .text.xTaskGenericNotifyStateClear
                0x00007b04       0x6c ./FreeRTOS_Source/tasks.o
                0x00007b04                xTaskGenericNotifyStateClear
 .text.ulTaskGenericNotifyValueClear
                0x00007b70       0x5c ./FreeRTOS_Source/tasks.o
                0x00007b70                ulTaskGenericNotifyValueClear
 .text.prvAddCurrentTaskToDelayedList
                0x00007bcc      0x100 ./FreeRTOS_Source/tasks.o
 .text.getTaskName
                0x00007ccc       0x24 ./FreeRTOS_Source/tasks.o
                0x00007ccc                getTaskName
 .text          0x00007cf0        0x0 ./FreeRTOS_Source/timers.o
 .text.xTimerCreateTimerTask
                0x00007cf0       0x5c ./FreeRTOS_Source/timers.o
                0x00007cf0                xTimerCreateTimerTask
 .text.xTimerCreate
                0x00007d4c       0x42 ./FreeRTOS_Source/timers.o
                0x00007d4c                xTimerCreate
 *fill*         0x00007d8e        0x2 
 .text.prvInitialiseNewTimer
                0x00007d90       0x68 ./FreeRTOS_Source/timers.o
 .text.xTimerGenericCommand
                0x00007df8       0x94 ./FreeRTOS_Source/timers.o
                0x00007df8                xTimerGenericCommand
 .text.xTimerGetTimerDaemonTaskHandle
                0x00007e8c       0x28 ./FreeRTOS_Source/timers.o
                0x00007e8c                xTimerGetTimerDaemonTaskHandle
 .text.xTimerGetPeriod
                0x00007eb4       0x2c ./FreeRTOS_Source/timers.o
                0x00007eb4                xTimerGetPeriod
 .text.vTimerSetReloadMode
                0x00007ee0       0x60 ./FreeRTOS_Source/timers.o
                0x00007ee0                vTimerSetReloadMode
 .text.xTimerGetReloadMode
                0x00007f40       0x4c ./FreeRTOS_Source/timers.o
                0x00007f40                xTimerGetReloadMode
 .text.uxTimerGetReloadMode
                0x00007f8c       0x18 ./FreeRTOS_Source/timers.o
                0x00007f8c                uxTimerGetReloadMode
 .text.xTimerGetExpiryTime
                0x00007fa4       0x30 ./FreeRTOS_Source/timers.o
                0x00007fa4                xTimerGetExpiryTime
 .text.pcTimerGetName
                0x00007fd4       0x2c ./FreeRTOS_Source/timers.o
                0x00007fd4                pcTimerGetName
 .text.prvReloadTimer
                0x00008000       0x42 ./FreeRTOS_Source/timers.o
 *fill*         0x00008042        0x2 
 .text.prvProcessExpiredTimer
                0x00008044       0x60 ./FreeRTOS_Source/timers.o
 .text.prvTimerTask
                0x000080a4       0x24 ./FreeRTOS_Source/timers.o
 .text.prvProcessTimerOrBlockTask
                0x000080c8       0x9c ./FreeRTOS_Source/timers.o
 .text.prvGetNextExpireTime
                0x00008164       0x44 ./FreeRTOS_Source/timers.o
 .text.prvSampleTimeNow
                0x000081a8       0x40 ./FreeRTOS_Source/timers.o
 .text.prvInsertTimerInActiveList
                0x000081e8       0x84 ./FreeRTOS_Source/timers.o
 .text.prvProcessReceivedCommands
                0x0000826c      0x1a0 ./FreeRTOS_Source/timers.o
 .text.prvSwitchTimerLists
                0x0000840c       0x4c ./FreeRTOS_Source/timers.o
 .text.prvCheckForValidListAndQueue
                0x00008458       0x6c ./FreeRTOS_Source/timers.o
 .text.xTimerIsTimerActive
                0x000084c4       0x4c ./FreeRTOS_Source/timers.o
                0x000084c4                xTimerIsTimerActive
 .text.pvTimerGetTimerID
                0x00008510       0x38 ./FreeRTOS_Source/timers.o
                0x00008510                pvTimerGetTimerID
 .text.vTimerSetTimerID
                0x00008548       0x38 ./FreeRTOS_Source/timers.o
                0x00008548                vTimerSetTimerID
 .text.xTimerPendFunctionCallFromISR
                0x00008580       0x40 ./FreeRTOS_Source/timers.o
                0x00008580                xTimerPendFunctionCallFromISR
 .text.xTimerPendFunctionCall
                0x000085c0       0x58 ./FreeRTOS_Source/timers.o
                0x000085c0                xTimerPendFunctionCall
 .text.uxTimerGetTimerNumber
                0x00008618       0x16 ./FreeRTOS_Source/timers.o
                0x00008618                uxTimerGetTimerNumber
 .text.vTimerSetTimerNumber
                0x0000862e       0x1a ./FreeRTOS_Source/timers.o
                0x0000862e                vTimerSetTimerNumber
 .text          0x00008648        0x0 ./main.o
 .text.main     0x00008648       0x48 ./main.o
                0x00008648                main
 .text.prvSetupHardware
                0x00008690       0x68 ./main.o
 .text.vApplicationTickHook
                0x000086f8        0xc ./main.o
                0x000086f8                vApplicationTickHook
 .text.SerialTask
                0x00008704       0x6c ./main.o
 .text.RefreshDisplayTask
                0x00008770       0x80 ./main.o
 .text.vApplicationStackOverflowHook
                0x000087f0       0x24 ./main.o
                0x000087f0                vApplicationStackOverflowHook
 .text.vAssertCalled
                0x00008814       0x26 ./main.o
                0x00008814                vAssertCalled
 *fill*         0x0000883a        0x2 
 .text.vApplicationGetIdleTaskMemory
                0x0000883c       0x30 ./main.o
                0x0000883c                vApplicationGetIdleTaskMemory
 .text.vApplicationGetTimerTaskMemory
                0x0000886c       0x30 ./main.o
                0x0000886c                vApplicationGetTimerTaskMemory
 .text._sbrk_r  0x0000889c       0x2c ./main.o
                0x0000889c                _sbrk_r
 .text          0x000088c8        0x0 ./startup.o
 .text.IntDefaultHandler
                0x000088c8       0x14 ./startup.o
 .text.FaultISR
                0x000088dc       0x14 ./startup.o
 .text.NmiSR    0x000088f0       0x14 ./startup.o
 .text.ResetISR
                0x00008904       0x50 ./startup.o
                0x00008904                ResetISR
 .text.uipprintf
                0x00008954        0x8 ./startup.o
                0x00008954                uipprintf
 .text          0x0000895c        0x0 C:\FreeRTOSv202212.01\FreeRTOS\Demo\Common\drivers\LuminaryMicro/arm-none-eabi-gcc/\libdriver.a(gpio.o)
 .text.GPIOGetIntNumber
                0x0000895c       0xa4 C:\FreeRTOSv202212.01\FreeRTOS\Demo\Common\drivers\LuminaryMicro/arm-none-eabi-gcc/\libdriver.a(gpio.o)
 .text.GPIODirModeSet
                0x00008a00       0x44 C:\FreeRTOSv202212.01\FreeRTOS\Demo\Common\drivers\LuminaryMicro/arm-none-eabi-gcc/\libdriver.a(gpio.o)
                0x00008a00                GPIODirModeSet
 .text.GPIODirModeGet
                0x00008a44       0x20 C:\FreeRTOSv202212.01\FreeRTOS\Demo\Common\drivers\LuminaryMicro/arm-none-eabi-gcc/\libdriver.a(gpio.o)
                0x00008a44                GPIODirModeGet
 .text.GPIOIntTypeSet
                0x00008a64       0x70 C:\FreeRTOSv202212.01\FreeRTOS\Demo\Common\drivers\LuminaryMicro/arm-none-eabi-gcc/\libdriver.a(gpio.o)
                0x00008a64                GPIOIntTypeSet
 .text.GPIOIntTypeGet
                0x00008ad4       0x30 C:\FreeRTOSv202212.01\FreeRTOS\Demo\Common\drivers\LuminaryMicro/arm-none-eabi-gcc/\libdriver.a(gpio.o)
                0x00008ad4                GPIOIntTypeGet
 .text.GPIOPadConfigSet
                0x00008b04      0x130 C:\FreeRTOSv202212.01\FreeRTOS\Demo\Common\drivers\LuminaryMicro/arm-none-eabi-gcc/\libdriver.a(gpio.o)
                0x00008b04                GPIOPadConfigSet
 .text.GPIOPadConfigGet
                0x00008c34       0x78 C:\FreeRTOSv202212.01\FreeRTOS\Demo\Common\drivers\LuminaryMicro/arm-none-eabi-gcc/\libdriver.a(gpio.o)
                0x00008c34                GPIOPadConfigGet
 .text.GPIOPinIntEnable
                0x00008cac        0xc C:\FreeRTOSv202212.01\FreeRTOS\Demo\Common\drivers\LuminaryMicro/arm-none-eabi-gcc/\libdriver.a(gpio.o)
                0x00008cac                GPIOPinIntEnable
 .text.GPIOPinIntDisable
                0x00008cb8       0x10 C:\FreeRTOSv202212.01\FreeRTOS\Demo\Common\drivers\LuminaryMicro/arm-none-eabi-gcc/\libdriver.a(gpio.o)
                0x00008cb8                GPIOPinIntDisable
 .text.GPIOPinIntStatus
                0x00008cc8       0x10 C:\FreeRTOSv202212.01\FreeRTOS\Demo\Common\drivers\LuminaryMicro/arm-none-eabi-gcc/\libdriver.a(gpio.o)
                0x00008cc8                GPIOPinIntStatus
 .text.GPIOPinIntClear
                0x00008cd8        0x8 C:\FreeRTOSv202212.01\FreeRTOS\Demo\Common\drivers\LuminaryMicro/arm-none-eabi-gcc/\libdriver.a(gpio.o)
                0x00008cd8                GPIOPinIntClear
 .text.GPIOPinRead
                0x00008ce0        0x8 C:\FreeRTOSv202212.01\FreeRTOS\Demo\Common\drivers\LuminaryMicro/arm-none-eabi-gcc/\libdriver.a(gpio.o)
                0x00008ce0                GPIOPinRead
 .text.GPIOPinWrite
                0x00008ce8        0x8 C:\FreeRTOSv202212.01\FreeRTOS\Demo\Common\drivers\LuminaryMicro/arm-none-eabi-gcc/\libdriver.a(gpio.o)
                0x00008ce8                GPIOPinWrite
 .text.GPIOPinTypeADC
                0x00008cf0       0x1c C:\FreeRTOSv202212.01\FreeRTOS\Demo\Common\drivers\LuminaryMicro/arm-none-eabi-gcc/\libdriver.a(gpio.o)
                0x00008cf0                GPIOPinTypeADC
 .text.GPIOPinTypeCAN
                0x00008d0c       0x1c C:\FreeRTOSv202212.01\FreeRTOS\Demo\Common\drivers\LuminaryMicro/arm-none-eabi-gcc/\libdriver.a(gpio.o)
                0x00008d0c                GPIOPinTypeCAN
 .text.GPIOPinTypeComparator
                0x00008d28       0x1c C:\FreeRTOSv202212.01\FreeRTOS\Demo\Common\drivers\LuminaryMicro/arm-none-eabi-gcc/\libdriver.a(gpio.o)
                0x00008d28                GPIOPinTypeComparator
 .text.GPIOPinTypeGPIOInput
                0x00008d44       0x1c C:\FreeRTOSv202212.01\FreeRTOS\Demo\Common\drivers\LuminaryMicro/arm-none-eabi-gcc/\libdriver.a(gpio.o)
                0x00008d44                GPIOPinTypeGPIOInput
 .text.GPIOPinTypeGPIOOutput
                0x00008d60       0x1c C:\FreeRTOSv202212.01\FreeRTOS\Demo\Common\drivers\LuminaryMicro/arm-none-eabi-gcc/\libdriver.a(gpio.o)
                0x00008d60                GPIOPinTypeGPIOOutput
 .text.GPIOPinTypeGPIOOutputOD
                0x00008d7c       0x1c C:\FreeRTOSv202212.01\FreeRTOS\Demo\Common\drivers\LuminaryMicro/arm-none-eabi-gcc/\libdriver.a(gpio.o)
                0x00008d7c                GPIOPinTypeGPIOOutputOD
 .text.GPIOPinTypeI2C
                0x00008d98       0x1c C:\FreeRTOSv202212.01\FreeRTOS\Demo\Common\drivers\LuminaryMicro/arm-none-eabi-gcc/\libdriver.a(gpio.o)
                0x00008d98                GPIOPinTypeI2C
 .text.GPIOPinTypePWM
                0x00008db4       0x1c C:\FreeRTOSv202212.01\FreeRTOS\Demo\Common\drivers\LuminaryMicro/arm-none-eabi-gcc/\libdriver.a(gpio.o)
                0x00008db4                GPIOPinTypePWM
 .text.GPIOPinTypeQEI
                0x00008dd0       0x1c C:\FreeRTOSv202212.01\FreeRTOS\Demo\Common\drivers\LuminaryMicro/arm-none-eabi-gcc/\libdriver.a(gpio.o)
                0x00008dd0                GPIOPinTypeQEI
 .text.GPIOPinTypeSSI
                0x00008dec       0x1c C:\FreeRTOSv202212.01\FreeRTOS\Demo\Common\drivers\LuminaryMicro/arm-none-eabi-gcc/\libdriver.a(gpio.o)
                0x00008dec                GPIOPinTypeSSI
 .text.GPIOPinTypeTimer
                0x00008e08       0x1c C:\FreeRTOSv202212.01\FreeRTOS\Demo\Common\drivers\LuminaryMicro/arm-none-eabi-gcc/\libdriver.a(gpio.o)
                0x00008e08                GPIOPinTypeTimer
 .text.GPIOPinTypeUART
                0x00008e24       0x1c C:\FreeRTOSv202212.01\FreeRTOS\Demo\Common\drivers\LuminaryMicro/arm-none-eabi-gcc/\libdriver.a(gpio.o)
                0x00008e24                GPIOPinTypeUART
 .text.GPIOPinTypeUSBDigital
                0x00008e40       0x1c C:\FreeRTOSv202212.01\FreeRTOS\Demo\Common\drivers\LuminaryMicro/arm-none-eabi-gcc/\libdriver.a(gpio.o)
                0x00008e40                GPIOPinTypeUSBDigital
 .text.GPIOPortIntUnregister
                0x00008e5c       0x14 C:\FreeRTOSv202212.01\FreeRTOS\Demo\Common\drivers\LuminaryMicro/arm-none-eabi-gcc/\libdriver.a(gpio.o)
                0x00008e5c                GPIOPortIntUnregister
 .text.GPIOPortIntRegister
                0x00008e70       0x18 C:\FreeRTOSv202212.01\FreeRTOS\Demo\Common\drivers\LuminaryMicro/arm-none-eabi-gcc/\libdriver.a(gpio.o)
                0x00008e70                GPIOPortIntRegister
 .text          0x00008e88        0x0 C:\FreeRTOSv202212.01\FreeRTOS\Demo\Common\drivers\LuminaryMicro/arm-none-eabi-gcc/\libdriver.a(interrupt.o)
 .text.IntDefaultHandler
                0x00008e88        0x4 C:\FreeRTOSv202212.01\FreeRTOS\Demo\Common\drivers\LuminaryMicro/arm-none-eabi-gcc/\libdriver.a(interrupt.o)
 .text.IntRegister
                0x00008e8c       0x3c C:\FreeRTOSv202212.01\FreeRTOS\Demo\Common\drivers\LuminaryMicro/arm-none-eabi-gcc/\libdriver.a(interrupt.o)
                0x00008e8c                IntRegister
 .text.IntUnregister
                0x00008ec8       0x14 C:\FreeRTOSv202212.01\FreeRTOS\Demo\Common\drivers\LuminaryMicro/arm-none-eabi-gcc/\libdriver.a(interrupt.o)
                0x00008ec8                IntUnregister
 .text.IntPriorityGroupingSet
                0x00008edc       0x1c C:\FreeRTOSv202212.01\FreeRTOS\Demo\Common\drivers\LuminaryMicro/arm-none-eabi-gcc/\libdriver.a(interrupt.o)
                0x00008edc                IntPriorityGroupingSet
 .text.IntPriorityGroupingGet
                0x00008ef8       0x24 C:\FreeRTOSv202212.01\FreeRTOS\Demo\Common\drivers\LuminaryMicro/arm-none-eabi-gcc/\libdriver.a(interrupt.o)
                0x00008ef8                IntPriorityGroupingGet
 .text.IntPrioritySet
                0x00008f1c       0x28 C:\FreeRTOSv202212.01\FreeRTOS\Demo\Common\drivers\LuminaryMicro/arm-none-eabi-gcc/\libdriver.a(interrupt.o)
                0x00008f1c                IntPrioritySet
 .text.IntPriorityGet
                0x00008f44       0x20 C:\FreeRTOSv202212.01\FreeRTOS\Demo\Common\drivers\LuminaryMicro/arm-none-eabi-gcc/\libdriver.a(interrupt.o)
                0x00008f44                IntPriorityGet
 .text.IntEnable
                0x00008f64       0x74 C:\FreeRTOSv202212.01\FreeRTOS\Demo\Common\drivers\LuminaryMicro/arm-none-eabi-gcc/\libdriver.a(interrupt.o)
                0x00008f64                IntEnable
 .text.IntDisable
                0x00008fd8       0x74 C:\FreeRTOSv202212.01\FreeRTOS\Demo\Common\drivers\LuminaryMicro/arm-none-eabi-gcc/\libdriver.a(interrupt.o)
                0x00008fd8                IntDisable
 .text.IntMasterDisable
                0x0000904c        0xc C:\FreeRTOSv202212.01\FreeRTOS\Demo\Common\drivers\LuminaryMicro/arm-none-eabi-gcc/\libdriver.a(interrupt.o)
                0x0000904c                IntMasterDisable
 .text.IntMasterEnable
                0x00009058        0xc C:\FreeRTOSv202212.01\FreeRTOS\Demo\Common\drivers\LuminaryMicro/arm-none-eabi-gcc/\libdriver.a(interrupt.o)
                0x00009058                IntMasterEnable
 .text          0x00009064        0x0 C:\FreeRTOSv202212.01\FreeRTOS\Demo\Common\drivers\LuminaryMicro/arm-none-eabi-gcc/\libdriver.a(ssi.o)
 .text.SSIConfigSetExpClk
                0x00009064       0x48 C:\FreeRTOSv202212.01\FreeRTOS\Demo\Common\drivers\LuminaryMicro/arm-none-eabi-gcc/\libdriver.a(ssi.o)
                0x00009064                SSIConfigSetExpClk
 .text.SSIEnable
                0x000090ac        0xc C:\FreeRTOSv202212.01\FreeRTOS\Demo\Common\drivers\LuminaryMicro/arm-none-eabi-gcc/\libdriver.a(ssi.o)
                0x000090ac                SSIEnable
 .text.SSIDisable
                0x000090b8        0xc C:\FreeRTOSv202212.01\FreeRTOS\Demo\Common\drivers\LuminaryMicro/arm-none-eabi-gcc/\libdriver.a(ssi.o)
                0x000090b8                SSIDisable
 .text.SSIIntEnable
                0x000090c4        0x8 C:\FreeRTOSv202212.01\FreeRTOS\Demo\Common\drivers\LuminaryMicro/arm-none-eabi-gcc/\libdriver.a(ssi.o)
                0x000090c4                SSIIntEnable
 .text.SSIIntDisable
                0x000090cc        0xc C:\FreeRTOSv202212.01\FreeRTOS\Demo\Common\drivers\LuminaryMicro/arm-none-eabi-gcc/\libdriver.a(ssi.o)
                0x000090cc                SSIIntDisable
 .text.SSIIntStatus
                0x000090d8        0xc C:\FreeRTOSv202212.01\FreeRTOS\Demo\Common\drivers\LuminaryMicro/arm-none-eabi-gcc/\libdriver.a(ssi.o)
                0x000090d8                SSIIntStatus
 .text.SSIIntClear
                0x000090e4        0x4 C:\FreeRTOSv202212.01\FreeRTOS\Demo\Common\drivers\LuminaryMicro/arm-none-eabi-gcc/\libdriver.a(ssi.o)
                0x000090e4                SSIIntClear
 .text.SSIDataPut
                0x000090e8       0x10 C:\FreeRTOSv202212.01\FreeRTOS\Demo\Common\drivers\LuminaryMicro/arm-none-eabi-gcc/\libdriver.a(ssi.o)
                0x000090e8                SSIDataPut
 .text.SSIDataPutNonBlocking
                0x000090f8       0x10 C:\FreeRTOSv202212.01\FreeRTOS\Demo\Common\drivers\LuminaryMicro/arm-none-eabi-gcc/\libdriver.a(ssi.o)
                0x000090f8                SSIDataPutNonBlocking
 .text.SSIDataGet
                0x00009108       0x14 C:\FreeRTOSv202212.01\FreeRTOS\Demo\Common\drivers\LuminaryMicro/arm-none-eabi-gcc/\libdriver.a(ssi.o)
                0x00009108                SSIDataGet
 .text.SSIDataGetNonBlocking
                0x0000911c       0x14 C:\FreeRTOSv202212.01\FreeRTOS\Demo\Common\drivers\LuminaryMicro/arm-none-eabi-gcc/\libdriver.a(ssi.o)
                0x0000911c                SSIDataGetNonBlocking
 .text.SSIDMAEnable
                0x00009130        0x8 C:\FreeRTOSv202212.01\FreeRTOS\Demo\Common\drivers\LuminaryMicro/arm-none-eabi-gcc/\libdriver.a(ssi.o)
                0x00009130                SSIDMAEnable
 .text.SSIDMADisable
                0x00009138        0xc C:\FreeRTOSv202212.01\FreeRTOS\Demo\Common\drivers\LuminaryMicro/arm-none-eabi-gcc/\libdriver.a(ssi.o)
                0x00009138                SSIDMADisable
 .text.SSIIntUnregister
                0x00009144       0x20 C:\FreeRTOSv202212.01\FreeRTOS\Demo\Common\drivers\LuminaryMicro/arm-none-eabi-gcc/\libdriver.a(ssi.o)
                0x00009144                SSIIntUnregister
 .text.SSIIntRegister
                0x00009164       0x20 C:\FreeRTOSv202212.01\FreeRTOS\Demo\Common\drivers\LuminaryMicro/arm-none-eabi-gcc/\libdriver.a(ssi.o)
                0x00009164                SSIIntRegister
 .text          0x00009184        0x0 C:\FreeRTOSv202212.01\FreeRTOS\Demo\Common\drivers\LuminaryMicro/arm-none-eabi-gcc/\libdriver.a(sysctl.o)
 .text.SysCtlSRAMSizeGet
                0x00009184       0x14 C:\FreeRTOSv202212.01\FreeRTOS\Demo\Common\drivers\LuminaryMicro/arm-none-eabi-gcc/\libdriver.a(sysctl.o)
                0x00009184                SysCtlSRAMSizeGet
 .text.SysCtlFlashSizeGet
                0x00009198       0x14 C:\FreeRTOSv202212.01\FreeRTOS\Demo\Common\drivers\LuminaryMicro/arm-none-eabi-gcc/\libdriver.a(sysctl.o)
                0x00009198                SysCtlFlashSizeGet
 .text.SysCtlPinPresent
                0x000091ac       0x14 C:\FreeRTOSv202212.01\FreeRTOS\Demo\Common\drivers\LuminaryMicro/arm-none-eabi-gcc/\libdriver.a(sysctl.o)
                0x000091ac                SysCtlPinPresent
 .text.SysCtlPeripheralPresent
                0x000091c0       0x28 C:\FreeRTOSv202212.01\FreeRTOS\Demo\Common\drivers\LuminaryMicro/arm-none-eabi-gcc/\libdriver.a(sysctl.o)
                0x000091c0                SysCtlPeripheralPresent
 .text.SysCtlPeripheralReset
                0x000091e8       0x44 C:\FreeRTOSv202212.01\FreeRTOS\Demo\Common\drivers\LuminaryMicro/arm-none-eabi-gcc/\libdriver.a(sysctl.o)
                0x000091e8                SysCtlPeripheralReset
 .text.SysCtlPeripheralEnable
                0x0000922c       0x24 C:\FreeRTOSv202212.01\FreeRTOS\Demo\Common\drivers\LuminaryMicro/arm-none-eabi-gcc/\libdriver.a(sysctl.o)
                0x0000922c                SysCtlPeripheralEnable
 .text.SysCtlPeripheralDisable
                0x00009250       0x24 C:\FreeRTOSv202212.01\FreeRTOS\Demo\Common\drivers\LuminaryMicro/arm-none-eabi-gcc/\libdriver.a(sysctl.o)
                0x00009250                SysCtlPeripheralDisable
 .text.SysCtlPeripheralSleepEnable
                0x00009274       0x24 C:\FreeRTOSv202212.01\FreeRTOS\Demo\Common\drivers\LuminaryMicro/arm-none-eabi-gcc/\libdriver.a(sysctl.o)
                0x00009274                SysCtlPeripheralSleepEnable
 .text.SysCtlPeripheralSleepDisable
                0x00009298       0x24 C:\FreeRTOSv202212.01\FreeRTOS\Demo\Common\drivers\LuminaryMicro/arm-none-eabi-gcc/\libdriver.a(sysctl.o)
                0x00009298                SysCtlPeripheralSleepDisable
 .text.SysCtlPeripheralDeepSleepEnable
                0x000092bc       0x24 C:\FreeRTOSv202212.01\FreeRTOS\Demo\Common\drivers\LuminaryMicro/arm-none-eabi-gcc/\libdriver.a(sysctl.o)
                0x000092bc                SysCtlPeripheralDeepSleepEnable
 .text.SysCtlPeripheralDeepSleepDisable
                0x000092e0       0x24 C:\FreeRTOSv202212.01\FreeRTOS\Demo\Common\drivers\LuminaryMicro/arm-none-eabi-gcc/\libdriver.a(sysctl.o)
                0x000092e0                SysCtlPeripheralDeepSleepDisable
 .text.SysCtlPeripheralClockGating
                0x00009304       0x20 C:\FreeRTOSv202212.01\FreeRTOS\Demo\Common\drivers\LuminaryMicro/arm-none-eabi-gcc/\libdriver.a(sysctl.o)
                0x00009304                SysCtlPeripheralClockGating
 .text.SysCtlIntEnable
                0x00009324       0x10 C:\FreeRTOSv202212.01\FreeRTOS\Demo\Common\drivers\LuminaryMicro/arm-none-eabi-gcc/\libdriver.a(sysctl.o)
                0x00009324                SysCtlIntEnable
 .text.SysCtlIntDisable
                0x00009334       0x10 C:\FreeRTOSv202212.01\FreeRTOS\Demo\Common\drivers\LuminaryMicro/arm-none-eabi-gcc/\libdriver.a(sysctl.o)
                0x00009334                SysCtlIntDisable
 .text.SysCtlIntClear
                0x00009344        0xc C:\FreeRTOSv202212.01\FreeRTOS\Demo\Common\drivers\LuminaryMicro/arm-none-eabi-gcc/\libdriver.a(sysctl.o)
                0x00009344                SysCtlIntClear
 .text.SysCtlIntStatus
                0x00009350       0x18 C:\FreeRTOSv202212.01\FreeRTOS\Demo\Common\drivers\LuminaryMicro/arm-none-eabi-gcc/\libdriver.a(sysctl.o)
                0x00009350                SysCtlIntStatus
 .text.SysCtlLDOSet
                0x00009368        0xc C:\FreeRTOSv202212.01\FreeRTOS\Demo\Common\drivers\LuminaryMicro/arm-none-eabi-gcc/\libdriver.a(sysctl.o)
                0x00009368                SysCtlLDOSet
 .text.SysCtlLDOGet
                0x00009374        0xc C:\FreeRTOSv202212.01\FreeRTOS\Demo\Common\drivers\LuminaryMicro/arm-none-eabi-gcc/\libdriver.a(sysctl.o)
                0x00009374                SysCtlLDOGet
 .text.SysCtlLDOConfigSet
                0x00009380        0xc C:\FreeRTOSv202212.01\FreeRTOS\Demo\Common\drivers\LuminaryMicro/arm-none-eabi-gcc/\libdriver.a(sysctl.o)
                0x00009380                SysCtlLDOConfigSet
 .text.SysCtlReset
                0x0000938c       0x10 C:\FreeRTOSv202212.01\FreeRTOS\Demo\Common\drivers\LuminaryMicro/arm-none-eabi-gcc/\libdriver.a(sysctl.o)
                0x0000938c                SysCtlReset
 .text.SysCtlResetCauseGet
                0x0000939c        0xc C:\FreeRTOSv202212.01\FreeRTOS\Demo\Common\drivers\LuminaryMicro/arm-none-eabi-gcc/\libdriver.a(sysctl.o)
                0x0000939c                SysCtlResetCauseGet
 .text.SysCtlResetCauseClear
                0x000093a8       0x10 C:\FreeRTOSv202212.01\FreeRTOS\Demo\Common\drivers\LuminaryMicro/arm-none-eabi-gcc/\libdriver.a(sysctl.o)
                0x000093a8                SysCtlResetCauseClear
 .text.SysCtlBrownOutConfigSet
                0x000093b8       0x10 C:\FreeRTOSv202212.01\FreeRTOS\Demo\Common\drivers\LuminaryMicro/arm-none-eabi-gcc/\libdriver.a(sysctl.o)
                0x000093b8                SysCtlBrownOutConfigSet
 .text.SysCtlDelay
                0x000093c8        0x8 C:\FreeRTOSv202212.01\FreeRTOS\Demo\Common\drivers\LuminaryMicro/arm-none-eabi-gcc/\libdriver.a(sysctl.o)
                0x000093c8                SysCtlDelay
 .text.SysCtlClockSet
                0x000093d0      0x168 C:\FreeRTOSv202212.01\FreeRTOS\Demo\Common\drivers\LuminaryMicro/arm-none-eabi-gcc/\libdriver.a(sysctl.o)
                0x000093d0                SysCtlClockSet
 .text.SysCtlClockGet
                0x00009538      0x150 C:\FreeRTOSv202212.01\FreeRTOS\Demo\Common\drivers\LuminaryMicro/arm-none-eabi-gcc/\libdriver.a(sysctl.o)
                0x00009538                SysCtlClockGet
 .text.SysCtlPWMClockSet
                0x00009688       0x14 C:\FreeRTOSv202212.01\FreeRTOS\Demo\Common\drivers\LuminaryMicro/arm-none-eabi-gcc/\libdriver.a(sysctl.o)
                0x00009688                SysCtlPWMClockSet
 .text.SysCtlPWMClockGet
                0x0000969c       0x18 C:\FreeRTOSv202212.01\FreeRTOS\Demo\Common\drivers\LuminaryMicro/arm-none-eabi-gcc/\libdriver.a(sysctl.o)
                0x0000969c                SysCtlPWMClockGet
 .text.SysCtlADCSpeedSet
                0x000096b4       0x34 C:\FreeRTOSv202212.01\FreeRTOS\Demo\Common\drivers\LuminaryMicro/arm-none-eabi-gcc/\libdriver.a(sysctl.o)
                0x000096b4                SysCtlADCSpeedSet
 .text.SysCtlADCSpeedGet
                0x000096e8       0x10 C:\FreeRTOSv202212.01\FreeRTOS\Demo\Common\drivers\LuminaryMicro/arm-none-eabi-gcc/\libdriver.a(sysctl.o)
                0x000096e8                SysCtlADCSpeedGet
 .text.SysCtlIOSCVerificationSet
                0x000096f8       0x20 C:\FreeRTOSv202212.01\FreeRTOS\Demo\Common\drivers\LuminaryMicro/arm-none-eabi-gcc/\libdriver.a(sysctl.o)
                0x000096f8                SysCtlIOSCVerificationSet
 .text.SysCtlMOSCVerificationSet
                0x00009718       0x20 C:\FreeRTOSv202212.01\FreeRTOS\Demo\Common\drivers\LuminaryMicro/arm-none-eabi-gcc/\libdriver.a(sysctl.o)
                0x00009718                SysCtlMOSCVerificationSet
 .text.SysCtlPLLVerificationSet
                0x00009738       0x20 C:\FreeRTOSv202212.01\FreeRTOS\Demo\Common\drivers\LuminaryMicro/arm-none-eabi-gcc/\libdriver.a(sysctl.o)
                0x00009738                SysCtlPLLVerificationSet
 .text.SysCtlClkVerificationClear
                0x00009758       0x10 C:\FreeRTOSv202212.01\FreeRTOS\Demo\Common\drivers\LuminaryMicro/arm-none-eabi-gcc/\libdriver.a(sysctl.o)
                0x00009758                SysCtlClkVerificationClear
 .text.SysCtlGPIOAHBEnable
                0x00009768       0x10 C:\FreeRTOSv202212.01\FreeRTOS\Demo\Common\drivers\LuminaryMicro/arm-none-eabi-gcc/\libdriver.a(sysctl.o)
                0x00009768                SysCtlGPIOAHBEnable
 .text.SysCtlGPIOAHBDisable
                0x00009778       0x14 C:\FreeRTOSv202212.01\FreeRTOS\Demo\Common\drivers\LuminaryMicro/arm-none-eabi-gcc/\libdriver.a(sysctl.o)
                0x00009778                SysCtlGPIOAHBDisable
 .text.SysCtlUSBPLLEnable
                0x0000978c       0x10 C:\FreeRTOSv202212.01\FreeRTOS\Demo\Common\drivers\LuminaryMicro/arm-none-eabi-gcc/\libdriver.a(sysctl.o)
                0x0000978c                SysCtlUSBPLLEnable
 .text.SysCtlUSBPLLDisable
                0x0000979c       0x10 C:\FreeRTOSv202212.01\FreeRTOS\Demo\Common\drivers\LuminaryMicro/arm-none-eabi-gcc/\libdriver.a(sysctl.o)
                0x0000979c                SysCtlUSBPLLDisable
 .text.SysCtlDeepSleep
                0x000097ac       0x20 C:\FreeRTOSv202212.01\FreeRTOS\Demo\Common\drivers\LuminaryMicro/arm-none-eabi-gcc/\libdriver.a(sysctl.o)
                0x000097ac                SysCtlDeepSleep
 .text.SysCtlSleep
                0x000097cc        0x8 C:\FreeRTOSv202212.01\FreeRTOS\Demo\Common\drivers\LuminaryMicro/arm-none-eabi-gcc/\libdriver.a(sysctl.o)
                0x000097cc                SysCtlSleep
 .text.SysCtlIntUnregister
                0x000097d4       0x10 C:\FreeRTOSv202212.01\FreeRTOS\Demo\Common\drivers\LuminaryMicro/arm-none-eabi-gcc/\libdriver.a(sysctl.o)
                0x000097d4                SysCtlIntUnregister
 .text.SysCtlIntRegister
                0x000097e4       0x14 C:\FreeRTOSv202212.01\FreeRTOS\Demo\Common\drivers\LuminaryMicro/arm-none-eabi-gcc/\libdriver.a(sysctl.o)
                0x000097e4                SysCtlIntRegister
 .text          0x000097f8        0x0 C:\FreeRTOSv202212.01\FreeRTOS\Demo\Common\drivers\LuminaryMicro/arm-none-eabi-gcc/\libdriver.a(uart.o)
 .text.UARTParityModeSet
                0x000097f8        0xc C:\FreeRTOSv202212.01\FreeRTOS\Demo\Common\drivers\LuminaryMicro/arm-none-eabi-gcc/\libdriver.a(uart.o)
                0x000097f8                UARTParityModeSet
 .text.UARTParityModeGet
                0x00009804        0x8 C:\FreeRTOSv202212.01\FreeRTOS\Demo\Common\drivers\LuminaryMicro/arm-none-eabi-gcc/\libdriver.a(uart.o)
                0x00009804                UARTParityModeGet
 .text.UARTFIFOLevelSet
                0x0000980c        0x8 C:\FreeRTOSv202212.01\FreeRTOS\Demo\Common\drivers\LuminaryMicro/arm-none-eabi-gcc/\libdriver.a(uart.o)
                0x0000980c                UARTFIFOLevelSet
 .text.UARTFIFOLevelGet
                0x00009814       0x10 C:\FreeRTOSv202212.01\FreeRTOS\Demo\Common\drivers\LuminaryMicro/arm-none-eabi-gcc/\libdriver.a(uart.o)
                0x00009814                UARTFIFOLevelGet
 .text.UARTConfigGetExpClk
                0x00009824       0x20 C:\FreeRTOSv202212.01\FreeRTOS\Demo\Common\drivers\LuminaryMicro/arm-none-eabi-gcc/\libdriver.a(uart.o)
                0x00009824                UARTConfigGetExpClk
 .text.UARTEnable
                0x00009844       0x18 C:\FreeRTOSv202212.01\FreeRTOS\Demo\Common\drivers\LuminaryMicro/arm-none-eabi-gcc/\libdriver.a(uart.o)
                0x00009844                UARTEnable
 .text.UARTDisable
                0x0000985c       0x24 C:\FreeRTOSv202212.01\FreeRTOS\Demo\Common\drivers\LuminaryMicro/arm-none-eabi-gcc/\libdriver.a(uart.o)
                0x0000985c                UARTDisable
 .text.UARTConfigSetExpClk
                0x00009880       0x38 C:\FreeRTOSv202212.01\FreeRTOS\Demo\Common\drivers\LuminaryMicro/arm-none-eabi-gcc/\libdriver.a(uart.o)
                0x00009880                UARTConfigSetExpClk
 .text.UARTEnableSIR
                0x000098b8       0x18 C:\FreeRTOSv202212.01\FreeRTOS\Demo\Common\drivers\LuminaryMicro/arm-none-eabi-gcc/\libdriver.a(uart.o)
                0x000098b8                UARTEnableSIR
 .text.UARTDisableSIR
                0x000098d0        0xc C:\FreeRTOSv202212.01\FreeRTOS\Demo\Common\drivers\LuminaryMicro/arm-none-eabi-gcc/\libdriver.a(uart.o)
                0x000098d0                UARTDisableSIR
 .text.UARTCharsAvail
                0x000098dc       0x10 C:\FreeRTOSv202212.01\FreeRTOS\Demo\Common\drivers\LuminaryMicro/arm-none-eabi-gcc/\libdriver.a(uart.o)
                0x000098dc                UARTCharsAvail
 .text.UARTSpaceAvail
                0x000098ec       0x10 C:\FreeRTOSv202212.01\FreeRTOS\Demo\Common\drivers\LuminaryMicro/arm-none-eabi-gcc/\libdriver.a(uart.o)
                0x000098ec                UARTSpaceAvail
 .text.UARTCharGetNonBlocking
                0x000098fc       0x10 C:\FreeRTOSv202212.01\FreeRTOS\Demo\Common\drivers\LuminaryMicro/arm-none-eabi-gcc/\libdriver.a(uart.o)
                0x000098fc                UARTCharGetNonBlocking
 .text.UARTCharGet
                0x0000990c       0x10 C:\FreeRTOSv202212.01\FreeRTOS\Demo\Common\drivers\LuminaryMicro/arm-none-eabi-gcc/\libdriver.a(uart.o)
                0x0000990c                UARTCharGet
 .text.UARTCharPutNonBlocking
                0x0000991c       0x14 C:\FreeRTOSv202212.01\FreeRTOS\Demo\Common\drivers\LuminaryMicro/arm-none-eabi-gcc/\libdriver.a(uart.o)
                0x0000991c                UARTCharPutNonBlocking
 .text.UARTCharPut
                0x00009930       0x10 C:\FreeRTOSv202212.01\FreeRTOS\Demo\Common\drivers\LuminaryMicro/arm-none-eabi-gcc/\libdriver.a(uart.o)
                0x00009930                UARTCharPut
 .text.UARTBreakCtl
                0x00009940       0x18 C:\FreeRTOSv202212.01\FreeRTOS\Demo\Common\drivers\LuminaryMicro/arm-none-eabi-gcc/\libdriver.a(uart.o)
                0x00009940                UARTBreakCtl
 .text.UARTIntEnable
                0x00009958        0x8 C:\FreeRTOSv202212.01\FreeRTOS\Demo\Common\drivers\LuminaryMicro/arm-none-eabi-gcc/\libdriver.a(uart.o)
                0x00009958                UARTIntEnable
 .text.UARTIntDisable
                0x00009960        0xc C:\FreeRTOSv202212.01\FreeRTOS\Demo\Common\drivers\LuminaryMicro/arm-none-eabi-gcc/\libdriver.a(uart.o)
                0x00009960                UARTIntDisable
 .text.UARTIntStatus
                0x0000996c        0xc C:\FreeRTOSv202212.01\FreeRTOS\Demo\Common\drivers\LuminaryMicro/arm-none-eabi-gcc/\libdriver.a(uart.o)
                0x0000996c                UARTIntStatus
 .text.UARTIntClear
                0x00009978        0x4 C:\FreeRTOSv202212.01\FreeRTOS\Demo\Common\drivers\LuminaryMicro/arm-none-eabi-gcc/\libdriver.a(uart.o)
                0x00009978                UARTIntClear
 .text.UARTDMAEnable
                0x0000997c        0x8 C:\FreeRTOSv202212.01\FreeRTOS\Demo\Common\drivers\LuminaryMicro/arm-none-eabi-gcc/\libdriver.a(uart.o)
                0x0000997c                UARTDMAEnable
 .text.UARTDMADisable
                0x00009984        0xc C:\FreeRTOSv202212.01\FreeRTOS\Demo\Common\drivers\LuminaryMicro/arm-none-eabi-gcc/\libdriver.a(uart.o)
                0x00009984                UARTDMADisable
 .text.UARTIntUnregister
                0x00009990       0x2c C:\FreeRTOSv202212.01\FreeRTOS\Demo\Common\drivers\LuminaryMicro/arm-none-eabi-gcc/\libdriver.a(uart.o)
                0x00009990                UARTIntUnregister
 .text.UARTIntRegister
                0x000099bc       0x2c C:\FreeRTOSv202212.01\FreeRTOS\Demo\Common\drivers\LuminaryMicro/arm-none-eabi-gcc/\libdriver.a(uart.o)
                0x000099bc                UARTIntRegister
 .text          0x000099e8       0x14 C:\FreeRTOSv202212.01\FreeRTOS\Demo\Common\drivers\LuminaryMicro/arm-none-eabi-gcc/\libdriver.a(cpu.o)
                0x000099e8                CPUcpsid
                0x000099f0                CPUcpsie
                0x000099f8                CPUwfi
 .text          0x000099fc        0x0 c:/program files (x86)/gnu arm embedded toolchain/10 2021.10/bin/../lib/gcc/arm-none-eabi/10.3.1/../../../../arm-none-eabi/lib/thumb/v7-m/nofp\libg_nano.a(lib_a-atoi.o)
 .text.atoi     0x000099fc        0x8 c:/program files (x86)/gnu arm embedded toolchain/10 2021.10/bin/../lib/gcc/arm-none-eabi/10.3.1/../../../../arm-none-eabi/lib/thumb/v7-m/nofp\libg_nano.a(lib_a-atoi.o)
                0x000099fc                atoi
 .text._atoi_r  0x00009a04        0x8 c:/program files (x86)/gnu arm embedded toolchain/10 2021.10/bin/../lib/gcc/arm-none-eabi/10.3.1/../../../../arm-none-eabi/lib/thumb/v7-m/nofp\libg_nano.a(lib_a-atoi.o)
                0x00009a04                _atoi_r
 .text          0x00009a0c        0x0 c:/program files (x86)/gnu arm embedded toolchain/10 2021.10/bin/../lib/gcc/arm-none-eabi/10.3.1/../../../../arm-none-eabi/lib/thumb/v7-m/nofp\libg_nano.a(lib_a-ctype_.o)
 .text          0x00009a0c        0x0 c:/program files (x86)/gnu arm embedded toolchain/10 2021.10/bin/../lib/gcc/arm-none-eabi/10.3.1/../../../../arm-none-eabi/lib/thumb/v7-m/nofp\libg_nano.a(lib_a-memcpy-stub.o)
 .text.memcpy   0x00009a0c       0x1c c:/program files (x86)/gnu arm embedded toolchain/10 2021.10/bin/../lib/gcc/arm-none-eabi/10.3.1/../../../../arm-none-eabi/lib/thumb/v7-m/nofp\libg_nano.a(lib_a-memcpy-stub.o)
                0x00009a0c                memcpy
 .text          0x00009a28        0x0 c:/program files (x86)/gnu arm embedded toolchain/10 2021.10/bin/../lib/gcc/arm-none-eabi/10.3.1/../../../../arm-none-eabi/lib/thumb/v7-m/nofp\libg_nano.a(lib_a-memset.o)
 .text.memset   0x00009a28       0x10 c:/program files (x86)/gnu arm embedded toolchain/10 2021.10/bin/../lib/gcc/arm-none-eabi/10.3.1/../../../../arm-none-eabi/lib/thumb/v7-m/nofp\libg_nano.a(lib_a-memset.o)
                0x00009a28                memset
 .text          0x00009a38        0x0 c:/program files (x86)/gnu arm embedded toolchain/10 2021.10/bin/../lib/gcc/arm-none-eabi/10.3.1/../../../../arm-none-eabi/lib/thumb/v7-m/nofp\libg_nano.a(lib_a-sprintf.o)
 .text._sprintf_r
                0x00009a38       0x38 c:/program files (x86)/gnu arm embedded toolchain/10 2021.10/bin/../lib/gcc/arm-none-eabi/10.3.1/../../../../arm-none-eabi/lib/thumb/v7-m/nofp\libg_nano.a(lib_a-sprintf.o)
                0x00009a38                _sprintf_r
                0x00009a38                _siprintf_r
 .text.sprintf  0x00009a70       0x40 c:/program files (x86)/gnu arm embedded toolchain/10 2021.10/bin/../lib/gcc/arm-none-eabi/10.3.1/../../../../arm-none-eabi/lib/thumb/v7-m/nofp\libg_nano.a(lib_a-sprintf.o)
                0x00009a70                siprintf
                0x00009a70                sprintf
 .text          0x00009ab0       0x14 c:/program files (x86)/gnu arm embedded toolchain/10 2021.10/bin/../lib/gcc/arm-none-eabi/10.3.1/../../../../arm-none-eabi/lib/thumb/v7-m/nofp\libg_nano.a(lib_a-strcmp.o)
                0x00009ab0                strcmp
 .text          0x00009ac4        0x0 c:/program files (x86)/gnu arm embedded toolchain/10 2021.10/bin/../lib/gcc/arm-none-eabi/10.3.1/../../../../arm-none-eabi/lib/thumb/v7-m/nofp\libg_nano.a(lib_a-strcpy.o)
 .text.strcpy   0x00009ac4       0x10 c:/program files (x86)/gnu arm embedded toolchain/10 2021.10/bin/../lib/gcc/arm-none-eabi/10.3.1/../../../../arm-none-eabi/lib/thumb/v7-m/nofp\libg_nano.a(lib_a-strcpy.o)
                0x00009ac4                strcpy
 .text          0x00009ad4       0x10 c:/program files (x86)/gnu arm embedded toolchain/10 2021.10/bin/../lib/gcc/arm-none-eabi/10.3.1/../../../../arm-none-eabi/lib/thumb/v7-m/nofp\libg_nano.a(lib_a-strlen.o)
                0x00009ad4                strlen
 .text          0x00009ae4        0x0 c:/program files (x86)/gnu arm embedded toolchain/10 2021.10/bin/../lib/gcc/arm-none-eabi/10.3.1/../../../../arm-none-eabi/lib/thumb/v7-m/nofp\libg_nano.a(lib_a-strncpy.o)
 .text.strncpy  0x00009ae4       0x26 c:/program files (x86)/gnu arm embedded toolchain/10 2021.10/bin/../lib/gcc/arm-none-eabi/10.3.1/../../../../arm-none-eabi/lib/thumb/v7-m/nofp\libg_nano.a(lib_a-strncpy.o)
                0x00009ae4                strncpy
 .text          0x00009b0a        0x0 c:/program files (x86)/gnu arm embedded toolchain/10 2021.10/bin/../lib/gcc/arm-none-eabi/10.3.1/../../../../arm-none-eabi/lib/thumb/v7-m/nofp\libg_nano.a(lib_a-strtol.o)
 *fill*         0x00009b0a        0x2 
 .text._strtol_l.constprop.0
                0x00009b0c       0xf8 c:/program files (x86)/gnu arm embedded toolchain/10 2021.10/bin/../lib/gcc/arm-none-eabi/10.3.1/../../../../arm-none-eabi/lib/thumb/v7-m/nofp\libg_nano.a(lib_a-strtol.o)
 .text._strtol_r
                0x00009c04        0x4 c:/program files (x86)/gnu arm embedded toolchain/10 2021.10/bin/../lib/gcc/arm-none-eabi/10.3.1/../../../../arm-none-eabi/lib/thumb/v7-m/nofp\libg_nano.a(lib_a-strtol.o)
                0x00009c04                _strtol_r
 .text.strtol_l
                0x00009c08       0x14 c:/program files (x86)/gnu arm embedded toolchain/10 2021.10/bin/../lib/gcc/arm-none-eabi/10.3.1/../../../../arm-none-eabi/lib/thumb/v7-m/nofp\libg_nano.a(lib_a-strtol.o)
                0x00009c08                strtol_l
 .text.strtol   0x00009c1c       0x14 c:/program files (x86)/gnu arm embedded toolchain/10 2021.10/bin/../lib/gcc/arm-none-eabi/10.3.1/../../../../arm-none-eabi/lib/thumb/v7-m/nofp\libg_nano.a(lib_a-strtol.o)
                0x00009c1c                strtol
 .text          0x00009c30        0x0 c:/program files (x86)/gnu arm embedded toolchain/10 2021.10/bin/../lib/gcc/arm-none-eabi/10.3.1/../../../../arm-none-eabi/lib/thumb/v7-m/nofp\libg_nano.a(lib_a-errno.o)
 .text.__errno  0x00009c30        0xc c:/program files (x86)/gnu arm embedded toolchain/10 2021.10/bin/../lib/gcc/arm-none-eabi/10.3.1/../../../../arm-none-eabi/lib/thumb/v7-m/nofp\libg_nano.a(lib_a-errno.o)
                0x00009c30                __errno
 .text          0x00009c3c        0x0 c:/program files (x86)/gnu arm embedded toolchain/10 2021.10/bin/../lib/gcc/arm-none-eabi/10.3.1/../../../../arm-none-eabi/lib/thumb/v7-m/nofp\libg_nano.a(lib_a-impure.o)
 .text          0x00009c3c        0x0 c:/program files (x86)/gnu arm embedded toolchain/10 2021.10/bin/../lib/gcc/arm-none-eabi/10.3.1/../../../../arm-none-eabi/lib/thumb/v7-m/nofp\libg_nano.a(lib_a-nano-svfprintf.o)
 .text.__ssputs_r
                0x00009c3c       0xb6 c:/program files (x86)/gnu arm embedded toolchain/10 2021.10/bin/../lib/gcc/arm-none-eabi/10.3.1/../../../../arm-none-eabi/lib/thumb/v7-m/nofp\libg_nano.a(lib_a-nano-svfprintf.o)
                0x00009c3c                __ssputs_r
 .text.__ssprint_r
                0x00009cf2       0xf6 c:/program files (x86)/gnu arm embedded toolchain/10 2021.10/bin/../lib/gcc/arm-none-eabi/10.3.1/../../../../arm-none-eabi/lib/thumb/v7-m/nofp\libg_nano.a(lib_a-nano-svfprintf.o)
                0x00009cf2                __ssprint_r
 .text._svfprintf_r
                0x00009de8      0x200 c:/program files (x86)/gnu arm embedded toolchain/10 2021.10/bin/../lib/gcc/arm-none-eabi/10.3.1/../../../../arm-none-eabi/lib/thumb/v7-m/nofp\libg_nano.a(lib_a-nano-svfprintf.o)
                0x00009de8                _svfiprintf_r
                0x00009de8                _svfprintf_r
 .text          0x00009fe8        0x0 c:/program files (x86)/gnu arm embedded toolchain/10 2021.10/bin/../lib/gcc/arm-none-eabi/10.3.1/../../../../arm-none-eabi/lib/thumb/v7-m/nofp\libg_nano.a(lib_a-nano-vfprintf_i.o)
 .text._printf_common
                0x00009fe8       0xde c:/program files (x86)/gnu arm embedded toolchain/10 2021.10/bin/../lib/gcc/arm-none-eabi/10.3.1/../../../../arm-none-eabi/lib/thumb/v7-m/nofp\libg_nano.a(lib_a-nano-vfprintf_i.o)
                0x00009fe8                _printf_common
 *fill*         0x0000a0c6        0x2 
 .text._printf_i
                0x0000a0c8      0x24c c:/program files (x86)/gnu arm embedded toolchain/10 2021.10/bin/../lib/gcc/arm-none-eabi/10.3.1/../../../../arm-none-eabi/lib/thumb/v7-m/nofp\libg_nano.a(lib_a-nano-vfprintf_i.o)
                0x0000a0c8                _printf_i
 .text          0x0000a314        0x0 c:/program files (x86)/gnu arm embedded toolchain/10 2021.10/bin/../lib/gcc/arm-none-eabi/10.3.1/../../../../arm-none-eabi/lib/thumb/v7-m/nofp\libg_nano.a(lib_a-memchr-stub.o)
 .text.memchr   0x0000a314       0x1c c:/program files (x86)/gnu arm embedded toolchain/10 2021.10/bin/../lib/gcc/arm-none-eabi/10.3.1/../../../../arm-none-eabi/lib/thumb/v7-m/nofp\libg_nano.a(lib_a-memchr-stub.o)
                0x0000a314                memchr
 .text          0x0000a330        0x0 c:/program files (x86)/gnu arm embedded toolchain/10 2021.10/bin/../lib/gcc/arm-none-eabi/10.3.1/../../../../arm-none-eabi/lib/thumb/v7-m/nofp\libg_nano.a(lib_a-memmove.o)
 .text.memmove  0x0000a330       0x34 c:/program files (x86)/gnu arm embedded toolchain/10 2021.10/bin/../lib/gcc/arm-none-eabi/10.3.1/../../../../arm-none-eabi/lib/thumb/v7-m/nofp\libg_nano.a(lib_a-memmove.o)
                0x0000a330                memmove
 .text          0x0000a364        0x0 c:/program files (x86)/gnu arm embedded toolchain/10 2021.10/bin/../lib/gcc/arm-none-eabi/10.3.1/../../../../arm-none-eabi/lib/thumb/v7-m/nofp\libg_nano.a(lib_a-nano-freer.o)
 .text._free_r  0x0000a364       0x90 c:/program files (x86)/gnu arm embedded toolchain/10 2021.10/bin/../lib/gcc/arm-none-eabi/10.3.1/../../../../arm-none-eabi/lib/thumb/v7-m/nofp\libg_nano.a(lib_a-nano-freer.o)
                0x0000a364                _free_r
 .text          0x0000a3f4        0x0 c:/program files (x86)/gnu arm embedded toolchain/10 2021.10/bin/../lib/gcc/arm-none-eabi/10.3.1/../../../../arm-none-eabi/lib/thumb/v7-m/nofp\libg_nano.a(lib_a-nano-mallocr.o)
 .text.sbrk_aligned
                0x0000a3f4       0x40 c:/program files (x86)/gnu arm embedded toolchain/10 2021.10/bin/../lib/gcc/arm-none-eabi/10.3.1/../../../../arm-none-eabi/lib/thumb/v7-m/nofp\libg_nano.a(lib_a-nano-mallocr.o)
 .text._malloc_r
                0x0000a434       0xe8 c:/program files (x86)/gnu arm embedded toolchain/10 2021.10/bin/../lib/gcc/arm-none-eabi/10.3.1/../../../../arm-none-eabi/lib/thumb/v7-m/nofp\libg_nano.a(lib_a-nano-mallocr.o)
                0x0000a434                _malloc_r
 .text          0x0000a51c        0x0 c:/program files (x86)/gnu arm embedded toolchain/10 2021.10/bin/../lib/gcc/arm-none-eabi/10.3.1/../../../../arm-none-eabi/lib/thumb/v7-m/nofp\libg_nano.a(lib_a-nano-reallocr.o)
 .text._realloc_r
                0x0000a51c       0x5e c:/program files (x86)/gnu arm embedded toolchain/10 2021.10/bin/../lib/gcc/arm-none-eabi/10.3.1/../../../../arm-none-eabi/lib/thumb/v7-m/nofp\libg_nano.a(lib_a-nano-reallocr.o)
                0x0000a51c                _realloc_r
 .text          0x0000a57a        0x0 c:/program files (x86)/gnu arm embedded toolchain/10 2021.10/bin/../lib/gcc/arm-none-eabi/10.3.1/../../../../arm-none-eabi/lib/thumb/v7-m/nofp\libg_nano.a(lib_a-mlock.o)
 *fill*         0x0000a57a        0x2 
 .text.__malloc_lock
                0x0000a57c        0xc c:/program files (x86)/gnu arm embedded toolchain/10 2021.10/bin/../lib/gcc/arm-none-eabi/10.3.1/../../../../arm-none-eabi/lib/thumb/v7-m/nofp\libg_nano.a(lib_a-mlock.o)
                0x0000a57c                __malloc_lock
 .text.__malloc_unlock
                0x0000a588        0xc c:/program files (x86)/gnu arm embedded toolchain/10 2021.10/bin/../lib/gcc/arm-none-eabi/10.3.1/../../../../arm-none-eabi/lib/thumb/v7-m/nofp\libg_nano.a(lib_a-mlock.o)
                0x0000a588                __malloc_unlock
 .text          0x0000a594        0x0 c:/program files (x86)/gnu arm embedded toolchain/10 2021.10/bin/../lib/gcc/arm-none-eabi/10.3.1/../../../../arm-none-eabi/lib/thumb/v7-m/nofp\libg_nano.a(lib_a-nano-msizer.o)
 .text._malloc_usable_size_r
                0x0000a594       0x10 c:/program files (x86)/gnu arm embedded toolchain/10 2021.10/bin/../lib/gcc/arm-none-eabi/10.3.1/../../../../arm-none-eabi/lib/thumb/v7-m/nofp\libg_nano.a(lib_a-nano-msizer.o)
                0x0000a594                _malloc_usable_size_r
 .text          0x0000a5a4        0x0 c:/program files (x86)/gnu arm embedded toolchain/10 2021.10/bin/../lib/gcc/arm-none-eabi/10.3.1/../../../../arm-none-eabi/lib/thumb/v7-m/nofp\libg_nano.a(lib_a-lock.o)
 .text.__retarget_lock_init
                0x0000a5a4        0x2 c:/program files (x86)/gnu arm embedded toolchain/10 2021.10/bin/../lib/gcc/arm-none-eabi/10.3.1/../../../../arm-none-eabi/lib/thumb/v7-m/nofp\libg_nano.a(lib_a-lock.o)
                0x0000a5a4                __retarget_lock_init
 .text.__retarget_lock_init_recursive
                0x0000a5a6        0x2 c:/program files (x86)/gnu arm embedded toolchain/10 2021.10/bin/../lib/gcc/arm-none-eabi/10.3.1/../../../../arm-none-eabi/lib/thumb/v7-m/nofp\libg_nano.a(lib_a-lock.o)
                0x0000a5a6                __retarget_lock_init_recursive
 .text.__retarget_lock_close
                0x0000a5a8        0x2 c:/program files (x86)/gnu arm embedded toolchain/10 2021.10/bin/../lib/gcc/arm-none-eabi/10.3.1/../../../../arm-none-eabi/lib/thumb/v7-m/nofp\libg_nano.a(lib_a-lock.o)
                0x0000a5a8                __retarget_lock_close
 .text.__retarget_lock_close_recursive
                0x0000a5aa        0x2 c:/program files (x86)/gnu arm embedded toolchain/10 2021.10/bin/../lib/gcc/arm-none-eabi/10.3.1/../../../../arm-none-eabi/lib/thumb/v7-m/nofp\libg_nano.a(lib_a-lock.o)
                0x0000a5aa                __retarget_lock_close_recursive
 .text.__retarget_lock_acquire
                0x0000a5ac        0x2 c:/program files (x86)/gnu arm embedded toolchain/10 2021.10/bin/../lib/gcc/arm-none-eabi/10.3.1/../../../../arm-none-eabi/lib/thumb/v7-m/nofp\libg_nano.a(lib_a-lock.o)
                0x0000a5ac                __retarget_lock_acquire
 .text.__retarget_lock_acquire_recursive
                0x0000a5ae        0x2 c:/program files (x86)/gnu arm embedded toolchain/10 2021.10/bin/../lib/gcc/arm-none-eabi/10.3.1/../../../../arm-none-eabi/lib/thumb/v7-m/nofp\libg_nano.a(lib_a-lock.o)
                0x0000a5ae                __retarget_lock_acquire_recursive
 .text.__retarget_lock_try_acquire
                0x0000a5b0        0x4 c:/program files (x86)/gnu arm embedded toolchain/10 2021.10/bin/../lib/gcc/arm-none-eabi/10.3.1/../../../../arm-none-eabi/lib/thumb/v7-m/nofp\libg_nano.a(lib_a-lock.o)
                0x0000a5b0                __retarget_lock_try_acquire
 .text.__retarget_lock_try_acquire_recursive
                0x0000a5b4        0x4 c:/program files (x86)/gnu arm embedded toolchain/10 2021.10/bin/../lib/gcc/arm-none-eabi/10.3.1/../../../../arm-none-eabi/lib/thumb/v7-m/nofp\libg_nano.a(lib_a-lock.o)
                0x0000a5b4                __retarget_lock_try_acquire_recursive
 .text.__retarget_lock_release
                0x0000a5b8        0x2 c:/program files (x86)/gnu arm embedded toolchain/10 2021.10/bin/../lib/gcc/arm-none-eabi/10.3.1/../../../../arm-none-eabi/lib/thumb/v7-m/nofp\libg_nano.a(lib_a-lock.o)
                0x0000a5b8                __retarget_lock_release
 .text.__retarget_lock_release_recursive
                0x0000a5ba        0x2 c:/program files (x86)/gnu arm embedded toolchain/10 2021.10/bin/../lib/gcc/arm-none-eabi/10.3.1/../../../../arm-none-eabi/lib/thumb/v7-m/nofp\libg_nano.a(lib_a-lock.o)
                0x0000a5ba                __retarget_lock_release_recursive
 *(.rodata*)
 .rodata        0x0000a5bc       0x89 ./LocalDemoFiles/display.o
 *fill*         0x0000a645        0x3 
 .rodata.g_pucOSRAM128x64x4VerticalInc
                0x0000a648        0x2 ./LocalDemoFiles/osram128x64x4.o
 *fill*         0x0000a64a        0x2 
 .rodata.g_pucOSRAM128x64x4HorizontalInc
                0x0000a64c        0x2 ./LocalDemoFiles/osram128x64x4.o
 *fill*         0x0000a64e        0x2 
 .rodata.g_pucFont
                0x0000a650      0x1e0 ./LocalDemoFiles/osram128x64x4.o
 .rodata.g_pucOSRAM128x64x4Init
                0x0000a830       0x4e ./LocalDemoFiles/osram128x64x4.o
 *fill*         0x0000a87e        0x2 
 .rodata.pucCommand1.7
                0x0000a880        0x3 ./LocalDemoFiles/osram128x64x4.o
 *fill*         0x0000a883        0x1 
 .rodata.pucCommand2.6
                0x0000a884        0x3 ./LocalDemoFiles/osram128x64x4.o
 *fill*         0x0000a887        0x1 
 .rodata.pucCommand1.0
                0x0000a888        0x3 ./LocalDemoFiles/osram128x64x4.o
 *fill*         0x0000a88b        0x1 
 .rodata        0x0000a88c        0x6 ./LocalDemoFiles/snake.o
 *fill*         0x0000a892        0x2 
 .rodata        0x0000a894       0x18 ./LocalDemoFiles/worker.o
 .rodata        0x0000a8ac       0x1a ./LegacyDrivers/ustdlib.o
 *fill*         0x0000a8c6        0x2 
 .rodata.g_pcHex
                0x0000a8c8        0x4 ./LegacyDrivers/ustdlib.o
 .rodata.xHeapStructSize
                0x0000a8cc        0x4 ./FreeRTOS_Source/portable/MemMang/heap_4.o
 .rodata        0x0000a8d0       0x40 ./FreeRTOS_Source/portable/MemMang/heap_4.o
 .rodata.pcInterruptPriorityRegisters
                0x0000a910        0x4 ./FreeRTOS_Source/portable/GCC/ARM_CM3/port.o
 .rodata        0x0000a914       0x42 ./FreeRTOS_Source/portable/GCC/ARM_CM3/port.o
 *fill*         0x0000a956        0x2 
 .rodata        0x0000a958       0x35 ./FreeRTOS_Source/event_groups.o
 *fill*         0x0000a98d        0x3 
 .rodata        0x0000a990       0x2e ./FreeRTOS_Source/queue.o
 *fill*         0x0000a9be        0x2 
 .rodata        0x0000a9c0       0x36 ./FreeRTOS_Source/stream_buffer.o
 *fill*         0x0000a9f6        0x2 
 .rodata        0x0000a9f8       0x47 ./FreeRTOS_Source/tasks.o
 *fill*         0x0000aa3f        0x1 
 .rodata        0x0000aa40       0x3d ./FreeRTOS_Source/timers.o
 *fill*         0x0000aa7d        0x3 
 .rodata        0x0000aa80       0x22 ./main.o
 *fill*         0x0000aaa2        0x2 
 .rodata.IntDefaultHandler.str1.4
                0x0000aaa4        0xd ./startup.o
 *fill*         0x0000aab1        0x3 
 .rodata.g_pulPriority
                0x0000aab4       0x20 C:\FreeRTOSv202212.01\FreeRTOS\Demo\Common\drivers\LuminaryMicro/arm-none-eabi-gcc/\libdriver.a(interrupt.o)
 .rodata.g_pulRegs
                0x0000aad4       0x40 C:\FreeRTOSv202212.01\FreeRTOS\Demo\Common\drivers\LuminaryMicro/arm-none-eabi-gcc/\libdriver.a(interrupt.o)
 .rodata.g_pulDCRegs
                0x0000ab14       0x10 C:\FreeRTOSv202212.01\FreeRTOS\Demo\Common\drivers\LuminaryMicro/arm-none-eabi-gcc/\libdriver.a(sysctl.o)
 .rodata.g_pulXtals
                0x0000ab24       0x5c C:\FreeRTOSv202212.01\FreeRTOS\Demo\Common\drivers\LuminaryMicro/arm-none-eabi-gcc/\libdriver.a(sysctl.o)
 .rodata.g_pulDCGCRegs
                0x0000ab80        0xc C:\FreeRTOSv202212.01\FreeRTOS\Demo\Common\drivers\LuminaryMicro/arm-none-eabi-gcc/\libdriver.a(sysctl.o)
 .rodata.g_pulRCGCRegs
                0x0000ab8c        0xc C:\FreeRTOSv202212.01\FreeRTOS\Demo\Common\drivers\LuminaryMicro/arm-none-eabi-gcc/\libdriver.a(sysctl.o)
 .rodata.g_pulSCGCRegs
                0x0000ab98        0xc C:\FreeRTOSv202212.01\FreeRTOS\Demo\Common\drivers\LuminaryMicro/arm-none-eabi-gcc/\libdriver.a(sysctl.o)
 .rodata.g_pulSRCRRegs
                0x0000aba4        0xc C:\FreeRTOSv202212.01\FreeRTOS\Demo\Common\drivers\LuminaryMicro/arm-none-eabi-gcc/\libdriver.a(sysctl.o)
 .rodata._ctype_
                0x0000abb0      0x101 c:/program files (x86)/gnu arm embedded toolchain/10 2021.10/bin/../lib/gcc/arm-none-eabi/10.3.1/../../../../arm-none-eabi/lib/thumb/v7-m/nofp\libg_nano.a(lib_a-ctype_.o)
                0x0000abb0                _ctype_
 *fill*         0x0000acb1        0x3 
 .rodata._global_impure_ptr
                0x0000acb4        0x4 c:/program files (x86)/gnu arm embedded toolchain/10 2021.10/bin/../lib/gcc/arm-none-eabi/10.3.1/../../../../arm-none-eabi/lib/thumb/v7-m/nofp\libg_nano.a(lib_a-impure.o)
                0x0000acb4                _global_impure_ptr
 .rodata._svfprintf_r.str1.1
                0x0000acb8       0x11 c:/program files (x86)/gnu arm embedded toolchain/10 2021.10/bin/../lib/gcc/arm-none-eabi/10.3.1/../../../../arm-none-eabi/lib/thumb/v7-m/nofp\libg_nano.a(lib_a-nano-svfprintf.o)
 .rodata._printf_i.str1.1
                0x0000acc9       0x22 c:/program files (x86)/gnu arm embedded toolchain/10 2021.10/bin/../lib/gcc/arm-none-eabi/10.3.1/../../../../arm-none-eabi/lib/thumb/v7-m/nofp\libg_nano.a(lib_a-nano-vfprintf_i.o)
                0x0000aceb                _etext = .

.glue_7         0x0000acec        0x0
 .glue_7        0x0000acec        0x0 linker stubs

.glue_7t        0x0000acec        0x0
 .glue_7t       0x0000acec        0x0 linker stubs

.vfp11_veneer   0x0000acec        0x0
 .vfp11_veneer  0x0000acec        0x0 linker stubs

.v4_bx          0x0000acec        0x0
 .v4_bx         0x0000acec        0x0 linker stubs

.iplt           0x0000acec        0x0
 .iplt          0x0000acec        0x0 ./LocalDemoFiles/display.o

.rel.dyn        0x0000acec        0x0
 .rel.iplt      0x0000acec        0x0 ./LocalDemoFiles/display.o

.data           0x20000000      0x378 load address 0x0000aceb
                0x20000000                _data = .
 *(vtable)
 vtable         0x20000000      0x100 C:\FreeRTOSv202212.01\FreeRTOS\Demo\Common\drivers\LuminaryMicro/arm-none-eabi-gcc/\libdriver.a(interrupt.o)
 *(.data*)
 .data          0x20000100        0x0 ./LocalDemoFiles/display.o
 .data          0x20000100        0x0 ./LocalDemoFiles/globals.o
 .data.numberOfMenuStates
                0x20000100        0x1 ./LocalDemoFiles/globals.o
                0x20000100                numberOfMenuStates
 *fill*         0x20000101        0x3 
 .data.snake    0x20000104      0x208 ./LocalDemoFiles/globals.o
                0x20000104                snake
 .data          0x2000030c        0x0 ./LocalDemoFiles/osram128x64x4.o
 .data          0x2000030c        0x0 ./LocalDemoFiles/serial.o
 .data          0x2000030c        0x0 ./LocalDemoFiles/snake.o
 .data          0x2000030c        0x0 ./LocalDemoFiles/worker.o
 .data          0x2000030c        0x0 ./LegacyDrivers/ustdlib.o
 .data          0x2000030c        0x0 ./FreeRTOS_Source/portable/MemMang/heap_4.o
 .data          0x2000030c        0x0 ./FreeRTOS_Source/portable/GCC/ARM_CM3/port.o
 .data.uxCriticalNesting
                0x2000030c        0x4 ./FreeRTOS_Source/portable/GCC/ARM_CM3/port.o
 .data          0x20000310        0x0 ./FreeRTOS_Source/croutine.o
 .data          0x20000310        0x0 ./FreeRTOS_Source/event_groups.o
 .data          0x20000310        0x0 ./FreeRTOS_Source/list.o
 .data          0x20000310        0x0 ./FreeRTOS_Source/queue.o
 .data          0x20000310        0x0 ./FreeRTOS_Source/stream_buffer.o
 .data          0x20000310        0x0 ./FreeRTOS_Source/tasks.o
 .data.uxTopUsedPriority
                0x20000310        0x4 ./FreeRTOS_Source/tasks.o
                0x20000310                uxTopUsedPriority
 .data          0x20000314        0x0 ./FreeRTOS_Source/timers.o
 .data          0x20000314        0x0 ./main.o
 .data          0x20000314        0x0 ./startup.o
 .data          0x20000314        0x0 C:\FreeRTOSv202212.01\FreeRTOS\Demo\Common\drivers\LuminaryMicro/arm-none-eabi-gcc/\libdriver.a(gpio.o)
 .data          0x20000314        0x0 C:\FreeRTOSv202212.01\FreeRTOS\Demo\Common\drivers\LuminaryMicro/arm-none-eabi-gcc/\libdriver.a(interrupt.o)
 .data          0x20000314        0x0 C:\FreeRTOSv202212.01\FreeRTOS\Demo\Common\drivers\LuminaryMicro/arm-none-eabi-gcc/\libdriver.a(ssi.o)
 .data          0x20000314        0x0 C:\FreeRTOSv202212.01\FreeRTOS\Demo\Common\drivers\LuminaryMicro/arm-none-eabi-gcc/\libdriver.a(sysctl.o)
 .data          0x20000314        0x0 C:\FreeRTOSv202212.01\FreeRTOS\Demo\Common\drivers\LuminaryMicro/arm-none-eabi-gcc/\libdriver.a(uart.o)
 .data          0x20000314        0x0 C:\FreeRTOSv202212.01\FreeRTOS\Demo\Common\drivers\LuminaryMicro/arm-none-eabi-gcc/\libdriver.a(cpu.o)
 .data          0x20000314        0x0 c:/program files (x86)/gnu arm embedded toolchain/10 2021.10/bin/../lib/gcc/arm-none-eabi/10.3.1/../../../../arm-none-eabi/lib/thumb/v7-m/nofp\libg_nano.a(lib_a-atoi.o)
 .data          0x20000314        0x0 c:/program files (x86)/gnu arm embedded toolchain/10 2021.10/bin/../lib/gcc/arm-none-eabi/10.3.1/../../../../arm-none-eabi/lib/thumb/v7-m/nofp\libg_nano.a(lib_a-ctype_.o)
 .data          0x20000314        0x0 c:/program files (x86)/gnu arm embedded toolchain/10 2021.10/bin/../lib/gcc/arm-none-eabi/10.3.1/../../../../arm-none-eabi/lib/thumb/v7-m/nofp\libg_nano.a(lib_a-memcpy-stub.o)
 .data          0x20000314        0x0 c:/program files (x86)/gnu arm embedded toolchain/10 2021.10/bin/../lib/gcc/arm-none-eabi/10.3.1/../../../../arm-none-eabi/lib/thumb/v7-m/nofp\libg_nano.a(lib_a-memset.o)
 .data          0x20000314        0x0 c:/program files (x86)/gnu arm embedded toolchain/10 2021.10/bin/../lib/gcc/arm-none-eabi/10.3.1/../../../../arm-none-eabi/lib/thumb/v7-m/nofp\libg_nano.a(lib_a-sprintf.o)
 .data          0x20000314        0x0 c:/program files (x86)/gnu arm embedded toolchain/10 2021.10/bin/../lib/gcc/arm-none-eabi/10.3.1/../../../../arm-none-eabi/lib/thumb/v7-m/nofp\libg_nano.a(lib_a-strcmp.o)
 .data          0x20000314        0x0 c:/program files (x86)/gnu arm embedded toolchain/10 2021.10/bin/../lib/gcc/arm-none-eabi/10.3.1/../../../../arm-none-eabi/lib/thumb/v7-m/nofp\libg_nano.a(lib_a-strcpy.o)
 .data          0x20000314        0x0 c:/program files (x86)/gnu arm embedded toolchain/10 2021.10/bin/../lib/gcc/arm-none-eabi/10.3.1/../../../../arm-none-eabi/lib/thumb/v7-m/nofp\libg_nano.a(lib_a-strlen.o)
 .data          0x20000314        0x0 c:/program files (x86)/gnu arm embedded toolchain/10 2021.10/bin/../lib/gcc/arm-none-eabi/10.3.1/../../../../arm-none-eabi/lib/thumb/v7-m/nofp\libg_nano.a(lib_a-strncpy.o)
 .data          0x20000314        0x0 c:/program files (x86)/gnu arm embedded toolchain/10 2021.10/bin/../lib/gcc/arm-none-eabi/10.3.1/../../../../arm-none-eabi/lib/thumb/v7-m/nofp\libg_nano.a(lib_a-strtol.o)
 .data          0x20000314        0x0 c:/program files (x86)/gnu arm embedded toolchain/10 2021.10/bin/../lib/gcc/arm-none-eabi/10.3.1/../../../../arm-none-eabi/lib/thumb/v7-m/nofp\libg_nano.a(lib_a-errno.o)
 .data          0x20000314        0x0 c:/program files (x86)/gnu arm embedded toolchain/10 2021.10/bin/../lib/gcc/arm-none-eabi/10.3.1/../../../../arm-none-eabi/lib/thumb/v7-m/nofp\libg_nano.a(lib_a-impure.o)
 .data._impure_ptr
                0x20000314        0x4 c:/program files (x86)/gnu arm embedded toolchain/10 2021.10/bin/../lib/gcc/arm-none-eabi/10.3.1/../../../../arm-none-eabi/lib/thumb/v7-m/nofp\libg_nano.a(lib_a-impure.o)
                0x20000314                _impure_ptr
 .data.impure_data
                0x20000318       0x60 c:/program files (x86)/gnu arm embedded toolchain/10 2021.10/bin/../lib/gcc/arm-none-eabi/10.3.1/../../../../arm-none-eabi/lib/thumb/v7-m/nofp\libg_nano.a(lib_a-impure.o)