Archive member included to satisfy reference by file (symbol)

C:\FreeRTOSv202212.01\FreeRTOS\Demo\Common\drivers\LuminaryMicro/arm-none-eabi-gcc/\libdriver.a(gpio.o)
                              ./LocalDemoFiles/osram128x64x4.o (GPIODirModeSet)
C:\FreeRTOSv202212.01\FreeRTOS\Demo\Common\drivers\LuminaryMicro/arm-none-eabi-gcc/\libdriver.a(interrupt.o)
                              C:\FreeRTOSv202212.01\FreeRTOS\Demo\Common\drivers\LuminaryMicro/arm-none-eabi-gcc/\libdriver.a(gpio.o) (IntRegister)
C:\FreeRTOSv202212.01\FreeRTOS\Demo\Common\drivers\LuminaryMicro/arm-none-eabi-gcc/\libdriver.a(ssi.o)
                              ./LocalDemoFiles/osram128x64x4.o (SSIConfigSetExpClk)
C:\FreeRTOSv202212.01\FreeRTOS\Demo\Common\drivers\LuminaryMicro/arm-none-eabi-gcc/\libdriver.a(sysctl.o)
                              ./LocalDemoFiles/osram128x64x4.o (SysCtlPeripheralEnable)
C:\FreeRTOSv202212.01\FreeRTOS\Demo\Common\drivers\LuminaryMicro/arm-none-eabi-gcc/\libdriver.a(uart.o)
                              ./main.o (UARTEnable)
C:\FreeRTOSv202212.01\FreeRTOS\Demo\Common\drivers\LuminaryMicro/arm-none-eabi-gcc/\libdriver.a(cpu.o)
                              C:\FreeRTOSv202212.01\FreeRTOS\Demo\Common\drivers\LuminaryMicro/arm-none-eabi-gcc/\libdriver.a(interrupt.o) (CPUcpsid)
c:/program files (x86)/gnu arm embedded toolchain/10 2021.10/bin/../lib/gcc/arm-none-eabi/10.3.1/thumb/v7-m/nofp\libgcc.a(_arm_muldf3.o)
                              ./LocalDemoFiles/func.o (__aeabi_dmul)
c:/program files (x86)/gnu arm embedded toolchain/10 2021.10/bin/../lib/gcc/arm-none-eabi/10.3.1/thumb/v7-m/nofp\libgcc.a(_arm_addsubdf3.o)
                              ./LocalDemoFiles/func.o (__aeabi_dsub)
c:/program files (x86)/gnu arm embedded toolchain/10 2021.10/bin/../lib/gcc/arm-none-eabi/10.3.1/thumb/v7-m/nofp\libgcc.a(_arm_muldivdf3.o)
                              ./LocalDemoFiles/func.o (__aeabi_ddiv)
c:/program files (x86)/gnu arm embedded toolchain/10 2021.10/bin/../lib/gcc/arm-none-eabi/10.3.1/thumb/v7-m/nofp\libgcc.a(_arm_cmpdf2.o)
                              ./LocalDemoFiles/func.o (__aeabi_dcmpge)
c:/program files (x86)/gnu arm embedded toolchain/10 2021.10/bin/../lib/gcc/arm-none-eabi/10.3.1/thumb/v7-m/nofp\libgcc.a(_arm_fixdfsi.o)
                              ./LocalDemoFiles/func.o (__aeabi_d2iz)
c:/program files (x86)/gnu arm embedded toolchain/10 2021.10/bin/../lib/gcc/arm-none-eabi/10.3.1/../../../../arm-none-eabi/lib/thumb/v7-m/nofp\libg_nano.a(lib_a-atoi.o)
                              ./LocalDemoFiles/serial.o (atoi)
c:/program files (x86)/gnu arm embedded toolchain/10 2021.10/bin/../lib/gcc/arm-none-eabi/10.3.1/../../../../arm-none-eabi/lib/thumb/v7-m/nofp\libg_nano.a(lib_a-ctype_.o)
                              ./LocalDemoFiles/serial.o (_ctype_)
c:/program files (x86)/gnu arm embedded toolchain/10 2021.10/bin/../lib/gcc/arm-none-eabi/10.3.1/../../../../arm-none-eabi/lib/thumb/v7-m/nofp\libg_nano.a(lib_a-memcpy-stub.o)
                              ./FreeRTOS_Source/queue.o (memcpy)
c:/program files (x86)/gnu arm embedded toolchain/10 2021.10/bin/../lib/gcc/arm-none-eabi/10.3.1/../../../../arm-none-eabi/lib/thumb/v7-m/nofp\libg_nano.a(lib_a-memset.o)
                              ./FreeRTOS_Source/portable/MemMang/heap_4.o (memset)
c:/program files (x86)/gnu arm embedded toolchain/10 2021.10/bin/../lib/gcc/arm-none-eabi/10.3.1/../../../../arm-none-eabi/lib/thumb/v7-m/nofp\libg_nano.a(lib_a-sprintf.o)
                              ./LocalDemoFiles/display.o (sprintf)
c:/program files (x86)/gnu arm embedded toolchain/10 2021.10/bin/../lib/gcc/arm-none-eabi/10.3.1/../../../../arm-none-eabi/lib/thumb/v7-m/nofp\libg_nano.a(lib_a-strcmp.o)
                              ./LocalDemoFiles/worker.o (strcmp)
c:/program files (x86)/gnu arm embedded toolchain/10 2021.10/bin/../lib/gcc/arm-none-eabi/10.3.1/../../../../arm-none-eabi/lib/thumb/v7-m/nofp\libg_nano.a(lib_a-strcpy.o)
                              ./FreeRTOS_Source/tasks.o (strcpy)
c:/program files (x86)/gnu arm embedded toolchain/10 2021.10/bin/../lib/gcc/arm-none-eabi/10.3.1/../../../../arm-none-eabi/lib/thumb/v7-m/nofp\libg_nano.a(lib_a-strlen.o)
                              ./FreeRTOS_Source/tasks.o (strlen)
c:/program files (x86)/gnu arm embedded toolchain/10 2021.10/bin/../lib/gcc/arm-none-eabi/10.3.1/../../../../arm-none-eabi/lib/thumb/v7-m/nofp\libg_nano.a(lib_a-strncpy.o)
                              ./LegacyDrivers/ustdlib.o (strncpy)
c:/program files (x86)/gnu arm embedded toolchain/10 2021.10/bin/../lib/gcc/arm-none-eabi/10.3.1/../../../../arm-none-eabi/lib/thumb/v7-m/nofp\libg_nano.a(lib_a-strtol.o)
                              c:/program files (x86)/gnu arm embedded toolchain/10 2021.10/bin/../lib/gcc/arm-none-eabi/10.3.1/../../../../arm-none-eabi/lib/thumb/v7-m/nofp\libg_nano.a(lib_a-atoi.o) (_strtol_r)
[...]
Memory Configuration

Name             Origin             Length             Attributes
FLASH            0x00000000         0x00040000         xr
SRAM             0x20000000         0x00010000         xrw
*default*        0x00000000         0xffffffff

Linker script and memory map

LOAD ./LocalDemoFiles/display.o
LOAD ./LocalDemoFiles/func.o
LOAD ./LocalDemoFiles/globals.o
LOAD ./LocalDemoFiles/osram128x64x4.o
LOAD ./LocalDemoFiles/serial.o
LOAD ./LocalDemoFiles/snake.o
LOAD ./LocalDemoFiles/worker.o
LOAD ./LegacyDrivers/ustdlib.o
LOAD ./FreeRTOS_Source/portable/MemMang/heap_4.o
LOAD ./FreeRTOS_Source/portable/GCC/ARM_CM3/port.o
LOAD ./FreeRTOS_Source/croutine.o
LOAD ./FreeRTOS_Source/event_groups.o
LOAD ./FreeRTOS_Source/list.o
LOAD ./FreeRTOS_Source/queue.o
LOAD ./FreeRTOS_Source/stream_buffer.o
LOAD ./FreeRTOS_Source/tasks.o
LOAD ./FreeRTOS_Source/timers.o
LOAD ./main.o
LOAD ./startup.o
LOAD C:\FreeRTOSv202212.01\FreeRTOS\Demo\Common\drivers\LuminaryMicro/arm-none-eabi-gcc/\libdriver.a
LOAD C:\FreeRTOSv202212.01\FreeRTOS\Demo\Common\drivers\LuminaryMicro/arm-none-eabi-gcc/\libgr.a
START GROUP
LOAD c:/program files (x86)/gnu arm embedded toolchain/10 2021.10/bin/../lib/gcc/arm-none-eabi/10.3.1/thumb/v7-m/nofp\libgcc.a
LOAD c:/program files (x86)/gnu arm embedded toolchain/10 2021.10/bin/../lib/gcc/arm-none-eabi/10.3.1/../../../../arm-none-eabi/lib/thumb/v7-m/nofp\libg_nano.a
LOAD c:/program files (x86)/gnu arm embedded toolchain/10 2021.10/bin/../lib/gcc/arm-none-eabi/10.3.1/../../../../arm-none-eabi/lib/thumb/v7-m/nofp\libc_nano.a
END GROUP
START GROUP
LOAD c:/program files (x86)/gnu arm embedded toolchain/10 2021.10/bin/../lib/gcc/arm-none-eabi/10.3.1/thumb/v7-m/nofp\libgcc.a
LOAD c:/program files (x86)/gnu arm embedded toolchain/10 2021.10/bin/../lib/gcc/arm-none-eabi/10.3.1/../../../../arm-none-eabi/lib/thumb/v7-m/nofp\libc_nano.a
END GROUP

.text           0x00000000    0x3fabf
 *(.isr_vector)
 .isr_vector    0x00000000       0xf0 ./startup.o
                0x00000000                g_pfnVectors
 *(.text*)
 .text          0x000000f0        0x0 ./LocalDemoFiles/display.o
 .text.printScreanType
                0x000000f0       0xbc ./LocalDemoFiles/display.o
                0x000000f0                printScreanType
 .text.printMouse
                0x000001ac       0x24 ./LocalDemoFiles/display.o
                0x000001ac                printMouse
 .text.printMenu
                0x000001d0      0x130 ./LocalDemoFiles/display.o
                0x000001d0                printMenu
 .text.printWorkers
                0x00000300      0x150 ./LocalDemoFiles/display.o
                0x00000300                printWorkers
 .text.drawSnakeGame
                0x00000450       0xb4 ./LocalDemoFiles/display.o
                0x00000450                drawSnakeGame
 .text.drawVideo
                0x00000504      0x190 ./LocalDemoFiles/display.o
                0x00000504                drawVideo
 .text.drawFunc
                0x00000694      0x154 ./LocalDemoFiles/display.o
                0x00000694                drawFunc
 .text.FlashCursorTask
                0x000007e8       0x90 ./LocalDemoFiles/display.o
                0x000007e8                FlashCursorTask
 .text.startFlashCursor
                0x00000878       0x2c ./LocalDemoFiles/display.o
                0x00000878                startFlashCursor
 .text.stopFlashCursor
                0x000008a4       0x18 ./LocalDemoFiles/display.o
                0x000008a4                stopFlashCursor
 .text.ClockTask
                0x000008bc       0x70 ./LocalDemoFiles/display.o
                0x000008bc                ClockTask
 .text          0x0000092c        0x0 ./LocalDemoFiles/func.o
 *fill*         0x0000092c        0x4 
 .text.mysin    0x00000930      0x1f0 ./LocalDemoFiles/func.o
                0x00000930                mysin
 .text.FuncTask
                0x00000b20      0x374 ./LocalDemoFiles/func.o
                0x00000b20                FuncTask
 .text.startFunc
                0x00000e94       0x54 ./LocalDemoFiles/func.o
                0x00000e94                startFunc
 .text.stopFunc
                0x00000ee8       0x24 ./LocalDemoFiles/func.o
                0x00000ee8                stopFunc
 .text          0x00000f0c        0x0 ./LocalDemoFiles/globals.o
 .text          0x00000f0c        0x0 ./LocalDemoFiles/osram128x64x4.o
 .text.OSRAMWriteCommand
                0x00000f0c       0x60 ./LocalDemoFiles/osram128x64x4.o
 .text.OSRAMWriteData
                0x00000f6c       0x60 ./LocalDemoFiles/osram128x64x4.o
 .text.OSRAM128x64x4Clear
                0x00000fcc       0x64 ./LocalDemoFiles/osram128x64x4.o
                0x00000fcc                OSRAM128x64x4Clear
 .text.OSRAM128x64x4StringDraw
                0x00001030      0x1c8 ./LocalDemoFiles/osram128x64x4.o
                0x00001030                OSRAM128x64x4StringDraw
 .text.OSRAM128x64x4ImageDraw
                0x000011f8      0x174 ./LocalDemoFiles/osram128x64x4.o
                0x000011f8                OSRAM128x64x4ImageDraw
 .text.OSRAM128x64x4PixelDraw
                0x0000136c       0xc8 ./LocalDemoFiles/osram128x64x4.o
                0x0000136c                OSRAM128x64x4PixelDraw
 .text.OSRAM128x64x4RectangleDraw
                0x00001434      0x19c ./LocalDemoFiles/osram128x64x4.o
                0x00001434                OSRAM128x64x4RectangleDraw
 .text.OSRAM128x64x4Enable
                0x000015d0       0x70 ./LocalDemoFiles/osram128x64x4.o
                0x000015d0                OSRAM128x64x4Enable
 .text.OSRAM128x64x4Disable
                0x00001640       0x5c ./LocalDemoFiles/osram128x64x4.o
                0x00001640                OSRAM128x64x4Disable
 .text.OSRAM128x64x4Init
                0x0000169c       0xd8 ./LocalDemoFiles/osram128x64x4.o
                0x0000169c                OSRAM128x64x4Init
 .text.OSRAM128x64x4DisplayOn
                0x00001774       0x4c ./LocalDemoFiles/osram128x64x4.o
                0x00001774                OSRAM128x64x4DisplayOn
 .text.OSRAM128x64x4DisplayOff
                0x000017c0       0x14 ./LocalDemoFiles/osram128x64x4.o
                0x000017c0                OSRAM128x64x4DisplayOff
 .text.OSRAM128x64x4SwapBuffer
                0x000017d4       0x50 ./LocalDemoFiles/osram128x64x4.o
                0x000017d4                OSRAM128x64x4SwapBuffer
 .text          0x00001824        0x0 ./LocalDemoFiles/serial.o
 .text.cleanSerial
                0x00001824       0x58 ./LocalDemoFiles/serial.o
                0x00001824                cleanSerial
 .text.writeToSerialBuffer
                0x0000187c       0x4c ./LocalDemoFiles/serial.o
                0x0000187c                writeToSerialBuffer
 .text.defaultSerial
                0x000018c8      0x1c4 ./LocalDemoFiles/serial.o
                0x000018c8                defaultSerial
 .text.getSpecialKey
                0x00001a8c       0xe4 ./LocalDemoFiles/serial.o
                0x00001a8c                getSpecialKey
 .text.moveMouse
                0x00001b70       0xc0 ./LocalDemoFiles/serial.o
                0x00001b70                moveMouse
 .text.interactWorkers
                0x00001c30      0x1bc ./LocalDemoFiles/serial.o
                0x00001c30                interactWorkers
 .text.interactMenu
                0x00001dec      0x1d4 ./LocalDemoFiles/serial.o
                0x00001dec                interactMenu
 .text.interactSnakeGame
                0x00001fc0       0xdc ./LocalDemoFiles/serial.o
                0x00001fc0                interactSnakeGame
 .text.interactVideo
                0x0000209c       0xfc ./LocalDemoFiles/serial.o
                0x0000209c                interactVideo
 .text.interactFunc
                0x00002198      0x258 ./LocalDemoFiles/serial.o
                0x00002198                interactFunc
 .text          0x000023f0        0x0 ./LocalDemoFiles/snake.o
 .text.initSnake
                0x000023f0       0xa4 ./LocalDemoFiles/snake.o
                0x000023f0                initSnake
 .text.SnakeTask
                0x00002494      0x27c ./LocalDemoFiles/snake.o
                0x00002494                SnakeTask
 .text.stopSnake
                0x00002710       0x18 ./LocalDemoFiles/snake.o
                0x00002710                stopSnake
 .text          0x00002728        0x0 ./LocalDemoFiles/worker.o
 .text.WorkerTask
                0x00002728       0xd4 ./LocalDemoFiles/worker.o
                0x00002728                WorkerTask
 .text.initWorkers
                0x000027fc       0x98 ./LocalDemoFiles/worker.o
                0x000027fc                initWorkers
 .text.stopWorkers
                0x00002894       0x40 ./LocalDemoFiles/worker.o
                0x00002894                stopWorkers
 .text          0x000028d4        0x0 ./LegacyDrivers/ustdlib.o
 .text.uvsnprintf
                0x000028d4      0x3d0 ./LegacyDrivers/ustdlib.o
                0x000028d4                uvsnprintf
 .text.usprintf
                0x00002ca4       0x30 ./LegacyDrivers/ustdlib.o
                0x00002ca4                usprintf
 .text.usnprintf
                0x00002cd4       0x30 ./LegacyDrivers/ustdlib.o
                0x00002cd4                usnprintf
 .text          0x00002d04        0x0 ./FreeRTOS_Source/portable/MemMang/heap_4.o
 .text.pvPortMalloc
                0x00002d04      0x15c ./FreeRTOS_Source/portable/MemMang/heap_4.o
                0x00002d04                pvPortMalloc
 .text.vPortFree
                0x00002e60       0xa4 ./FreeRTOS_Source/portable/MemMang/heap_4.o
                0x00002e60                vPortFree
 .text.xPortGetFreeHeapSize
                0x00002f04       0x14 ./FreeRTOS_Source/portable/MemMang/heap_4.o
                0x00002f04                xPortGetFreeHeapSize
 .text.xPortGetMinimumEverFreeHeapSize
                0x00002f18       0x14 ./FreeRTOS_Source/portable/MemMang/heap_4.o
                0x00002f18                xPortGetMinimumEverFreeHeapSize
 .text.vPortInitialiseBlocks
                0x00002f2c        0xc ./FreeRTOS_Source/portable/MemMang/heap_4.o
                0x00002f2c                vPortInitialiseBlocks
 .text.pvPortCalloc
                0x00002f38       0x60 ./FreeRTOS_Source/portable/MemMang/heap_4.o
                0x00002f38                pvPortCalloc
 .text.prvHeapInit
                0x00002f98       0xb8 ./FreeRTOS_Source/portable/MemMang/heap_4.o
 .text.prvInsertBlockIntoFreeList
                0x00003050       0xb0 ./FreeRTOS_Source/portable/MemMang/heap_4.o
 .text.vPortGetHeapStats
                0x00003100       0xbc ./FreeRTOS_Source/portable/MemMang/heap_4.o
                0x00003100                vPortGetHeapStats
 .text          0x000031bc        0x0 ./FreeRTOS_Source/portable/GCC/ARM_CM3/port.o
 .text.pxPortInitialiseStack
                0x000031bc       0x58 ./FreeRTOS_Source/portable/GCC/ARM_CM3/port.o
                0x000031bc                pxPortInitialiseStack
 .text.prvTaskExitError
                0x00003214       0x4c ./FreeRTOS_Source/portable/GCC/ARM_CM3/port.o
 .text.vPortSVCHandler
                0x00003260       0x28 ./FreeRTOS_Source/portable/GCC/ARM_CM3/port.o
                0x00003260                vPortSVCHandler
 .text.prvPortStartFirstTask
                0x00003288       0x24 ./FreeRTOS_Source/portable/GCC/ARM_CM3/port.o
 .text.xPortStartScheduler
                0x000032ac       0xc0 ./FreeRTOS_Source/portable/GCC/ARM_CM3/port.o
                0x000032ac                xPortStartScheduler
 .text.vPortEndScheduler
                0x0000336c       0x24 ./FreeRTOS_Source/portable/GCC/ARM_CM3/port.o
                0x0000336c                vPortEndScheduler
 .text.vPortEnterCritical
                0x00003390       0x54 ./FreeRTOS_Source/portable/GCC/ARM_CM3/port.o
                0x00003390                vPortEnterCritical
 .text.vPortExitCritical
                0x000033e4       0x48 ./FreeRTOS_Source/portable/GCC/ARM_CM3/port.o
                0x000033e4                vPortExitCritical
 *fill*         0x0000342c        0x4 
 .text.xPortPendSVHandler
                0x00003430       0x48 ./FreeRTOS_Source/portable/GCC/ARM_CM3/port.o
                0x00003430                xPortPendSVHandler
 .text.xPortSysTickHandler
                0x00003478       0x44 ./FreeRTOS_Source/portable/GCC/ARM_CM3/port.o
                0x00003478                xPortSysTickHandler
 .text.vPortSetupTimerInterrupt
                0x000034bc       0x34 ./FreeRTOS_Source/portable/GCC/ARM_CM3/port.o
                0x000034bc                vPortSetupTimerInterrupt
 .text.vPortValidateInterruptPriority
                0x000034f0       0x68 ./FreeRTOS_Source/portable/GCC/ARM_CM3/port.o
                0x000034f0                vPortValidateInterruptPriority
 .text          0x00003558        0x0 ./FreeRTOS_Source/croutine.o
 .text          0x00003558        0x0 ./FreeRTOS_Source/event_groups.o
 .text.xEventGroupCreate
                0x00003558       0x2e ./FreeRTOS_Source/event_groups.o
                0x00003558                xEventGroupCreate
 *fill*         0x00003586        0x2 
 .text.xEventGroupSync
                0x00003588      0x160 ./FreeRTOS_Source/event_groups.o
                0x00003588                xEventGroupSync
 .text.xEventGroupWaitBits
                0x000036e8      0x18c ./FreeRTOS_Source/event_groups.o
                0x000036e8                xEventGroupWaitBits
 .text.xEventGroupClearBits
                0x00003874       0x68 ./FreeRTOS_Source/event_groups.o
                0x00003874                xEventGroupClearBits
 .text.xEventGroupClearBitsFromISR
                0x000038dc       0x28 ./FreeRTOS_Source/event_groups.o
                0x000038dc                xEventGroupClearBitsFromISR
 .text.xEventGroupGetBitsFromISR
                0x00003904       0x46 ./FreeRTOS_Source/event_groups.o
                0x00003904                xEventGroupGetBitsFromISR
 *fill*         0x0000394a        0x2 
 .text.xEventGroupSetBits
                0x0000394c      0x114 ./FreeRTOS_Source/event_groups.o
                0x0000394c                xEventGroupSetBits
 .text.vEventGroupDelete
                0x00003a60       0x6c ./FreeRTOS_Source/event_groups.o
                0x00003a60                vEventGroupDelete
 .text.vEventGroupSetBitsCallback
                0x00003acc       0x1e ./FreeRTOS_Source/event_groups.o
                0x00003acc                vEventGroupSetBitsCallback
 .text.vEventGroupClearBitsCallback
                0x00003aea       0x1e ./FreeRTOS_Source/event_groups.o
                0x00003aea                vEventGroupClearBitsCallback
 .text.prvTestWaitCondition
                0x00003b08       0x4a ./FreeRTOS_Source/event_groups.o
 *fill*         0x00003b52        0x2 
 .text.xEventGroupSetBitsFromISR
                0x00003b54       0x2c ./FreeRTOS_Source/event_groups.o
                0x00003b54                xEventGroupSetBitsFromISR
 .text.uxEventGroupGetNumber
                0x00003b80       0x2a ./FreeRTOS_Source/event_groups.o
                0x00003b80                uxEventGroupGetNumber
 .text.vEventGroupSetNumber
                0x00003baa       0x1a ./FreeRTOS_Source/event_groups.o
                0x00003baa                vEventGroupSetNumber
 .text          0x00003bc4        0x0 ./FreeRTOS_Source/list.o
 .text.vListInitialise
                0x00003bc4       0x3e ./FreeRTOS_Source/list.o
                0x00003bc4                vListInitialise
 .text.vListInitialiseItem
                0x00003c02       0x18 ./FreeRTOS_Source/list.o
                0x00003c02                vListInitialiseItem
 .text.vListInsertEnd
                0x00003c1a       0x46 ./FreeRTOS_Source/list.o
                0x00003c1a                vListInsertEnd
 .text.vListInsert
                0x00003c60       0x72 ./FreeRTOS_Source/list.o
                0x00003c60                vListInsert
 .text.uxListRemove
                0x00003cd2       0x52 ./FreeRTOS_Source/list.o
                0x00003cd2                uxListRemove
 .text          0x00003d24        0x0 ./FreeRTOS_Source/queue.o
 .text.xQueueGenericReset
                0x00003d24      0x10c ./FreeRTOS_Source/queue.o
                0x00003d24                xQueueGenericReset
 .text.xQueueGenericCreate
                0x00003e30       0x94 ./FreeRTOS_Source/queue.o
                0x00003e30                xQueueGenericCreate
 .text.prvInitialiseNewQueue
                0x00003ec4       0x4c ./FreeRTOS_Source/queue.o
 .text.prvInitialiseMutex
                0x00003f10       0x34 ./FreeRTOS_Source/queue.o
 .text.xQueueCreateMutex
                0x00003f44       0x30 ./FreeRTOS_Source/queue.o
                0x00003f44                xQueueCreateMutex
 .text.xQueueGetMutexHolder
                0x00003f74       0x48 ./FreeRTOS_Source/queue.o
                0x00003f74                xQueueGetMutexHolder
 .text.xQueueGetMutexHolderFromISR
                0x00003fbc       0x3c ./FreeRTOS_Source/queue.o
                0x00003fbc                xQueueGetMutexHolderFromISR
 .text.xQueueGiveMutexRecursive
                0x00003ff8       0x60 ./FreeRTOS_Source/queue.o
                0x00003ff8                xQueueGiveMutexRecursive
 .text.xQueueTakeMutexRecursive
                0x00004058       0x68 ./FreeRTOS_Source/queue.o
                0x00004058                xQueueTakeMutexRecursive
 .text.xQueueCreateCountingSemaphore
                0x000040c0       0x54 ./FreeRTOS_Source/queue.o
                0x000040c0                xQueueCreateCountingSemaphore
 .text.xQueueGenericSend
                0x00004114      0x20c ./FreeRTOS_Source/queue.o
                0x00004114                xQueueGenericSend
 .text.xQueueGenericSendFromISR
                0x00004320      0x168 ./FreeRTOS_Source/queue.o
                0x00004320                xQueueGenericSendFromISR
 .text.xQueueGiveFromISR
                0x00004488      0x13c ./FreeRTOS_Source/queue.o
                0x00004488                xQueueGiveFromISR
 .text.xQueueReceive
                0x000045c4      0x1a0 ./FreeRTOS_Source/queue.o
                0x000045c4                xQueueReceive
 .text.xQueueSemaphoreTake
                0x00004764      0x1dc ./FreeRTOS_Source/queue.o
                0x00004764                xQueueSemaphoreTake
 .text.xQueuePeek
                0x00004940      0x1a4 ./FreeRTOS_Source/queue.o
                0x00004940                xQueuePeek
 .text.xQueueReceiveFromISR
                0x00004ae4      0x110 ./FreeRTOS_Source/queue.o
                0x00004ae4                xQueueReceiveFromISR
 .text.xQueuePeekFromISR
                0x00004bf4       0xb4 ./FreeRTOS_Source/queue.o
                0x00004bf4                xQueuePeekFromISR
 .text.uxQueueMessagesWaiting
                0x00004ca8       0x34 ./FreeRTOS_Source/queue.o
                0x00004ca8                uxQueueMessagesWaiting
 .text.uxQueueSpacesAvailable
                0x00004cdc       0x40 ./FreeRTOS_Source/queue.o
                0x00004cdc                uxQueueSpacesAvailable
 .text.uxQueueMessagesWaitingFromISR
                0x00004d1c       0x30 ./FreeRTOS_Source/queue.o
                0x00004d1c                uxQueueMessagesWaitingFromISR
 .text.vQueueDelete
                0x00004d4c       0x34 ./FreeRTOS_Source/queue.o
                0x00004d4c                vQueueDelete
 .text.uxQueueGetQueueNumber
                0x00004d80       0x16 ./FreeRTOS_Source/queue.o
                0x00004d80                uxQueueGetQueueNumber
 .text.vQueueSetQueueNumber
                0x00004d96       0x1a ./FreeRTOS_Source/queue.o
                0x00004d96                vQueueSetQueueNumber
 .text.ucQueueGetQueueType
                0x00004db0       0x18 ./FreeRTOS_Source/queue.o
                0x00004db0                ucQueueGetQueueType
 .text.prvGetDisinheritPriorityAfterTimeout
                0x00004dc8       0x2e ./FreeRTOS_Source/queue.o
 .text.prvCopyDataToQueue
                0x00004df6       0xd4 ./FreeRTOS_Source/queue.o
 .text.prvCopyDataFromQueue
                0x00004eca       0x4c ./FreeRTOS_Source/queue.o
 .text.prvUnlockQueue
                0x00004f16       0xbe ./FreeRTOS_Source/queue.o
 .text.prvIsQueueEmpty
                0x00004fd4       0x2c ./FreeRTOS_Source/queue.o
 .text.xQueueIsQueueEmptyFromISR
                0x00005000       0x3c ./FreeRTOS_Source/queue.o
                0x00005000                xQueueIsQueueEmptyFromISR
 .text.prvIsQueueFull
                0x0000503c       0x30 ./FreeRTOS_Source/queue.o
 .text.xQueueIsQueueFullFromISR
                0x0000506c       0x40 ./FreeRTOS_Source/queue.o
                0x0000506c                xQueueIsQueueFullFromISR
 .text.vQueueAddToRegistry
                0x000050ac       0x90 ./FreeRTOS_Source/queue.o
                0x000050ac                vQueueAddToRegistry
 .text.pcQueueGetName
                0x0000513c       0x5c ./FreeRTOS_Source/queue.o
                0x0000513c                pcQueueGetName
 .text.vQueueUnregisterQueue
                0x00005198       0x64 ./FreeRTOS_Source/queue.o
                0x00005198                vQueueUnregisterQueue
 .text.vQueueWaitForMessageRestricted
                0x000051fc       0x6a ./FreeRTOS_Source/queue.o
                0x000051fc                vQueueWaitForMessageRestricted
 .text.xQueueCreateSet
                0x00005266       0x1e ./FreeRTOS_Source/queue.o
                0x00005266                xQueueCreateSet
 .text.xQueueAddToSet
                0x00005284       0x42 ./FreeRTOS_Source/queue.o
                0x00005284                xQueueAddToSet
 .text.xQueueRemoveFromSet
                0x000052c6       0x48 ./FreeRTOS_Source/queue.o
                0x000052c6                xQueueRemoveFromSet
 .text.xQueueSelectFromSet
                0x0000530e       0x28 ./FreeRTOS_Source/queue.o
                0x0000530e                xQueueSelectFromSet
 .text.xQueueSelectFromSetFromISR
                0x00005336       0x24 ./FreeRTOS_Source/queue.o
                0x00005336                xQueueSelectFromSetFromISR
 *fill*         0x0000535a        0x2 
 .text.prvNotifyQueueSetContainer
                0x0000535c       0xc0 ./FreeRTOS_Source/queue.o
 .text          0x0000541c        0x0 ./FreeRTOS_Source/stream_buffer.o
 .text.xStreamBufferGenericCreate
                0x0000541c       0xac ./FreeRTOS_Source/stream_buffer.o
                0x0000541c                xStreamBufferGenericCreate
 .text.vStreamBufferDelete
                0x000054c8       0x48 ./FreeRTOS_Source/stream_buffer.o
                0x000054c8                vStreamBufferDelete
 .text.xStreamBufferReset
                0x00005510       0x84 ./FreeRTOS_Source/stream_buffer.o
                0x00005510                xStreamBufferReset
 .text.xStreamBufferSetTriggerLevel
                0x00005594       0x50 ./FreeRTOS_Source/stream_buffer.o
                0x00005594                xStreamBufferSetTriggerLevel
 .text.xStreamBufferSpacesAvailable
                0x000055e4       0x6c ./FreeRTOS_Source/stream_buffer.o
                0x000055e4                xStreamBufferSpacesAvailable
 .text.xStreamBufferBytesAvailable
                0x00005650       0x34 ./FreeRTOS_Source/stream_buffer.o
                0x00005650                xStreamBufferBytesAvailable
 .text.xStreamBufferSend
                0x00005684      0x170 ./FreeRTOS_Source/stream_buffer.o
                0x00005684                xStreamBufferSend
 .text.xStreamBufferSendFromISR
                0x000057f4       0xd4 ./FreeRTOS_Source/stream_buffer.o
                0x000057f4                xStreamBufferSendFromISR
 .text.prvWriteMessageToBuffer
                0x000058c8       0x88 ./FreeRTOS_Source/stream_buffer.o
 .text.xStreamBufferReceive
                0x00005950      0x110 ./FreeRTOS_Source/stream_buffer.o
                0x00005950                xStreamBufferReceive
 .text.xStreamBufferNextMessageLengthBytes
                0x00005a60       0x74 ./FreeRTOS_Source/stream_buffer.o
                0x00005a60                xStreamBufferNextMessageLengthBytes
 .text.xStreamBufferReceiveFromISR
                0x00005ad4       0xcc ./FreeRTOS_Source/stream_buffer.o
                0x00005ad4                xStreamBufferReceiveFromISR
 .text.prvReadMessageFromBuffer
                0x00005ba0       0x7a ./FreeRTOS_Source/stream_buffer.o
 *fill*         0x00005c1a        0x2 
 .text.xStreamBufferIsEmpty
                0x00005c1c       0x44 ./FreeRTOS_Source/stream_buffer.o
                0x00005c1c                xStreamBufferIsEmpty
 .text.xStreamBufferIsFull
                0x00005c60       0x58 ./FreeRTOS_Source/stream_buffer.o
                0x00005c60                xStreamBufferIsFull
 .text.xStreamBufferSendCompletedFromISR
                0x00005cb8       0x84 ./FreeRTOS_Source/stream_buffer.o
                0x00005cb8                xStreamBufferSendCompletedFromISR
 .text.xStreamBufferReceiveCompletedFromISR
                0x00005d3c       0x84 ./FreeRTOS_Source/stream_buffer.o
                0x00005d3c                xStreamBufferReceiveCompletedFromISR
 .text.prvWriteBytesToBuffer
                0x00005dc0       0xbc ./FreeRTOS_Source/stream_buffer.o
 .text.prvReadBytesFromBuffer
                0x00005e7c       0xb4 ./FreeRTOS_Source/stream_buffer.o
 .text.prvBytesInBuffer
                0x00005f30       0x3e ./FreeRTOS_Source/stream_buffer.o
 *fill*         0x00005f6e        0x2 
 .text.prvInitialiseNewStreamBuffer
                0x00005f70       0x60 ./FreeRTOS_Source/stream_buffer.o
 .text.uxStreamBufferGetStreamBufferNumber
                0x00005fd0       0x16 ./FreeRTOS_Source/stream_buffer.o
                0x00005fd0                uxStreamBufferGetStreamBufferNumber
 .text.vStreamBufferSetStreamBufferNumber
                0x00005fe6       0x1a ./FreeRTOS_Source/stream_buffer.o
                0x00005fe6                vStreamBufferSetStreamBufferNumber
 .text.ucStreamBufferGetStreamBufferType
                0x00006000       0x1c ./FreeRTOS_Source/stream_buffer.o
                0x00006000                ucStreamBufferGetStreamBufferType
 .text          0x0000601c        0x0 ./FreeRTOS_Source/tasks.o
 .text.xTaskCreate
                0x0000601c       0x8c ./FreeRTOS_Source/tasks.o
                0x0000601c                xTaskCreate
 .text.prvInitialiseNewTask
                0x000060a8      0x110 ./FreeRTOS_Source/tasks.o
 .text.prvAddNewTaskToReadyList
                0x000061b8      0x12c ./FreeRTOS_Source/tasks.o
 .text.vTaskDelete
                0x000062e4      0x120 ./FreeRTOS_Source/tasks.o
                0x000062e4                vTaskDelete
 .text.xTaskDelayUntil
                0x00006404       0xe0 ./FreeRTOS_Source/tasks.o
                0x00006404                xTaskDelayUntil
 .text.vTaskDelay
                0x000064e4       0x64 ./FreeRTOS_Source/tasks.o
                0x000064e4                vTaskDelay
 .text.eTaskGetState
                0x00006548       0xdc ./FreeRTOS_Source/tasks.o
                0x00006548                eTaskGetState
 .text.uxTaskPriorityGet
                0x00006624       0x34 ./FreeRTOS_Source/tasks.o
                0x00006624                uxTaskPriorityGet
 .text.uxTaskPriorityGetFromISR
                0x00006658       0x58 ./FreeRTOS_Source/tasks.o
                0x00006658                uxTaskPriorityGetFromISR
 .text.vTaskPrioritySet
                0x000066b0      0x1a4 ./FreeRTOS_Source/tasks.o
                0x000066b0                vTaskPrioritySet
 .text.vTaskSuspend
                0x00006854      0x138 ./FreeRTOS_Source/tasks.o
                0x00006854                vTaskSuspend
 .text.prvTaskIsTaskSuspended
                0x0000698c       0x58 ./FreeRTOS_Source/tasks.o
 .text.vTaskResume
                0x000069e4      0x104 ./FreeRTOS_Source/tasks.o
                0x000069e4                vTaskResume
 .text.xTaskResumeFromISR
                0x00006ae8      0x134 ./FreeRTOS_Source/tasks.o
                0x00006ae8                xTaskResumeFromISR
 .text.vTaskStartScheduler
                0x00006c1c       0x9c ./FreeRTOS_Source/tasks.o
                0x00006c1c                vTaskStartScheduler
 .text.vTaskEndScheduler
                0x00006cb8       0x30 ./FreeRTOS_Source/tasks.o
                0x00006cb8                vTaskEndScheduler
 .text.vTaskSuspendAll
                0x00006ce8       0x1c ./FreeRTOS_Source/tasks.o
                0x00006ce8                vTaskSuspendAll
 .text.xTaskResumeAll
                0x00006d04      0x1f0 ./FreeRTOS_Source/tasks.o
                0x00006d04                xTaskResumeAll
 .text.xTaskGetTickCount
                0x00006ef4       0x24 ./FreeRTOS_Source/tasks.o
                0x00006ef4                xTaskGetTickCount
 .text.xTaskGetTickCountFromISR
                0x00006f18       0x48 ./FreeRTOS_Source/tasks.o
                0x00006f18                xTaskGetTickCountFromISR
 .text.uxTaskGetNumberOfTasks
                0x00006f60       0x14 ./FreeRTOS_Source/tasks.o
                0x00006f60                uxTaskGetNumberOfTasks
 .text.pcTaskGetName
                0x00006f74       0x3c ./FreeRTOS_Source/tasks.o
                0x00006f74                pcTaskGetName
 .text.uxTaskGetSystemState
                0x00006fb0      0x11c ./FreeRTOS_Source/tasks.o
                0x00006fb0                uxTaskGetSystemState
 .text.xTaskGetIdleTaskHandle
                0x000070cc       0x28 ./FreeRTOS_Source/tasks.o
                0x000070cc                xTaskGetIdleTaskHandle
 .text.xTaskCatchUpTicks
                0x000070f4       0x54 ./FreeRTOS_Source/tasks.o
                0x000070f4                xTaskCatchUpTicks
 .text.xTaskIncrementTick
                0x00007148      0x240 ./FreeRTOS_Source/tasks.o
                0x00007148                xTaskIncrementTick
 .text.vTaskSwitchContext
                0x00007388       0xf8 ./FreeRTOS_Source/tasks.o
                0x00007388                vTaskSwitchContext
 .text.vTaskPlaceOnEventList
                0x00007480       0x44 ./FreeRTOS_Source/tasks.o
                0x00007480                vTaskPlaceOnEventList
 .text.vTaskPlaceOnUnorderedEventList
                0x000074c4       0xa4 ./FreeRTOS_Source/tasks.o
                0x000074c4                vTaskPlaceOnUnorderedEventList
 .text.vTaskPlaceOnEventListRestricted
                0x00007568       0x88 ./FreeRTOS_Source/tasks.o
                0x00007568                vTaskPlaceOnEventListRestricted
 .text.xTaskRemoveFromEventList
                0x000075f0      0x1a0 ./FreeRTOS_Source/tasks.o
                0x000075f0                xTaskRemoveFromEventList
 .text.vTaskRemoveFromUnorderedEventList
                0x00007790      0x170 ./FreeRTOS_Source/tasks.o
                0x00007790                vTaskRemoveFromUnorderedEventList
 .text.vTaskSetTimeOutState
                0x00007900       0x48 ./FreeRTOS_Source/tasks.o
                0x00007900                vTaskSetTimeOutState
 .text.vTaskInternalSetTimeOutState
                0x00007948       0x2c ./FreeRTOS_Source/tasks.o
                0x00007948                vTaskInternalSetTimeOutState
 .text.xTaskCheckForTimeOut
                0x00007974       0xbc ./FreeRTOS_Source/tasks.o
                0x00007974                xTaskCheckForTimeOut
 .text.vTaskMissedYield
                0x00007a30       0x18 ./FreeRTOS_Source/tasks.o
                0x00007a30                vTaskMissedYield
 .text.uxTaskGetTaskNumber
                0x00007a48       0x2a ./FreeRTOS_Source/tasks.o
                0x00007a48                uxTaskGetTaskNumber
 .text.vTaskSetTaskNumber
                0x00007a72       0x24 ./FreeRTOS_Source/tasks.o
                0x00007a72                vTaskSetTaskNumber
 .text.prvIdleTask
                0x00007a96        0xe ./FreeRTOS_Source/tasks.o
 .text.prvInitialiseTaskLists
                0x00007aa4       0x80 ./FreeRTOS_Source/tasks.o
 .text.prvCheckTasksWaitingTermination
                0x00007b24       0x5c ./FreeRTOS_Source/tasks.o
 .text.vTaskGetInfo
                0x00007b80       0xcc ./FreeRTOS_Source/tasks.o
                0x00007b80                vTaskGetInfo
 .text.prvListTasksWithinSingleList
                0x00007c4c       0xa4 ./FreeRTOS_Source/tasks.o
 .text.prvTaskCheckFreeStackSpace
                0x00007cf0       0x36 ./FreeRTOS_Source/tasks.o
 *fill*         0x00007d26        0x2 
 .text.uxTaskGetStackHighWaterMark
                0x00007d28       0x38 ./FreeRTOS_Source/tasks.o
                0x00007d28                uxTaskGetStackHighWaterMark
 .text.prvDeleteTCB
                0x00007d60       0x20 ./FreeRTOS_Source/tasks.o
 .text.prvResetNextTaskUnblockTime
                0x00007d80       0x34 ./FreeRTOS_Source/tasks.o
 .text.xTaskGetCurrentTaskHandle
                0x00007db4       0x1c ./FreeRTOS_Source/tasks.o
                0x00007db4                xTaskGetCurrentTaskHandle
 .text.xTaskGetSchedulerState
                0x00007dd0       0x3c ./FreeRTOS_Source/tasks.o
                0x00007dd0                xTaskGetSchedulerState
 .text.xTaskPriorityInherit
                0x00007e0c      0x144 ./FreeRTOS_Source/tasks.o
                0x00007e0c                xTaskPriorityInherit
 .text.xTaskPriorityDisinherit
                0x00007f50      0x138 ./FreeRTOS_Source/tasks.o
                0x00007f50                xTaskPriorityDisinherit
 .text.vTaskPriorityDisinheritAfterTimeout
                0x00008088      0x160 ./FreeRTOS_Source/tasks.o
                0x00008088                vTaskPriorityDisinheritAfterTimeout
 .text.prvWriteNameToBuffer
                0x000081e8       0x4a ./FreeRTOS_Source/tasks.o
 *fill*         0x00008232        0x2 
 .text.vTaskList
                0x00008234      0x130 ./FreeRTOS_Source/tasks.o
                0x00008234                vTaskList
 .text.uxTaskResetEventItemValue
                0x00008364       0x34 ./FreeRTOS_Source/tasks.o
                0x00008364                uxTaskResetEventItemValue
 .text.pvTaskIncrementMutexHeldCount
                0x00008398       0x28 ./FreeRTOS_Source/tasks.o
                0x00008398                pvTaskIncrementMutexHeldCount
 .text.ulTaskGenericNotifyTake
                0x000083c0       0xcc ./FreeRTOS_Source/tasks.o
                0x000083c0                ulTaskGenericNotifyTake
 .text.xTaskGenericNotifyWait
                0x0000848c       0xf8 ./FreeRTOS_Source/tasks.o
                0x0000848c                xTaskGenericNotifyWait
 .text.xTaskGenericNotify
                0x00008584      0x218 ./FreeRTOS_Source/tasks.o
                0x00008584                xTaskGenericNotify
 .text.xTaskGenericNotifyFromISR
                0x0000879c      0x290 ./FreeRTOS_Source/tasks.o
                0x0000879c                xTaskGenericNotifyFromISR
 .text.vTaskGenericNotifyGiveFromISR
                0x00008a2c      0x1ec ./FreeRTOS_Source/tasks.o
                0x00008a2c                vTaskGenericNotifyGiveFromISR
 .text.xTaskGenericNotifyStateClear
                0x00008c18       0x6c ./FreeRTOS_Source/tasks.o
                0x00008c18                xTaskGenericNotifyStateClear
 .text.ulTaskGenericNotifyValueClear
                0x00008c84       0x5c ./FreeRTOS_Source/tasks.o
                0x00008c84                ulTaskGenericNotifyValueClear
 .text.prvAddCurrentTaskToDelayedList
                0x00008ce0      0x104 ./FreeRTOS_Source/tasks.o
 .text.getTaskName
                0x00008de4       0x24 ./FreeRTOS_Source/tasks.o
                0x00008de4                getTaskName
 .text          0x00008e08        0x0 ./FreeRTOS_Source/timers.o
 .text.xTimerCreateTimerTask
                0x00008e08       0x5c ./FreeRTOS_Source/timers.o
                0x00008e08                xTimerCreateTimerTask
 .text.xTimerCreate
                0x00008e64       0x44 ./FreeRTOS_Source/timers.o
                0x00008e64                xTimerCreate
 .text.prvInitialiseNewTimer
                0x00008ea8       0x6c ./FreeRTOS_Source/timers.o
 .text.xTimerGenericCommand
                0x00008f14       0x94 ./FreeRTOS_Source/timers.o
                0x00008f14                xTimerGenericCommand
 .text.xTimerGetTimerDaemonTaskHandle
                0x00008fa8       0x28 ./FreeRTOS_Source/timers.o
                0x00008fa8                xTimerGetTimerDaemonTaskHandle
 .text.xTimerGetPeriod
                0x00008fd0       0x2c ./FreeRTOS_Source/timers.o
                0x00008fd0                xTimerGetPeriod
 .text.vTimerSetReloadMode
                0x00008ffc       0x60 ./FreeRTOS_Source/timers.o
                0x00008ffc                vTimerSetReloadMode
 .text.xTimerGetReloadMode
                0x0000905c       0x4c ./FreeRTOS_Source/timers.o
                0x0000905c                xTimerGetReloadMode
 .text.uxTimerGetReloadMode
                0x000090a8       0x18 ./FreeRTOS_Source/timers.o
                0x000090a8                uxTimerGetReloadMode
 .text.xTimerGetExpiryTime
                0x000090c0       0x30 ./FreeRTOS_Source/timers.o
                0x000090c0                xTimerGetExpiryTime
 .text.pcTimerGetName
                0x000090f0       0x2c ./FreeRTOS_Source/timers.o
                0x000090f0                pcTimerGetName
 .text.prvReloadTimer
                0x0000911c       0x48 ./FreeRTOS_Source/timers.o
 .text.prvProcessExpiredTimer
                0x00009164       0x68 ./FreeRTOS_Source/timers.o
 .text.prvTimerTask
                0x000091cc       0x28 ./FreeRTOS_Source/timers.o
 .text.prvProcessTimerOrBlockTask
                0x000091f4       0xa4 ./FreeRTOS_Source/timers.o
 .text.prvGetNextExpireTime
                0x00009298       0x44 ./FreeRTOS_Source/timers.o
 .text.prvSampleTimeNow
                0x000092dc       0x40 ./FreeRTOS_Source/timers.o
 .text.prvInsertTimerInActiveList
                0x0000931c       0x94 ./FreeRTOS_Source/timers.o
 .text.prvProcessReceivedCommands
                0x000093b0      0x1a8 ./FreeRTOS_Source/timers.o
 .text.prvSwitchTimerLists
                0x00009558       0x4c ./FreeRTOS_Source/timers.o
 .text.prvCheckForValidListAndQueue
                0x000095a4       0x6c ./FreeRTOS_Source/timers.o
 .text.xTimerIsTimerActive
                0x00009610       0x4c ./FreeRTOS_Source/timers.o
                0x00009610                xTimerIsTimerActive
 .text.pvTimerGetTimerID
                0x0000965c       0x38 ./FreeRTOS_Source/timers.o
                0x0000965c                pvTimerGetTimerID
 .text.vTimerSetTimerID
                0x00009694       0x38 ./FreeRTOS_Source/timers.o
                0x00009694                vTimerSetTimerID
 .text.xTimerPendFunctionCallFromISR
                0x000096cc       0x40 ./FreeRTOS_Source/timers.o
                0x000096cc                xTimerPendFunctionCallFromISR
 .text.xTimerPendFunctionCall
                0x0000970c       0x58 ./FreeRTOS_Source/timers.o
                0x0000970c                xTimerPendFunctionCall
 .text.uxTimerGetTimerNumber
                0x00009764       0x16 ./FreeRTOS_Source/timers.o
                0x00009764                uxTimerGetTimerNumber
 .text.vTimerSetTimerNumber
                0x0000977a       0x1a ./FreeRTOS_Source/timers.o
                0x0000977a                vTimerSetTimerNumber
 .text          0x00009794        0x0 ./main.o
 .text.main     0x00009794       0x74 ./main.o
                0x00009794                main
 .text.prvSetupHardware
                0x00009808       0x8c ./main.o
 .text.vApplicationTickHook
                0x00009894        0xc ./main.o
                0x00009894                vApplicationTickHook
 .text.SerialTask
                0x000098a0       0x88 ./main.o
 .text.RefreshDisplayTask
                0x00009928       0xb4 ./main.o
 .text.vApplicationStackOverflowHook
                0x000099dc       0x24 ./main.o
                0x000099dc                vApplicationStackOverflowHook
 .text.vAssertCalled
                0x00009a00       0x26 ./main.o
                0x00009a00                vAssertCalled
 *fill*         0x00009a26        0x2 
 .text.vApplicationGetIdleTaskMemory
                0x00009a28       0x30 ./main.o
                0x00009a28                vApplicationGetIdleTaskMemory
 .text.vApplicationGetTimerTaskMemory
                0x00009a58       0x30 ./main.o
                0x00009a58                vApplicationGetTimerTaskMemory
 .text._sbrk_r  0x00009a88       0x2c ./main.o
                0x00009a88                _sbrk_r
 .text          0x00009ab4        0x0 ./startup.o
 .text.IntDefaultHandler
                0x00009ab4       0x14 ./startup.o
 .text.FaultISR
                0x00009ac8       0x14 ./startup.o
 .text.NmiSR    0x00009adc       0x14 ./startup.o
 .text.ResetISR
                0x00009af0       0x50 ./startup.o
                0x00009af0                ResetISR
 .text.uipprintf
                0x00009b40        0x8 ./startup.o
                0x00009b40                uipprintf
 .text          0x00009b48        0x0 C:\FreeRTOSv202212.01\FreeRTOS\Demo\Common\drivers\LuminaryMicro/arm-none-eabi-gcc/\libdriver.a(gpio.o)
 .text.GPIOGetIntNumber
                0x00009b48       0xa4 C:\FreeRTOSv202212.01\FreeRTOS\Demo\Common\drivers\LuminaryMicro/arm-none-eabi-gcc/\libdriver.a(gpio.o)
 .text.GPIODirModeSet
                0x00009bec       0x44 C:\FreeRTOSv202212.01\FreeRTOS\Demo\Common\drivers\LuminaryMicro/arm-none-eabi-gcc/\libdriver.a(gpio.o)
                0x00009bec                GPIODirModeSet
 .text.GPIODirModeGet
                0x00009c30       0x20 C:\FreeRTOSv202212.01\FreeRTOS\Demo\Common\drivers\LuminaryMicro/arm-none-eabi-gcc/\libdriver.a(gpio.o)
                0x00009c30                GPIODirModeGet
 .text.GPIOIntTypeSet
                0x00009c50       0x70 C:\FreeRTOSv202212.01\FreeRTOS\Demo\Common\drivers\LuminaryMicro/arm-none-eabi-gcc/\libdriver.a(gpio.o)
                0x00009c50                GPIOIntTypeSet
 .text.GPIOIntTypeGet
                0x00009cc0       0x30 C:\FreeRTOSv202212.01\FreeRTOS\Demo\Common\drivers\LuminaryMicro/arm-none-eabi-gcc/\libdriver.a(gpio.o)
                0x00009cc0                GPIOIntTypeGet
 .text.GPIOPadConfigSet
                0x00009cf0      0x130 C:\FreeRTOSv202212.01\FreeRTOS\Demo\Common\drivers\LuminaryMicro/arm-none-eabi-gcc/\libdriver.a(gpio.o)
                0x00009cf0                GPIOPadConfigSet
 .text.GPIOPadConfigGet
                0x00009e20       0x78 C:\FreeRTOSv202212.01\FreeRTOS\Demo\Common\drivers\LuminaryMicro/arm-none-eabi-gcc/\libdriver.a(gpio.o)
                0x00009e20                GPIOPadConfigGet
 .text.GPIOPinIntEnable
                0x00009e98        0xc C:\FreeRTOSv202212.01\FreeRTOS\Demo\Common\drivers\LuminaryMicro/arm-none-eabi-gcc/\libdriver.a(gpio.o)
                0x00009e98                GPIOPinIntEnable
 .text.GPIOPinIntDisable
                0x00009ea4       0x10 C:\FreeRTOSv202212.01\FreeRTOS\Demo\Common\drivers\LuminaryMicro/arm-none-eabi-gcc/\libdriver.a(gpio.o)
                0x00009ea4                GPIOPinIntDisable
 .text.GPIOPinIntStatus
                0x00009eb4       0x10 C:\FreeRTOSv202212.01\FreeRTOS\Demo\Common\drivers\LuminaryMicro/arm-none-eabi-gcc/\libdriver.a(gpio.o)
                0x00009eb4                GPIOPinIntStatus
 .text.GPIOPinIntClear
                0x00009ec4        0x8 C:\FreeRTOSv202212.01\FreeRTOS\Demo\Common\drivers\LuminaryMicro/arm-none-eabi-gcc/\libdriver.a(gpio.o)
                0x00009ec4                GPIOPinIntClear
 .text.GPIOPinRead
                0x00009ecc        0x8 C:\FreeRTOSv202212.01\FreeRTOS\Demo\Common\drivers\LuminaryMicro/arm-none-eabi-gcc/\libdriver.a(gpio.o)
                0x00009ecc                GPIOPinRead
 .text.GPIOPinWrite
                0x00009ed4        0x8 C:\FreeRTOSv202212.01\FreeRTOS\Demo\Common\drivers\LuminaryMicro/arm-none-eabi-gcc/\libdriver.a(gpio.o)
                0x00009ed4                GPIOPinWrite
 .text.GPIOPinTypeADC
                0x00009edc       0x1c C:\FreeRTOSv202212.01\FreeRTOS\Demo\Common\drivers\LuminaryMicro/arm-none-eabi-gcc/\libdriver.a(gpio.o)
                0x00009edc                GPIOPinTypeADC
 .text.GPIOPinTypeCAN
                0x00009ef8       0x1c C:\FreeRTOSv202212.01\FreeRTOS\Demo\Common\drivers\LuminaryMicro/arm-none-eabi-gcc/\libdriver.a(gpio.o)
                0x00009ef8                GPIOPinTypeCAN
 .text.GPIOPinTypeComparator
                0x00009f14       0x1c C:\FreeRTOSv202212.01\FreeRTOS\Demo\Common\drivers\LuminaryMicro/arm-none-eabi-gcc/\libdriver.a(gpio.o)
                0x00009f14                GPIOPinTypeComparator
 .text.GPIOPinTypeGPIOInput
                0x00009f30       0x1c C:\FreeRTOSv202212.01\FreeRTOS\Demo\Common\drivers\LuminaryMicro/arm-none-eabi-gcc/\libdriver.a(gpio.o)
                0x00009f30                GPIOPinTypeGPIOInput
 .text.GPIOPinTypeGPIOOutput
                0x00009f4c       0x1c C:\FreeRTOSv202212.01\FreeRTOS\Demo\Common\drivers\LuminaryMicro/arm-none-eabi-gcc/\libdriver.a(gpio.o)
                0x00009f4c                GPIOPinTypeGPIOOutput
 .text.GPIOPinTypeGPIOOutputOD
                0x00009f68       0x1c C:\FreeRTOSv202212.01\FreeRTOS\Demo\Common\drivers\LuminaryMicro/arm-none-eabi-gcc/\libdriver.a(gpio.o)
                0x00009f68                GPIOPinTypeGPIOOutputOD
 .text.GPIOPinTypeI2C
                0x00009f84       0x1c C:\FreeRTOSv202212.01\FreeRTOS\Demo\Common\drivers\LuminaryMicro/arm-none-eabi-gcc/\libdriver.a(gpio.o)
                0x00009f84                GPIOPinTypeI2C
 .text.GPIOPinTypePWM
                0x00009fa0       0x1c C:\FreeRTOSv202212.01\FreeRTOS\Demo\Common\drivers\LuminaryMicro/arm-none-eabi-gcc/\libdriver.a(gpio.o)
                0x00009fa0                GPIOPinTypePWM
 .text.GPIOPinTypeQEI
                0x00009fbc       0x1c C:\FreeRTOSv202212.01\FreeRTOS\Demo\Common\drivers\LuminaryMicro/arm-none-eabi-gcc/\libdriver.a(gpio.o)
                0x00009fbc                GPIOPinTypeQEI
 .text.GPIOPinTypeSSI
                0x00009fd8       0x1c C:\FreeRTOSv202212.01\FreeRTOS\Demo\Common\drivers\LuminaryMicro/arm-none-eabi-gcc/\libdriver.a(gpio.o)
                0x00009fd8                GPIOPinTypeSSI
 .text.GPIOPinTypeTimer
                0x00009ff4       0x1c C:\FreeRTOSv202212.01\FreeRTOS\Demo\Common\drivers\LuminaryMicro/arm-none-eabi-gcc/\libdriver.a(gpio.o)
                0x00009ff4                GPIOPinTypeTimer
 .text.GPIOPinTypeUART
                0x0000a010       0x1c C:\FreeRTOSv202212.01\FreeRTOS\Demo\Common\drivers\LuminaryMicro/arm-none-eabi-gcc/\libdriver.a(gpio.o)
                0x0000a010                GPIOPinTypeUART
 .text.GPIOPinTypeUSBDigital
                0x0000a02c       0x1c C:\FreeRTOSv202212.01\FreeRTOS\Demo\Common\drivers\LuminaryMicro/arm-none-eabi-gcc/\libdriver.a(gpio.o)
                0x0000a02c                GPIOPinTypeUSBDigital
 .text.GPIOPortIntUnregister
                0x0000a048       0x14 C:\FreeRTOSv202212.01\FreeRTOS\Demo\Common\drivers\LuminaryMicro/arm-none-eabi-gcc/\libdriver.a(gpio.o)
                0x0000a048                GPIOPortIntUnregister
 .text.GPIOPortIntRegister
                0x0000a05c       0x18 C:\FreeRTOSv202212.01\FreeRTOS\Demo\Common\drivers\LuminaryMicro/arm-none-eabi-gcc/\libdriver.a(gpio.o)
                0x0000a05c                GPIOPortIntRegister
 .text          0x0000a074        0x0 C:\FreeRTOSv202212.01\FreeRTOS\Demo\Common\drivers\LuminaryMicro/arm-none-eabi-gcc/\libdriver.a(interrupt.o)
 .text.IntDefaultHandler
                0x0000a074        0x4 C:\FreeRTOSv202212.01\FreeRTOS\Demo\Common\drivers\LuminaryMicro/arm-none-eabi-gcc/\libdriver.a(interrupt.o)
 .text.IntRegister
                0x0000a078       0x3c C:\FreeRTOSv202212.01\FreeRTOS\Demo\Common\drivers\LuminaryMicro/arm-none-eabi-gcc/\libdriver.a(interrupt.o)
                0x0000a078                IntRegister
 .text.IntUnregister
                0x0000a0b4       0x14 C:\FreeRTOSv202212.01\FreeRTOS\Demo\Common\drivers\LuminaryMicro/arm-none-eabi-gcc/\libdriver.a(interrupt.o)
                0x0000a0b4                IntUnregister
 .text.IntPriorityGroupingSet
                0x0000a0c8       0x1c C:\FreeRTOSv202212.01\FreeRTOS\Demo\Common\drivers\LuminaryMicro/arm-none-eabi-gcc/\libdriver.a(interrupt.o)
                0x0000a0c8                IntPriorityGroupingSet
 .text.IntPriorityGroupingGet
                0x0000a0e4       0x24 C:\FreeRTOSv202212.01\FreeRTOS\Demo\Common\drivers\LuminaryMicro/arm-none-eabi-gcc/\libdriver.a(interrupt.o)
                0x0000a0e4                IntPriorityGroupingGet
 .text.IntPrioritySet
                0x0000a108       0x28 C:\FreeRTOSv202212.01\FreeRTOS\Demo\Common\drivers\LuminaryMicro/arm-none-eabi-gcc/\libdriver.a(interrupt.o)
                0x0000a108                IntPrioritySet
 .text.IntPriorityGet
                0x0000a130       0x20 C:\FreeRTOSv202212.01\FreeRTOS\Demo\Common\drivers\LuminaryMicro/arm-none-eabi-gcc/\libdriver.a(interrupt.o)
                0x0000a130                IntPriorityGet
 .text.IntEnable
                0x0000a150       0x74 C:\FreeRTOSv202212.01\FreeRTOS\Demo\Common\drivers\LuminaryMicro/arm-none-eabi-gcc/\libdriver.a(interrupt.o)
                0x0000a150                IntEnable
 .text.IntDisable
                0x0000a1c4       0x74 C:\FreeRTOSv202212.01\FreeRTOS\Demo\Common\drivers\LuminaryMicro/arm-none-eabi-gcc/\libdriver.a(interrupt.o)
                0x0000a1c4                IntDisable
 .text.IntMasterDisable
                0x0000a238        0xc C:\FreeRTOSv202212.01\FreeRTOS\Demo\Common\drivers\LuminaryMicro/arm-none-eabi-gcc/\libdriver.a(interrupt.o)
                0x0000a238                IntMasterDisable
 .text.IntMasterEnable
                0x0000a244        0xc C:\FreeRTOSv202212.01\FreeRTOS\Demo\Common\drivers\LuminaryMicro/arm-none-eabi-gcc/\libdriver.a(interrupt.o)
                0x0000a244                IntMasterEnable
 .text          0x0000a250        0x0 C:\FreeRTOSv202212.01\FreeRTOS\Demo\Common\drivers\LuminaryMicro/arm-none-eabi-gcc/\libdriver.a(ssi.o)
 .text.SSIConfigSetExpClk
                0x0000a250       0x48 C:\FreeRTOSv202212.01\FreeRTOS\Demo\Common\drivers\LuminaryMicro/arm-none-eabi-gcc/\libdriver.a(ssi.o)
                0x0000a250                SSIConfigSetExpClk
 .text.SSIEnable
                0x0000a298        0xc C:\FreeRTOSv202212.01\FreeRTOS\Demo\Common\drivers\LuminaryMicro/arm-none-eabi-gcc/\libdriver.a(ssi.o)
                0x0000a298                SSIEnable
 .text.SSIDisable
                0x0000a2a4        0xc C:\FreeRTOSv202212.01\FreeRTOS\Demo\Common\drivers\LuminaryMicro/arm-none-eabi-gcc/\libdriver.a(ssi.o)
                0x0000a2a4                SSIDisable
 .text.SSIIntEnable
                0x0000a2b0        0x8 C:\FreeRTOSv202212.01\FreeRTOS\Demo\Common\drivers\LuminaryMicro/arm-none-eabi-gcc/\libdriver.a(ssi.o)
                0x0000a2b0                SSIIntEnable
 .text.SSIIntDisable
                0x0000a2b8        0xc C:\FreeRTOSv202212.01\FreeRTOS\Demo\Common\drivers\LuminaryMicro/arm-none-eabi-gcc/\libdriver.a(ssi.o)
                0x0000a2b8                SSIIntDisable
 .text.SSIIntStatus
                0x0000a2c4        0xc C:\FreeRTOSv202212.01\FreeRTOS\Demo\Common\drivers\LuminaryMicro/arm-none-eabi-gcc/\libdriver.a(ssi.o)
                0x0000a2c4                SSIIntStatus
 .text.SSIIntClear
                0x0000a2d0        0x4 C:\FreeRTOSv202212.01\FreeRTOS\Demo\Common\drivers\LuminaryMicro/arm-none-eabi-gcc/\libdriver.a(ssi.o)
                0x0000a2d0                SSIIntClear
 .text.SSIDataPut
                0x0000a2d4       0x10 C:\FreeRTOSv202212.01\FreeRTOS\Demo\Common\drivers\LuminaryMicro/arm-none-eabi-gcc/\libdriver.a(ssi.o)
                0x0000a2d4                SSIDataPut
 .text.SSIDataPutNonBlocking
                0x0000a2e4       0x10 C:\FreeRTOSv202212.01\FreeRTOS\Demo\Common\drivers\LuminaryMicro/arm-none-eabi-gcc/\libdriver.a(ssi.o)
                0x0000a2e4                SSIDataPutNonBlocking
 .text.SSIDataGet
                0x0000a2f4       0x14 C:\FreeRTOSv202212.01\FreeRTOS\Demo\Common\drivers\LuminaryMicro/arm-none-eabi-gcc/\libdriver.a(ssi.o)
                0x0000a2f4                SSIDataGet
 .text.SSIDataGetNonBlocking
                0x0000a308       0x14 C:\FreeRTOSv202212.01\FreeRTOS\Demo\Common\drivers\LuminaryMicro/arm-none-eabi-gcc/\libdriver.a(ssi.o)
                0x0000a308                SSIDataGetNonBlocking
 .text.SSIDMAEnable
                0x0000a31c        0x8 C:\FreeRTOSv202212.01\FreeRTOS\Demo\Common\drivers\LuminaryMicro/arm-none-eabi-gcc/\libdriver.a(ssi.o)
                0x0000a31c                SSIDMAEnable
 .text.SSIDMADisable
                0x0000a324        0xc C:\FreeRTOSv202212.01\FreeRTOS\Demo\Common\drivers\LuminaryMicro/arm-none-eabi-gcc/\libdriver.a(ssi.o)
                0x0000a324                SSIDMADisable
 .text.SSIIntUnregister
                0x0000a330       0x20 C:\FreeRTOSv202212.01\FreeRTOS\Demo\Common\drivers\LuminaryMicro/arm-none-eabi-gcc/\libdriver.a(ssi.o)
                0x0000a330                SSIIntUnregister
 .text.SSIIntRegister
                0x0000a350       0x20 C:\FreeRTOSv202212.01\FreeRTOS\Demo\Common\drivers\LuminaryMicro/arm-none-eabi-gcc/\libdriver.a(ssi.o)
                0x0000a350                SSIIntRegister
 .text          0x0000a370        0x0 C:\FreeRTOSv202212.01\FreeRTOS\Demo\Common\drivers\LuminaryMicro/arm-none-eabi-gcc/\libdriver.a(sysctl.o)
 .text.SysCtlSRAMSizeGet
                0x0000a370       0x14 C:\FreeRTOSv202212.01\FreeRTOS\Demo\Common\drivers\LuminaryMicro/arm-none-eabi-gcc/\libdriver.a(sysctl.o)
                0x0000a370                SysCtlSRAMSizeGet
 .text.SysCtlFlashSizeGet
                0x0000a384       0x14 C:\FreeRTOSv202212.01\FreeRTOS\Demo\Common\drivers\LuminaryMicro/arm-none-eabi-gcc/\libdriver.a(sysctl.o)
                0x0000a384                SysCtlFlashSizeGet
 .text.SysCtlPinPresent
                0x0000a398       0x14 C:\FreeRTOSv202212.01\FreeRTOS\Demo\Common\drivers\LuminaryMicro/arm-none-eabi-gcc/\libdriver.a(sysctl.o)
                0x0000a398                SysCtlPinPresent
 .text.SysCtlPeripheralPresent
                0x0000a3ac       0x28 C:\FreeRTOSv202212.01\FreeRTOS\Demo\Common\drivers\LuminaryMicro/arm-none-eabi-gcc/\libdriver.a(sysctl.o)
                0x0000a3ac                SysCtlPeripheralPresent
 .text.SysCtlPeripheralReset
                0x0000a3d4       0x44 C:\FreeRTOSv202212.01\FreeRTOS\Demo\Common\drivers\LuminaryMicro/arm-none-eabi-gcc/\libdriver.a(sysctl.o)
                0x0000a3d4                SysCtlPeripheralReset
 .text.SysCtlPeripheralEnable
                0x0000a418       0x24 C:\FreeRTOSv202212.01\FreeRTOS\Demo\Common\drivers\LuminaryMicro/arm-none-eabi-gcc/\libdriver.a(sysctl.o)
                0x0000a418                SysCtlPeripheralEnable
 .text.SysCtlPeripheralDisable
                0x0000a43c       0x24 C:\FreeRTOSv202212.01\FreeRTOS\Demo\Common\drivers\LuminaryMicro/arm-none-eabi-gcc/\libdriver.a(sysctl.o)
                0x0000a43c                SysCtlPeripheralDisable
 .text.SysCtlPeripheralSleepEnable
                0x0000a460       0x24 C:\FreeRTOSv202212.01\FreeRTOS\Demo\Common\drivers\LuminaryMicro/arm-none-eabi-gcc/\libdriver.a(sysctl.o)
                0x0000a460                SysCtlPeripheralSleepEnable
 .text.SysCtlPeripheralSleepDisable
                0x0000a484       0x24 C:\FreeRTOSv202212.01\FreeRTOS\Demo\Common\drivers\LuminaryMicro/arm-none-eabi-gcc/\libdriver.a(sysctl.o)
                0x0000a484                SysCtlPeripheralSleepDisable
 .text.SysCtlPeripheralDeepSleepEnable
                0x0000a4a8       0x24 C:\FreeRTOSv202212.01\FreeRTOS\Demo\Common\drivers\LuminaryMicro/arm-none-eabi-gcc/\libdriver.a(sysctl.o)
                0x0000a4a8                SysCtlPeripheralDeepSleepEnable
 .text.SysCtlPeripheralDeepSleepDisable
                0x0000a4cc       0x24 C:\FreeRTOSv202212.01\FreeRTOS\Demo\Common\drivers\LuminaryMicro/arm-none-eabi-gcc/\libdriver.a(sysctl.o)
                0x0000a4cc                SysCtlPeripheralDeepSleepDisable
 .text.SysCtlPeripheralClockGating
                0x0000a4f0       0x20 C:\FreeRTOSv202212.01\FreeRTOS\Demo\Common\drivers\LuminaryMicro/arm-none-eabi-gcc/\libdriver.a(sysctl.o)
                0x0000a4f0                SysCtlPeripheralClockGating
 .text.SysCtlIntEnable
                0x0000a510       0x10 C:\FreeRTOSv202212.01\FreeRTOS\Demo\Common\drivers\LuminaryMicro/arm-none-eabi-gcc/\libdriver.a(sysctl.o)
                0x0000a510                SysCtlIntEnable
 .text.SysCtlIntDisable
                0x0000a520       0x10 C:\FreeRTOSv202212.01\FreeRTOS\Demo\Common\drivers\LuminaryMicro/arm-none-eabi-gcc/\libdriver.a(sysctl.o)
                0x0000a520                SysCtlIntDisable
 .text.SysCtlIntClear
                0x0000a530        0xc C:\FreeRTOSv202212.01\FreeRTOS\Demo\Common\drivers\LuminaryMicro/arm-none-eabi-gcc/\libdriver.a(sysctl.o)
                0x0000a530                SysCtlIntClear
 .text.SysCtlIntStatus
                0x0000a53c       0x18 C:\FreeRTOSv202212.01\FreeRTOS\Demo\Common\drivers\LuminaryMicro/arm-none-eabi-gcc/\libdriver.a(sysctl.o)
                0x0000a53c                SysCtlIntStatus
 .text.SysCtlLDOSet
                0x0000a554        0xc C:\FreeRTOSv202212.01\FreeRTOS\Demo\Common\drivers\LuminaryMicro/arm-none-eabi-gcc/\libdriver.a(sysctl.o)
                0x0000a554                SysCtlLDOSet
 .text.SysCtlLDOGet
                0x0000a560        0xc C:\FreeRTOSv202212.01\FreeRTOS\Demo\Common\drivers\LuminaryMicro/arm-none-eabi-gcc/\libdriver.a(sysctl.o)
                0x0000a560                SysCtlLDOGet
 .text.SysCtlLDOConfigSet
                0x0000a56c        0xc C:\FreeRTOSv202212.01\FreeRTOS\Demo\Common\drivers\LuminaryMicro/arm-none-eabi-gcc/\libdriver.a(sysctl.o)
                0x0000a56c                SysCtlLDOConfigSet
 .text.SysCtlReset
                0x0000a578       0x10 C:\FreeRTOSv202212.01\FreeRTOS\Demo\Common\drivers\LuminaryMicro/arm-none-eabi-gcc/\libdriver.a(sysctl.o)
                0x0000a578                SysCtlReset
 .text.SysCtlResetCauseGet
                0x0000a588        0xc C:\FreeRTOSv202212.01\FreeRTOS\Demo\Common\drivers\LuminaryMicro/arm-none-eabi-gcc/\libdriver.a(sysctl.o)
                0x0000a588                SysCtlResetCauseGet
 .text.SysCtlResetCauseClear
                0x0000a594       0x10 C:\FreeRTOSv202212.01\FreeRTOS\Demo\Common\drivers\LuminaryMicro/arm-none-eabi-gcc/\libdriver.a(sysctl.o)
                0x0000a594                SysCtlResetCauseClear
 .text.SysCtlBrownOutConfigSet
                0x0000a5a4       0x10 C:\FreeRTOSv202212.01\FreeRTOS\Demo\Common\drivers\LuminaryMicro/arm-none-eabi-gcc/\libdriver.a(sysctl.o)
                0x0000a5a4                SysCtlBrownOutConfigSet
 .text.SysCtlDelay
                0x0000a5b4        0x8 C:\FreeRTOSv202212.01\FreeRTOS\Demo\Common\drivers\LuminaryMicro/arm-none-eabi-gcc/\libdriver.a(sysctl.o)
                0x0000a5b4                SysCtlDelay
 .text.SysCtlClockSet
                0x0000a5bc      0x168 C:\FreeRTOSv202212.01\FreeRTOS\Demo\Common\drivers\LuminaryMicro/arm-none-eabi-gcc/\libdriver.a(sysctl.o)
                0x0000a5bc                SysCtlClockSet
 .text.SysCtlClockGet
                0x0000a724      0x150 C:\FreeRTOSv202212.01\FreeRTOS\Demo\Common\drivers\LuminaryMicro/arm-none-eabi-gcc/\libdriver.a(sysctl.o)
                0x0000a724                SysCtlClockGet
 .text.SysCtlPWMClockSet
                0x0000a874       0x14 C:\FreeRTOSv202212.01\FreeRTOS\Demo\Common\drivers\LuminaryMicro/arm-none-eabi-gcc/\libdriver.a(sysctl.o)
                0x0000a874                SysCtlPWMClockSet
 .text.SysCtlPWMClockGet
                0x0000a888       0x18 C:\FreeRTOSv202212.01\FreeRTOS\Demo\Common\drivers\LuminaryMicro/arm-none-eabi-gcc/\libdriver.a(sysctl.o)
                0x0000a888                SysCtlPWMClockGet
 .text.SysCtlADCSpeedSet
                0x0000a8a0       0x34 C:\FreeRTOSv202212.01\FreeRTOS\Demo\Common\drivers\LuminaryMicro/arm-none-eabi-gcc/\libdriver.a(sysctl.o)
                0x0000a8a0                SysCtlADCSpeedSet
 .text.SysCtlADCSpeedGet
                0x0000a8d4       0x10 C:\FreeRTOSv202212.01\FreeRTOS\Demo\Common\drivers\LuminaryMicro/arm-none-eabi-gcc/\libdriver.a(sysctl.o)
                0x0000a8d4                SysCtlADCSpeedGet
 .text.SysCtlIOSCVerificationSet
                0x0000a8e4       0x20 C:\FreeRTOSv202212.01\FreeRTOS\Demo\Common\drivers\LuminaryMicro/arm-none-eabi-gcc/\libdriver.a(sysctl.o)
                0x0000a8e4                SysCtlIOSCVerificationSet
 .text.SysCtlMOSCVerificationSet
                0x0000a904       0x20 C:\FreeRTOSv202212.01\FreeRTOS\Demo\Common\drivers\LuminaryMicro/arm-none-eabi-gcc/\libdriver.a(sysctl.o)
                0x0000a904                SysCtlMOSCVerificationSet
 .text.SysCtlPLLVerificationSet
                0x0000a924       0x20 C:\FreeRTOSv202212.01\FreeRTOS\Demo\Common\drivers\LuminaryMicro/arm-none-eabi-gcc/\libdriver.a(sysctl.o)
                0x0000a924                SysCtlPLLVerificationSet
 .text.SysCtlClkVerificationClear
                0x0000a944       0x10 C:\FreeRTOSv202212.01\FreeRTOS\Demo\Common\drivers\LuminaryMicro/arm-none-eabi-gcc/\libdriver.a(sysctl.o)
                0x0000a944                SysCtlClkVerificationClear
 .text.SysCtlGPIOAHBEnable
                0x0000a954       0x10 C:\FreeRTOSv202212.01\FreeRTOS\Demo\Common\drivers\LuminaryMicro/arm-none-eabi-gcc/\libdriver.a(sysctl.o)
                0x0000a954                SysCtlGPIOAHBEnable
 .text.SysCtlGPIOAHBDisable
                0x0000a964       0x14 C:\FreeRTOSv202212.01\FreeRTOS\Demo\Common\drivers\LuminaryMicro/arm-none-eabi-gcc/\libdriver.a(sysctl.o)
                0x0000a964                SysCtlGPIOAHBDisable
 .text.SysCtlUSBPLLEnable
                0x0000a978       0x10 C:\FreeRTOSv202212.01\FreeRTOS\Demo\Common\drivers\LuminaryMicro/arm-none-eabi-gcc/\libdriver.a(sysctl.o)
                0x0000a978                SysCtlUSBPLLEnable
 .text.SysCtlUSBPLLDisable
                0x0000a988       0x10 C:\FreeRTOSv202212.01\FreeRTOS\Demo\Common\drivers\LuminaryMicro/arm-none-eabi-gcc/\libdriver.a(sysctl.o)
                0x0000a988                SysCtlUSBPLLDisable
 .text.SysCtlDeepSleep
                0x0000a998       0x20 C:\FreeRTOSv202212.01\FreeRTOS\Demo\Common\drivers\LuminaryMicro/arm-none-eabi-gcc/\libdriver.a(sysctl.o)
                0x0000a998                SysCtlDeepSleep
 .text.SysCtlSleep
                0x0000a9b8        0x8 C:\FreeRTOSv202212.01\FreeRTOS\Demo\Common\drivers\LuminaryMicro/arm-none-eabi-gcc/\libdriver.a(sysctl.o)
                0x0000a9b8                SysCtlSleep
 .text.SysCtlIntUnregister
                0x0000a9c0       0x10 C:\FreeRTOSv202212.01\FreeRTOS\Demo\Common\drivers\LuminaryMicro/arm-none-eabi-gcc/\libdriver.a(sysctl.o)
                0x0000a9c0                SysCtlIntUnregister
 .text.SysCtlIntRegister
                0x0000a9d0       0x14 C:\FreeRTOSv202212.01\FreeRTOS\Demo\Common\drivers\LuminaryMicro/arm-none-eabi-gcc/\libdriver.a(sysctl.o)
                0x0000a9d0                SysCtlIntRegister
 .text          0x0000a9e4        0x0 C:\FreeRTOSv202212.01\FreeRTOS\Demo\Common\drivers\LuminaryMicro/arm-none-eabi-gcc/\libdriver.a(uart.o)
 .text.UARTParityModeSet
                0x0000a9e4        0xc C:\FreeRTOSv202212.01\FreeRTOS\Demo\Common\drivers\LuminaryMicro/arm-none-eabi-gcc/\libdriver.a(uart.o)
                0x0000a9e4                UARTParityModeSet
 .text.UARTParityModeGet
                0x0000a9f0        0x8 C:\FreeRTOSv202212.01\FreeRTOS\Demo\Common\drivers\LuminaryMicro/arm-none-eabi-gcc/\libdriver.a(uart.o)
                0x0000a9f0                UARTParityModeGet
 .text.UARTFIFOLevelSet
                0x0000a9f8        0x8 C:\FreeRTOSv202212.01\FreeRTOS\Demo\Common\drivers\LuminaryMicro/arm-none-eabi-gcc/\libdriver.a(uart.o)
                0x0000a9f8                UARTFIFOLevelSet
 .text.UARTFIFOLevelGet
                0x0000aa00       0x10 C:\FreeRTOSv202212.01\FreeRTOS\Demo\Common\drivers\LuminaryMicro/arm-none-eabi-gcc/\libdriver.a(uart.o)
                0x0000aa00                UARTFIFOLevelGet
 .text.UARTConfigGetExpClk
                0x0000aa10       0x20 C:\FreeRTOSv202212.01\FreeRTOS\Demo\Common\drivers\LuminaryMicro/arm-none-eabi-gcc/\libdriver.a(uart.o)
                0x0000aa10                UARTConfigGetExpClk
 .text.UARTEnable
                0x0000aa30       0x18 C:\FreeRTOSv202212.01\FreeRTOS\Demo\Common\drivers\LuminaryMicro/arm-none-eabi-gcc/\libdriver.a(uart.o)
                0x0000aa30                UARTEnable
 .text.UARTDisable
                0x0000aa48       0x24 C:\FreeRTOSv202212.01\FreeRTOS\Demo\Common\drivers\LuminaryMicro/arm-none-eabi-gcc/\libdriver.a(uart.o)
                0x0000aa48                UARTDisable
 .text.UARTConfigSetExpClk
                0x0000aa6c       0x38 C:\FreeRTOSv202212.01\FreeRTOS\Demo\Common\drivers\LuminaryMicro/arm-none-eabi-gcc/\libdriver.a(uart.o)
                0x0000aa6c                UARTConfigSetExpClk
 .text.UARTEnableSIR
                0x0000aaa4       0x18 C:\FreeRTOSv202212.01\FreeRTOS\Demo\Common\drivers\LuminaryMicro/arm-none-eabi-gcc/\libdriver.a(uart.o)
                0x0000aaa4                UARTEnableSIR
 .text.UARTDisableSIR
                0x0000aabc        0xc C:\FreeRTOSv202212.01\FreeRTOS\Demo\Common\drivers\LuminaryMicro/arm-none-eabi-gcc/\libdriver.a(uart.o)
                0x0000aabc                UARTDisableSIR
 .text.UARTCharsAvail
                0x0000aac8       0x10 C:\FreeRTOSv202212.01\FreeRTOS\Demo\Common\drivers\LuminaryMicro/arm-none-eabi-gcc/\libdriver.a(uart.o)
                0x0000aac8                UARTCharsAvail
 .text.UARTSpaceAvail
                0x0000aad8       0x10 C:\FreeRTOSv202212.01\FreeRTOS\Demo\Common\drivers\LuminaryMicro/arm-none-eabi-gcc/\libdriver.a(uart.o)
                0x0000aad8                UARTSpaceAvail
 .text.UARTCharGetNonBlocking
                0x0000aae8       0x10 C:\FreeRTOSv202212.01\FreeRTOS\Demo\Common\drivers\LuminaryMicro/arm-none-eabi-gcc/\libdriver.a(uart.o)
                0x0000aae8                UARTCharGetNonBlocking
 .text.UARTCharGet
                0x0000aaf8       0x10 C:\FreeRTOSv202212.01\FreeRTOS\Demo\Common\drivers\LuminaryMicro/arm-none-eabi-gcc/\libdriver.a(uart.o)
                0x0000aaf8                UARTCharGet
 .text.UARTCharPutNonBlocking
                0x0000ab08       0x14 C:\FreeRTOSv202212.01\FreeRTOS\Demo\Common\drivers\LuminaryMicro/arm-none-eabi-gcc/\libdriver.a(uart.o)
                0x0000ab08                UARTCharPutNonBlocking
 .text.UARTCharPut
                0x0000ab1c       0x10 C:\FreeRTOSv202212.01\FreeRTOS\Demo\Common\drivers\LuminaryMicro/arm-none-eabi-gcc/\libdriver.a(uart.o)
                0x0000ab1c                UARTCharPut
 .text.UARTBreakCtl
                0x0000ab2c       0x18 C:\FreeRTOSv202212.01\FreeRTOS\Demo\Common\drivers\LuminaryMicro/arm-none-eabi-gcc/\libdriver.a(uart.o)
                0x0000ab2c                UARTBreakCtl
 .text.UARTIntEnable
                0x0000ab44        0x8 C:\FreeRTOSv202212.01\FreeRTOS\Demo\Common\drivers\LuminaryMicro/arm-none-eabi-gcc/\libdriver.a(uart.o)
                0x0000ab44                UARTIntEnable
 .text.UARTIntDisable
                0x0000ab4c        0xc C:\FreeRTOSv202212.01\FreeRTOS\Demo\Common\drivers\LuminaryMicro/arm-none-eabi-gcc/\libdriver.a(uart.o)
                0x0000ab4c                UARTIntDisable
 .text.UARTIntStatus
                0x0000ab58        0xc C:\FreeRTOSv202212.01\FreeRTOS\Demo\Common\drivers\LuminaryMicro/arm-none-eabi-gcc/\libdriver.a(uart.o)
                0x0000ab58                UARTIntStatus
 .text.UARTIntClear
                0x0000ab64        0x4 C:\FreeRTOSv202212.01\FreeRTOS\Demo\Common\drivers\LuminaryMicro/arm-none-eabi-gcc/\libdriver.a(uart.o)
                0x0000ab64                UARTIntClear
 .text.UARTDMAEnable
                0x0000ab68        0x8 C:\FreeRTOSv202212.01\FreeRTOS\Demo\Common\drivers\LuminaryMicro/arm-none-eabi-gcc/\libdriver.a(uart.o)
                0x0000ab68                UARTDMAEnable
 .text.UARTDMADisable
                0x0000ab70        0xc C:\FreeRTOSv202212.01\FreeRTOS\Demo\Common\drivers\LuminaryMicro/arm-none-eabi-gcc/\libdriver.a(uart.o)
                0x0000ab70                UARTDMADisable
 .text.UARTIntUnregister
                0x0000ab7c       0x2c C:\FreeRTOSv202212.01\FreeRTOS\Demo\Common\drivers\LuminaryMicro/arm-none-eabi-gcc/\libdriver.a(uart.o)
                0x0000ab7c                UARTIntUnregister
 .text.UARTIntRegister
                0x0000aba8       0x2c C:\FreeRTOSv202212.01\FreeRTOS\Demo\Common\drivers\LuminaryMicro/arm-none-eabi-gcc/\libdriver.a(uart.o)
                0x0000aba8                UARTIntRegister
 .text          0x0000abd4       0x14 C:\FreeRTOSv202212.01\FreeRTOS\Demo\Common\drivers\LuminaryMicro/arm-none-eabi-gcc/\libdriver.a(cpu.o)
                0x0000abd4                CPUcpsid
                0x0000abdc                CPUcpsie
                0x0000abe4                CPUwfi
 .text          0x0000abe8      0x254 c:/program files (x86)/gnu arm embedded toolchain/10 2021.10/bin/../lib/gcc/arm-none-eabi/10.3.1/thumb/v7-m/nofp\libgcc.a(_arm_muldf3.o)
 .text          0x0000ae3c      0x378 c:/program files (x86)/gnu arm embedded toolchain/10 2021.10/bin/../lib/gcc/arm-none-eabi/10.3.1/thumb/v7-m/nofp\libgcc.a(_arm_addsubdf3.o)
                0x0000ae3c                __aeabi_drsub
                0x0000ae44                __aeabi_dsub
                0x0000ae44                __subdf3
                0x0000ae48                __aeabi_dadd
                0x0000ae48                __adddf3
                0x0000b0c0                __floatunsidf
                0x0000b0c0                __aeabi_ui2d
                0x0000b0e0                __floatsidf
                0x0000b0e0                __aeabi_i2d
                0x0000b104                __aeabi_f2d
                0x0000b104                __extendsfdf2
                0x0000b148                __floatundidf
                0x0000b148                __aeabi_ul2d
                0x0000b158                __floatdidf
                0x0000b158                __aeabi_l2d
 .text          0x0000b1b4      0x424 c:/program files (x86)/gnu arm embedded toolchain/10 2021.10/bin/../lib/gcc/arm-none-eabi/10.3.1/thumb/v7-m/nofp\libgcc.a(_arm_muldivdf3.o)
                0x0000b1b4                __aeabi_dmul
                0x0000b1b4                __muldf3
                0x0000b408                __divdf3
                0x0000b408                __aeabi_ddiv
 .text          0x0000b5d8      0x110 c:/program files (x86)/gnu arm embedded toolchain/10 2021.10/bin/../lib/gcc/arm-none-eabi/10.3.1/thumb/v7-m/nofp\libgcc.a(_arm_cmpdf2.o)
                0x0000b5d8                __gtdf2
                0x0000b5d8                __gedf2
                0x0000b5e0                __ltdf2
                0x0000b5e0                __ledf2
                0x0000b5e8                __nedf2
                0x0000b5e8                __eqdf2
                0x0000b5e8                __cmpdf2
                0x0000b664                __aeabi_cdrcmple
                0x0000b674                __aeabi_cdcmpeq
                0x0000b674                __aeabi_cdcmple
                0x0000b684                __aeabi_dcmpeq
                0x0000b698                __aeabi_dcmplt
                0x0000b6ac                __aeabi_dcmple
                0x0000b6c0                __aeabi_dcmpge
                0x0000b6d4                __aeabi_dcmpgt
 .text          0x0000b6e8       0x50 c:/program files (x86)/gnu arm embedded toolchain/10 2021.10/bin/../lib/gcc/arm-none-eabi/10.3.1/thumb/v7-m/nofp\libgcc.a(_arm_fixdfsi.o)
                0x0000b6e8                __aeabi_d2iz
                0x0000b6e8                __fixdfsi
 .text          0x0000b738        0x0 c:/program files (x86)/gnu arm embedded toolchain/10 2021.10/bin/../lib/gcc/arm-none-eabi/10.3.1/../../../../arm-none-eabi/lib/thumb/v7-m/nofp\libg_nano.a(lib_a-atoi.o)
 .text.atoi     0x0000b738        0x8 c:/program files (x86)/gnu arm embedded toolchain/10 2021.10/bin/../lib/gcc/arm-none-eabi/10.3.1/../../../../arm-none-eabi/lib/thumb/v7-m/nofp\libg_nano.a(lib_a-atoi.o)
                0x0000b738                atoi
 .text._atoi_r  0x0000b740        0x8 c:/program files (x86)/gnu arm embedded toolchain/10 2021.10/bin/../lib/gcc/arm-none-eabi/10.3.1/../../../../arm-none-eabi/lib/thumb/v7-m/nofp\libg_nano.a(lib_a-atoi.o)
                0x0000b740                _atoi_r
 .text          0x0000b748        0x0 c:/program files (x86)/gnu arm embedded toolchain/10 2021.10/bin/../lib/gcc/arm-none-eabi/10.3.1/../../../../arm-none-eabi/lib/thumb/v7-m/nofp\libg_nano.a(lib_a-ctype_.o)
 .text          0x0000b748        0x0 c:/program files (x86)/gnu arm embedded toolchain/10 2021.10/bin/../lib/gcc/arm-none-eabi/10.3.1/../../../../arm-none-eabi/lib/thumb/v7-m/nofp\libg_nano.a(lib_a-memcpy-stub.o)
 .text.memcpy   0x0000b748       0x1c c:/program files (x86)/gnu arm embedded toolchain/10 2021.10/bin/../lib/gcc/arm-none-eabi/10.3.1/../../../../arm-none-eabi/lib/thumb/v7-m/nofp\libg_nano.a(lib_a-memcpy-stub.o)
                0x0000b748                memcpy
 .text          0x0000b764        0x0 c:/program files (x86)/gnu arm embedded toolchain/10 2021.10/bin/../lib/gcc/arm-none-eabi/10.3.1/../../../../arm-none-eabi/lib/thumb/v7-m/nofp\libg_nano.a(lib_a-memset.o)
 .text.memset   0x0000b764       0x10 c:/program files (x86)/gnu arm embedded toolchain/10 2021.10/bin/../lib/gcc/arm-none-eabi/10.3.1/../../../../arm-none-eabi/lib/thumb/v7-m/nofp\libg_nano.a(lib_a-memset.o)
                0x0000b764                memset
 .text          0x0000b774        0x0 c:/program files (x86)/gnu arm embedded toolchain/10 2021.10/bin/../lib/gcc/arm-none-eabi/10.3.1/../../../../arm-none-eabi/lib/thumb/v7-m/nofp\libg_nano.a(lib_a-sprintf.o)
 .text._sprintf_r
                0x0000b774       0x38 c:/program files (x86)/gnu arm embedded toolchain/10 2021.10/bin/../lib/gcc/arm-none-eabi/10.3.1/../../../../arm-none-eabi/lib/thumb/v7-m/nofp\libg_nano.a(lib_a-sprintf.o)
                0x0000b774                _sprintf_r
                0x0000b774                _siprintf_r
 .text.sprintf  0x0000b7ac       0x40 c:/program files (x86)/gnu arm embedded toolchain/10 2021.10/bin/../lib/gcc/arm-none-eabi/10.3.1/../../../../arm-none-eabi/lib/thumb/v7-m/nofp\libg_nano.a(lib_a-sprintf.o)
                0x0000b7ac                siprintf
                0x0000b7ac                sprintf
 .text          0x0000b7ec       0x14 c:/program files (x86)/gnu arm embedded toolchain/10 2021.10/bin/../lib/gcc/arm-none-eabi/10.3.1/../../../../arm-none-eabi/lib/thumb/v7-m/nofp\libg_nano.a(lib_a-strcmp.o)
                0x0000b7ec                strcmp
 .text          0x0000b800        0x0 c:/program files (x86)/gnu arm embedded toolchain/10 2021.10/bin/../lib/gcc/arm-none-eabi/10.3.1/../../../../arm-none-eabi/lib/thumb/v7-m/nofp\libg_nano.a(lib_a-strcpy.o)
 .text.strcpy   0x0000b800       0x10 c:/program files (x86)/gnu arm embedded toolchain/10 2021.10/bin/../lib/gcc/arm-none-eabi/10.3.1/../../../../arm-none-eabi/lib/thumb/v7-m/nofp\libg_nano.a(lib_a-strcpy.o)
                0x0000b800                strcpy
 .text          0x0000b810       0x10 c:/program files (x86)/gnu arm embedded toolchain/10 2021.10/bin/../lib/gcc/arm-none-eabi/10.3.1/../../../../arm-none-eabi/lib/thumb/v7-m/nofp\libg_nano.a(lib_a-strlen.o)
                0x0000b810                strlen
 .text          0x0000b820        0x0 c:/program files (x86)/gnu arm embedded toolchain/10 2021.10/bin/../lib/gcc/arm-none-eabi/10.3.1/../../../../arm-none-eabi/lib/thumb/v7-m/nofp\libg_nano.a(lib_a-strncpy.o)
 .text.strncpy  0x0000b820       0x26 c:/program files (x86)/gnu arm embedded toolchain/10 2021.10/bin/../lib/gcc/arm-none-eabi/10.3.1/../../../../arm-none-eabi/lib/thumb/v7-m/nofp\libg_nano.a(lib_a-strncpy.o)
                0x0000b820                strncpy
 .text          0x0000b846        0x0 c:/program files (x86)/gnu arm embedded toolchain/10 2021.10/bin/../lib/gcc/arm-none-eabi/10.3.1/../../../../arm-none-eabi/lib/thumb/v7-m/nofp\libg_nano.a(lib_a-strtol.o)
 *fill*         0x0000b846        0x2 
 .text._strtol_l.constprop.0
                0x0000b848       0xf8 c:/program files (x86)/gnu arm embedded toolchain/10 2021.10/bin/../lib/gcc/arm-none-eabi/10.3.1/../../../../arm-none-eabi/lib/thumb/v7-m/nofp\libg_nano.a(lib_a-strtol.o)
 .text._strtol_r
                0x0000b940        0x4 c:/program files (x86)/gnu arm embedded toolchain/10 2021.10/bin/../lib/gcc/arm-none-eabi/10.3.1/../../../../arm-none-eabi/lib/thumb/v7-m/nofp\libg_nano.a(lib_a-strtol.o)
                0x0000b940                _strtol_r
 .text.strtol_l
                0x0000b944       0x14 c:/program files (x86)/gnu arm embedded toolchain/10 2021.10/bin/../lib/gcc/arm-none-eabi/10.3.1/../../../../arm-none-eabi/lib/thumb/v7-m/nofp\libg_nano.a(lib_a-strtol.o)
                0x0000b944                strtol_l
 .text.strtol   0x0000b958       0x14 c:/program files (x86)/gnu arm embedded toolchain/10 2021.10/bin/../lib/gcc/arm-none-eabi/10.3.1/../../../../arm-none-eabi/lib/thumb/v7-m/nofp\libg_nano.a(lib_a-strtol.o)
                0x0000b958                strtol
 .text          0x0000b96c        0x0 c:/program files (x86)/gnu arm embedded toolchain/10 2021.10/bin/../lib/gcc/arm-none-eabi/10.3.1/../../../../arm-none-eabi/lib/thumb/v7-m/nofp\libg_nano.a(lib_a-errno.o)
 .text.__errno  0x0000b96c        0xc c:/program files (x86)/gnu arm embedded toolchain/10 2021.10/bin/../lib/gcc/arm-none-eabi/10.3.1/../../../../arm-none-eabi/lib/thumb/v7-m/nofp\libg_nano.a(lib_a-errno.o)
                0x0000b96c                __errno
 .text          0x0000b978        0x0 c:/program files (x86)/gnu arm embedded toolchain/10 2021.10/bin/../lib/gcc/arm-none-eabi/10.3.1/../../../../arm-none-eabi/lib/thumb/v7-m/nofp\libg_nano.a(lib_a-impure.o)
 .text          0x0000b978        0x0 c:/program files (x86)/gnu arm embedded toolchain/10 2021.10/bin/../lib/gcc/arm-none-eabi/10.3.1/../../../../arm-none-eabi/lib/thumb/v7-m/nofp\libg_nano.a(lib_a-nano-svfprintf.o)
 .text.__ssputs_r
                0x0000b978       0xb6 c:/program files (x86)/gnu arm embedded toolchain/10 2021.10/bin/../lib/gcc/arm-none-eabi/10.3.1/../../../../arm-none-eabi/lib/thumb/v7-m/nofp\libg_nano.a(lib_a-nano-svfprintf.o)
                0x0000b978                __ssputs_r
 .text.__ssprint_r
                0x0000ba2e       0xf6 c:/program files (x86)/gnu arm embedded toolchain/10 2021.10/bin/../lib/gcc/arm-none-eabi/10.3.1/../../../../arm-none-eabi/lib/thumb/v7-m/nofp\libg_nano.a(lib_a-nano-svfprintf.o)
                0x0000ba2e                __ssprint_r
 .text._svfprintf_r
                0x0000bb24      0x200 c:/program files (x86)/gnu arm embedded toolchain/10 2021.10/bin/../lib/gcc/arm-none-eabi/10.3.1/../../../../arm-none-eabi/lib/thumb/v7-m/nofp\libg_nano.a(lib_a-nano-svfprintf.o)
                0x0000bb24                _svfiprintf_r
                0x0000bb24                _svfprintf_r
 .text          0x0000bd24        0x0 c:/program files (x86)/gnu arm embedded toolchain/10 2021.10/bin/../lib/gcc/arm-none-eabi/10.3.1/../../../../arm-none-eabi/lib/thumb/v7-m/nofp\libg_nano.a(lib_a-nano-vfprintf_i.o)
 .text._printf_common
                0x0000bd24       0xde c:/program files (x86)/gnu arm embedded toolchain/10 2021.10/bin/../lib/gcc/arm-none-eabi/10.3.1/../../../../arm-none-eabi/lib/thumb/v7-m/nofp\libg_nano.a(lib_a-nano-vfprintf_i.o)
                0x0000bd24                _printf_common
 *fill*         0x0000be02        0x2 
 .text._printf_i
                0x0000be04      0x24c c:/program files (x86)/gnu arm embedded toolchain/10 2021.10/bin/../lib/gcc/arm-none-eabi/10.3.1/../../../../arm-none-eabi/lib/thumb/v7-m/nofp\libg_nano.a(lib_a-nano-vfprintf_i.o)
                0x0000be04                _printf_i
 .text          0x0000c050        0x0 c:/program files (x86)/gnu arm embedded toolchain/10 2021.10/bin/../lib/gcc/arm-none-eabi/10.3.1/../../../../arm-none-eabi/lib/thumb/v7-m/nofp\libg_nano.a(lib_a-memchr-stub.o)
 .text.memchr   0x0000c050       0x1c c:/program files (x86)/gnu arm embedded toolchain/10 2021.10/bin/../lib/gcc/arm-none-eabi/10.3.1/../../../../arm-none-eabi/lib/thumb/v7-m/nofp\libg_nano.a(lib_a-memchr-stub.o)
                0x0000c050                memchr
 .text          0x0000c06c        0x0 c:/program files (x86)/gnu arm embedded toolchain/10 2021.10/bin/../lib/gcc/arm-none-eabi/10.3.1/../../../../arm-none-eabi/lib/thumb/v7-m/nofp\libg_nano.a(lib_a-memmove.o)
 .text.memmove  0x0000c06c       0x34 c:/program files (x86)/gnu arm embedded toolchain/10 2021.10/bin/../lib/gcc/arm-none-eabi/10.3.1/../../../../arm-none-eabi/lib/thumb/v7-m/nofp\libg_nano.a(lib_a-memmove.o)
                0x0000c06c                memmove
 .text          0x0000c0a0        0x0 c:/program files (x86)/gnu arm embedded toolchain/10 2021.10/bin/../lib/gcc/arm-none-eabi/10.3.1/../../../../arm-none-eabi/lib/thumb/v7-m/nofp\libg_nano.a(lib_a-nano-freer.o)
 .text._free_r  0x0000c0a0       0x90 c:/program files (x86)/gnu arm embedded toolchain/10 2021.10/bin/../lib/gcc/arm-none-eabi/10.3.1/../../../../arm-none-eabi/lib/thumb/v7-m/nofp\libg_nano.a(lib_a-nano-freer.o)
                0x0000c0a0                _free_r
 .text          0x0000c130        0x0 c:/program files (x86)/gnu arm embedded toolchain/10 2021.10/bin/../lib/gcc/arm-none-eabi/10.3.1/../../../../arm-none-eabi/lib/thumb/v7-m/nofp\libg_nano.a(lib_a-nano-mallocr.o)
 .text.sbrk_aligned
                0x0000c130       0x40 c:/program files (x86)/gnu arm embedded toolchain/10 2021.10/bin/../lib/gcc/arm-none-eabi/10.3.1/../../../../arm-none-eabi/lib/thumb/v7-m/nofp\libg_nano.a(lib_a-nano-mallocr.o)
 .text._malloc_r
                0x0000c170       0xe8 c:/program files (x86)/gnu arm embedded toolchain/10 2021.10/bin/../lib/gcc/arm-none-eabi/10.3.1/../../../../arm-none-eabi/lib/thumb/v7-m/nofp\libg_nano.a(lib_a-nano-mallocr.o)
                0x0000c170                _malloc_r
 .text          0x0000c258        0x0 c:/program files (x86)/gnu arm embedded toolchain/10 2021.10/bin/../lib/gcc/arm-none-eabi/10.3.1/../../../../arm-none-eabi/lib/thumb/v7-m/nofp\libg_nano.a(lib_a-nano-reallocr.o)
 .text._realloc_r
                0x0000c258       0x5e c:/program files (x86)/gnu arm embedded toolchain/10 2021.10/bin/../lib/gcc/arm-none-eabi/10.3.1/../../../../arm-none-eabi/lib/thumb/v7-m/nofp\libg_nano.a(lib_a-nano-reallocr.o)
                0x0000c258                _realloc_r
 .text          0x0000c2b6        0x0 c:/program files (x86)/gnu arm embedded toolchain/10 2021.10/bin/../lib/gcc/arm-none-eabi/10.3.1/../../../../arm-none-eabi/lib/thumb/v7-m/nofp\libg_nano.a(lib_a-mlock.o)
 *fill*         0x0000c2b6        0x2 
 .text.__malloc_lock
                0x0000c2b8        0xc c:/program files (x86)/gnu arm embedded toolchain/10 2021.10/bin/../lib/gcc/arm-none-eabi/10.3.1/../../../../arm-none-eabi/lib/thumb/v7-m/nofp\libg_nano.a(lib_a-mlock.o)
                0x0000c2b8                __malloc_lock
 .text.__malloc_unlock
                0x0000c2c4        0xc c:/program files (x86)/gnu arm embedded toolchain/10 2021.10/bin/../lib/gcc/arm-none-eabi/10.3.1/../../../../arm-none-eabi/lib/thumb/v7-m/nofp\libg_nano.a(lib_a-mlock.o)
                0x0000c2c4                __malloc_unlock
 .text          0x0000c2d0        0x0 c:/program files (x86)/gnu arm embedded toolchain/10 2021.10/bin/../lib/gcc/arm-none-eabi/10.3.1/../../../../arm-none-eabi/lib/thumb/v7-m/nofp\libg_nano.a(lib_a-nano-msizer.o)
 .text._malloc_usable_size_r
                0x0000c2d0       0x10 c:/program files (x86)/gnu arm embedded toolchain/10 2021.10/bin/../lib/gcc/arm-none-eabi/10.3.1/../../../../arm-none-eabi/lib/thumb/v7-m/nofp\libg_nano.a(lib_a-nano-msizer.o)
                0x0000c2d0                _malloc_usable_size_r
 .text          0x0000c2e0        0x0 c:/program files (x86)/gnu arm embedded toolchain/10 2021.10/bin/../lib/gcc/arm-none-eabi/10.3.1/../../../../arm-none-eabi/lib/thumb/v7-m/nofp\libg_nano.a(lib_a-lock.o)
 .text.__retarget_lock_init
                0x0000c2e0        0x2 c:/program files (x86)/gnu arm embedded toolchain/10 2021.10/bin/../lib/gcc/arm-none-eabi/10.3.1/../../../../arm-none-eabi/lib/thumb/v7-m/nofp\libg_nano.a(lib_a-lock.o)
                0x0000c2e0                __retarget_lock_init
 .text.__retarget_lock_init_recursive
                0x0000c2e2        0x2 c:/program files (x86)/gnu arm embedded toolchain/10 2021.10/bin/../lib/gcc/arm-none-eabi/10.3.1/../../../../arm-none-eabi/lib/thumb/v7-m/nofp\libg_nano.a(lib_a-lock.o)
                0x0000c2e2                __retarget_lock_init_recursive
 .text.__retarget_lock_close
                0x0000c2e4        0x2 c:/program files (x86)/gnu arm embedded toolchain/10 2021.10/bin/../lib/gcc/arm-none-eabi/10.3.1/../../../../arm-none-eabi/lib/thumb/v7-m/nofp\libg_nano.a(lib_a-lock.o)
                0x0000c2e4                __retarget_lock_close
 .text.__retarget_lock_close_recursive
                0x0000c2e6        0x2 c:/program files (x86)/gnu arm embedded toolchain/10 2021.10/bin/../lib/gcc/arm-none-eabi/10.3.1/../../../../arm-none-eabi/lib/thumb/v7-m/nofp\libg_nano.a(lib_a-lock.o)
                0x0000c2e6                __retarget_lock_close_recursive
 .text.__retarget_lock_acquire
                0x0000c2e8        0x2 c:/program files (x86)/gnu arm embedded toolchain/10 2021.10/bin/../lib/gcc/arm-none-eabi/10.3.1/../../../../arm-none-eabi/lib/thumb/v7-m/nofp\libg_nano.a(lib_a-lock.o)
                0x0000c2e8                __retarget_lock_acquire
 .text.__retarget_lock_acquire_recursive
                0x0000c2ea        0x2 c:/program files (x86)/gnu arm embedded toolchain/10 2021.10/bin/../lib/gcc/arm-none-eabi/10.3.1/../../../../arm-none-eabi/lib/thumb/v7-m/nofp\libg_nano.a(lib_a-lock.o)
                0x0000c2ea                __retarget_lock_acquire_recursive
 .text.__retarget_lock_try_acquire
                0x0000c2ec        0x4 c:/program files (x86)/gnu arm embedded toolchain/10 2021.10/bin/../lib/gcc/arm-none-eabi/10.3.1/../../../../arm-none-eabi/lib/thumb/v7-m/nofp\libg_nano.a(lib_a-lock.o)
                0x0000c2ec                __retarget_lock_try_acquire
 .text.__retarget_lock_try_acquire_recursive
                0x0000c2f0        0x4 c:/program files (x86)/gnu arm embedded toolchain/10 2021.10/bin/../lib/gcc/arm-none-eabi/10.3.1/../../../../arm-none-eabi/lib/thumb/v7-m/nofp\libg_nano.a(lib_a-lock.o)
                0x0000c2f0                __retarget_lock_try_acquire_recursive
 .text.__retarget_lock_release
                0x0000c2f4        0x2 c:/program files (x86)/gnu arm embedded toolchain/10 2021.10/bin/../lib/gcc/arm-none-eabi/10.3.1/../../../../arm-none-eabi/lib/thumb/v7-m/nofp\libg_nano.a(lib_a-lock.o)
                0x0000c2f4                __retarget_lock_release
 .text.__retarget_lock_release_recursive
                0x0000c2f6        0x2 c:/program files (x86)/gnu arm embedded toolchain/10 2021.10/bin/../lib/gcc/arm-none-eabi/10.3.1/../../../../arm-none-eabi/lib/thumb/v7-m/nofp\libg_nano.a(lib_a-lock.o)
                0x0000c2f6                __retarget_lock_release_recursive
 *(.rodata*)
 .rodata.video  0x0000c2f8    0x33040 ./LocalDemoFiles/display.o
 .rodata        0x0003f338       0xd0 ./LocalDemoFiles/display.o
 .rodata        0x0003f408        0x5 ./LocalDemoFiles/func.o
 *fill*         0x0003f40d        0x3 
 .rodata.g_pucOSRAM128x64x4VerticalInc
                0x0003f410        0x2 ./LocalDemoFiles/osram128x64x4.o
 *fill*         0x0003f412        0x2 
 .rodata.g_pucOSRAM128x64x4HorizontalInc
                0x0003f414        0x2 ./LocalDemoFiles/osram128x64x4.o
 *fill*         0x0003f416        0x2 
 .rodata.g_pucFont
                0x0003f418      0x1e0 ./LocalDemoFiles/osram128x64x4.o
 .rodata.g_pucOSRAM128x64x4Init
                0x0003f5f8       0x4e ./LocalDemoFiles/osram128x64x4.o
 *fill*         0x0003f646        0x2 
 .rodata.pucCommand1.7
                0x0003f648        0x3 ./LocalDemoFiles/osram128x64x4.o
 *fill*         0x0003f64b        0x1 
 .rodata.pucCommand2.6
                0x0003f64c        0x3 ./LocalDemoFiles/osram128x64x4.o
 *fill*         0x0003f64f        0x1 
 .rodata.pucCommand1.0
                0x0003f650        0x3 ./LocalDemoFiles/osram128x64x4.o
 *fill*         0x0003f653        0x1 
 .rodata        0x0003f654        0x6 ./LocalDemoFiles/snake.o
 *fill*         0x0003f65a        0x2 
 .rodata        0x0003f65c       0x18 ./LocalDemoFiles/worker.o
 .rodata        0x0003f674       0x1a ./LegacyDrivers/ustdlib.o
 *fill*         0x0003f68e        0x2 
 .rodata.g_pcHex
                0x0003f690        0x4 ./LegacyDrivers/ustdlib.o
 .rodata.xHeapStructSize
                0x0003f694        0x4 ./FreeRTOS_Source/portable/MemMang/heap_4.o
 .rodata        0x0003f698       0x40 ./FreeRTOS_Source/portable/MemMang/heap_4.o
 .rodata.pcInterruptPriorityRegisters
                0x0003f6d8        0x4 ./FreeRTOS_Source/portable/GCC/ARM_CM3/port.o
 .rodata        0x0003f6dc       0x42 ./FreeRTOS_Source/portable/GCC/ARM_CM3/port.o
 *fill*         0x0003f71e        0x2 
 .rodata        0x0003f720       0x35 ./FreeRTOS_Source/event_groups.o
 *fill*         0x0003f755        0x3 
 .rodata        0x0003f758       0x2e ./FreeRTOS_Source/queue.o
 *fill*         0x0003f786        0x2 
 .rodata        0x0003f788       0x36 ./FreeRTOS_Source/stream_buffer.o
 *fill*         0x0003f7be        0x2 
 .rodata        0x0003f7c0       0x47 ./FreeRTOS_Source/tasks.o
 *fill*         0x0003f807        0x1 
 .rodata        0x0003f808       0x3d ./FreeRTOS_Source/timers.o
 *fill*         0x0003f845        0x3 
 .rodata        0x0003f848       0x2e ./main.o
 *fill*         0x0003f876        0x2 
 .rodata.IntDefaultHandler.str1.4
                0x0003f878        0xd ./startup.o
 *fill*         0x0003f885        0x3 
 .rodata.g_pulPriority
                0x0003f888       0x20 C:\FreeRTOSv202212.01\FreeRTOS\Demo\Common\drivers\LuminaryMicro/arm-none-eabi-gcc/\libdriver.a(interrupt.o)
 .rodata.g_pulRegs
                0x0003f8a8       0x40 C:\FreeRTOSv202212.01\FreeRTOS\Demo\Common\drivers\LuminaryMicro/arm-none-eabi-gcc/\libdriver.a(interrupt.o)
 .rodata.g_pulDCRegs
                0x0003f8e8       0x10 C:\FreeRTOSv202212.01\FreeRTOS\Demo\Common\drivers\LuminaryMicro/arm-none-eabi-gcc/\libdriver.a(sysctl.o)
 .rodata.g_pulXtals
                0x0003f8f8       0x5c C:\FreeRTOSv202212.01\FreeRTOS\Demo\Common\drivers\LuminaryMicro/arm-none-eabi-gcc/\libdriver.a(sysctl.o)
 .rodata.g_pulDCGCRegs
                0x0003f954        0xc C:\FreeRTOSv202212.01\FreeRTOS\Demo\Common\drivers\LuminaryMicro/arm-none-eabi-gcc/\libdriver.a(sysctl.o)
 .rodata.g_pulRCGCRegs
                0x0003f960        0xc C:\FreeRTOSv202212.01\FreeRTOS\Demo\Common\drivers\LuminaryMicro/arm-none-eabi-gcc/\libdriver.a(sysctl.o)
 .rodata.g_pulSCGCRegs
                0x0003f96c        0xc C:\FreeRTOSv202212.01\FreeRTOS\Demo\Common\drivers\LuminaryMicro/arm-none-eabi-gcc/\libdriver.a(sysctl.o)
 .rodata.g_pulSRCRRegs
                0x0003f978        0xc C:\FreeRTOSv202212.01\FreeRTOS\Demo\Common\drivers\LuminaryMicro/arm-none-eabi-gcc/\libdriver.a(sysctl.o)
 .rodata._ctype_
                0x0003f984      0x101 c:/program files (x86)/gnu arm embedded toolchain/10 2021.10/bin/../lib/gcc/arm-none-eabi/10.3.1/../../../../arm-none-eabi/lib/thumb/v7-m/nofp\libg_nano.a(lib_a-ctype_.o)
                0x0003f984                _ctype_
 *fill*         0x0003fa85        0x3 
 .rodata._global_impure_ptr
                0x0003fa88        0x4 c:/program files (x86)/gnu arm embedded toolchain/10 2021.10/bin/../lib/gcc/arm-none-eabi/10.3.1/../../../../arm-none-eabi/lib/thumb/v7-m/nofp\libg_nano.a(lib_a-impure.o)
                0x0003fa88                _global_impure_ptr
 .rodata._svfprintf_r.str1.1
                0x0003fa8c       0x11 c:/program files (x86)/gnu arm embedded toolchain/10 2021.10/bin/../lib/gcc/arm-none-eabi/10.3.1/../../../../arm-none-eabi/lib/thumb/v7-m/nofp\libg_nano.a(lib_a-nano-svfprintf.o)
 .rodata._printf_i.str1.1
                0x0003fa9d       0x22 c:/program files (x86)/gnu arm embedded toolchain/10 2021.10/bin/../lib/gcc/arm-none-eabi/10.3.1/../../../../arm-none-eabi/lib/thumb/v7-m/nofp\libg_nano.a(lib_a-nano-vfprintf_i.o)
                0x0003fabf                _etext = .

.glue_7         0x0003fac0        0x0
 .glue_7        0x0003fac0        0x0 linker stubs

.glue_7t        0x0003fac0        0x0
 .glue_7t       0x0003fac0        0x0 linker stubs

.vfp11_veneer   0x0003fac0        0x0
 .vfp11_veneer  0x0003fac0        0x0 linker stubs

.v4_bx          0x0003fac0        0x0
 .v4_bx         0x0003fac0        0x0 linker stubs

.iplt           0x0003fac0        0x0
 .iplt          0x0003fac0        0x0 ./LocalDemoFiles/display.o

.rel.dyn        0x0003fac0        0x0
 .rel.iplt      0x0003fac0        0x0 ./LocalDemoFiles/display.o

.data           0x20000000      0x43c load address 0x0003fabf
                0x20000000                _data = .
 *(vtable)
 vtable         0x20000000      0x100 C:\FreeRTOSv202212.01\FreeRTOS\Demo\Common\drivers\LuminaryMicro/arm-none-eabi-gcc/\libdriver.a(interrupt.o)
 *(.data*)
 .data          0x20000100        0x0 ./LocalDemoFiles/display.o
 .data.totalVideoFrames
                0x20000100        0x4 ./LocalDemoFiles/display.o
 .data          0x20000104        0x0 ./LocalDemoFiles/func.o
 .data.totalVideoFrames
                0x20000104        0x4 ./LocalDemoFiles/func.o
 .data          0x20000108        0x0 ./LocalDemoFiles/globals.o
 .data.totalVideoFrames
                0x20000108        0x4 ./LocalDemoFiles/globals.o
 .data.serialBuffer
                0x2000010c       0xa9 ./LocalDemoFiles/globals.o
                0x2000010c                serialBuffer
 .data.flash_cursor
                0x200001b5        0x1 ./LocalDemoFiles/globals.o
                0x200001b5                flash_cursor
 .data.numberOfMenuStates
                0x200001b6        0x1 ./LocalDemoFiles/globals.o
                0x200001b6                numberOfMenuStates
 *fill*         0x200001b7        0x1 
 .data.snake    0x200001b8      0x208 ./LocalDemoFiles/globals.o
                0x200001b8                snake