Archive member included to satisfy reference by file (symbol)

C:\FreeRTOSv202212.01\FreeRTOS\Demo\Common\drivers\LuminaryMicro/arm-none-eabi-gcc/\libdriver.a(gpio.o)
                              ./LocalDemoFiles/osram128x64x4.o (GPIODirModeSet)
C:\FreeRTOSv202212.01\FreeRTOS\Demo\Common\drivers\LuminaryMicro/arm-none-eabi-gcc/\libdriver.a(interrupt.o)
                              C:\FreeRTOSv202212.01\FreeRTOS\Demo\Common\drivers\LuminaryMicro/arm-none-eabi-gcc/\libdriver.a(gpio.o) (IntRegister)
C:\FreeRTOSv202212.01\FreeRTOS\Demo\Common\drivers\LuminaryMicro/arm-none-eabi-gcc/\libdriver.a(ssi.o)
                              ./LocalDemoFiles/osram128x64x4.o (SSIConfigSetExpClk)
C:\FreeRTOSv202212.01\FreeRTOS\Demo\Common\drivers\LuminaryMicro/arm-none-eabi-gcc/\libdriver.a(sysctl.o)
                              ./LocalDemoFiles/osram128x64x4.o (SysCtlPeripheralEnable)
C:\FreeRTOSv202212.01\FreeRTOS\Demo\Common\drivers\LuminaryMicro/arm-none-eabi-gcc/\libdriver.a(cpu.o)
                              C:\FreeRTOSv202212.01\FreeRTOS\Demo\Common\drivers\LuminaryMicro/arm-none-eabi-gcc/\libdriver.a(interrupt.o) (CPUcpsid)
c:/program files (x86)/gnu arm embedded toolchain/10 2021.10/bin/../lib/gcc/arm-none-eabi/10.3.1/../../../../arm-none-eabi/lib/thumb/v7-m/nofp\libg_nano.a(lib_a-memcpy-stub.o)
                              ./FreeRTOS_Source/queue.o (memcpy)
c:/program files (x86)/gnu arm embedded toolchain/10 2021.10/bin/../lib/gcc/arm-none-eabi/10.3.1/../../../../arm-none-eabi/lib/thumb/v7-m/nofp\libg_nano.a(lib_a-memset.o)
                              ./FreeRTOS_Source/portable/MemMang/heap_4.o (memset)
c:/program files (x86)/gnu arm embedded toolchain/10 2021.10/bin/../lib/gcc/arm-none-eabi/10.3.1/../../../../arm-none-eabi/lib/thumb/v7-m/nofp\libg_nano.a(lib_a-sprintf.o)
                              ./FreeRTOS_Source/tasks.o (sprintf)
c:/program files (x86)/gnu arm embedded toolchain/10 2021.10/bin/../lib/gcc/arm-none-eabi/10.3.1/../../../../arm-none-eabi/lib/thumb/v7-m/nofp\libg_nano.a(lib_a-strcpy.o)
                              ./FreeRTOS_Source/tasks.o (strcpy)
c:/program files (x86)/gnu arm embedded toolchain/10 2021.10/bin/../lib/gcc/arm-none-eabi/10.3.1/../../../../arm-none-eabi/lib/thumb/v7-m/nofp\libg_nano.a(lib_a-strlen.o)
                              ./FreeRTOS_Source/tasks.o (strlen)
c:/program files (x86)/gnu arm embedded toolchain/10 2021.10/bin/../lib/gcc/arm-none-eabi/10.3.1/../../../../arm-none-eabi/lib/thumb/v7-m/nofp\libg_nano.a(lib_a-strncpy.o)
                              ./LegacyDrivers/ustdlib.o (strncpy)
c:/program files (x86)/gnu arm embedded toolchain/10 2021.10/bin/../lib/gcc/arm-none-eabi/10.3.1/../../../../arm-none-eabi/lib/thumb/v7-m/nofp\libg_nano.a(lib_a-impure.o)
                              c:/program files (x86)/gnu arm embedded toolchain/10 2021.10/bin/../lib/gcc/arm-none-eabi/10.3.1/../../../../arm-none-eabi/lib/thumb/v7-m/nofp\libg_nano.a(lib_a-sprintf.o) (_impure_ptr)
c:/program files (x86)/gnu arm embedded toolchain/10 2021.10/bin/../lib/gcc/arm-none-eabi/10.3.1/../../../../arm-none-eabi/lib/thumb/v7-m/nofp\libg_nano.a(lib_a-nano-svfprintf.o)
                              c:/program files (x86)/gnu arm embedded toolchain/10 2021.10/bin/../lib/gcc/arm-none-eabi/10.3.1/../../../../arm-none-eabi/lib/thumb/v7-m/nofp\libg_nano.a(lib_a-sprintf.o) (_svfprintf_r)
c:/program files (x86)/gnu arm embedded toolchain/10 2021.10/bin/../lib/gcc/arm-none-eabi/10.3.1/../../../../arm-none-eabi/lib/thumb/v7-m/nofp\libg_nano.a(lib_a-nano-vfprintf_i.o)
                              c:/program files (x86)/gnu arm embedded toolchain/10 2021.10/bin/../lib/gcc/arm-none-eabi/10.3.1/../../../../arm-none-eabi/lib/thumb/v7-m/nofp\libg_nano.a(lib_a-nano-svfprintf.o) (_printf_i)
c:/program files (x86)/gnu arm embedded toolchain/10 2021.10/bin/../lib/gcc/arm-none-eabi/10.3.1/../../../../arm-none-eabi/lib/thumb/v7-m/nofp\libg_nano.a(lib_a-memchr-stub.o)
                              c:/program files (x86)/gnu arm embedded toolchain/10 2021.10/bin/../lib/gcc/arm-none-eabi/10.3.1/../../../../arm-none-eabi/lib/thumb/v7-m/nofp\libg_nano.a(lib_a-nano-svfprintf.o) (memchr)
c:/program files (x86)/gnu arm embedded toolchain/10 2021.10/bin/../lib/gcc/arm-none-eabi/10.3.1/../../../../arm-none-eabi/lib/thumb/v7-m/nofp\libg_nano.a(lib_a-memmove.o)
                              c:/program files (x86)/gnu arm embedded toolchain/10 2021.10/bin/../lib/gcc/arm-none-eabi/10.3.1/../../../../arm-none-eabi/lib/thumb/v7-m/nofp\libg_nano.a(lib_a-nano-svfprintf.o) (memmove)
c:/program files (x86)/gnu arm embedded toolchain/10 2021.10/bin/../lib/gcc/arm-none-eabi/10.3.1/../../../../arm-none-eabi/lib/thumb/v7-m/nofp\libg_nano.a(lib_a-nano-freer.o)
                              c:/program files (x86)/gnu arm embedded toolchain/10 2021.10/bin/../lib/gcc/arm-none-eabi/10.3.1/../../../../arm-none-eabi/lib/thumb/v7-m/nofp\libg_nano.a(lib_a-nano-svfprintf.o) (_free_r)
[...]
Memory Configuration

Name             Origin             Length             Attributes
FLASH            0x00000000         0x00040000         xr
SRAM             0x20000000         0x00010000         xrw
*default*        0x00000000         0xffffffff

Linker script and memory map

LOAD ./LocalDemoFiles/osram128x64x4.o
LOAD ./LegacyDrivers/ustdlib.o
LOAD ./FreeRTOS_Source/portable/MemMang/heap_4.o
LOAD ./FreeRTOS_Source/portable/GCC/ARM_CM3/port.o
LOAD ./FreeRTOS_Source/croutine.o
LOAD ./FreeRTOS_Source/event_groups.o
LOAD ./FreeRTOS_Source/list.o
LOAD ./FreeRTOS_Source/queue.o
LOAD ./FreeRTOS_Source/stream_buffer.o
LOAD ./FreeRTOS_Source/tasks.o
LOAD ./FreeRTOS_Source/timers.o
LOAD ./main.o
LOAD ./startup.o
LOAD C:\FreeRTOSv202212.01\FreeRTOS\Demo\Common\drivers\LuminaryMicro/arm-none-eabi-gcc/\libdriver.a
LOAD C:\FreeRTOSv202212.01\FreeRTOS\Demo\Common\drivers\LuminaryMicro/arm-none-eabi-gcc/\libgr.a
START GROUP
LOAD c:/program files (x86)/gnu arm embedded toolchain/10 2021.10/bin/../lib/gcc/arm-none-eabi/10.3.1/thumb/v7-m/nofp\libgcc.a
LOAD c:/program files (x86)/gnu arm embedded toolchain/10 2021.10/bin/../lib/gcc/arm-none-eabi/10.3.1/../../../../arm-none-eabi/lib/thumb/v7-m/nofp\libg_nano.a
LOAD c:/program files (x86)/gnu arm embedded toolchain/10 2021.10/bin/../lib/gcc/arm-none-eabi/10.3.1/../../../../arm-none-eabi/lib/thumb/v7-m/nofp\libc_nano.a
END GROUP
START GROUP
LOAD c:/program files (x86)/gnu arm embedded toolchain/10 2021.10/bin/../lib/gcc/arm-none-eabi/10.3.1/thumb/v7-m/nofp\libgcc.a
LOAD c:/program files (x86)/gnu arm embedded toolchain/10 2021.10/bin/../lib/gcc/arm-none-eabi/10.3.1/../../../../arm-none-eabi/lib/thumb/v7-m/nofp\libc_nano.a
END GROUP

.text           0x00000000     0x9c17
 *(.isr_vector)
 .isr_vector    0x00000000       0xf0 ./startup.o
                0x00000000                g_pfnVectors
 *(.text*)
 .text          0x000000f0        0x0 ./LocalDemoFiles/osram128x64x4.o
 .text.OSRAMWriteCommand
                0x000000f0       0x60 ./LocalDemoFiles/osram128x64x4.o
 .text.OSRAMWriteData
                0x00000150       0x60 ./LocalDemoFiles/osram128x64x4.o
 .text.OSRAM128x64x4Clear
                0x000001b0       0x64 ./LocalDemoFiles/osram128x64x4.o
                0x000001b0                OSRAM128x64x4Clear
 .text.OSRAM128x64x4StringDraw
                0x00000214      0x1c8 ./LocalDemoFiles/osram128x64x4.o
                0x00000214                OSRAM128x64x4StringDraw
 .text.OSRAM128x64x4ImageDraw
                0x000003dc      0x118 ./LocalDemoFiles/osram128x64x4.o
                0x000003dc                OSRAM128x64x4ImageDraw
 .text.OSRAM128x64x4PixelDraw
                0x000004f4       0xc8 ./LocalDemoFiles/osram128x64x4.o
                0x000004f4                OSRAM128x64x4PixelDraw
 .text.OSRAM128x64x4RectangleDraw
                0x000005bc      0x19c ./LocalDemoFiles/osram128x64x4.o
                0x000005bc                OSRAM128x64x4RectangleDraw
 .text.OSRAM128x64x4Enable
                0x00000758       0x70 ./LocalDemoFiles/osram128x64x4.o
                0x00000758                OSRAM128x64x4Enable
 .text.OSRAM128x64x4Disable
                0x000007c8       0x5c ./LocalDemoFiles/osram128x64x4.o
                0x000007c8                OSRAM128x64x4Disable
 .text.OSRAM128x64x4Init
                0x00000824       0xd8 ./LocalDemoFiles/osram128x64x4.o
                0x00000824                OSRAM128x64x4Init
 .text.OSRAM128x64x4DisplayOn
                0x000008fc       0x4c ./LocalDemoFiles/osram128x64x4.o
                0x000008fc                OSRAM128x64x4DisplayOn
 .text.OSRAM128x64x4DisplayOff
                0x00000948       0x14 ./LocalDemoFiles/osram128x64x4.o
                0x00000948                OSRAM128x64x4DisplayOff
 .text.OSRAM128x64x4SwapBuffer
                0x0000095c       0x4c ./LocalDemoFiles/osram128x64x4.o
                0x0000095c                OSRAM128x64x4SwapBuffer
 .text          0x000009a8        0x0 ./LegacyDrivers/ustdlib.o
 .text.uvsnprintf
                0x000009a8      0x3d0 ./LegacyDrivers/ustdlib.o
                0x000009a8                uvsnprintf
 .text.usprintf
                0x00000d78       0x30 ./LegacyDrivers/ustdlib.o
                0x00000d78                usprintf
 .text.usnprintf
                0x00000da8       0x30 ./LegacyDrivers/ustdlib.o
                0x00000da8                usnprintf
 .text          0x00000dd8        0x0 ./FreeRTOS_Source/portable/MemMang/heap_4.o
 .text.pvPortMalloc
                0x00000dd8      0x15c ./FreeRTOS_Source/portable/MemMang/heap_4.o
                0x00000dd8                pvPortMalloc
 .text.vPortFree
                0x00000f34       0xa4 ./FreeRTOS_Source/portable/MemMang/heap_4.o
                0x00000f34                vPortFree
 .text.xPortGetFreeHeapSize
                0x00000fd8       0x14 ./FreeRTOS_Source/portable/MemMang/heap_4.o
                0x00000fd8                xPortGetFreeHeapSize
 .text.xPortGetMinimumEverFreeHeapSize
                0x00000fec       0x14 ./FreeRTOS_Source/portable/MemMang/heap_4.o
                0x00000fec                xPortGetMinimumEverFreeHeapSize
 .text.vPortInitialiseBlocks
                0x00001000        0xc ./FreeRTOS_Source/portable/MemMang/heap_4.o
                0x00001000                vPortInitialiseBlocks
 .text.pvPortCalloc
                0x0000100c       0x60 ./FreeRTOS_Source/portable/MemMang/heap_4.o
                0x0000100c                pvPortCalloc
 .text.prvHeapInit
                0x0000106c       0xb8 ./FreeRTOS_Source/portable/MemMang/heap_4.o
 .text.prvInsertBlockIntoFreeList
                0x00001124       0xb0 ./FreeRTOS_Source/portable/MemMang/heap_4.o
 .text.vPortGetHeapStats
                0x000011d4       0xbc ./FreeRTOS_Source/portable/MemMang/heap_4.o
                0x000011d4                vPortGetHeapStats
 .text          0x00001290        0x0 ./FreeRTOS_Source/portable/GCC/ARM_CM3/port.o
 .text.pxPortInitialiseStack
                0x00001290       0x58 ./FreeRTOS_Source/portable/GCC/ARM_CM3/port.o
                0x00001290                pxPortInitialiseStack
 .text.prvTaskExitError
                0x000012e8       0x4c ./FreeRTOS_Source/portable/GCC/ARM_CM3/port.o
 *fill*         0x00001334        0xc 
 .text.vPortSVCHandler
                0x00001340       0x28 ./FreeRTOS_Source/portable/GCC/ARM_CM3/port.o
                0x00001340                vPortSVCHandler
 .text.prvPortStartFirstTask
                0x00001368       0x24 ./FreeRTOS_Source/portable/GCC/ARM_CM3/port.o
 .text.xPortStartScheduler
                0x0000138c       0xc0 ./FreeRTOS_Source/portable/GCC/ARM_CM3/port.o
                0x0000138c                xPortStartScheduler
 .text.vPortEndScheduler
                0x0000144c       0x24 ./FreeRTOS_Source/portable/GCC/ARM_CM3/port.o
                0x0000144c                vPortEndScheduler
 .text.vPortEnterCritical
                0x00001470       0x54 ./FreeRTOS_Source/portable/GCC/ARM_CM3/port.o
                0x00001470                vPortEnterCritical
 .text.vPortExitCritical
                0x000014c4       0x48 ./FreeRTOS_Source/portable/GCC/ARM_CM3/port.o
                0x000014c4                vPortExitCritical
 *fill*         0x0000150c        0x4 
 .text.xPortPendSVHandler
                0x00001510       0x48 ./FreeRTOS_Source/portable/GCC/ARM_CM3/port.o
                0x00001510                xPortPendSVHandler
 .text.xPortSysTickHandler
                0x00001558       0x44 ./FreeRTOS_Source/portable/GCC/ARM_CM3/port.o
                0x00001558                xPortSysTickHandler
 .text.vPortSetupTimerInterrupt
                0x0000159c       0x34 ./FreeRTOS_Source/portable/GCC/ARM_CM3/port.o
                0x0000159c                vPortSetupTimerInterrupt
 .text.vPortValidateInterruptPriority
                0x000015d0       0x68 ./FreeRTOS_Source/portable/GCC/ARM_CM3/port.o
                0x000015d0                vPortValidateInterruptPriority
 .text          0x00001638        0x0 ./FreeRTOS_Source/croutine.o
 .text          0x00001638        0x0 ./FreeRTOS_Source/event_groups.o
 .text.xEventGroupCreateStatic
                0x00001638       0x58 ./FreeRTOS_Source/event_groups.o
                0x00001638                xEventGroupCreateStatic
 .text.xEventGroupCreate
                0x00001690       0x34 ./FreeRTOS_Source/event_groups.o
                0x00001690                xEventGroupCreate
 .text.xEventGroupSync
                0x000016c4      0x138 ./FreeRTOS_Source/event_groups.o
                0x000016c4                xEventGroupSync
 .text.xEventGroupWaitBits
                0x000017fc      0x170 ./FreeRTOS_Source/event_groups.o
                0x000017fc                xEventGroupWaitBits
 .text.xEventGroupClearBits
                0x0000196c       0x5c ./FreeRTOS_Source/event_groups.o
                0x0000196c                xEventGroupClearBits
 .text.xEventGroupClearBitsFromISR
                0x000019c8       0x28 ./FreeRTOS_Source/event_groups.o
                0x000019c8                xEventGroupClearBitsFromISR
 .text.xEventGroupGetBitsFromISR
                0x000019f0       0x46 ./FreeRTOS_Source/event_groups.o
                0x000019f0                xEventGroupGetBitsFromISR
 *fill*         0x00001a36        0x2 
 .text.xEventGroupSetBits
                0x00001a38      0x104 ./FreeRTOS_Source/event_groups.o
                0x00001a38                xEventGroupSetBits
 .text.vEventGroupDelete
                0x00001b3c       0x74 ./FreeRTOS_Source/event_groups.o
                0x00001b3c                vEventGroupDelete
 .text.vEventGroupSetBitsCallback
                0x00001bb0       0x1a ./FreeRTOS_Source/event_groups.o
                0x00001bb0                vEventGroupSetBitsCallback
 .text.vEventGroupClearBitsCallback
                0x00001bca       0x1a ./FreeRTOS_Source/event_groups.o
                0x00001bca                vEventGroupClearBitsCallback
 .text.prvTestWaitCondition
                0x00001be4       0x42 ./FreeRTOS_Source/event_groups.o
 *fill*         0x00001c26        0x2 
 .text.xEventGroupSetBitsFromISR
                0x00001c28       0x28 ./FreeRTOS_Source/event_groups.o
                0x00001c28                xEventGroupSetBitsFromISR
 .text.uxEventGroupGetNumber
                0x00001c50       0x2a ./FreeRTOS_Source/event_groups.o
                0x00001c50                uxEventGroupGetNumber
 .text.vEventGroupSetNumber
                0x00001c7a       0x1a ./FreeRTOS_Source/event_groups.o
                0x00001c7a                vEventGroupSetNumber
 .text          0x00001c94        0x0 ./FreeRTOS_Source/list.o
 .text.vListInitialise
                0x00001c94       0x3e ./FreeRTOS_Source/list.o
                0x00001c94                vListInitialise
 .text.vListInitialiseItem
                0x00001cd2       0x18 ./FreeRTOS_Source/list.o
                0x00001cd2                vListInitialiseItem
 .text.vListInsertEnd
                0x00001cea       0x46 ./FreeRTOS_Source/list.o
                0x00001cea                vListInsertEnd
 .text.vListInsert
                0x00001d30       0x70 ./FreeRTOS_Source/list.o
                0x00001d30                vListInsert
 .text.uxListRemove
                0x00001da0       0x52 ./FreeRTOS_Source/list.o
                0x00001da0                uxListRemove
 .text          0x00001df2        0x0 ./FreeRTOS_Source/queue.o
 *fill*         0x00001df2        0x2 
 .text.xQueueGenericReset
                0x00001df4      0x10c ./FreeRTOS_Source/queue.o
                0x00001df4                xQueueGenericReset
 .text.xQueueGenericCreateStatic
                0x00001f00       0x9c ./FreeRTOS_Source/queue.o
                0x00001f00                xQueueGenericCreateStatic
 .text.xQueueGenericCreate
                0x00001f9c       0x9c ./FreeRTOS_Source/queue.o
                0x00001f9c                xQueueGenericCreate
 .text.prvInitialiseNewQueue
                0x00002038       0x4c ./FreeRTOS_Source/queue.o
 .text.prvInitialiseMutex
                0x00002084       0x34 ./FreeRTOS_Source/queue.o
 .text.xQueueCreateMutex
                0x000020b8       0x30 ./FreeRTOS_Source/queue.o
                0x000020b8                xQueueCreateMutex
 .text.xQueueCreateMutexStatic
                0x000020e8       0x36 ./FreeRTOS_Source/queue.o
                0x000020e8                xQueueCreateMutexStatic
 *fill*         0x0000211e        0x2 
 .text.xQueueGetMutexHolder
                0x00002120       0x48 ./FreeRTOS_Source/queue.o
                0x00002120                xQueueGetMutexHolder
 .text.xQueueGetMutexHolderFromISR
                0x00002168       0x3c ./FreeRTOS_Source/queue.o
                0x00002168                xQueueGetMutexHolderFromISR
 .text.xQueueGiveMutexRecursive
                0x000021a4       0x60 ./FreeRTOS_Source/queue.o
                0x000021a4                xQueueGiveMutexRecursive
 .text.xQueueTakeMutexRecursive
                0x00002204       0x64 ./FreeRTOS_Source/queue.o
                0x00002204                xQueueTakeMutexRecursive
 .text.xQueueCreateCountingSemaphoreStatic
                0x00002268       0x5c ./FreeRTOS_Source/queue.o
                0x00002268                xQueueCreateCountingSemaphoreStatic
 .text.xQueueCreateCountingSemaphore
                0x000022c4       0x54 ./FreeRTOS_Source/queue.o
                0x000022c4                xQueueCreateCountingSemaphore
 .text.xQueueGenericSend
                0x00002318      0x208 ./FreeRTOS_Source/queue.o
                0x00002318                xQueueGenericSend
 .text.xQueueGenericSendFromISR
                0x00002520      0x168 ./FreeRTOS_Source/queue.o
                0x00002520                xQueueGenericSendFromISR
 .text.xQueueGiveFromISR
                0x00002688      0x13c ./FreeRTOS_Source/queue.o
                0x00002688                xQueueGiveFromISR
 .text.xQueueReceive
                0x000027c4      0x1a0 ./FreeRTOS_Source/queue.o
                0x000027c4                xQueueReceive
 .text.xQueueSemaphoreTake
                0x00002964      0x1dc ./FreeRTOS_Source/queue.o
                0x00002964                xQueueSemaphoreTake
 .text.xQueuePeek
                0x00002b40      0x1a4 ./FreeRTOS_Source/queue.o
                0x00002b40                xQueuePeek
 .text.xQueueReceiveFromISR
                0x00002ce4      0x110 ./FreeRTOS_Source/queue.o
                0x00002ce4                xQueueReceiveFromISR
 .text.xQueuePeekFromISR
                0x00002df4       0xb4 ./FreeRTOS_Source/queue.o
                0x00002df4                xQueuePeekFromISR
 .text.uxQueueMessagesWaiting
                0x00002ea8       0x34 ./FreeRTOS_Source/queue.o
                0x00002ea8                uxQueueMessagesWaiting
 .text.uxQueueSpacesAvailable
                0x00002edc       0x40 ./FreeRTOS_Source/queue.o
                0x00002edc                uxQueueSpacesAvailable
 .text.uxQueueMessagesWaitingFromISR
                0x00002f1c       0x30 ./FreeRTOS_Source/queue.o
                0x00002f1c                uxQueueMessagesWaitingFromISR
 .text.vQueueDelete
                0x00002f4c       0x40 ./FreeRTOS_Source/queue.o
                0x00002f4c                vQueueDelete
 .text.uxQueueGetQueueNumber
                0x00002f8c       0x16 ./FreeRTOS_Source/queue.o
                0x00002f8c                uxQueueGetQueueNumber
 .text.vQueueSetQueueNumber
                0x00002fa2       0x1a ./FreeRTOS_Source/queue.o
                0x00002fa2                vQueueSetQueueNumber
 .text.ucQueueGetQueueType
                0x00002fbc       0x18 ./FreeRTOS_Source/queue.o
                0x00002fbc                ucQueueGetQueueType
 .text.prvGetDisinheritPriorityAfterTimeout
                0x00002fd4       0x2e ./FreeRTOS_Source/queue.o
 .text.prvCopyDataToQueue
                0x00003002       0xd4 ./FreeRTOS_Source/queue.o
 .text.prvCopyDataFromQueue
                0x000030d6       0x4c ./FreeRTOS_Source/queue.o
 .text.prvUnlockQueue
                0x00003122       0xbe ./FreeRTOS_Source/queue.o
 .text.prvIsQueueEmpty
                0x000031e0       0x2c ./FreeRTOS_Source/queue.o
 .text.xQueueIsQueueEmptyFromISR
                0x0000320c       0x3c ./FreeRTOS_Source/queue.o
                0x0000320c                xQueueIsQueueEmptyFromISR
 .text.prvIsQueueFull
                0x00003248       0x30 ./FreeRTOS_Source/queue.o
 .text.xQueueIsQueueFullFromISR
                0x00003278       0x40 ./FreeRTOS_Source/queue.o
                0x00003278                xQueueIsQueueFullFromISR
 .text.vQueueAddToRegistry
                0x000032b8       0x90 ./FreeRTOS_Source/queue.o
                0x000032b8                vQueueAddToRegistry
 .text.pcQueueGetName
                0x00003348       0x5c ./FreeRTOS_Source/queue.o
                0x00003348                pcQueueGetName
 .text.vQueueUnregisterQueue
                0x000033a4       0x64 ./FreeRTOS_Source/queue.o
                0x000033a4                vQueueUnregisterQueue
 .text.vQueueWaitForMessageRestricted
                0x00003408       0x68 ./FreeRTOS_Source/queue.o
                0x00003408                vQueueWaitForMessageRestricted
 .text.xQueueCreateSet
                0x00003470       0x1e ./FreeRTOS_Source/queue.o
                0x00003470                xQueueCreateSet
 .text.xQueueAddToSet
                0x0000348e       0x42 ./FreeRTOS_Source/queue.o
                0x0000348e                xQueueAddToSet
 .text.xQueueRemoveFromSet
                0x000034d0       0x48 ./FreeRTOS_Source/queue.o
                0x000034d0                xQueueRemoveFromSet
 .text.xQueueSelectFromSet
                0x00003518       0x26 ./FreeRTOS_Source/queue.o
                0x00003518                xQueueSelectFromSet
 .text.xQueueSelectFromSetFromISR
                0x0000353e       0x24 ./FreeRTOS_Source/queue.o
                0x0000353e                xQueueSelectFromSetFromISR
 *fill*         0x00003562        0x2 
 .text.prvNotifyQueueSetContainer
                0x00003564       0xc0 ./FreeRTOS_Source/queue.o
 .text          0x00003624        0x0 ./FreeRTOS_Source/stream_buffer.o
 .text.xStreamBufferGenericCreate
                0x00003624       0xac ./FreeRTOS_Source/stream_buffer.o
                0x00003624                xStreamBufferGenericCreate
 .text.xStreamBufferGenericCreateStatic
                0x000036d0       0xcc ./FreeRTOS_Source/stream_buffer.o
                0x000036d0                xStreamBufferGenericCreateStatic
 .text.vStreamBufferDelete
                0x0000379c       0x48 ./FreeRTOS_Source/stream_buffer.o
                0x0000379c                vStreamBufferDelete
 .text.xStreamBufferReset
                0x000037e4       0x84 ./FreeRTOS_Source/stream_buffer.o
                0x000037e4                xStreamBufferReset
 .text.xStreamBufferSetTriggerLevel
                0x00003868       0x50 ./FreeRTOS_Source/stream_buffer.o
                0x00003868                xStreamBufferSetTriggerLevel
 .text.xStreamBufferSpacesAvailable
                0x000038b8       0x6c ./FreeRTOS_Source/stream_buffer.o
                0x000038b8                xStreamBufferSpacesAvailable
 .text.xStreamBufferBytesAvailable
                0x00003924       0x34 ./FreeRTOS_Source/stream_buffer.o
                0x00003924                xStreamBufferBytesAvailable
 .text.xStreamBufferSend
                0x00003958      0x170 ./FreeRTOS_Source/stream_buffer.o
                0x00003958                xStreamBufferSend
 .text.xStreamBufferSendFromISR
                0x00003ac8       0xd4 ./FreeRTOS_Source/stream_buffer.o
                0x00003ac8                xStreamBufferSendFromISR
 .text.prvWriteMessageToBuffer
                0x00003b9c       0x88 ./FreeRTOS_Source/stream_buffer.o
 .text.xStreamBufferReceive
                0x00003c24      0x110 ./FreeRTOS_Source/stream_buffer.o
                0x00003c24                xStreamBufferReceive
 .text.xStreamBufferNextMessageLengthBytes
                0x00003d34       0x74 ./FreeRTOS_Source/stream_buffer.o
                0x00003d34                xStreamBufferNextMessageLengthBytes
 .text.xStreamBufferReceiveFromISR
                0x00003da8       0xcc ./FreeRTOS_Source/stream_buffer.o
                0x00003da8                xStreamBufferReceiveFromISR
 .text.prvReadMessageFromBuffer
                0x00003e74       0x7a ./FreeRTOS_Source/stream_buffer.o
 *fill*         0x00003eee        0x2 
 .text.xStreamBufferIsEmpty
                0x00003ef0       0x44 ./FreeRTOS_Source/stream_buffer.o
                0x00003ef0                xStreamBufferIsEmpty
 .text.xStreamBufferIsFull
                0x00003f34       0x58 ./FreeRTOS_Source/stream_buffer.o
                0x00003f34                xStreamBufferIsFull
 .text.xStreamBufferSendCompletedFromISR
                0x00003f8c       0x84 ./FreeRTOS_Source/stream_buffer.o
                0x00003f8c                xStreamBufferSendCompletedFromISR
 .text.xStreamBufferReceiveCompletedFromISR
                0x00004010       0x84 ./FreeRTOS_Source/stream_buffer.o
                0x00004010                xStreamBufferReceiveCompletedFromISR
 .text.prvWriteBytesToBuffer
                0x00004094       0xbc ./FreeRTOS_Source/stream_buffer.o
 .text.prvReadBytesFromBuffer
                0x00004150       0xb4 ./FreeRTOS_Source/stream_buffer.o
 .text.prvBytesInBuffer
                0x00004204       0x3e ./FreeRTOS_Source/stream_buffer.o
 *fill*         0x00004242        0x2 
 .text.prvInitialiseNewStreamBuffer
                0x00004244       0x60 ./FreeRTOS_Source/stream_buffer.o
 .text.uxStreamBufferGetStreamBufferNumber
                0x000042a4       0x16 ./FreeRTOS_Source/stream_buffer.o
                0x000042a4                uxStreamBufferGetStreamBufferNumber
 .text.vStreamBufferSetStreamBufferNumber
                0x000042ba       0x1a ./FreeRTOS_Source/stream_buffer.o
                0x000042ba                vStreamBufferSetStreamBufferNumber
 .text.ucStreamBufferGetStreamBufferType
                0x000042d4       0x1c ./FreeRTOS_Source/stream_buffer.o
                0x000042d4                ucStreamBufferGetStreamBufferType
 .text          0x000042f0        0x0 ./FreeRTOS_Source/tasks.o
 .text.xTaskCreateStatic
                0x000042f0       0xa4 ./FreeRTOS_Source/tasks.o
                0x000042f0                xTaskCreateStatic
 .text.xTaskCreate
                0x00004394       0x94 ./FreeRTOS_Source/tasks.o
                0x00004394                xTaskCreate
 .text.prvInitialiseNewTask
                0x00004428      0x10c ./FreeRTOS_Source/tasks.o
 .text.prvAddNewTaskToReadyList
                0x00004534      0x12c ./FreeRTOS_Source/tasks.o
 .text.vTaskDelete
                0x00004660      0x120 ./FreeRTOS_Source/tasks.o
                0x00004660                vTaskDelete
 .text.xTaskDelayUntil
                0x00004780       0xdc ./FreeRTOS_Source/tasks.o
                0x00004780                xTaskDelayUntil
 .text.vTaskDelay
                0x0000485c       0x60 ./FreeRTOS_Source/tasks.o
                0x0000485c                vTaskDelay
 .text.eTaskGetState
                0x000048bc       0xdc ./FreeRTOS_Source/tasks.o
                0x000048bc                eTaskGetState
 .text.uxTaskPriorityGet
                0x00004998       0x34 ./FreeRTOS_Source/tasks.o
                0x00004998                uxTaskPriorityGet
 .text.uxTaskPriorityGetFromISR
                0x000049cc       0x58 ./FreeRTOS_Source/tasks.o
                0x000049cc                uxTaskPriorityGetFromISR
 .text.vTaskPrioritySet
                0x00004a24      0x19c ./FreeRTOS_Source/tasks.o
                0x00004a24                vTaskPrioritySet
 .text.vTaskSuspend
                0x00004bc0      0x138 ./FreeRTOS_Source/tasks.o
                0x00004bc0                vTaskSuspend
 .text.prvTaskIsTaskSuspended
                0x00004cf8       0x58 ./FreeRTOS_Source/tasks.o
 .text.vTaskResume
                0x00004d50      0x104 ./FreeRTOS_Source/tasks.o
                0x00004d50                vTaskResume
 .text.xTaskResumeFromISR
                0x00004e54      0x134 ./FreeRTOS_Source/tasks.o
                0x00004e54                xTaskResumeFromISR
 .text.vTaskStartScheduler
                0x00004f88       0xd0 ./FreeRTOS_Source/tasks.o
                0x00004f88                vTaskStartScheduler
 .text.vTaskEndScheduler
                0x00005058       0x30 ./FreeRTOS_Source/tasks.o
                0x00005058                vTaskEndScheduler
 .text.vTaskSuspendAll
                0x00005088       0x1c ./FreeRTOS_Source/tasks.o
                0x00005088                vTaskSuspendAll
 .text.xTaskResumeAll
                0x000050a4      0x1f0 ./FreeRTOS_Source/tasks.o
                0x000050a4                xTaskResumeAll
 .text.xTaskGetTickCount
                0x00005294       0x1c ./FreeRTOS_Source/tasks.o
                0x00005294                xTaskGetTickCount
 .text.xTaskGetTickCountFromISR
                0x000052b0       0x24 ./FreeRTOS_Source/tasks.o
                0x000052b0                xTaskGetTickCountFromISR
 .text.uxTaskGetNumberOfTasks
                0x000052d4       0x14 ./FreeRTOS_Source/tasks.o
                0x000052d4                uxTaskGetNumberOfTasks
 .text.pcTaskGetName
                0x000052e8       0x3c ./FreeRTOS_Source/tasks.o
                0x000052e8                pcTaskGetName
 .text.uxTaskGetSystemState
                0x00005324      0x11c ./FreeRTOS_Source/tasks.o
                0x00005324                uxTaskGetSystemState
 .text.xTaskGetIdleTaskHandle
                0x00005440       0x28 ./FreeRTOS_Source/tasks.o
                0x00005440                xTaskGetIdleTaskHandle
 .text.xTaskCatchUpTicks
                0x00005468       0x50 ./FreeRTOS_Source/tasks.o
                0x00005468                xTaskCatchUpTicks
 .text.xTaskIncrementTick
                0x000054b8      0x234 ./FreeRTOS_Source/tasks.o
                0x000054b8                xTaskIncrementTick
 .text.vTaskSwitchContext
                0x000056ec       0xf8 ./FreeRTOS_Source/tasks.o
                0x000056ec                vTaskSwitchContext
 .text.vTaskPlaceOnEventList
                0x000057e4       0x40 ./FreeRTOS_Source/tasks.o
                0x000057e4                vTaskPlaceOnEventList
 .text.vTaskPlaceOnUnorderedEventList
                0x00005824       0x98 ./FreeRTOS_Source/tasks.o
                0x00005824                vTaskPlaceOnUnorderedEventList
 .text.vTaskPlaceOnEventListRestricted
                0x000058bc       0x84 ./FreeRTOS_Source/tasks.o
                0x000058bc                vTaskPlaceOnEventListRestricted
 .text.xTaskRemoveFromEventList
                0x00005940      0x1a0 ./FreeRTOS_Source/tasks.o
                0x00005940                xTaskRemoveFromEventList
 .text.vTaskRemoveFromUnorderedEventList
                0x00005ae0      0x168 ./FreeRTOS_Source/tasks.o
                0x00005ae0                vTaskRemoveFromUnorderedEventList
 .text.vTaskSetTimeOutState
                0x00005c48       0x44 ./FreeRTOS_Source/tasks.o
                0x00005c48                vTaskSetTimeOutState
 .text.vTaskInternalSetTimeOutState
                0x00005c8c       0x2c ./FreeRTOS_Source/tasks.o
                0x00005c8c                vTaskInternalSetTimeOutState
 .text.xTaskCheckForTimeOut
                0x00005cb8       0xb8 ./FreeRTOS_Source/tasks.o
                0x00005cb8                xTaskCheckForTimeOut
 .text.vTaskMissedYield
                0x00005d70       0x18 ./FreeRTOS_Source/tasks.o
                0x00005d70                vTaskMissedYield
 .text.uxTaskGetTaskNumber
                0x00005d88       0x2a ./FreeRTOS_Source/tasks.o
                0x00005d88                uxTaskGetTaskNumber
 .text.vTaskSetTaskNumber
                0x00005db2       0x24 ./FreeRTOS_Source/tasks.o
                0x00005db2                vTaskSetTaskNumber
 .text.prvIdleTask
                0x00005dd6        0xe ./FreeRTOS_Source/tasks.o
 .text.prvInitialiseTaskLists
                0x00005de4       0x80 ./FreeRTOS_Source/tasks.o
 .text.prvCheckTasksWaitingTermination
                0x00005e64       0x5c ./FreeRTOS_Source/tasks.o
 .text.vTaskGetInfo
                0x00005ec0       0xcc ./FreeRTOS_Source/tasks.o
                0x00005ec0                vTaskGetInfo
 .text.prvListTasksWithinSingleList
                0x00005f8c       0xa4 ./FreeRTOS_Source/tasks.o
 .text.prvTaskCheckFreeStackSpace
                0x00006030       0x36 ./FreeRTOS_Source/tasks.o
 *fill*         0x00006066        0x2 
 .text.uxTaskGetStackHighWaterMark
                0x00006068       0x38 ./FreeRTOS_Source/tasks.o
                0x00006068                uxTaskGetStackHighWaterMark
 .text.prvDeleteTCB
                0x000060a0       0x58 ./FreeRTOS_Source/tasks.o
 .text.prvResetNextTaskUnblockTime
                0x000060f8       0x34 ./FreeRTOS_Source/tasks.o
 .text.xTaskGetCurrentTaskHandle
                0x0000612c       0x1c ./FreeRTOS_Source/tasks.o
                0x0000612c                xTaskGetCurrentTaskHandle
 .text.xTaskGetSchedulerState
                0x00006148       0x3c ./FreeRTOS_Source/tasks.o
                0x00006148                xTaskGetSchedulerState
 .text.xTaskPriorityInherit
                0x00006184      0x13c ./FreeRTOS_Source/tasks.o
                0x00006184                xTaskPriorityInherit
 .text.xTaskPriorityDisinherit
                0x000062c0      0x130 ./FreeRTOS_Source/tasks.o
                0x000062c0                xTaskPriorityDisinherit
 .text.vTaskPriorityDisinheritAfterTimeout
                0x000063f0      0x15c ./FreeRTOS_Source/tasks.o
                0x000063f0                vTaskPriorityDisinheritAfterTimeout
 .text.prvWriteNameToBuffer
                0x0000654c       0x4a ./FreeRTOS_Source/tasks.o
 *fill*         0x00006596        0x2 
 .text.vTaskList
                0x00006598      0x130 ./FreeRTOS_Source/tasks.o
                0x00006598                vTaskList
 .text.uxTaskResetEventItemValue
                0x000066c8       0x30 ./FreeRTOS_Source/tasks.o
                0x000066c8                uxTaskResetEventItemValue
 .text.pvTaskIncrementMutexHeldCount
                0x000066f8       0x28 ./FreeRTOS_Source/tasks.o
                0x000066f8                pvTaskIncrementMutexHeldCount
 .text.ulTaskGenericNotifyTake
                0x00006720       0xc8 ./FreeRTOS_Source/tasks.o
                0x00006720                ulTaskGenericNotifyTake
 .text.xTaskGenericNotifyWait
                0x000067e8       0xf8 ./FreeRTOS_Source/tasks.o
                0x000067e8                xTaskGenericNotifyWait
 .text.xTaskGenericNotify
                0x000068e0      0x218 ./FreeRTOS_Source/tasks.o
                0x000068e0                xTaskGenericNotify
 .text.xTaskGenericNotifyFromISR
                0x00006af8      0x28c ./FreeRTOS_Source/tasks.o
                0x00006af8                xTaskGenericNotifyFromISR
 .text.vTaskGenericNotifyGiveFromISR
                0x00006d84      0x1ec ./FreeRTOS_Source/tasks.o
                0x00006d84                vTaskGenericNotifyGiveFromISR
 .text.xTaskGenericNotifyStateClear
                0x00006f70       0x6c ./FreeRTOS_Source/tasks.o
                0x00006f70                xTaskGenericNotifyStateClear
 .text.ulTaskGenericNotifyValueClear
                0x00006fdc       0x5c ./FreeRTOS_Source/tasks.o
                0x00006fdc                ulTaskGenericNotifyValueClear
 .text.prvAddCurrentTaskToDelayedList
                0x00007038      0x100 ./FreeRTOS_Source/tasks.o
 .text          0x00007138        0x0 ./FreeRTOS_Source/timers.o
 .text.xTimerCreateTimerTask
                0x00007138       0x88 ./FreeRTOS_Source/timers.o
                0x00007138                xTimerCreateTimerTask
 .text.xTimerCreate
                0x000071c0       0x42 ./FreeRTOS_Source/timers.o
                0x000071c0                xTimerCreate
 *fill*         0x00007202        0x2 
 .text.xTimerCreateStatic
                0x00007204       0x68 ./FreeRTOS_Source/timers.o
                0x00007204                xTimerCreateStatic
 .text.prvInitialiseNewTimer
                0x0000726c       0x68 ./FreeRTOS_Source/timers.o
 .text.xTimerGenericCommand
                0x000072d4       0x94 ./FreeRTOS_Source/timers.o
                0x000072d4                xTimerGenericCommand
 .text.xTimerGetTimerDaemonTaskHandle
                0x00007368       0x28 ./FreeRTOS_Source/timers.o
                0x00007368                xTimerGetTimerDaemonTaskHandle
 .text.xTimerGetPeriod
                0x00007390       0x2c ./FreeRTOS_Source/timers.o
                0x00007390                xTimerGetPeriod
 .text.vTimerSetReloadMode
                0x000073bc       0x60 ./FreeRTOS_Source/timers.o
                0x000073bc                vTimerSetReloadMode
 .text.xTimerGetReloadMode
                0x0000741c       0x4c ./FreeRTOS_Source/timers.o
                0x0000741c                xTimerGetReloadMode
 .text.uxTimerGetReloadMode
                0x00007468       0x18 ./FreeRTOS_Source/timers.o
                0x00007468                uxTimerGetReloadMode
 .text.xTimerGetExpiryTime
                0x00007480       0x30 ./FreeRTOS_Source/timers.o
                0x00007480                xTimerGetExpiryTime
 .text.pcTimerGetName
                0x000074b0       0x2c ./FreeRTOS_Source/timers.o
                0x000074b0                pcTimerGetName
 .text.prvReloadTimer
                0x000074dc       0x42 ./FreeRTOS_Source/timers.o
 *fill*         0x0000751e        0x2 
 .text.prvProcessExpiredTimer
                0x00007520       0x60 ./FreeRTOS_Source/timers.o
 .text.prvTimerTask
                0x00007580       0x24 ./FreeRTOS_Source/timers.o
 .text.prvProcessTimerOrBlockTask
                0x000075a4       0x9c ./FreeRTOS_Source/timers.o
 .text.prvGetNextExpireTime
                0x00007640       0x44 ./FreeRTOS_Source/timers.o
 .text.prvSampleTimeNow
                0x00007684       0x40 ./FreeRTOS_Source/timers.o
 .text.prvInsertTimerInActiveList
                0x000076c4       0x84 ./FreeRTOS_Source/timers.o
 .text.prvProcessReceivedCommands
                0x00007748      0x1a0 ./FreeRTOS_Source/timers.o
 .text.prvSwitchTimerLists
                0x000078e8       0x4c ./FreeRTOS_Source/timers.o
 .text.prvCheckForValidListAndQueue
                0x00007934       0x80 ./FreeRTOS_Source/timers.o
 .text.xTimerIsTimerActive
                0x000079b4       0x4c ./FreeRTOS_Source/timers.o
                0x000079b4                xTimerIsTimerActive
 .text.pvTimerGetTimerID
                0x00007a00       0x38 ./FreeRTOS_Source/timers.o
                0x00007a00                pvTimerGetTimerID
 .text.vTimerSetTimerID
                0x00007a38       0x38 ./FreeRTOS_Source/timers.o
                0x00007a38                vTimerSetTimerID
 .text.xTimerPendFunctionCallFromISR
                0x00007a70       0x40 ./FreeRTOS_Source/timers.o
                0x00007a70                xTimerPendFunctionCallFromISR
 .text.xTimerPendFunctionCall
                0x00007ab0       0x58 ./FreeRTOS_Source/timers.o
                0x00007ab0                xTimerPendFunctionCall
 .text.uxTimerGetTimerNumber
                0x00007b08       0x16 ./FreeRTOS_Source/timers.o
                0x00007b08                uxTimerGetTimerNumber
 .text.vTimerSetTimerNumber
                0x00007b1e       0x1a ./FreeRTOS_Source/timers.o
                0x00007b1e                vTimerSetTimerNumber
 .text          0x00007b38        0x0 ./main.o
 .text.main     0x00007b38       0x2c ./main.o
                0x00007b38                main
 .text.prvSetupHardware
                0x00007b64       0x28 ./main.o
 .text.vApplicationTickHook
                0x00007b8c        0xc ./main.o
                0x00007b8c                vApplicationTickHook
 .text.prvOLEDTask
                0x00007b98       0x8c ./main.o
 .text.vApplicationStackOverflowHook
                0x00007c24       0x24 ./main.o
                0x00007c24                vApplicationStackOverflowHook
 .text.vAssertCalled
                0x00007c48       0x26 ./main.o
                0x00007c48                vAssertCalled
 *fill*         0x00007c6e        0x2 
 .text.vApplicationGetIdleTaskMemory
                0x00007c70       0x30 ./main.o
                0x00007c70                vApplicationGetIdleTaskMemory
 .text.vApplicationGetTimerTaskMemory
                0x00007ca0       0x30 ./main.o
                0x00007ca0                vApplicationGetTimerTaskMemory
 .text._sbrk_r  0x00007cd0       0x28 ./main.o
                0x00007cd0                _sbrk_r
 .text          0x00007cf8        0x0 ./startup.o
 .text.IntDefaultHandler
                0x00007cf8       0x14 ./startup.o
 .text.FaultISR
                0x00007d0c       0x14 ./startup.o
 .text.NmiSR    0x00007d20       0x14 ./startup.o
 .text.ResetISR
                0x00007d34       0x50 ./startup.o
                0x00007d34                ResetISR
 .text.uipprintf
                0x00007d84        0x8 ./startup.o
                0x00007d84                uipprintf
 .text          0x00007d8c        0x0 C:\FreeRTOSv202212.01\FreeRTOS\Demo\Common\drivers\LuminaryMicro/arm-none-eabi-gcc/\libdriver.a(gpio.o)
 .text.GPIOGetIntNumber
                0x00007d8c       0xa4 C:\FreeRTOSv202212.01\FreeRTOS\Demo\Common\drivers\LuminaryMicro/arm-none-eabi-gcc/\libdriver.a(gpio.o)
 .text.GPIODirModeSet
                0x00007e30       0x44 C:\FreeRTOSv202212.01\FreeRTOS\Demo\Common\drivers\LuminaryMicro/arm-none-eabi-gcc/\libdriver.a(gpio.o)
                0x00007e30                GPIODirModeSet
 .text.GPIODirModeGet
                0x00007e74       0x20 C:\FreeRTOSv202212.01\FreeRTOS\Demo\Common\drivers\LuminaryMicro/arm-none-eabi-gcc/\libdriver.a(gpio.o)
                0x00007e74                GPIODirModeGet
 .text.GPIOIntTypeSet
                0x00007e94       0x70 C:\FreeRTOSv202212.01\FreeRTOS\Demo\Common\drivers\LuminaryMicro/arm-none-eabi-gcc/\libdriver.a(gpio.o)
                0x00007e94                GPIOIntTypeSet
 .text.GPIOIntTypeGet
                0x00007f04       0x30 C:\FreeRTOSv202212.01\FreeRTOS\Demo\Common\drivers\LuminaryMicro/arm-none-eabi-gcc/\libdriver.a(gpio.o)
                0x00007f04                GPIOIntTypeGet
 .text.GPIOPadConfigSet
                0x00007f34      0x130 C:\FreeRTOSv202212.01\FreeRTOS\Demo\Common\drivers\LuminaryMicro/arm-none-eabi-gcc/\libdriver.a(gpio.o)
                0x00007f34                GPIOPadConfigSet
 .text.GPIOPadConfigGet
                0x00008064       0x78 C:\FreeRTOSv202212.01\FreeRTOS\Demo\Common\drivers\LuminaryMicro/arm-none-eabi-gcc/\libdriver.a(gpio.o)
                0x00008064                GPIOPadConfigGet
 .text.GPIOPinIntEnable
                0x000080dc        0xc C:\FreeRTOSv202212.01\FreeRTOS\Demo\Common\drivers\LuminaryMicro/arm-none-eabi-gcc/\libdriver.a(gpio.o)
                0x000080dc                GPIOPinIntEnable
 .text.GPIOPinIntDisable
                0x000080e8       0x10 C:\FreeRTOSv202212.01\FreeRTOS\Demo\Common\drivers\LuminaryMicro/arm-none-eabi-gcc/\libdriver.a(gpio.o)
                0x000080e8                GPIOPinIntDisable
 .text.GPIOPinIntStatus
                0x000080f8       0x10 C:\FreeRTOSv202212.01\FreeRTOS\Demo\Common\drivers\LuminaryMicro/arm-none-eabi-gcc/\libdriver.a(gpio.o)
                0x000080f8                GPIOPinIntStatus
 .text.GPIOPinIntClear
                0x00008108        0x8 C:\FreeRTOSv202212.01\FreeRTOS\Demo\Common\drivers\LuminaryMicro/arm-none-eabi-gcc/\libdriver.a(gpio.o)
                0x00008108                GPIOPinIntClear
 .text.GPIOPinRead
                0x00008110        0x8 C:\FreeRTOSv202212.01\FreeRTOS\Demo\Common\drivers\LuminaryMicro/arm-none-eabi-gcc/\libdriver.a(gpio.o)
                0x00008110                GPIOPinRead
 .text.GPIOPinWrite
                0x00008118        0x8 C:\FreeRTOSv202212.01\FreeRTOS\Demo\Common\drivers\LuminaryMicro/arm-none-eabi-gcc/\libdriver.a(gpio.o)
                0x00008118                GPIOPinWrite
 .text.GPIOPinTypeADC
                0x00008120       0x1c C:\FreeRTOSv202212.01\FreeRTOS\Demo\Common\drivers\LuminaryMicro/arm-none-eabi-gcc/\libdriver.a(gpio.o)
                0x00008120                GPIOPinTypeADC
 .text.GPIOPinTypeCAN
                0x0000813c       0x1c C:\FreeRTOSv202212.01\FreeRTOS\Demo\Common\drivers\LuminaryMicro/arm-none-eabi-gcc/\libdriver.a(gpio.o)
                0x0000813c                GPIOPinTypeCAN
 .text.GPIOPinTypeComparator
                0x00008158       0x1c C:\FreeRTOSv202212.01\FreeRTOS\Demo\Common\drivers\LuminaryMicro/arm-none-eabi-gcc/\libdriver.a(gpio.o)
                0x00008158                GPIOPinTypeComparator
 .text.GPIOPinTypeGPIOInput
                0x00008174       0x1c C:\FreeRTOSv202212.01\FreeRTOS\Demo\Common\drivers\LuminaryMicro/arm-none-eabi-gcc/\libdriver.a(gpio.o)
                0x00008174                GPIOPinTypeGPIOInput
 .text.GPIOPinTypeGPIOOutput
                0x00008190       0x1c C:\FreeRTOSv202212.01\FreeRTOS\Demo\Common\drivers\LuminaryMicro/arm-none-eabi-gcc/\libdriver.a(gpio.o)
                0x00008190                GPIOPinTypeGPIOOutput
 .text.GPIOPinTypeGPIOOutputOD
                0x000081ac       0x1c C:\FreeRTOSv202212.01\FreeRTOS\Demo\Common\drivers\LuminaryMicro/arm-none-eabi-gcc/\libdriver.a(gpio.o)
                0x000081ac                GPIOPinTypeGPIOOutputOD
 .text.GPIOPinTypeI2C
                0x000081c8       0x1c C:\FreeRTOSv202212.01\FreeRTOS\Demo\Common\drivers\LuminaryMicro/arm-none-eabi-gcc/\libdriver.a(gpio.o)
                0x000081c8                GPIOPinTypeI2C
 .text.GPIOPinTypePWM
                0x000081e4       0x1c C:\FreeRTOSv202212.01\FreeRTOS\Demo\Common\drivers\LuminaryMicro/arm-none-eabi-gcc/\libdriver.a(gpio.o)
                0x000081e4                GPIOPinTypePWM
 .text.GPIOPinTypeQEI
                0x00008200       0x1c C:\FreeRTOSv202212.01\FreeRTOS\Demo\Common\drivers\LuminaryMicro/arm-none-eabi-gcc/\libdriver.a(gpio.o)
                0x00008200                GPIOPinTypeQEI
 .text.GPIOPinTypeSSI
                0x0000821c       0x1c C:\FreeRTOSv202212.01\FreeRTOS\Demo\Common\drivers\LuminaryMicro/arm-none-eabi-gcc/\libdriver.a(gpio.o)
                0x0000821c                GPIOPinTypeSSI
 .text.GPIOPinTypeTimer
                0x00008238       0x1c C:\FreeRTOSv202212.01\FreeRTOS\Demo\Common\drivers\LuminaryMicro/arm-none-eabi-gcc/\libdriver.a(gpio.o)
                0x00008238                GPIOPinTypeTimer
 .text.GPIOPinTypeUART
                0x00008254       0x1c C:\FreeRTOSv202212.01\FreeRTOS\Demo\Common\drivers\LuminaryMicro/arm-none-eabi-gcc/\libdriver.a(gpio.o)
                0x00008254                GPIOPinTypeUART
 .text.GPIOPinTypeUSBDigital
                0x00008270       0x1c C:\FreeRTOSv202212.01\FreeRTOS\Demo\Common\drivers\LuminaryMicro/arm-none-eabi-gcc/\libdriver.a(gpio.o)
                0x00008270                GPIOPinTypeUSBDigital
 .text.GPIOPortIntUnregister
                0x0000828c       0x14 C:\FreeRTOSv202212.01\FreeRTOS\Demo\Common\drivers\LuminaryMicro/arm-none-eabi-gcc/\libdriver.a(gpio.o)
                0x0000828c                GPIOPortIntUnregister
 .text.GPIOPortIntRegister
                0x000082a0       0x18 C:\FreeRTOSv202212.01\FreeRTOS\Demo\Common\drivers\LuminaryMicro/arm-none-eabi-gcc/\libdriver.a(gpio.o)
                0x000082a0                GPIOPortIntRegister
 .text          0x000082b8        0x0 C:\FreeRTOSv202212.01\FreeRTOS\Demo\Common\drivers\LuminaryMicro/arm-none-eabi-gcc/\libdriver.a(interrupt.o)
 .text.IntDefaultHandler
                0x000082b8        0x4 C:\FreeRTOSv202212.01\FreeRTOS\Demo\Common\drivers\LuminaryMicro/arm-none-eabi-gcc/\libdriver.a(interrupt.o)
 .text.IntRegister
                0x000082bc       0x3c C:\FreeRTOSv202212.01\FreeRTOS\Demo\Common\drivers\LuminaryMicro/arm-none-eabi-gcc/\libdriver.a(interrupt.o)
                0x000082bc                IntRegister
 .text.IntUnregister
                0x000082f8       0x14 C:\FreeRTOSv202212.01\FreeRTOS\Demo\Common\drivers\LuminaryMicro/arm-none-eabi-gcc/\libdriver.a(interrupt.o)
                0x000082f8                IntUnregister
 .text.IntPriorityGroupingSet
                0x0000830c       0x1c C:\FreeRTOSv202212.01\FreeRTOS\Demo\Common\drivers\LuminaryMicro/arm-none-eabi-gcc/\libdriver.a(interrupt.o)
                0x0000830c                IntPriorityGroupingSet
 .text.IntPriorityGroupingGet
                0x00008328       0x24 C:\FreeRTOSv202212.01\FreeRTOS\Demo\Common\drivers\LuminaryMicro/arm-none-eabi-gcc/\libdriver.a(interrupt.o)
                0x00008328                IntPriorityGroupingGet
 .text.IntPrioritySet
                0x0000834c       0x28 C:\FreeRTOSv202212.01\FreeRTOS\Demo\Common\drivers\LuminaryMicro/arm-none-eabi-gcc/\libdriver.a(interrupt.o)
                0x0000834c                IntPrioritySet
 .text.IntPriorityGet
                0x00008374       0x20 C:\FreeRTOSv202212.01\FreeRTOS\Demo\Common\drivers\LuminaryMicro/arm-none-eabi-gcc/\libdriver.a(interrupt.o)
                0x00008374                IntPriorityGet
 .text.IntEnable
                0x00008394       0x74 C:\FreeRTOSv202212.01\FreeRTOS\Demo\Common\drivers\LuminaryMicro/arm-none-eabi-gcc/\libdriver.a(interrupt.o)
                0x00008394                IntEnable
 .text.IntDisable
                0x00008408       0x74 C:\FreeRTOSv202212.01\FreeRTOS\Demo\Common\drivers\LuminaryMicro/arm-none-eabi-gcc/\libdriver.a(interrupt.o)
                0x00008408                IntDisable
 .text.IntMasterDisable
                0x0000847c        0xc C:\FreeRTOSv202212.01\FreeRTOS\Demo\Common\drivers\LuminaryMicro/arm-none-eabi-gcc/\libdriver.a(interrupt.o)
                0x0000847c                IntMasterDisable
 .text.IntMasterEnable
                0x00008488        0xc C:\FreeRTOSv202212.01\FreeRTOS\Demo\Common\drivers\LuminaryMicro/arm-none-eabi-gcc/\libdriver.a(interrupt.o)
                0x00008488                IntMasterEnable
 .text          0x00008494        0x0 C:\FreeRTOSv202212.01\FreeRTOS\Demo\Common\drivers\LuminaryMicro/arm-none-eabi-gcc/\libdriver.a(ssi.o)
 .text.SSIConfigSetExpClk
                0x00008494       0x48 C:\FreeRTOSv202212.01\FreeRTOS\Demo\Common\drivers\LuminaryMicro/arm-none-eabi-gcc/\libdriver.a(ssi.o)
                0x00008494                SSIConfigSetExpClk
 .text.SSIEnable
                0x000084dc        0xc C:\FreeRTOSv202212.01\FreeRTOS\Demo\Common\drivers\LuminaryMicro/arm-none-eabi-gcc/\libdriver.a(ssi.o)
                0x000084dc                SSIEnable
 .text.SSIDisable
                0x000084e8        0xc C:\FreeRTOSv202212.01\FreeRTOS\Demo\Common\drivers\LuminaryMicro/arm-none-eabi-gcc/\libdriver.a(ssi.o)
                0x000084e8                SSIDisable
 .text.SSIIntEnable
                0x000084f4        0x8 C:\FreeRTOSv202212.01\FreeRTOS\Demo\Common\drivers\LuminaryMicro/arm-none-eabi-gcc/\libdriver.a(ssi.o)
                0x000084f4                SSIIntEnable
 .text.SSIIntDisable
                0x000084fc        0xc C:\FreeRTOSv202212.01\FreeRTOS\Demo\Common\drivers\LuminaryMicro/arm-none-eabi-gcc/\libdriver.a(ssi.o)
                0x000084fc                SSIIntDisable
 .text.SSIIntStatus
                0x00008508        0xc C:\FreeRTOSv202212.01\FreeRTOS\Demo\Common\drivers\LuminaryMicro/arm-none-eabi-gcc/\libdriver.a(ssi.o)
                0x00008508                SSIIntStatus
 .text.SSIIntClear
                0x00008514        0x4 C:\FreeRTOSv202212.01\FreeRTOS\Demo\Common\drivers\LuminaryMicro/arm-none-eabi-gcc/\libdriver.a(ssi.o)
                0x00008514                SSIIntClear
 .text.SSIDataPut
                0x00008518       0x10 C:\FreeRTOSv202212.01\FreeRTOS\Demo\Common\drivers\LuminaryMicro/arm-none-eabi-gcc/\libdriver.a(ssi.o)
                0x00008518                SSIDataPut
 .text.SSIDataPutNonBlocking
                0x00008528       0x10 C:\FreeRTOSv202212.01\FreeRTOS\Demo\Common\drivers\LuminaryMicro/arm-none-eabi-gcc/\libdriver.a(ssi.o)
                0x00008528                SSIDataPutNonBlocking
 .text.SSIDataGet
                0x00008538       0x14 C:\FreeRTOSv202212.01\FreeRTOS\Demo\Common\drivers\LuminaryMicro/arm-none-eabi-gcc/\libdriver.a(ssi.o)
                0x00008538                SSIDataGet
 .text.SSIDataGetNonBlocking
                0x0000854c       0x14 C:\FreeRTOSv202212.01\FreeRTOS\Demo\Common\drivers\LuminaryMicro/arm-none-eabi-gcc/\libdriver.a(ssi.o)
                0x0000854c                SSIDataGetNonBlocking
 .text.SSIDMAEnable
                0x00008560        0x8 C:\FreeRTOSv202212.01\FreeRTOS\Demo\Common\drivers\LuminaryMicro/arm-none-eabi-gcc/\libdriver.a(ssi.o)
                0x00008560                SSIDMAEnable
 .text.SSIDMADisable
                0x00008568        0xc C:\FreeRTOSv202212.01\FreeRTOS\Demo\Common\drivers\LuminaryMicro/arm-none-eabi-gcc/\libdriver.a(ssi.o)
                0x00008568                SSIDMADisable
 .text.SSIIntUnregister
                0x00008574       0x20 C:\FreeRTOSv202212.01\FreeRTOS\Demo\Common\drivers\LuminaryMicro/arm-none-eabi-gcc/\libdriver.a(ssi.o)
                0x00008574                SSIIntUnregister
 .text.SSIIntRegister
                0x00008594       0x20 C:\FreeRTOSv202212.01\FreeRTOS\Demo\Common\drivers\LuminaryMicro/arm-none-eabi-gcc/\libdriver.a(ssi.o)
                0x00008594                SSIIntRegister
 .text          0x000085b4        0x0 C:\FreeRTOSv202212.01\FreeRTOS\Demo\Common\drivers\LuminaryMicro/arm-none-eabi-gcc/\libdriver.a(sysctl.o)
 .text.SysCtlSRAMSizeGet
                0x000085b4       0x14 C:\FreeRTOSv202212.01\FreeRTOS\Demo\Common\drivers\LuminaryMicro/arm-none-eabi-gcc/\libdriver.a(sysctl.o)
                0x000085b4                SysCtlSRAMSizeGet
 .text.SysCtlFlashSizeGet
                0x000085c8       0x14 C:\FreeRTOSv202212.01\FreeRTOS\Demo\Common\drivers\LuminaryMicro/arm-none-eabi-gcc/\libdriver.a(sysctl.o)
                0x000085c8                SysCtlFlashSizeGet
 .text.SysCtlPinPresent
                0x000085dc       0x14 C:\FreeRTOSv202212.01\FreeRTOS\Demo\Common\drivers\LuminaryMicro/arm-none-eabi-gcc/\libdriver.a(sysctl.o)
                0x000085dc                SysCtlPinPresent
 .text.SysCtlPeripheralPresent
                0x000085f0       0x28 C:\FreeRTOSv202212.01\FreeRTOS\Demo\Common\drivers\LuminaryMicro/arm-none-eabi-gcc/\libdriver.a(sysctl.o)
                0x000085f0                SysCtlPeripheralPresent
 .text.SysCtlPeripheralReset
                0x00008618       0x44 C:\FreeRTOSv202212.01\FreeRTOS\Demo\Common\drivers\LuminaryMicro/arm-none-eabi-gcc/\libdriver.a(sysctl.o)
                0x00008618                SysCtlPeripheralReset
 .text.SysCtlPeripheralEnable
                0x0000865c       0x24 C:\FreeRTOSv202212.01\FreeRTOS\Demo\Common\drivers\LuminaryMicro/arm-none-eabi-gcc/\libdriver.a(sysctl.o)
                0x0000865c                SysCtlPeripheralEnable
 .text.SysCtlPeripheralDisable
                0x00008680       0x24 C:\FreeRTOSv202212.01\FreeRTOS\Demo\Common\drivers\LuminaryMicro/arm-none-eabi-gcc/\libdriver.a(sysctl.o)
                0x00008680                SysCtlPeripheralDisable
 .text.SysCtlPeripheralSleepEnable
                0x000086a4       0x24 C:\FreeRTOSv202212.01\FreeRTOS\Demo\Common\drivers\LuminaryMicro/arm-none-eabi-gcc/\libdriver.a(sysctl.o)
                0x000086a4                SysCtlPeripheralSleepEnable
 .text.SysCtlPeripheralSleepDisable
                0x000086c8       0x24 C:\FreeRTOSv202212.01\FreeRTOS\Demo\Common\drivers\LuminaryMicro/arm-none-eabi-gcc/\libdriver.a(sysctl.o)
                0x000086c8                SysCtlPeripheralSleepDisable
 .text.SysCtlPeripheralDeepSleepEnable
                0x000086ec       0x24 C:\FreeRTOSv202212.01\FreeRTOS\Demo\Common\drivers\LuminaryMicro/arm-none-eabi-gcc/\libdriver.a(sysctl.o)
                0x000086ec                SysCtlPeripheralDeepSleepEnable
 .text.SysCtlPeripheralDeepSleepDisable
                0x00008710       0x24 C:\FreeRTOSv202212.01\FreeRTOS\Demo\Common\drivers\LuminaryMicro/arm-none-eabi-gcc/\libdriver.a(sysctl.o)
                0x00008710                SysCtlPeripheralDeepSleepDisable
 .text.SysCtlPeripheralClockGating
                0x00008734       0x20 C:\FreeRTOSv202212.01\FreeRTOS\Demo\Common\drivers\LuminaryMicro/arm-none-eabi-gcc/\libdriver.a(sysctl.o)
                0x00008734                SysCtlPeripheralClockGating
 .text.SysCtlIntEnable
                0x00008754       0x10 C:\FreeRTOSv202212.01\FreeRTOS\Demo\Common\drivers\LuminaryMicro/arm-none-eabi-gcc/\libdriver.a(sysctl.o)
                0x00008754                SysCtlIntEnable
 .text.SysCtlIntDisable
                0x00008764       0x10 C:\FreeRTOSv202212.01\FreeRTOS\Demo\Common\drivers\LuminaryMicro/arm-none-eabi-gcc/\libdriver.a(sysctl.o)
                0x00008764                SysCtlIntDisable
 .text.SysCtlIntClear
                0x00008774        0xc C:\FreeRTOSv202212.01\FreeRTOS\Demo\Common\drivers\LuminaryMicro/arm-none-eabi-gcc/\libdriver.a(sysctl.o)
                0x00008774                SysCtlIntClear
 .text.SysCtlIntStatus
                0x00008780       0x18 C:\FreeRTOSv202212.01\FreeRTOS\Demo\Common\drivers\LuminaryMicro/arm-none-eabi-gcc/\libdriver.a(sysctl.o)
                0x00008780                SysCtlIntStatus
 .text.SysCtlLDOSet
                0x00008798        0xc C:\FreeRTOSv202212.01\FreeRTOS\Demo\Common\drivers\LuminaryMicro/arm-none-eabi-gcc/\libdriver.a(sysctl.o)
                0x00008798                SysCtlLDOSet
 .text.SysCtlLDOGet
                0x000087a4        0xc C:\FreeRTOSv202212.01\FreeRTOS\Demo\Common\drivers\LuminaryMicro/arm-none-eabi-gcc/\libdriver.a(sysctl.o)
                0x000087a4                SysCtlLDOGet
 .text.SysCtlLDOConfigSet
                0x000087b0        0xc C:\FreeRTOSv202212.01\FreeRTOS\Demo\Common\drivers\LuminaryMicro/arm-none-eabi-gcc/\libdriver.a(sysctl.o)
                0x000087b0                SysCtlLDOConfigSet
 .text.SysCtlReset
                0x000087bc       0x10 C:\FreeRTOSv202212.01\FreeRTOS\Demo\Common\drivers\LuminaryMicro/arm-none-eabi-gcc/\libdriver.a(sysctl.o)
                0x000087bc                SysCtlReset
 .text.SysCtlResetCauseGet
                0x000087cc        0xc C:\FreeRTOSv202212.01\FreeRTOS\Demo\Common\drivers\LuminaryMicro/arm-none-eabi-gcc/\libdriver.a(sysctl.o)
                0x000087cc                SysCtlResetCauseGet
 .text.SysCtlResetCauseClear
                0x000087d8       0x10 C:\FreeRTOSv202212.01\FreeRTOS\Demo\Common\drivers\LuminaryMicro/arm-none-eabi-gcc/\libdriver.a(sysctl.o)
                0x000087d8                SysCtlResetCauseClear
 .text.SysCtlBrownOutConfigSet
                0x000087e8       0x10 C:\FreeRTOSv202212.01\FreeRTOS\Demo\Common\drivers\LuminaryMicro/arm-none-eabi-gcc/\libdriver.a(sysctl.o)
                0x000087e8                SysCtlBrownOutConfigSet
 .text.SysCtlDelay
                0x000087f8        0x8 C:\FreeRTOSv202212.01\FreeRTOS\Demo\Common\drivers\LuminaryMicro/arm-none-eabi-gcc/\libdriver.a(sysctl.o)
                0x000087f8                SysCtlDelay
 .text.SysCtlClockSet
                0x00008800      0x168 C:\FreeRTOSv202212.01\FreeRTOS\Demo\Common\drivers\LuminaryMicro/arm-none-eabi-gcc/\libdriver.a(sysctl.o)
                0x00008800                SysCtlClockSet
 .text.SysCtlClockGet
                0x00008968      0x150 C:\FreeRTOSv202212.01\FreeRTOS\Demo\Common\drivers\LuminaryMicro/arm-none-eabi-gcc/\libdriver.a(sysctl.o)
                0x00008968                SysCtlClockGet
 .text.SysCtlPWMClockSet
                0x00008ab8       0x14 C:\FreeRTOSv202212.01\FreeRTOS\Demo\Common\drivers\LuminaryMicro/arm-none-eabi-gcc/\libdriver.a(sysctl.o)
                0x00008ab8                SysCtlPWMClockSet
 .text.SysCtlPWMClockGet
                0x00008acc       0x18 C:\FreeRTOSv202212.01\FreeRTOS\Demo\Common\drivers\LuminaryMicro/arm-none-eabi-gcc/\libdriver.a(sysctl.o)
                0x00008acc                SysCtlPWMClockGet
 .text.SysCtlADCSpeedSet
                0x00008ae4       0x34 C:\FreeRTOSv202212.01\FreeRTOS\Demo\Common\drivers\LuminaryMicro/arm-none-eabi-gcc/\libdriver.a(sysctl.o)
                0x00008ae4                SysCtlADCSpeedSet
 .text.SysCtlADCSpeedGet
                0x00008b18       0x10 C:\FreeRTOSv202212.01\FreeRTOS\Demo\Common\drivers\LuminaryMicro/arm-none-eabi-gcc/\libdriver.a(sysctl.o)
                0x00008b18                SysCtlADCSpeedGet
 .text.SysCtlIOSCVerificationSet
                0x00008b28       0x20 C:\FreeRTOSv202212.01\FreeRTOS\Demo\Common\drivers\LuminaryMicro/arm-none-eabi-gcc/\libdriver.a(sysctl.o)
                0x00008b28                SysCtlIOSCVerificationSet
 .text.SysCtlMOSCVerificationSet
                0x00008b48       0x20 C:\FreeRTOSv202212.01\FreeRTOS\Demo\Common\drivers\LuminaryMicro/arm-none-eabi-gcc/\libdriver.a(sysctl.o)
                0x00008b48                SysCtlMOSCVerificationSet
 .text.SysCtlPLLVerificationSet
                0x00008b68       0x20 C:\FreeRTOSv202212.01\FreeRTOS\Demo\Common\drivers\LuminaryMicro/arm-none-eabi-gcc/\libdriver.a(sysctl.o)
                0x00008b68                SysCtlPLLVerificationSet
 .text.SysCtlClkVerificationClear
                0x00008b88       0x10 C:\FreeRTOSv202212.01\FreeRTOS\Demo\Common\drivers\LuminaryMicro/arm-none-eabi-gcc/\libdriver.a(sysctl.o)
                0x00008b88                SysCtlClkVerificationClear
 .text.SysCtlGPIOAHBEnable
                0x00008b98       0x10 C:\FreeRTOSv202212.01\FreeRTOS\Demo\Common\drivers\LuminaryMicro/arm-none-eabi-gcc/\libdriver.a(sysctl.o)
                0x00008b98                SysCtlGPIOAHBEnable
 .text.SysCtlGPIOAHBDisable
                0x00008ba8       0x14 C:\FreeRTOSv202212.01\FreeRTOS\Demo\Common\drivers\LuminaryMicro/arm-none-eabi-gcc/\libdriver.a(sysctl.o)
                0x00008ba8                SysCtlGPIOAHBDisable
 .text.SysCtlUSBPLLEnable
                0x00008bbc       0x10 C:\FreeRTOSv202212.01\FreeRTOS\Demo\Common\drivers\LuminaryMicro/arm-none-eabi-gcc/\libdriver.a(sysctl.o)
                0x00008bbc                SysCtlUSBPLLEnable
 .text.SysCtlUSBPLLDisable
                0x00008bcc       0x10 C:\FreeRTOSv202212.01\FreeRTOS\Demo\Common\drivers\LuminaryMicro/arm-none-eabi-gcc/\libdriver.a(sysctl.o)
                0x00008bcc                SysCtlUSBPLLDisable
 .text.SysCtlDeepSleep
                0x00008bdc       0x20 C:\FreeRTOSv202212.01\FreeRTOS\Demo\Common\drivers\LuminaryMicro/arm-none-eabi-gcc/\libdriver.a(sysctl.o)
                0x00008bdc                SysCtlDeepSleep
 .text.SysCtlSleep
                0x00008bfc        0x8 C:\FreeRTOSv202212.01\FreeRTOS\Demo\Common\drivers\LuminaryMicro/arm-none-eabi-gcc/\libdriver.a(sysctl.o)
                0x00008bfc                SysCtlSleep
 .text.SysCtlIntUnregister
                0x00008c04       0x10 C:\FreeRTOSv202212.01\FreeRTOS\Demo\Common\drivers\LuminaryMicro/arm-none-eabi-gcc/\libdriver.a(sysctl.o)
                0x00008c04                SysCtlIntUnregister
 .text.SysCtlIntRegister
                0x00008c14       0x14 C:\FreeRTOSv202212.01\FreeRTOS\Demo\Common\drivers\LuminaryMicro/arm-none-eabi-gcc/\libdriver.a(sysctl.o)
                0x00008c14                SysCtlIntRegister
 .text          0x00008c28       0x14 C:\FreeRTOSv202212.01\FreeRTOS\Demo\Common\drivers\LuminaryMicro/arm-none-eabi-gcc/\libdriver.a(cpu.o)
                0x00008c28                CPUcpsid
                0x00008c30                CPUcpsie
                0x00008c38                CPUwfi
 .text          0x00008c3c        0x0 c:/program files (x86)/gnu arm embedded toolchain/10 2021.10/bin/../lib/gcc/arm-none-eabi/10.3.1/../../../../arm-none-eabi/lib/thumb/v7-m/nofp\libg_nano.a(lib_a-memcpy-stub.o)
 .text.memcpy   0x00008c3c       0x1c c:/program files (x86)/gnu arm embedded toolchain/10 2021.10/bin/../lib/gcc/arm-none-eabi/10.3.1/../../../../arm-none-eabi/lib/thumb/v7-m/nofp\libg_nano.a(lib_a-memcpy-stub.o)
                0x00008c3c                memcpy
 .text          0x00008c58        0x0 c:/program files (x86)/gnu arm embedded toolchain/10 2021.10/bin/../lib/gcc/arm-none-eabi/10.3.1/../../../../arm-none-eabi/lib/thumb/v7-m/nofp\libg_nano.a(lib_a-memset.o)
 .text.memset   0x00008c58       0x10 c:/program files (x86)/gnu arm embedded toolchain/10 2021.10/bin/../lib/gcc/arm-none-eabi/10.3.1/../../../../arm-none-eabi/lib/thumb/v7-m/nofp\libg_nano.a(lib_a-memset.o)
                0x00008c58                memset
 .text          0x00008c68        0x0 c:/program files (x86)/gnu arm embedded toolchain/10 2021.10/bin/../lib/gcc/arm-none-eabi/10.3.1/../../../../arm-none-eabi/lib/thumb/v7-m/nofp\libg_nano.a(lib_a-sprintf.o)
 .text._sprintf_r
                0x00008c68       0x38 c:/program files (x86)/gnu arm embedded toolchain/10 2021.10/bin/../lib/gcc/arm-none-eabi/10.3.1/../../../../arm-none-eabi/lib/thumb/v7-m/nofp\libg_nano.a(lib_a-sprintf.o)
                0x00008c68                _sprintf_r
                0x00008c68                _siprintf_r
 .text.sprintf  0x00008ca0       0x40 c:/program files (x86)/gnu arm embedded toolchain/10 2021.10/bin/../lib/gcc/arm-none-eabi/10.3.1/../../../../arm-none-eabi/lib/thumb/v7-m/nofp\libg_nano.a(lib_a-sprintf.o)
                0x00008ca0                siprintf
                0x00008ca0                sprintf
 .text          0x00008ce0        0x0 c:/program files (x86)/gnu arm embedded toolchain/10 2021.10/bin/../lib/gcc/arm-none-eabi/10.3.1/../../../../arm-none-eabi/lib/thumb/v7-m/nofp\libg_nano.a(lib_a-strcpy.o)
 .text.strcpy   0x00008ce0       0x10 c:/program files (x86)/gnu arm embedded toolchain/10 2021.10/bin/../lib/gcc/arm-none-eabi/10.3.1/../../../../arm-none-eabi/lib/thumb/v7-m/nofp\libg_nano.a(lib_a-strcpy.o)
                0x00008ce0                strcpy
 .text          0x00008cf0       0x10 c:/program files (x86)/gnu arm embedded toolchain/10 2021.10/bin/../lib/gcc/arm-none-eabi/10.3.1/../../../../arm-none-eabi/lib/thumb/v7-m/nofp\libg_nano.a(lib_a-strlen.o)
                0x00008cf0                strlen
 .text          0x00008d00        0x0 c:/program files (x86)/gnu arm embedded toolchain/10 2021.10/bin/../lib/gcc/arm-none-eabi/10.3.1/../../../../arm-none-eabi/lib/thumb/v7-m/nofp\libg_nano.a(lib_a-strncpy.o)
 .text.strncpy  0x00008d00       0x26 c:/program files (x86)/gnu arm embedded toolchain/10 2021.10/bin/../lib/gcc/arm-none-eabi/10.3.1/../../../../arm-none-eabi/lib/thumb/v7-m/nofp\libg_nano.a(lib_a-strncpy.o)
                0x00008d00                strncpy
 .text          0x00008d26        0x0 c:/program files (x86)/gnu arm embedded toolchain/10 2021.10/bin/../lib/gcc/arm-none-eabi/10.3.1/../../../../arm-none-eabi/lib/thumb/v7-m/nofp\libg_nano.a(lib_a-impure.o)
 .text          0x00008d26        0x0 c:/program files (x86)/gnu arm embedded toolchain/10 2021.10/bin/../lib/gcc/arm-none-eabi/10.3.1/../../../../arm-none-eabi/lib/thumb/v7-m/nofp\libg_nano.a(lib_a-nano-svfprintf.o)
 .text.__ssputs_r
                0x00008d26       0xb6 c:/program files (x86)/gnu arm embedded toolchain/10 2021.10/bin/../lib/gcc/arm-none-eabi/10.3.1/../../../../arm-none-eabi/lib/thumb/v7-m/nofp\libg_nano.a(lib_a-nano-svfprintf.o)
                0x00008d26                __ssputs_r
 .text.__ssprint_r
                0x00008ddc       0xf6 c:/program files (x86)/gnu arm embedded toolchain/10 2021.10/bin/../lib/gcc/arm-none-eabi/10.3.1/../../../../arm-none-eabi/lib/thumb/v7-m/nofp\libg_nano.a(lib_a-nano-svfprintf.o)
                0x00008ddc                __ssprint_r
 *fill*         0x00008ed2        0x2 
 .text._svfprintf_r
                0x00008ed4      0x200 c:/program files (x86)/gnu arm embedded toolchain/10 2021.10/bin/../lib/gcc/arm-none-eabi/10.3.1/../../../../arm-none-eabi/lib/thumb/v7-m/nofp\libg_nano.a(lib_a-nano-svfprintf.o)
                0x00008ed4                _svfiprintf_r
                0x00008ed4                _svfprintf_r
 .text          0x000090d4        0x0 c:/program files (x86)/gnu arm embedded toolchain/10 2021.10/bin/../lib/gcc/arm-none-eabi/10.3.1/../../../../arm-none-eabi/lib/thumb/v7-m/nofp\libg_nano.a(lib_a-nano-vfprintf_i.o)
 .text._printf_common
                0x000090d4       0xde c:/program files (x86)/gnu arm embedded toolchain/10 2021.10/bin/../lib/gcc/arm-none-eabi/10.3.1/../../../../arm-none-eabi/lib/thumb/v7-m/nofp\libg_nano.a(lib_a-nano-vfprintf_i.o)
                0x000090d4                _printf_common
 *fill*         0x000091b2        0x2 
 .text._printf_i
                0x000091b4      0x24c c:/program files (x86)/gnu arm embedded toolchain/10 2021.10/bin/../lib/gcc/arm-none-eabi/10.3.1/../../../../arm-none-eabi/lib/thumb/v7-m/nofp\libg_nano.a(lib_a-nano-vfprintf_i.o)
                0x000091b4                _printf_i
 .text          0x00009400        0x0 c:/program files (x86)/gnu arm embedded toolchain/10 2021.10/bin/../lib/gcc/arm-none-eabi/10.3.1/../../../../arm-none-eabi/lib/thumb/v7-m/nofp\libg_nano.a(lib_a-memchr-stub.o)
 .text.memchr   0x00009400       0x1c c:/program files (x86)/gnu arm embedded toolchain/10 2021.10/bin/../lib/gcc/arm-none-eabi/10.3.1/../../../../arm-none-eabi/lib/thumb/v7-m/nofp\libg_nano.a(lib_a-memchr-stub.o)
                0x00009400                memchr
 .text          0x0000941c        0x0 c:/program files (x86)/gnu arm embedded toolchain/10 2021.10/bin/../lib/gcc/arm-none-eabi/10.3.1/../../../../arm-none-eabi/lib/thumb/v7-m/nofp\libg_nano.a(lib_a-memmove.o)
 .text.memmove  0x0000941c       0x34 c:/program files (x86)/gnu arm embedded toolchain/10 2021.10/bin/../lib/gcc/arm-none-eabi/10.3.1/../../../../arm-none-eabi/lib/thumb/v7-m/nofp\libg_nano.a(lib_a-memmove.o)
                0x0000941c                memmove
 .text          0x00009450        0x0 c:/program files (x86)/gnu arm embedded toolchain/10 2021.10/bin/../lib/gcc/arm-none-eabi/10.3.1/../../../../arm-none-eabi/lib/thumb/v7-m/nofp\libg_nano.a(lib_a-nano-freer.o)
 .text._free_r  0x00009450       0x90 c:/program files (x86)/gnu arm embedded toolchain/10 2021.10/bin/../lib/gcc/arm-none-eabi/10.3.1/../../../../arm-none-eabi/lib/thumb/v7-m/nofp\libg_nano.a(lib_a-nano-freer.o)
                0x00009450                _free_r
 .text          0x000094e0        0x0 c:/program files (x86)/gnu arm embedded toolchain/10 2021.10/bin/../lib/gcc/arm-none-eabi/10.3.1/../../../../arm-none-eabi/lib/thumb/v7-m/nofp\libg_nano.a(lib_a-nano-mallocr.o)
 .text.sbrk_aligned
                0x000094e0       0x40 c:/program files (x86)/gnu arm embedded toolchain/10 2021.10/bin/../lib/gcc/arm-none-eabi/10.3.1/../../../../arm-none-eabi/lib/thumb/v7-m/nofp\libg_nano.a(lib_a-nano-mallocr.o)
 .text._malloc_r
                0x00009520       0xe8 c:/program files (x86)/gnu arm embedded toolchain/10 2021.10/bin/../lib/gcc/arm-none-eabi/10.3.1/../../../../arm-none-eabi/lib/thumb/v7-m/nofp\libg_nano.a(lib_a-nano-mallocr.o)
                0x00009520                _malloc_r
 .text          0x00009608        0x0 c:/program files (x86)/gnu arm embedded toolchain/10 2021.10/bin/../lib/gcc/arm-none-eabi/10.3.1/../../../../arm-none-eabi/lib/thumb/v7-m/nofp\libg_nano.a(lib_a-nano-reallocr.o)
 .text._realloc_r
                0x00009608       0x5e c:/program files (x86)/gnu arm embedded toolchain/10 2021.10/bin/../lib/gcc/arm-none-eabi/10.3.1/../../../../arm-none-eabi/lib/thumb/v7-m/nofp\libg_nano.a(lib_a-nano-reallocr.o)
                0x00009608                _realloc_r
 .text          0x00009666        0x0 c:/program files (x86)/gnu arm embedded toolchain/10 2021.10/bin/../lib/gcc/arm-none-eabi/10.3.1/../../../../arm-none-eabi/lib/thumb/v7-m/nofp\libg_nano.a(lib_a-mlock.o)
 *fill*         0x00009666        0x2 
 .text.__malloc_lock
                0x00009668        0xc c:/program files (x86)/gnu arm embedded toolchain/10 2021.10/bin/../lib/gcc/arm-none-eabi/10.3.1/../../../../arm-none-eabi/lib/thumb/v7-m/nofp\libg_nano.a(lib_a-mlock.o)
                0x00009668                __malloc_lock
 .text.__malloc_unlock
                0x00009674        0xc c:/program files (x86)/gnu arm embedded toolchain/10 2021.10/bin/../lib/gcc/arm-none-eabi/10.3.1/../../../../arm-none-eabi/lib/thumb/v7-m/nofp\libg_nano.a(lib_a-mlock.o)
                0x00009674                __malloc_unlock
 .text          0x00009680        0x0 c:/program files (x86)/gnu arm embedded toolchain/10 2021.10/bin/../lib/gcc/arm-none-eabi/10.3.1/../../../../arm-none-eabi/lib/thumb/v7-m/nofp\libg_nano.a(lib_a-nano-msizer.o)
 .text._malloc_usable_size_r
                0x00009680       0x10 c:/program files (x86)/gnu arm embedded toolchain/10 2021.10/bin/../lib/gcc/arm-none-eabi/10.3.1/../../../../arm-none-eabi/lib/thumb/v7-m/nofp\libg_nano.a(lib_a-nano-msizer.o)
                0x00009680                _malloc_usable_size_r
 .text          0x00009690        0x0 c:/program files (x86)/gnu arm embedded toolchain/10 2021.10/bin/../lib/gcc/arm-none-eabi/10.3.1/../../../../arm-none-eabi/lib/thumb/v7-m/nofp\libg_nano.a(lib_a-lock.o)
 .text.__retarget_lock_init
                0x00009690        0x2 c:/program files (x86)/gnu arm embedded toolchain/10 2021.10/bin/../lib/gcc/arm-none-eabi/10.3.1/../../../../arm-none-eabi/lib/thumb/v7-m/nofp\libg_nano.a(lib_a-lock.o)
                0x00009690                __retarget_lock_init
 .text.__retarget_lock_init_recursive
                0x00009692        0x2 c:/program files (x86)/gnu arm embedded toolchain/10 2021.10/bin/../lib/gcc/arm-none-eabi/10.3.1/../../../../arm-none-eabi/lib/thumb/v7-m/nofp\libg_nano.a(lib_a-lock.o)
                0x00009692                __retarget_lock_init_recursive
 .text.__retarget_lock_close
                0x00009694        0x2 c:/program files (x86)/gnu arm embedded toolchain/10 2021.10/bin/../lib/gcc/arm-none-eabi/10.3.1/../../../../arm-none-eabi/lib/thumb/v7-m/nofp\libg_nano.a(lib_a-lock.o)
                0x00009694                __retarget_lock_close
 .text.__retarget_lock_close_recursive
                0x00009696        0x2 c:/program files (x86)/gnu arm embedded toolchain/10 2021.10/bin/../lib/gcc/arm-none-eabi/10.3.1/../../../../arm-none-eabi/lib/thumb/v7-m/nofp\libg_nano.a(lib_a-lock.o)
                0x00009696                __retarget_lock_close_recursive
 .text.__retarget_lock_acquire
                0x00009698        0x2 c:/program files (x86)/gnu arm embedded toolchain/10 2021.10/bin/../lib/gcc/arm-none-eabi/10.3.1/../../../../arm-none-eabi/lib/thumb/v7-m/nofp\libg_nano.a(lib_a-lock.o)
                0x00009698                __retarget_lock_acquire
 .text.__retarget_lock_acquire_recursive
                0x0000969a        0x2 c:/program files (x86)/gnu arm embedded toolchain/10 2021.10/bin/../lib/gcc/arm-none-eabi/10.3.1/../../../../arm-none-eabi/lib/thumb/v7-m/nofp\libg_nano.a(lib_a-lock.o)
                0x0000969a                __retarget_lock_acquire_recursive
 .text.__retarget_lock_try_acquire
                0x0000969c        0x4 c:/program files (x86)/gnu arm embedded toolchain/10 2021.10/bin/../lib/gcc/arm-none-eabi/10.3.1/../../../../arm-none-eabi/lib/thumb/v7-m/nofp\libg_nano.a(lib_a-lock.o)
                0x0000969c                __retarget_lock_try_acquire
 .text.__retarget_lock_try_acquire_recursive
                0x000096a0        0x4 c:/program files (x86)/gnu arm embedded toolchain/10 2021.10/bin/../lib/gcc/arm-none-eabi/10.3.1/../../../../arm-none-eabi/lib/thumb/v7-m/nofp\libg_nano.a(lib_a-lock.o)
                0x000096a0                __retarget_lock_try_acquire_recursive
 .text.__retarget_lock_release
                0x000096a4        0x2 c:/program files (x86)/gnu arm embedded toolchain/10 2021.10/bin/../lib/gcc/arm-none-eabi/10.3.1/../../../../arm-none-eabi/lib/thumb/v7-m/nofp\libg_nano.a(lib_a-lock.o)
                0x000096a4                __retarget_lock_release
 .text.__retarget_lock_release_recursive
                0x000096a6        0x2 c:/program files (x86)/gnu arm embedded toolchain/10 2021.10/bin/../lib/gcc/arm-none-eabi/10.3.1/../../../../arm-none-eabi/lib/thumb/v7-m/nofp\libg_nano.a(lib_a-lock.o)
                0x000096a6                __retarget_lock_release_recursive
 *(.rodata*)
 .rodata.g_pucOSRAM128x64x4VerticalInc
                0x000096a8        0x2 ./LocalDemoFiles/osram128x64x4.o
 *fill*         0x000096aa        0x2 
 .rodata.g_pucOSRAM128x64x4HorizontalInc
                0x000096ac        0x2 ./LocalDemoFiles/osram128x64x4.o
 *fill*         0x000096ae        0x2 
 .rodata.g_pucFont
                0x000096b0      0x1e0 ./LocalDemoFiles/osram128x64x4.o
 .rodata.g_pucOSRAM128x64x4Init
                0x00009890       0x4e ./LocalDemoFiles/osram128x64x4.o
 *fill*         0x000098de        0x2 
 .rodata.pucCommand1.7
                0x000098e0        0x3 ./LocalDemoFiles/osram128x64x4.o
 *fill*         0x000098e3        0x1 
 .rodata.pucCommand2.6
                0x000098e4        0x3 ./LocalDemoFiles/osram128x64x4.o
 *fill*         0x000098e7        0x1 
 .rodata.pucCommand1.0
                0x000098e8        0x3 ./LocalDemoFiles/osram128x64x4.o
 *fill*         0x000098eb        0x1 
 .rodata        0x000098ec       0x1a ./LegacyDrivers/ustdlib.o
 *fill*         0x00009906        0x2 
 .rodata.g_pcHex
                0x00009908        0x4 ./LegacyDrivers/ustdlib.o
 .rodata.xHeapStructSize
                0x0000990c        0x4 ./FreeRTOS_Source/portable/MemMang/heap_4.o
 .rodata        0x00009910       0x40 ./FreeRTOS_Source/portable/MemMang/heap_4.o
 .rodata.pcInterruptPriorityRegisters
                0x00009950        0x4 ./FreeRTOS_Source/portable/GCC/ARM_CM3/port.o
 .rodata        0x00009954       0x42 ./FreeRTOS_Source/portable/GCC/ARM_CM3/port.o
 *fill*         0x00009996        0x2 
 .rodata        0x00009998       0x35 ./FreeRTOS_Source/event_groups.o
 *fill*         0x000099cd        0x3 
 .rodata        0x000099d0       0x2e ./FreeRTOS_Source/queue.o
 *fill*         0x000099fe        0x2 
 .rodata        0x00009a00       0x36 ./FreeRTOS_Source/stream_buffer.o
 *fill*         0x00009a36        0x2 
 .rodata        0x00009a38       0x47 ./FreeRTOS_Source/tasks.o
 *fill*         0x00009a7f        0x1 
 .rodata        0x00009a80       0x3d ./FreeRTOS_Source/timers.o
 *fill*         0x00009abd        0x3 
 .rodata        0x00009ac0       0x12 ./main.o
 *fill*         0x00009ad2        0x2 
 .rodata.IntDefaultHandler.str1.4
                0x00009ad4        0xd ./startup.o
 *fill*         0x00009ae1        0x3 
 .rodata.g_pulPriority
                0x00009ae4       0x20 C:\FreeRTOSv202212.01\FreeRTOS\Demo\Common\drivers\LuminaryMicro/arm-none-eabi-gcc/\libdriver.a(interrupt.o)
 .rodata.g_pulRegs
                0x00009b04       0x40 C:\FreeRTOSv202212.01\FreeRTOS\Demo\Common\drivers\LuminaryMicro/arm-none-eabi-gcc/\libdriver.a(interrupt.o)
 .rodata.g_pulDCRegs
                0x00009b44       0x10 C:\FreeRTOSv202212.01\FreeRTOS\Demo\Common\drivers\LuminaryMicro/arm-none-eabi-gcc/\libdriver.a(sysctl.o)
 .rodata.g_pulXtals
                0x00009b54       0x5c C:\FreeRTOSv202212.01\FreeRTOS\Demo\Common\drivers\LuminaryMicro/arm-none-eabi-gcc/\libdriver.a(sysctl.o)
 .rodata.g_pulDCGCRegs
                0x00009bb0        0xc C:\FreeRTOSv202212.01\FreeRTOS\Demo\Common\drivers\LuminaryMicro/arm-none-eabi-gcc/\libdriver.a(sysctl.o)
 .rodata.g_pulRCGCRegs
                0x00009bbc        0xc C:\FreeRTOSv202212.01\FreeRTOS\Demo\Common\drivers\LuminaryMicro/arm-none-eabi-gcc/\libdriver.a(sysctl.o)
 .rodata.g_pulSCGCRegs
                0x00009bc8        0xc C:\FreeRTOSv202212.01\FreeRTOS\Demo\Common\drivers\LuminaryMicro/arm-none-eabi-gcc/\libdriver.a(sysctl.o)
 .rodata.g_pulSRCRRegs
                0x00009bd4        0xc C:\FreeRTOSv202212.01\FreeRTOS\Demo\Common\drivers\LuminaryMicro/arm-none-eabi-gcc/\libdriver.a(sysctl.o)
 .rodata._global_impure_ptr
                0x00009be0        0x4 c:/program files (x86)/gnu arm embedded toolchain/10 2021.10/bin/../lib/gcc/arm-none-eabi/10.3.1/../../../../arm-none-eabi/lib/thumb/v7-m/nofp\libg_nano.a(lib_a-impure.o)
                0x00009be0                _global_impure_ptr
 .rodata._svfprintf_r.str1.1
                0x00009be4       0x11 c:/program files (x86)/gnu arm embedded toolchain/10 2021.10/bin/../lib/gcc/arm-none-eabi/10.3.1/../../../../arm-none-eabi/lib/thumb/v7-m/nofp\libg_nano.a(lib_a-nano-svfprintf.o)
 .rodata._printf_i.str1.1
                0x00009bf5       0x22 c:/program files (x86)/gnu arm embedded toolchain/10 2021.10/bin/../lib/gcc/arm-none-eabi/10.3.1/../../../../arm-none-eabi/lib/thumb/v7-m/nofp\libg_nano.a(lib_a-nano-vfprintf_i.o)
                0x00009c17                _etext = .

.glue_7         0x00009c18        0x0
 .glue_7        0x00009c18        0x0 linker stubs

.glue_7t        0x00009c18        0x0
 .glue_7t       0x00009c18        0x0 linker stubs

.vfp11_veneer   0x00009c18        0x0
 .vfp11_veneer  0x00009c18        0x0 linker stubs

.v4_bx          0x00009c18        0x0
 .v4_bx         0x00009c18        0x0 linker stubs

.iplt           0x00009c18        0x0
 .iplt          0x00009c18        0x0 ./LocalDemoFiles/osram128x64x4.o

.rel.dyn        0x00009c18        0x0
 .rel.iplt      0x00009c18        0x0 ./LocalDemoFiles/osram128x64x4.o

.data           0x20000000      0x16c load address 0x00009c17
                0x20000000                _data = .
 *(vtable)
 vtable         0x20000000      0x100 C:\FreeRTOSv202212.01\FreeRTOS\Demo\Common\drivers\LuminaryMicro/arm-none-eabi-gcc/\libdriver.a(interrupt.o)
 *(.data*)
 .data          0x20000100        0x0 ./LocalDemoFiles/osram128x64x4.o
 .data          0x20000100        0x0 ./LegacyDrivers/ustdlib.o
 .data          0x20000100        0x0 ./FreeRTOS_Source/portable/MemMang/heap_4.o
 .data          0x20000100        0x0 ./FreeRTOS_Source/portable/GCC/ARM_CM3/port.o
 .data.uxCriticalNesting
                0x20000100        0x4 ./FreeRTOS_Source/portable/GCC/ARM_CM3/port.o
 .data          0x20000104        0x0 ./FreeRTOS_Source/croutine.o
 .data          0x20000104        0x0 ./FreeRTOS_Source/event_groups.o
 .data          0x20000104        0x0 ./FreeRTOS_Source/list.o
 .data          0x20000104        0x0 ./FreeRTOS_Source/queue.o
 .data          0x20000104        0x0 ./FreeRTOS_Source/stream_buffer.o
 .data          0x20000104        0x0 ./FreeRTOS_Source/tasks.o
 .data.uxTopUsedPriority
                0x20000104        0x4 ./FreeRTOS_Source/tasks.o
                0x20000104                uxTopUsedPriority
 .data          0x20000108        0x0 ./FreeRTOS_Source/timers.o
 .data          0x20000108        0x0 ./main.o
 .data          0x20000108        0x0 ./startup.o
 .data          0x20000108        0x0 C:\FreeRTOSv202212.01\FreeRTOS\Demo\Common\drivers\LuminaryMicro/arm-none-eabi-gcc/\libdriver.a(gpio.o)
 .data          0x20000108        0x0 C:\FreeRTOSv202212.01\FreeRTOS\Demo\Common\drivers\LuminaryMicro/arm-none-eabi-gcc/\libdriver.a(interrupt.o)
 .data          0x20000108        0x0 C:\FreeRTOSv202212.01\FreeRTOS\Demo\Common\drivers\LuminaryMicro/arm-none-eabi-gcc/\libdriver.a(ssi.o)
 .data          0x20000108        0x0 C:\FreeRTOSv202212.01\FreeRTOS\Demo\Common\drivers\LuminaryMicro/arm-none-eabi-gcc/\libdriver.a(sysctl.o)
 .data          0x20000108        0x0 C:\FreeRTOSv202212.01\FreeRTOS\Demo\Common\drivers\LuminaryMicro/arm-none-eabi-gcc/\libdriver.a(cpu.o)
 .data          0x20000108        0x0 c:/program files (x86)/gnu arm embedded toolchain/10 2021.10/bin/../lib/gcc/arm-none-eabi/10.3.1/../../../../arm-none-eabi/lib/thumb/v7-m/nofp\libg_nano.a(lib_a-memcpy-stub.o)
 .data          0x20000108        0x0 c:/program files (x86)/gnu arm embedded toolchain/10 2021.10/bin/../lib/gcc/arm-none-eabi/10.3.1/../../../../arm-none-eabi/lib/thumb/v7-m/nofp\libg_nano.a(lib_a-memset.o)
 .data          0x20000108        0x0 c:/program files (x86)/gnu arm embedded toolchain/10 2021.10/bin/../lib/gcc/arm-none-eabi/10.3.1/../../../../arm-none-eabi/lib/thumb/v7-m/nofp\libg_nano.a(lib_a-sprintf.o)
 .data          0x20000108        0x0 c:/program files (x86)/gnu arm embedded toolchain/10 2021.10/bin/../lib/gcc/arm-none-eabi/10.3.1/../../../../arm-none-eabi/lib/thumb/v7-m/nofp\libg_nano.a(lib_a-strcpy.o)
 .data          0x20000108        0x0 c:/program files (x86)/gnu arm embedded toolchain/10 2021.10/bin/../lib/gcc/arm-none-eabi/10.3.1/../../../../arm-none-eabi/lib/thumb/v7-m/nofp\libg_nano.a(lib_a-strlen.o)
 .data          0x20000108        0x0 c:/program files (x86)/gnu arm embedded toolchain/10 2021.10/bin/../lib/gcc/arm-none-eabi/10.3.1/../../../../arm-none-eabi/lib/thumb/v7-m/nofp\libg_nano.a(lib_a-strncpy.o)
 .data          0x20000108        0x0 c:/program files (x86)/gnu arm embedded toolchain/10 2021.10/bin/../lib/gcc/arm-none-eabi/10.3.1/../../../../arm-none-eabi/lib/thumb/v7-m/nofp\libg_nano.a(lib_a-impure.o)
 .data._impure_ptr
                0x20000108        0x4 c:/program files (x86)/gnu arm embedded toolchain/10 2021.10/bin/../lib/gcc/arm-none-eabi/10.3.1/../../../../arm-none-eabi/lib/thumb/v7-m/nofp\libg_nano.a(lib_a-impure.o)
                0x20000108                _impure_ptr
 .data.impure_data
                0x2000010c       0x60 c:/program files (x86)/gnu arm embedded toolchain/10 2021.10/bin/../lib/gcc/arm-none-eabi/10.3.1/../../../../arm-none-eabi/lib/thumb/v7-m/nofp\libg_nano.a(lib_a-impure.o)
 .data          0x2000016c        0x0 c:/program files (x86)/gnu arm embedded toolchain/10 2021.10/bin/../lib/gcc/arm-none-eabi/10.3.1/../../../../arm-none-eabi/lib/thumb/v7-m/nofp\libg_nano.a(lib_a-nano-svfprintf.o)
 .data          0x2000016c        0x0 c:/program files (x86)/gnu arm embedded toolchain/10 2021.10/bin/../lib/gcc/arm-none-eabi/10.3.1/../../../../arm-none-eabi/lib/thumb/v7-m/nofp\libg_nano.a(lib_a-nano-vfprintf_i.o)
 .data          0x2000016c        0x0 c:/program files (x86)/gnu arm embedded toolchain/10 2021.10/bin/../lib/gcc/arm-none-eabi/10.3.1/../../../../arm-none-eabi/lib/thumb/v7-m/nofp\libg_nano.a(lib_a-memchr-stub.o)
 .data          0x2000016c        0x0 c:/program files (x86)/gnu arm embedded toolchain/10 2021.10/bin/../lib/gcc/arm-none-eabi/10.3.1/../../../../arm-none-eabi/lib/thumb/v7-m/nofp\libg_nano.a(lib_a-memmove.o)
 .data          0x2000016c        0x0 c:/program files (x86)/gnu arm embedded toolchain/10 2021.10/bin/../lib/gcc/arm-none-eabi/10.3.1/../../../../arm-none-eabi/lib/thumb/v7-m/nofp\libg_nano.a(lib_a-nano-freer.o)
 .data          0x2000016c        0x0 c:/program files (x86)/gnu arm embedded toolchain/10 2021.10/bin/../lib/gcc/arm-none-eabi/10.3.1/../../../../arm-none-eabi/lib/thumb/v7-m/nofp\libg_nano.a(lib_a-nano-mallocr.o)
 .data          0x2000016c        0x0 c:/program files (x86)/gnu arm embedded toolchain/10 2021.10/bin/../lib/gcc/arm-none-eabi/10.3.1/../../../../arm-none-eabi/lib/thumb/v7-m/nofp\libg_nano.a(lib_a-nano-reallocr.o)
 .data          0x2000016c        0x0 c:/program files (x86)/gnu arm embedded toolchain/10 2021.10/bin/../lib/gcc/arm-none-eabi/10.3.1/../../../../arm-none-eabi/lib/thumb/v7-m/nofp\libg_nano.a(lib_a-mlock.o)
 .data          0x2000016c        0x0 c:/program files (x86)/gnu arm embedded toolchain/10 2021.10/bin/../lib/gcc/arm-none-eabi/10.3.1/../../../../arm-none-eabi/lib/thumb/v7-m/nofp\libg_nano.a(lib_a-nano-msizer.o)
 .data          0x2000016c        0x0 c:/program files (x86)/gnu arm embedded toolchain/10 2021.10/bin/../lib/gcc/arm-none-eabi/10.3.1/../../../../arm-none-eabi/lib/thumb/v7-m/nofp\libg_nano.a(lib_a-lock.o)
                0x2000016c                _edata = .

.igot.plt       0x2000016c        0x0 load address 0x00009d84
 .igot.plt      0x2000016c        0x0 ./LocalDemoFiles/osram128x64x4.o

.bss            0x2000016c     0xe4fd load address 0x00009d84
                0x2000016c                _bss = .
 *(.bss*)
 .bss           0x2000016c        0x0 ./LocalDemoFiles/osram128x64x4.o
 .bss.buffer    0x2000016c     0x1400 ./LocalDemoFiles/osram128x64x4.o
 .bss.g_bSSIEnabled
                0x2000156c        0x1 ./LocalDemoFiles/osram128x64x4.o
 *fill*         0x2000156d        0x3 
 .bss.pucZeroBuffer.5
                0x20001570        0x8 ./LocalDemoFiles/osram128x64x4.o
 .bss.pucBuffer.4
                0x20001578        0x8 ./LocalDemoFiles/osram128x64x4.o
 .bss.pucBuffer.3
                0x20001580        0x8 ./LocalDemoFiles/osram128x64x4.o
 .bss.pucBuffer.2
                0x20001588        0x8 ./LocalDemoFiles/osram128x64x4.o
 .bss.pucBuffer.1
                0x20001590        0x8 ./LocalDemoFiles/osram128x64x4.o
 .bss           0x20001598        0x0 ./LegacyDrivers/ustdlib.o
 .bss           0x20001598        0x0 ./FreeRTOS_Source/portable/MemMang/heap_4.o
 .bss.ucHeap    0x20001598     0xc800 ./FreeRTOS_Source/portable/MemMang/heap_4.o
 .bss.xStart    0x2000dd98        0x8 ./FreeRTOS_Source/portable/MemMang/heap_4.o
 .bss.pxEnd     0x2000dda0        0x4 ./FreeRTOS_Source/portable/MemMang/heap_4.o
 .bss.xFreeBytesRemaining
                0x2000dda4        0x4 ./FreeRTOS_Source/portable/MemMang/heap_4.o
 .bss.xMinimumEverFreeBytesRemaining
                0x2000dda8        0x4 ./FreeRTOS_Source/portable/MemMang/heap_4.o
 .bss.xNumberOfSuccessfulAllocations
                0x2000ddac        0x4 ./FreeRTOS_Source/portable/MemMang/heap_4.o
 .bss.xNumberOfSuccessfulFrees
                0x2000ddb0        0x4 ./FreeRTOS_Source/portable/MemMang/heap_4.o
 .bss           0x2000ddb4        0x0 ./FreeRTOS_Source/portable/GCC/ARM_CM3/port.o
 .bss.ucMaxSysCallPriority
                0x2000ddb4        0x1 ./FreeRTOS_Source/portable/GCC/ARM_CM3/port.o
 *fill*         0x2000ddb5        0x3 
 .bss.ulMaxPRIGROUPValue
                0x2000ddb8        0x4 ./FreeRTOS_Source/portable/GCC/ARM_CM3/port.o
 .bss           0x2000ddbc        0x0 ./FreeRTOS_Source/croutine.o
 .bss           0x2000ddbc        0x0 ./FreeRTOS_Source/event_groups.o
 .bss           0x2000ddbc        0x0 ./FreeRTOS_Source/list.o
 .bss           0x2000ddbc        0x0 ./FreeRTOS_Source/queue.o
 .bss.xQueueRegistry
                0x2000ddbc       0x50 ./FreeRTOS_Source/queue.o
                0x2000ddbc                xQueueRegistry
 .bss           0x2000de0c        0x0 ./FreeRTOS_Source/stream_buffer.o
 .bss           0x2000de0c        0x0 ./FreeRTOS_Source/tasks.o
 .bss.pxCurrentTCB
                0x2000de0c        0x4 ./FreeRTOS_Source/tasks.o
                0x2000de0c                pxCurrentTCB
 .bss.pxReadyTasksLists
                0x2000de10       0x78 ./FreeRTOS_Source/tasks.o
 .bss.xDelayedTaskList1
                0x2000de88       0x14 ./FreeRTOS_Source/tasks.o
 .bss.xDelayedTaskList2
                0x2000de9c       0x14 ./FreeRTOS_Source/tasks.o
 .bss.pxDelayedTaskList
                0x2000deb0        0x4 ./FreeRTOS_Source/tasks.o
 .bss.pxOverflowDelayedTaskList
                0x2000deb4        0x4 ./FreeRTOS_Source/tasks.o
 .bss.xPendingReadyList
                0x2000deb8       0x14 ./FreeRTOS_Source/tasks.o
 .bss.xTasksWaitingTermination
                0x2000decc       0x14 ./FreeRTOS_Source/tasks.o
 .bss.uxDeletedTasksWaitingCleanUp
                0x2000dee0        0x4 ./FreeRTOS_Source/tasks.o
 .bss.xSuspendedTaskList
                0x2000dee4       0x14 ./FreeRTOS_Source/tasks.o
 .bss.uxCurrentNumberOfTasks
                0x2000def8        0x4 ./FreeRTOS_Source/tasks.o
 .bss.xTickCount
                0x2000defc        0x4 ./FreeRTOS_Source/tasks.o
 .bss.uxTopReadyPriority
                0x2000df00        0x4 ./FreeRTOS_Source/tasks.o
 .bss.xSchedulerRunning
                0x2000df04        0x4 ./FreeRTOS_Source/tasks.o
 .bss.xPendedTicks
                0x2000df08        0x4 ./FreeRTOS_Source/tasks.o
 .bss.xYieldPending
                0x2000df0c        0x4 ./FreeRTOS_Source/tasks.o
 .bss.xNumOfOverflows
                0x2000df10        0x4 ./FreeRTOS_Source/tasks.o
 .bss.uxTaskNumber
                0x2000df14        0x4 ./FreeRTOS_Source/tasks.o
 .bss.xNextTaskUnblockTime
                0x2000df18        0x4 ./FreeRTOS_Source/tasks.o
 .bss.xIdleTaskHandle
                0x2000df1c        0x4 ./FreeRTOS_Source/tasks.o
 .bss.uxSchedulerSuspended
                0x2000df20        0x4 ./FreeRTOS_Source/tasks.o
 .bss           0x2000df24        0x0 ./FreeRTOS_Source/timers.o
 .bss.xActiveTimerList1
                0x2000df24       0x14 ./FreeRTOS_Source/timers.o
 .bss.xActiveTimerList2
                0x2000df38       0x14 ./FreeRTOS_Source/timers.o
 .bss.pxCurrentTimerList
                0x2000df4c        0x4 ./FreeRTOS_Source/timers.o
 .bss.pxOverflowTimerList
                0x2000df50        0x4 ./FreeRTOS_Source/timers.o
 .bss.xTimerQueue
                0x2000df54        0x4 ./FreeRTOS_Source/timers.o
 .bss.xTimerTaskHandle
                0x2000df58        0x4 ./FreeRTOS_Source/timers.o
 .bss.xLastTime.2
                0x2000df5c        0x4 ./FreeRTOS_Source/timers.o
 .bss.ucStaticTimerQueueStorage.1
                0x2000df60      0x140 ./FreeRTOS_Source/timers.o
 .bss.xStaticTimerQueue.0
                0x2000e0a0       0x54 ./FreeRTOS_Source/timers.o
 .bss           0x2000e0f4        0x0 ./main.o
 .bss.pcOverflowedTask
                0x2000e0f4        0x4 ./main.o
                0x2000e0f4                pcOverflowedTask
 .bss.xIdleTaskTCB.3
                0x2000e0f8       0x58 ./main.o
 .bss.uxIdleTaskStack.2
                0x2000e150      0x168 ./main.o
 .bss.xTimerTaskTCB.1
                0x2000e2b8       0x58 ./main.o
 .bss.uxTimerTaskStack.0
                0x2000e310      0x168 ./main.o
 .bss           0x2000e478        0x0 ./startup.o
 .bss.pulStack  0x2000e478      0x1e0 ./startup.o
 .bss           0x2000e658        0x0 C:\FreeRTOSv202212.01\FreeRTOS\Demo\Common\drivers\LuminaryMicro/arm-none-eabi-gcc/\libdriver.a(gpio.o)
 .bss           0x2000e658        0x0 C:\FreeRTOSv202212.01\FreeRTOS\Demo\Common\drivers\LuminaryMicro/arm-none-eabi-gcc/\libdriver.a(interrupt.o)
 .bss           0x2000e658        0x0 C:\FreeRTOSv202212.01\FreeRTOS\Demo\Common\drivers\LuminaryMicro/arm-none-eabi-gcc/\libdriver.a(ssi.o)
 .bss           0x2000e658        0x0 C:\FreeRTOSv202212.01\FreeRTOS\Demo\Common\drivers\LuminaryMicro/arm-none-eabi-gcc/\libdriver.a(sysctl.o)
 .bss           0x2000e658        0x0 C:\FreeRTOSv202212.01\FreeRTOS\Demo\Common\drivers\LuminaryMicro/arm-none-eabi-gcc/\libdriver.a(cpu.o)
 .bss           0x2000e658        0x0 c:/program files (x86)/gnu arm embedded toolchain/10 2021.10/bin/../lib/gcc/arm-none-eabi/10.3.1/../../../../arm-none-eabi/lib/thumb/v7-m/nofp\libg_nano.a(lib_a-memcpy-stub.o)
 .bss           0x2000e658        0x0 c:/program files (x86)/gnu arm embedded toolchain/10 2021.10/bin/../lib/gcc/arm-none-eabi/10.3.1/../../../../arm-none-eabi/lib/thumb/v7-m/nofp\libg_nano.a(lib_a-memset.o)
 .bss           0x2000e658        0x0 c:/program files (x86)/gnu arm embedded toolchain/10 2021.10/bin/../lib/gcc/arm-none-eabi/10.3.1/../../../../arm-none-eabi/lib/thumb/v7-m/nofp\libg_nano.a(lib_a-sprintf.o)
 .bss           0x2000e658        0x0 c:/program files (x86)/gnu arm embedded toolchain/10 2021.10/bin/../lib/gcc/arm-none-eabi/10.3.1/../../../../arm-none-eabi/lib/thumb/v7-m/nofp\libg_nano.a(lib_a-strcpy.o)
 .bss           0x2000e658        0x0 c:/program files (x86)/gnu arm embedded toolchain/10 2021.10/bin/../lib/gcc/arm-none-eabi/10.3.1/../../../../arm-none-eabi/lib/thumb/v7-m/nofp\libg_nano.a(lib_a-strlen.o)
 .bss           0x2000e658        0x0 c:/program files (x86)/gnu arm embedded toolchain/10 2021.10/bin/../lib/gcc/arm-none-eabi/10.3.1/../../../../arm-none-eabi/lib/thumb/v7-m/nofp\libg_nano.a(lib_a-strncpy.o)
 .bss           0x2000e658        0x0 c:/program files (x86)/gnu arm embedded toolchain/10 2021.10/bin/../lib/gcc/arm-none-eabi/10.3.1/../../../../arm-none-eabi/lib/thumb/v7-m/nofp\libg_nano.a(lib_a-impure.o)
 .bss           0x2000e658        0x0 c:/program files (x86)/gnu arm embedded toolchain/10 2021.10/bin/../lib/gcc/arm-none-eabi/10.3.1/../../../../arm-none-eabi/lib/thumb/v7-m/nofp\libg_nano.a(lib_a-nano-svfprintf.o)
 .bss           0x2000e658        0x0 c:/program files (x86)/gnu arm embedded toolchain/10 2021.10/bin/../lib/gcc/arm-none-eabi/10.3.1/../../../../arm-none-eabi/lib/thumb/v7-m/nofp\libg_nano.a(lib_a-nano-vfprintf_i.o)
 .bss           0x2000e658        0x0 c:/program files (x86)/gnu arm embedded toolchain/10 2021.10/bin/../lib/gcc/arm-none-eabi/10.3.1/../../../../arm-none-eabi/lib/thumb/v7-m/nofp\libg_nano.a(lib_a-memchr-stub.o)
 .bss           0x2000e658        0x0 c:/program files (x86)/gnu arm embedded toolchain/10 2021.10/bin/../lib/gcc/arm-none-eabi/10.3.1/../../../../arm-none-eabi/lib/thumb/v7-m/nofp\libg_nano.a(lib_a-memmove.o)
 .bss           0x2000e658        0x0 c:/program files (x86)/gnu arm embedded toolchain/10 2021.10/bin/../lib/gcc/arm-none-eabi/10.3.1/../../../../arm-none-eabi/lib/thumb/v7-m/nofp\libg_nano.a(lib_a-nano-freer.o)
 .bss           0x2000e658        0x0 c:/program files (x86)/gnu arm embedded toolchain/10 2021.10/bin/../lib/gcc/arm-none-eabi/10.3.1/../../../../arm-none-eabi/lib/thumb/v7-m/nofp\libg_nano.a(lib_a-nano-mallocr.o)
 .bss.__malloc_free_list
                0x2000e658        0x4 c:/program files (x86)/gnu arm embedded toolchain/10 2021.10/bin/../lib/gcc/arm-none-eabi/10.3.1/../../../../arm-none-eabi/lib/thumb/v7-m/nofp\libg_nano.a(lib_a-nano-mallocr.o)
                0x2000e658                __malloc_free_list
 .bss.__malloc_sbrk_start
                0x2000e65c        0x4 c:/program files (x86)/gnu arm embedded toolchain/10 2021.10/bin/../lib/gcc/arm-none-eabi/10.3.1/../../../../arm-none-eabi/lib/thumb/v7-m/nofp\libg_nano.a(lib_a-nano-mallocr.o)
                0x2000e65c                __malloc_sbrk_start
 .bss           0x2000e660        0x0 c:/program files (x86)/gnu arm embedded toolchain/10 2021.10/bin/../lib/gcc/arm-none-eabi/10.3.1/../../../../arm-none-eabi/lib/thumb/v7-m/nofp\libg_nano.a(lib_a-nano-reallocr.o)
 .bss           0x2000e660        0x0 c:/program files (x86)/gnu arm embedded toolchain/10 2021.10/bin/../lib/gcc/arm-none-eabi/10.3.1/../../../../arm-none-eabi/lib/thumb/v7-m/nofp\libg_nano.a(lib_a-mlock.o)
 .bss           0x2000e660        0x0 c:/program files (x86)/gnu arm embedded toolchain/10 2021.10/bin/../lib/gcc/arm-none-eabi/10.3.1/../../../../arm-none-eabi/lib/thumb/v7-m/nofp\libg_nano.a(lib_a-nano-msizer.o)
 .bss           0x2000e660        0x0 c:/program files (x86)/gnu arm embedded toolchain/10 2021.10/bin/../lib/gcc/arm-none-eabi/10.3.1/../../../../arm-none-eabi/lib/thumb/v7-m/nofp\libg_nano.a(lib_a-lock.o)