Archive member included to satisfy reference by file (symbol)

C:\FreeRTOSv202212.01\FreeRTOS\Demo\Common\drivers\LuminaryMicro/arm-none-eabi-gcc/\libdriver.a(gpio.o)
                              ./LocalDemoFiles/osram128x64x4.o (GPIODirModeSet)
C:\FreeRTOSv202212.01\FreeRTOS\Demo\Common\drivers\LuminaryMicro/arm-none-eabi-gcc/\libdriver.a(interrupt.o)
                              C:\FreeRTOSv202212.01\FreeRTOS\Demo\Common\drivers\LuminaryMicro/arm-none-eabi-gcc/\libdriver.a(gpio.o) (IntRegister)
C:\FreeRTOSv202212.01\FreeRTOS\Demo\Common\drivers\LuminaryMicro/arm-none-eabi-gcc/\libdriver.a(ssi.o)
                              ./LocalDemoFiles/osram128x64x4.o (SSIConfigSetExpClk)
C:\FreeRTOSv202212.01\FreeRTOS\Demo\Common\drivers\LuminaryMicro/arm-none-eabi-gcc/\libdriver.a(sysctl.o)
                              ./LocalDemoFiles/osram128x64x4.o (SysCtlPeripheralEnable)
C:\FreeRTOSv202212.01\FreeRTOS\Demo\Common\drivers\LuminaryMicro/arm-none-eabi-gcc/\libdriver.a(uart.o)
                              ./main.o (UARTEnable)
C:\FreeRTOSv202212.01\FreeRTOS\Demo\Common\drivers\LuminaryMicro/arm-none-eabi-gcc/\libdriver.a(cpu.o)
                              C:\FreeRTOSv202212.01\FreeRTOS\Demo\Common\drivers\LuminaryMicro/arm-none-eabi-gcc/\libdriver.a(interrupt.o) (CPUcpsid)
c:/program files (x86)/gnu arm embedded toolchain/10 2021.10/bin/../lib/gcc/arm-none-eabi/10.3.1/../../../../arm-none-eabi/lib/thumb/v7-m/nofp\libg_nano.a(lib_a-atoi.o)
                              ./LocalDemoFiles/serial.o (atoi)
c:/program files (x86)/gnu arm embedded toolchain/10 2021.10/bin/../lib/gcc/arm-none-eabi/10.3.1/../../../../arm-none-eabi/lib/thumb/v7-m/nofp\libg_nano.a(lib_a-ctype_.o)
                              ./LocalDemoFiles/serial.o (_ctype_)
c:/program files (x86)/gnu arm embedded toolchain/10 2021.10/bin/../lib/gcc/arm-none-eabi/10.3.1/../../../../arm-none-eabi/lib/thumb/v7-m/nofp\libg_nano.a(lib_a-memcpy-stub.o)
                              ./FreeRTOS_Source/queue.o (memcpy)
c:/program files (x86)/gnu arm embedded toolchain/10 2021.10/bin/../lib/gcc/arm-none-eabi/10.3.1/../../../../arm-none-eabi/lib/thumb/v7-m/nofp\libg_nano.a(lib_a-memset.o)
                              ./FreeRTOS_Source/portable/MemMang/heap_4.o (memset)
c:/program files (x86)/gnu arm embedded toolchain/10 2021.10/bin/../lib/gcc/arm-none-eabi/10.3.1/../../../../arm-none-eabi/lib/thumb/v7-m/nofp\libg_nano.a(lib_a-sprintf.o)
                              ./LocalDemoFiles/display.o (sprintf)
c:/program files (x86)/gnu arm embedded toolchain/10 2021.10/bin/../lib/gcc/arm-none-eabi/10.3.1/../../../../arm-none-eabi/lib/thumb/v7-m/nofp\libg_nano.a(lib_a-strcmp.o)
                              ./LocalDemoFiles/worker.o (strcmp)
c:/program files (x86)/gnu arm embedded toolchain/10 2021.10/bin/../lib/gcc/arm-none-eabi/10.3.1/../../../../arm-none-eabi/lib/thumb/v7-m/nofp\libg_nano.a(lib_a-strcpy.o)
                              ./FreeRTOS_Source/tasks.o (strcpy)
c:/program files (x86)/gnu arm embedded toolchain/10 2021.10/bin/../lib/gcc/arm-none-eabi/10.3.1/../../../../arm-none-eabi/lib/thumb/v7-m/nofp\libg_nano.a(lib_a-strlen.o)
                              ./FreeRTOS_Source/tasks.o (strlen)
c:/program files (x86)/gnu arm embedded toolchain/10 2021.10/bin/../lib/gcc/arm-none-eabi/10.3.1/../../../../arm-none-eabi/lib/thumb/v7-m/nofp\libg_nano.a(lib_a-strncpy.o)
                              ./LegacyDrivers/ustdlib.o (strncpy)
c:/program files (x86)/gnu arm embedded toolchain/10 2021.10/bin/../lib/gcc/arm-none-eabi/10.3.1/../../../../arm-none-eabi/lib/thumb/v7-m/nofp\libg_nano.a(lib_a-strtol.o)
                              c:/program files (x86)/gnu arm embedded toolchain/10 2021.10/bin/../lib/gcc/arm-none-eabi/10.3.1/../../../../arm-none-eabi/lib/thumb/v7-m/nofp\libg_nano.a(lib_a-atoi.o) (_strtol_r)
c:/program files (x86)/gnu arm embedded toolchain/10 2021.10/bin/../lib/gcc/arm-none-eabi/10.3.1/../../../../arm-none-eabi/lib/thumb/v7-m/nofp\libg_nano.a(lib_a-errno.o)
                              c:/program files (x86)/gnu arm embedded toolchain/10 2021.10/bin/../lib/gcc/arm-none-eabi/10.3.1/../../../../arm-none-eabi/lib/thumb/v7-m/nofp\libg_nano.a(lib_a-strtol.o) (__errno)
c:/program files (x86)/gnu arm embedded toolchain/10 2021.10/bin/../lib/gcc/arm-none-eabi/10.3.1/../../../../arm-none-eabi/lib/thumb/v7-m/nofp\libg_nano.a(lib_a-impure.o)
                              c:/program files (x86)/gnu arm embedded toolchain/10 2021.10/bin/../lib/gcc/arm-none-eabi/10.3.1/../../../../arm-none-eabi/lib/thumb/v7-m/nofp\libg_nano.a(lib_a-sprintf.o) (_impure_ptr)
c:/program files (x86)/gnu arm embedded toolchain/10 2021.10/bin/../lib/gcc/arm-none-eabi/10.3.1/../../../../arm-none-eabi/lib/thumb/v7-m/nofp\libg_nano.a(lib_a-nano-svfprintf.o)
                              c:/program files (x86)/gnu arm embedded toolchain/10 2021.10/bin/../lib/gcc/arm-none-eabi/10.3.1/../../../../arm-none-eabi/lib/thumb/v7-m/nofp\libg_nano.a(lib_a-sprintf.o) (_svfprintf_r)
[...]
Memory Configuration

Name             Origin             Length             Attributes
FLASH            0x00000000         0x00040000         xr
SRAM             0x20000000         0x00010000         xrw
*default*        0x00000000         0xffffffff

Linker script and memory map

LOAD ./LocalDemoFiles/display.o
LOAD ./LocalDemoFiles/globals.o
LOAD ./LocalDemoFiles/osram128x64x4.o
LOAD ./LocalDemoFiles/serial.o
LOAD ./LocalDemoFiles/worker.o
LOAD ./LegacyDrivers/ustdlib.o
LOAD ./FreeRTOS_Source/portable/MemMang/heap_4.o
LOAD ./FreeRTOS_Source/portable/GCC/ARM_CM3/port.o
LOAD ./FreeRTOS_Source/croutine.o
LOAD ./FreeRTOS_Source/event_groups.o
LOAD ./FreeRTOS_Source/list.o
LOAD ./FreeRTOS_Source/queue.o
LOAD ./FreeRTOS_Source/stream_buffer.o
LOAD ./FreeRTOS_Source/tasks.o
LOAD ./FreeRTOS_Source/timers.o
LOAD ./main.o
LOAD ./startup.o
LOAD C:\FreeRTOSv202212.01\FreeRTOS\Demo\Common\drivers\LuminaryMicro/arm-none-eabi-gcc/\libdriver.a
LOAD C:\FreeRTOSv202212.01\FreeRTOS\Demo\Common\drivers\LuminaryMicro/arm-none-eabi-gcc/\libgr.a
START GROUP
LOAD c:/program files (x86)/gnu arm embedded toolchain/10 2021.10/bin/../lib/gcc/arm-none-eabi/10.3.1/thumb/v7-m/nofp\libgcc.a
LOAD c:/program files (x86)/gnu arm embedded toolchain/10 2021.10/bin/../lib/gcc/arm-none-eabi/10.3.1/../../../../arm-none-eabi/lib/thumb/v7-m/nofp\libg_nano.a
LOAD c:/program files (x86)/gnu arm embedded toolchain/10 2021.10/bin/../lib/gcc/arm-none-eabi/10.3.1/../../../../arm-none-eabi/lib/thumb/v7-m/nofp\libc_nano.a
END GROUP
START GROUP
LOAD c:/program files (x86)/gnu arm embedded toolchain/10 2021.10/bin/../lib/gcc/arm-none-eabi/10.3.1/thumb/v7-m/nofp\libgcc.a
LOAD c:/program files (x86)/gnu arm embedded toolchain/10 2021.10/bin/../lib/gcc/arm-none-eabi/10.3.1/../../../../arm-none-eabi/lib/thumb/v7-m/nofp\libc_nano.a
END GROUP

.text           0x00000000     0xa75b
 *(.isr_vector)
 .isr_vector    0x00000000       0xf0 ./startup.o
                0x00000000                g_pfnVectors
 *(.text*)
 .text          0x000000f0        0x0 ./LocalDemoFiles/display.o
 .text.printScreanType
                0x000000f0       0x7c ./LocalDemoFiles/display.o
                0x000000f0                printScreanType
 .text.printMouse
                0x0000016c       0x24 ./LocalDemoFiles/display.o
                0x0000016c                printMouse
 .text.printMenu
                0x00000190       0x7c ./LocalDemoFiles/display.o
                0x00000190                printMenu
 .text.printWorkers
                0x0000020c      0x14c ./LocalDemoFiles/display.o
                0x0000020c                printWorkers
 .text          0x00000358        0x0 ./LocalDemoFiles/globals.o
 .text          0x00000358        0x0 ./LocalDemoFiles/osram128x64x4.o
 .text.OSRAMWriteCommand
                0x00000358       0x60 ./LocalDemoFiles/osram128x64x4.o
 .text.OSRAMWriteData
                0x000003b8       0x60 ./LocalDemoFiles/osram128x64x4.o
 .text.OSRAM128x64x4Clear
                0x00000418       0x64 ./LocalDemoFiles/osram128x64x4.o
                0x00000418                OSRAM128x64x4Clear
 .text.OSRAM128x64x4StringDraw
                0x0000047c      0x1c8 ./LocalDemoFiles/osram128x64x4.o
                0x0000047c                OSRAM128x64x4StringDraw
 .text.OSRAM128x64x4ImageDraw
                0x00000644      0x118 ./LocalDemoFiles/osram128x64x4.o
                0x00000644                OSRAM128x64x4ImageDraw
 .text.OSRAM128x64x4PixelDraw
                0x0000075c       0xc8 ./LocalDemoFiles/osram128x64x4.o
                0x0000075c                OSRAM128x64x4PixelDraw
 .text.OSRAM128x64x4RectangleDraw
                0x00000824      0x19c ./LocalDemoFiles/osram128x64x4.o
                0x00000824                OSRAM128x64x4RectangleDraw
 .text.OSRAM128x64x4Enable
                0x000009c0       0x70 ./LocalDemoFiles/osram128x64x4.o
                0x000009c0                OSRAM128x64x4Enable
 .text.OSRAM128x64x4Disable
                0x00000a30       0x5c ./LocalDemoFiles/osram128x64x4.o
                0x00000a30                OSRAM128x64x4Disable
 .text.OSRAM128x64x4Init
                0x00000a8c       0xd8 ./LocalDemoFiles/osram128x64x4.o
                0x00000a8c                OSRAM128x64x4Init
 .text.OSRAM128x64x4DisplayOn
                0x00000b64       0x4c ./LocalDemoFiles/osram128x64x4.o
                0x00000b64                OSRAM128x64x4DisplayOn
 .text.OSRAM128x64x4DisplayOff
                0x00000bb0       0x14 ./LocalDemoFiles/osram128x64x4.o
                0x00000bb0                OSRAM128x64x4DisplayOff
 .text.OSRAM128x64x4SwapBuffer
                0x00000bc4       0x4c ./LocalDemoFiles/osram128x64x4.o
                0x00000bc4                OSRAM128x64x4SwapBuffer
 .text          0x00000c10        0x0 ./LocalDemoFiles/serial.o
 .text.cleanSerial
                0x00000c10       0x58 ./LocalDemoFiles/serial.o
                0x00000c10                cleanSerial
 .text.writeToSerialBuffer
                0x00000c68       0x48 ./LocalDemoFiles/serial.o
                0x00000c68                writeToSerialBuffer
 .text.defaultSerial
                0x00000cb0      0x118 ./LocalDemoFiles/serial.o
                0x00000cb0                defaultSerial
 .text.getSpecialKey
                0x00000dc8       0xe0 ./LocalDemoFiles/serial.o
                0x00000dc8                getSpecialKey
 .text.moveMouse
                0x00000ea8       0x98 ./LocalDemoFiles/serial.o
                0x00000ea8                moveMouse
 .text.interactWorkers
                0x00000f40      0x1bc ./LocalDemoFiles/serial.o
                0x00000f40                interactWorkers
 .text.interactMenu
                0x000010fc       0xb4 ./LocalDemoFiles/serial.o
                0x000010fc                interactMenu
 .text          0x000011b0        0x0 ./LocalDemoFiles/worker.o
 .text.WorkerTask
                0x000011b0       0xf8 ./LocalDemoFiles/worker.o
                0x000011b0                WorkerTask
 .text.initWorkers
                0x000012a8       0x78 ./LocalDemoFiles/worker.o
                0x000012a8                initWorkers
 .text.stopWorkers
                0x00001320       0x60 ./LocalDemoFiles/worker.o
                0x00001320                stopWorkers
 .text          0x00001380        0x0 ./LegacyDrivers/ustdlib.o
 .text.uvsnprintf
                0x00001380      0x3d0 ./LegacyDrivers/ustdlib.o
                0x00001380                uvsnprintf
 .text.usprintf
                0x00001750       0x30 ./LegacyDrivers/ustdlib.o
                0x00001750                usprintf
 .text.usnprintf
                0x00001780       0x30 ./LegacyDrivers/ustdlib.o
                0x00001780                usnprintf
 .text          0x000017b0        0x0 ./FreeRTOS_Source/portable/MemMang/heap_4.o
 .text.pvPortMalloc
                0x000017b0      0x15c ./FreeRTOS_Source/portable/MemMang/heap_4.o
                0x000017b0                pvPortMalloc
 .text.vPortFree
                0x0000190c       0xa4 ./FreeRTOS_Source/portable/MemMang/heap_4.o
                0x0000190c                vPortFree
 .text.xPortGetFreeHeapSize
                0x000019b0       0x14 ./FreeRTOS_Source/portable/MemMang/heap_4.o
                0x000019b0                xPortGetFreeHeapSize
 .text.xPortGetMinimumEverFreeHeapSize
                0x000019c4       0x14 ./FreeRTOS_Source/portable/MemMang/heap_4.o
                0x000019c4                xPortGetMinimumEverFreeHeapSize
 .text.vPortInitialiseBlocks
                0x000019d8        0xc ./FreeRTOS_Source/portable/MemMang/heap_4.o
                0x000019d8                vPortInitialiseBlocks
 .text.pvPortCalloc
                0x000019e4       0x60 ./FreeRTOS_Source/portable/MemMang/heap_4.o
                0x000019e4                pvPortCalloc
 .text.prvHeapInit
                0x00001a44       0xb8 ./FreeRTOS_Source/portable/MemMang/heap_4.o
 .text.prvInsertBlockIntoFreeList
                0x00001afc       0xb0 ./FreeRTOS_Source/portable/MemMang/heap_4.o
 .text.vPortGetHeapStats
                0x00001bac       0xbc ./FreeRTOS_Source/portable/MemMang/heap_4.o
                0x00001bac                vPortGetHeapStats
 .text          0x00001c68        0x0 ./FreeRTOS_Source/portable/GCC/ARM_CM3/port.o
 .text.pxPortInitialiseStack
                0x00001c68       0x58 ./FreeRTOS_Source/portable/GCC/ARM_CM3/port.o
                0x00001c68                pxPortInitialiseStack
 .text.prvTaskExitError
                0x00001cc0       0x4c ./FreeRTOS_Source/portable/GCC/ARM_CM3/port.o
 *fill*         0x00001d0c        0x4 
 .text.vPortSVCHandler
                0x00001d10       0x28 ./FreeRTOS_Source/portable/GCC/ARM_CM3/port.o
                0x00001d10                vPortSVCHandler
 .text.prvPortStartFirstTask
                0x00001d38       0x24 ./FreeRTOS_Source/portable/GCC/ARM_CM3/port.o
 .text.xPortStartScheduler
                0x00001d5c       0xc0 ./FreeRTOS_Source/portable/GCC/ARM_CM3/port.o
                0x00001d5c                xPortStartScheduler
 .text.vPortEndScheduler
                0x00001e1c       0x24 ./FreeRTOS_Source/portable/GCC/ARM_CM3/port.o
                0x00001e1c                vPortEndScheduler
 .text.vPortEnterCritical
                0x00001e40       0x54 ./FreeRTOS_Source/portable/GCC/ARM_CM3/port.o
                0x00001e40                vPortEnterCritical
 .text.vPortExitCritical
                0x00001e94       0x48 ./FreeRTOS_Source/portable/GCC/ARM_CM3/port.o
                0x00001e94                vPortExitCritical
 *fill*         0x00001edc        0x4 
 .text.xPortPendSVHandler
                0x00001ee0       0x48 ./FreeRTOS_Source/portable/GCC/ARM_CM3/port.o
                0x00001ee0                xPortPendSVHandler
 .text.xPortSysTickHandler
                0x00001f28       0x44 ./FreeRTOS_Source/portable/GCC/ARM_CM3/port.o
                0x00001f28                xPortSysTickHandler
 .text.vPortSetupTimerInterrupt
                0x00001f6c       0x34 ./FreeRTOS_Source/portable/GCC/ARM_CM3/port.o
                0x00001f6c                vPortSetupTimerInterrupt
 .text.vPortValidateInterruptPriority
                0x00001fa0       0x68 ./FreeRTOS_Source/portable/GCC/ARM_CM3/port.o
                0x00001fa0                vPortValidateInterruptPriority
 .text          0x00002008        0x0 ./FreeRTOS_Source/croutine.o
 .text          0x00002008        0x0 ./FreeRTOS_Source/event_groups.o
 .text.xEventGroupCreate
                0x00002008       0x2e ./FreeRTOS_Source/event_groups.o
                0x00002008                xEventGroupCreate
 *fill*         0x00002036        0x2 
 .text.xEventGroupSync
                0x00002038      0x138 ./FreeRTOS_Source/event_groups.o
                0x00002038                xEventGroupSync
 .text.xEventGroupWaitBits
                0x00002170      0x170 ./FreeRTOS_Source/event_groups.o
                0x00002170                xEventGroupWaitBits
 .text.xEventGroupClearBits
                0x000022e0       0x5c ./FreeRTOS_Source/event_groups.o
                0x000022e0                xEventGroupClearBits
 .text.xEventGroupClearBitsFromISR
                0x0000233c       0x28 ./FreeRTOS_Source/event_groups.o
                0x0000233c                xEventGroupClearBitsFromISR
 .text.xEventGroupGetBitsFromISR
                0x00002364       0x46 ./FreeRTOS_Source/event_groups.o
                0x00002364                xEventGroupGetBitsFromISR
 *fill*         0x000023aa        0x2 
 .text.xEventGroupSetBits
                0x000023ac      0x104 ./FreeRTOS_Source/event_groups.o
                0x000023ac                xEventGroupSetBits
 .text.vEventGroupDelete
                0x000024b0       0x6c ./FreeRTOS_Source/event_groups.o
                0x000024b0                vEventGroupDelete
 .text.vEventGroupSetBitsCallback
                0x0000251c       0x1a ./FreeRTOS_Source/event_groups.o
                0x0000251c                vEventGroupSetBitsCallback
 .text.vEventGroupClearBitsCallback
                0x00002536       0x1a ./FreeRTOS_Source/event_groups.o
                0x00002536                vEventGroupClearBitsCallback
 .text.prvTestWaitCondition
                0x00002550       0x42 ./FreeRTOS_Source/event_groups.o
 *fill*         0x00002592        0x2 
 .text.xEventGroupSetBitsFromISR
                0x00002594       0x28 ./FreeRTOS_Source/event_groups.o
                0x00002594                xEventGroupSetBitsFromISR
 .text.uxEventGroupGetNumber
                0x000025bc       0x2a ./FreeRTOS_Source/event_groups.o
                0x000025bc                uxEventGroupGetNumber
 .text.vEventGroupSetNumber
                0x000025e6       0x1a ./FreeRTOS_Source/event_groups.o
                0x000025e6                vEventGroupSetNumber
 .text          0x00002600        0x0 ./FreeRTOS_Source/list.o
 .text.vListInitialise
                0x00002600       0x3e ./FreeRTOS_Source/list.o
                0x00002600                vListInitialise
 .text.vListInitialiseItem
                0x0000263e       0x18 ./FreeRTOS_Source/list.o
                0x0000263e                vListInitialiseItem
 .text.vListInsertEnd
                0x00002656       0x46 ./FreeRTOS_Source/list.o
                0x00002656                vListInsertEnd
 .text.vListInsert
                0x0000269c       0x70 ./FreeRTOS_Source/list.o
                0x0000269c                vListInsert
 .text.uxListRemove
                0x0000270c       0x52 ./FreeRTOS_Source/list.o
                0x0000270c                uxListRemove
 .text          0x0000275e        0x0 ./FreeRTOS_Source/queue.o
 *fill*         0x0000275e        0x2 
 .text.xQueueGenericReset
                0x00002760      0x10c ./FreeRTOS_Source/queue.o
                0x00002760                xQueueGenericReset
 .text.xQueueGenericCreate
                0x0000286c       0x94 ./FreeRTOS_Source/queue.o
                0x0000286c                xQueueGenericCreate
 .text.prvInitialiseNewQueue
                0x00002900       0x4c ./FreeRTOS_Source/queue.o
 .text.prvInitialiseMutex
                0x0000294c       0x34 ./FreeRTOS_Source/queue.o
 .text.xQueueCreateMutex
                0x00002980       0x30 ./FreeRTOS_Source/queue.o
                0x00002980                xQueueCreateMutex
 .text.xQueueGetMutexHolder
                0x000029b0       0x48 ./FreeRTOS_Source/queue.o
                0x000029b0                xQueueGetMutexHolder
 .text.xQueueGetMutexHolderFromISR
                0x000029f8       0x3c ./FreeRTOS_Source/queue.o
                0x000029f8                xQueueGetMutexHolderFromISR
 .text.xQueueGiveMutexRecursive
                0x00002a34       0x60 ./FreeRTOS_Source/queue.o
                0x00002a34                xQueueGiveMutexRecursive
 .text.xQueueTakeMutexRecursive
                0x00002a94       0x64 ./FreeRTOS_Source/queue.o
                0x00002a94                xQueueTakeMutexRecursive
 .text.xQueueCreateCountingSemaphore
                0x00002af8       0x54 ./FreeRTOS_Source/queue.o
                0x00002af8                xQueueCreateCountingSemaphore
 .text.xQueueGenericSend
                0x00002b4c      0x208 ./FreeRTOS_Source/queue.o
                0x00002b4c                xQueueGenericSend
 .text.xQueueGenericSendFromISR
                0x00002d54      0x168 ./FreeRTOS_Source/queue.o
                0x00002d54                xQueueGenericSendFromISR
 .text.xQueueGiveFromISR
                0x00002ebc      0x13c ./FreeRTOS_Source/queue.o
                0x00002ebc                xQueueGiveFromISR
 .text.xQueueReceive
                0x00002ff8      0x1a0 ./FreeRTOS_Source/queue.o
                0x00002ff8                xQueueReceive
 .text.xQueueSemaphoreTake
                0x00003198      0x1dc ./FreeRTOS_Source/queue.o
                0x00003198                xQueueSemaphoreTake
 .text.xQueuePeek
                0x00003374      0x1a4 ./FreeRTOS_Source/queue.o
                0x00003374                xQueuePeek
 .text.xQueueReceiveFromISR
                0x00003518      0x110 ./FreeRTOS_Source/queue.o
                0x00003518                xQueueReceiveFromISR
 .text.xQueuePeekFromISR
                0x00003628       0xb4 ./FreeRTOS_Source/queue.o
                0x00003628                xQueuePeekFromISR
 .text.uxQueueMessagesWaiting
                0x000036dc       0x34 ./FreeRTOS_Source/queue.o
                0x000036dc                uxQueueMessagesWaiting
 .text.uxQueueSpacesAvailable
                0x00003710       0x40 ./FreeRTOS_Source/queue.o
                0x00003710                uxQueueSpacesAvailable
 .text.uxQueueMessagesWaitingFromISR
                0x00003750       0x30 ./FreeRTOS_Source/queue.o
                0x00003750                uxQueueMessagesWaitingFromISR
 .text.vQueueDelete
                0x00003780       0x34 ./FreeRTOS_Source/queue.o
                0x00003780                vQueueDelete
 .text.uxQueueGetQueueNumber
                0x000037b4       0x16 ./FreeRTOS_Source/queue.o
                0x000037b4                uxQueueGetQueueNumber
 .text.vQueueSetQueueNumber
                0x000037ca       0x1a ./FreeRTOS_Source/queue.o
                0x000037ca                vQueueSetQueueNumber
 .text.ucQueueGetQueueType
                0x000037e4       0x18 ./FreeRTOS_Source/queue.o
                0x000037e4                ucQueueGetQueueType
 .text.prvGetDisinheritPriorityAfterTimeout
                0x000037fc       0x2e ./FreeRTOS_Source/queue.o
 .text.prvCopyDataToQueue
                0x0000382a       0xd4 ./FreeRTOS_Source/queue.o
 .text.prvCopyDataFromQueue
                0x000038fe       0x4c ./FreeRTOS_Source/queue.o
 .text.prvUnlockQueue
                0x0000394a       0xbe ./FreeRTOS_Source/queue.o
 .text.prvIsQueueEmpty
                0x00003a08       0x2c ./FreeRTOS_Source/queue.o
 .text.xQueueIsQueueEmptyFromISR
                0x00003a34       0x3c ./FreeRTOS_Source/queue.o
                0x00003a34                xQueueIsQueueEmptyFromISR
 .text.prvIsQueueFull
                0x00003a70       0x30 ./FreeRTOS_Source/queue.o
 .text.xQueueIsQueueFullFromISR
                0x00003aa0       0x40 ./FreeRTOS_Source/queue.o
                0x00003aa0                xQueueIsQueueFullFromISR
 .text.vQueueAddToRegistry
                0x00003ae0       0x90 ./FreeRTOS_Source/queue.o
                0x00003ae0                vQueueAddToRegistry
 .text.pcQueueGetName
                0x00003b70       0x5c ./FreeRTOS_Source/queue.o
                0x00003b70                pcQueueGetName
 .text.vQueueUnregisterQueue
                0x00003bcc       0x64 ./FreeRTOS_Source/queue.o
                0x00003bcc                vQueueUnregisterQueue
 .text.vQueueWaitForMessageRestricted
                0x00003c30       0x68 ./FreeRTOS_Source/queue.o
                0x00003c30                vQueueWaitForMessageRestricted
 .text.xQueueCreateSet
                0x00003c98       0x1e ./FreeRTOS_Source/queue.o
                0x00003c98                xQueueCreateSet
 .text.xQueueAddToSet
                0x00003cb6       0x42 ./FreeRTOS_Source/queue.o
                0x00003cb6                xQueueAddToSet
 .text.xQueueRemoveFromSet
                0x00003cf8       0x48 ./FreeRTOS_Source/queue.o
                0x00003cf8                xQueueRemoveFromSet
 .text.xQueueSelectFromSet
                0x00003d40       0x26 ./FreeRTOS_Source/queue.o
                0x00003d40                xQueueSelectFromSet
 .text.xQueueSelectFromSetFromISR
                0x00003d66       0x24 ./FreeRTOS_Source/queue.o
                0x00003d66                xQueueSelectFromSetFromISR
 *fill*         0x00003d8a        0x2 
 .text.prvNotifyQueueSetContainer
                0x00003d8c       0xc0 ./FreeRTOS_Source/queue.o
 .text          0x00003e4c        0x0 ./FreeRTOS_Source/stream_buffer.o
 .text.xStreamBufferGenericCreate
                0x00003e4c       0xac ./FreeRTOS_Source/stream_buffer.o
                0x00003e4c                xStreamBufferGenericCreate
 .text.vStreamBufferDelete
                0x00003ef8       0x48 ./FreeRTOS_Source/stream_buffer.o
                0x00003ef8                vStreamBufferDelete
 .text.xStreamBufferReset
                0x00003f40       0x84 ./FreeRTOS_Source/stream_buffer.o
                0x00003f40                xStreamBufferReset
 .text.xStreamBufferSetTriggerLevel
                0x00003fc4       0x50 ./FreeRTOS_Source/stream_buffer.o
                0x00003fc4                xStreamBufferSetTriggerLevel
 .text.xStreamBufferSpacesAvailable
                0x00004014       0x6c ./FreeRTOS_Source/stream_buffer.o
                0x00004014                xStreamBufferSpacesAvailable
 .text.xStreamBufferBytesAvailable
                0x00004080       0x34 ./FreeRTOS_Source/stream_buffer.o
                0x00004080                xStreamBufferBytesAvailable
 .text.xStreamBufferSend
                0x000040b4      0x170 ./FreeRTOS_Source/stream_buffer.o
                0x000040b4                xStreamBufferSend
 .text.xStreamBufferSendFromISR
                0x00004224       0xd4 ./FreeRTOS_Source/stream_buffer.o
                0x00004224                xStreamBufferSendFromISR
 .text.prvWriteMessageToBuffer
                0x000042f8       0x88 ./FreeRTOS_Source/stream_buffer.o
 .text.xStreamBufferReceive
                0x00004380      0x110 ./FreeRTOS_Source/stream_buffer.o
                0x00004380                xStreamBufferReceive
 .text.xStreamBufferNextMessageLengthBytes
                0x00004490       0x74 ./FreeRTOS_Source/stream_buffer.o
                0x00004490                xStreamBufferNextMessageLengthBytes
 .text.xStreamBufferReceiveFromISR
                0x00004504       0xcc ./FreeRTOS_Source/stream_buffer.o
                0x00004504                xStreamBufferReceiveFromISR
 .text.prvReadMessageFromBuffer
                0x000045d0       0x7a ./FreeRTOS_Source/stream_buffer.o
 *fill*         0x0000464a        0x2 
 .text.xStreamBufferIsEmpty
                0x0000464c       0x44 ./FreeRTOS_Source/stream_buffer.o
                0x0000464c                xStreamBufferIsEmpty
 .text.xStreamBufferIsFull
                0x00004690       0x58 ./FreeRTOS_Source/stream_buffer.o
                0x00004690                xStreamBufferIsFull
 .text.xStreamBufferSendCompletedFromISR
                0x000046e8       0x84 ./FreeRTOS_Source/stream_buffer.o
                0x000046e8                xStreamBufferSendCompletedFromISR
 .text.xStreamBufferReceiveCompletedFromISR
                0x0000476c       0x84 ./FreeRTOS_Source/stream_buffer.o
                0x0000476c                xStreamBufferReceiveCompletedFromISR
 .text.prvWriteBytesToBuffer
                0x000047f0       0xbc ./FreeRTOS_Source/stream_buffer.o
 .text.prvReadBytesFromBuffer
                0x000048ac       0xb4 ./FreeRTOS_Source/stream_buffer.o
 .text.prvBytesInBuffer
                0x00004960       0x3e ./FreeRTOS_Source/stream_buffer.o
 *fill*         0x0000499e        0x2 
 .text.prvInitialiseNewStreamBuffer
                0x000049a0       0x60 ./FreeRTOS_Source/stream_buffer.o
 .text.uxStreamBufferGetStreamBufferNumber
                0x00004a00       0x16 ./FreeRTOS_Source/stream_buffer.o
                0x00004a00                uxStreamBufferGetStreamBufferNumber
 .text.vStreamBufferSetStreamBufferNumber
                0x00004a16       0x1a ./FreeRTOS_Source/stream_buffer.o
                0x00004a16                vStreamBufferSetStreamBufferNumber
 .text.ucStreamBufferGetStreamBufferType
                0x00004a30       0x1c ./FreeRTOS_Source/stream_buffer.o
                0x00004a30                ucStreamBufferGetStreamBufferType
 .text          0x00004a4c        0x0 ./FreeRTOS_Source/tasks.o
 .text.xTaskCreate
                0x00004a4c       0x8c ./FreeRTOS_Source/tasks.o
                0x00004a4c                xTaskCreate
 .text.prvInitialiseNewTask
                0x00004ad8      0x10c ./FreeRTOS_Source/tasks.o
 .text.prvAddNewTaskToReadyList
                0x00004be4      0x12c ./FreeRTOS_Source/tasks.o
 .text.vTaskDelete
                0x00004d10      0x120 ./FreeRTOS_Source/tasks.o
                0x00004d10                vTaskDelete
 .text.xTaskDelayUntil
                0x00004e30       0xdc ./FreeRTOS_Source/tasks.o
                0x00004e30                xTaskDelayUntil
 .text.vTaskDelay
                0x00004f0c       0x60 ./FreeRTOS_Source/tasks.o
                0x00004f0c                vTaskDelay
 .text.eTaskGetState
                0x00004f6c       0xdc ./FreeRTOS_Source/tasks.o
                0x00004f6c                eTaskGetState
 .text.uxTaskPriorityGet
                0x00005048       0x34 ./FreeRTOS_Source/tasks.o
                0x00005048                uxTaskPriorityGet
 .text.uxTaskPriorityGetFromISR
                0x0000507c       0x58 ./FreeRTOS_Source/tasks.o
                0x0000507c                uxTaskPriorityGetFromISR
 .text.vTaskPrioritySet
                0x000050d4      0x19c ./FreeRTOS_Source/tasks.o
                0x000050d4                vTaskPrioritySet
 .text.vTaskSuspend
                0x00005270      0x138 ./FreeRTOS_Source/tasks.o
                0x00005270                vTaskSuspend
 .text.prvTaskIsTaskSuspended
                0x000053a8       0x58 ./FreeRTOS_Source/tasks.o
 .text.vTaskResume
                0x00005400      0x104 ./FreeRTOS_Source/tasks.o
                0x00005400                vTaskResume
 .text.xTaskResumeFromISR
                0x00005504      0x134 ./FreeRTOS_Source/tasks.o
                0x00005504                xTaskResumeFromISR
 .text.vTaskStartScheduler
                0x00005638       0x9c ./FreeRTOS_Source/tasks.o
                0x00005638                vTaskStartScheduler
 .text.vTaskEndScheduler
                0x000056d4       0x30 ./FreeRTOS_Source/tasks.o
                0x000056d4                vTaskEndScheduler
 .text.vTaskSuspendAll
                0x00005704       0x1c ./FreeRTOS_Source/tasks.o
                0x00005704                vTaskSuspendAll
 .text.xTaskResumeAll
                0x00005720      0x1f0 ./FreeRTOS_Source/tasks.o
                0x00005720                xTaskResumeAll
 .text.xTaskGetTickCount
                0x00005910       0x1c ./FreeRTOS_Source/tasks.o
                0x00005910                xTaskGetTickCount
 .text.xTaskGetTickCountFromISR
                0x0000592c       0x24 ./FreeRTOS_Source/tasks.o
                0x0000592c                xTaskGetTickCountFromISR
 .text.uxTaskGetNumberOfTasks
                0x00005950       0x14 ./FreeRTOS_Source/tasks.o
                0x00005950                uxTaskGetNumberOfTasks
 .text.pcTaskGetName
                0x00005964       0x3c ./FreeRTOS_Source/tasks.o
                0x00005964                pcTaskGetName
 .text.uxTaskGetSystemState
                0x000059a0      0x11c ./FreeRTOS_Source/tasks.o
                0x000059a0                uxTaskGetSystemState
 .text.xTaskGetIdleTaskHandle
                0x00005abc       0x28 ./FreeRTOS_Source/tasks.o
                0x00005abc                xTaskGetIdleTaskHandle
 .text.xTaskCatchUpTicks
                0x00005ae4       0x50 ./FreeRTOS_Source/tasks.o
                0x00005ae4                xTaskCatchUpTicks
 .text.xTaskIncrementTick
                0x00005b34      0x234 ./FreeRTOS_Source/tasks.o
                0x00005b34                xTaskIncrementTick
 .text.vTaskSwitchContext
                0x00005d68       0xf8 ./FreeRTOS_Source/tasks.o
                0x00005d68                vTaskSwitchContext
 .text.vTaskPlaceOnEventList
                0x00005e60       0x40 ./FreeRTOS_Source/tasks.o
                0x00005e60                vTaskPlaceOnEventList
 .text.vTaskPlaceOnUnorderedEventList
                0x00005ea0       0x98 ./FreeRTOS_Source/tasks.o
                0x00005ea0                vTaskPlaceOnUnorderedEventList
 .text.vTaskPlaceOnEventListRestricted
                0x00005f38       0x84 ./FreeRTOS_Source/tasks.o
                0x00005f38                vTaskPlaceOnEventListRestricted
 .text.xTaskRemoveFromEventList
                0x00005fbc      0x1a0 ./FreeRTOS_Source/tasks.o
                0x00005fbc                xTaskRemoveFromEventList
 .text.vTaskRemoveFromUnorderedEventList
                0x0000615c      0x168 ./FreeRTOS_Source/tasks.o
                0x0000615c                vTaskRemoveFromUnorderedEventList
 .text.vTaskSetTimeOutState
                0x000062c4       0x44 ./FreeRTOS_Source/tasks.o
                0x000062c4                vTaskSetTimeOutState
 .text.vTaskInternalSetTimeOutState
                0x00006308       0x2c ./FreeRTOS_Source/tasks.o
                0x00006308                vTaskInternalSetTimeOutState
 .text.xTaskCheckForTimeOut
                0x00006334       0xb8 ./FreeRTOS_Source/tasks.o
                0x00006334                xTaskCheckForTimeOut
 .text.vTaskMissedYield
                0x000063ec       0x18 ./FreeRTOS_Source/tasks.o
                0x000063ec                vTaskMissedYield
 .text.uxTaskGetTaskNumber
                0x00006404       0x2a ./FreeRTOS_Source/tasks.o
                0x00006404                uxTaskGetTaskNumber
 .text.vTaskSetTaskNumber
                0x0000642e       0x24 ./FreeRTOS_Source/tasks.o
                0x0000642e                vTaskSetTaskNumber
 .text.prvIdleTask
                0x00006452        0xe ./FreeRTOS_Source/tasks.o
 .text.prvInitialiseTaskLists
                0x00006460       0x80 ./FreeRTOS_Source/tasks.o
 .text.prvCheckTasksWaitingTermination
                0x000064e0       0x5c ./FreeRTOS_Source/tasks.o
 .text.vTaskGetInfo
                0x0000653c       0xcc ./FreeRTOS_Source/tasks.o
                0x0000653c                vTaskGetInfo
 .text.prvListTasksWithinSingleList
                0x00006608       0xa4 ./FreeRTOS_Source/tasks.o
 .text.prvTaskCheckFreeStackSpace
                0x000066ac       0x36 ./FreeRTOS_Source/tasks.o
 *fill*         0x000066e2        0x2 
 .text.uxTaskGetStackHighWaterMark
                0x000066e4       0x38 ./FreeRTOS_Source/tasks.o
                0x000066e4                uxTaskGetStackHighWaterMark
 .text.prvDeleteTCB
                0x0000671c       0x20 ./FreeRTOS_Source/tasks.o
 .text.prvResetNextTaskUnblockTime
                0x0000673c       0x34 ./FreeRTOS_Source/tasks.o
 .text.xTaskGetCurrentTaskHandle
                0x00006770       0x1c ./FreeRTOS_Source/tasks.o
                0x00006770                xTaskGetCurrentTaskHandle
 .text.xTaskGetSchedulerState
                0x0000678c       0x3c ./FreeRTOS_Source/tasks.o
                0x0000678c                xTaskGetSchedulerState
 .text.xTaskPriorityInherit
                0x000067c8      0x13c ./FreeRTOS_Source/tasks.o
                0x000067c8                xTaskPriorityInherit
 .text.xTaskPriorityDisinherit
                0x00006904      0x130 ./FreeRTOS_Source/tasks.o
                0x00006904                xTaskPriorityDisinherit
 .text.vTaskPriorityDisinheritAfterTimeout
                0x00006a34      0x15c ./FreeRTOS_Source/tasks.o
                0x00006a34                vTaskPriorityDisinheritAfterTimeout
 .text.prvWriteNameToBuffer
                0x00006b90       0x4a ./FreeRTOS_Source/tasks.o
 *fill*         0x00006bda        0x2 
 .text.vTaskList
                0x00006bdc      0x130 ./FreeRTOS_Source/tasks.o
                0x00006bdc                vTaskList
 .text.uxTaskResetEventItemValue
                0x00006d0c       0x30 ./FreeRTOS_Source/tasks.o
                0x00006d0c                uxTaskResetEventItemValue
 .text.pvTaskIncrementMutexHeldCount
                0x00006d3c       0x28 ./FreeRTOS_Source/tasks.o
                0x00006d3c                pvTaskIncrementMutexHeldCount
 .text.ulTaskGenericNotifyTake
                0x00006d64       0xc8 ./FreeRTOS_Source/tasks.o
                0x00006d64                ulTaskGenericNotifyTake
 .text.xTaskGenericNotifyWait
                0x00006e2c       0xf8 ./FreeRTOS_Source/tasks.o
                0x00006e2c                xTaskGenericNotifyWait
 .text.xTaskGenericNotify
                0x00006f24      0x218 ./FreeRTOS_Source/tasks.o
                0x00006f24                xTaskGenericNotify
 .text.xTaskGenericNotifyFromISR
                0x0000713c      0x28c ./FreeRTOS_Source/tasks.o
                0x0000713c                xTaskGenericNotifyFromISR
 .text.vTaskGenericNotifyGiveFromISR
                0x000073c8      0x1ec ./FreeRTOS_Source/tasks.o
                0x000073c8                vTaskGenericNotifyGiveFromISR
 .text.xTaskGenericNotifyStateClear
                0x000075b4       0x6c ./FreeRTOS_Source/tasks.o
                0x000075b4                xTaskGenericNotifyStateClear
 .text.ulTaskGenericNotifyValueClear
                0x00007620       0x5c ./FreeRTOS_Source/tasks.o
                0x00007620                ulTaskGenericNotifyValueClear
 .text.prvAddCurrentTaskToDelayedList
                0x0000767c      0x100 ./FreeRTOS_Source/tasks.o
 .text.getTaskName
                0x0000777c       0x24 ./FreeRTOS_Source/tasks.o
                0x0000777c                getTaskName
 .text          0x000077a0        0x0 ./FreeRTOS_Source/timers.o
 .text.xTimerCreateTimerTask
                0x000077a0       0x5c ./FreeRTOS_Source/timers.o
                0x000077a0                xTimerCreateTimerTask
 .text.xTimerCreate
                0x000077fc       0x42 ./FreeRTOS_Source/timers.o
                0x000077fc                xTimerCreate
 *fill*         0x0000783e        0x2 
 .text.prvInitialiseNewTimer
                0x00007840       0x68 ./FreeRTOS_Source/timers.o
 .text.xTimerGenericCommand
                0x000078a8       0x94 ./FreeRTOS_Source/timers.o
                0x000078a8                xTimerGenericCommand
 .text.xTimerGetTimerDaemonTaskHandle
                0x0000793c       0x28 ./FreeRTOS_Source/timers.o
                0x0000793c                xTimerGetTimerDaemonTaskHandle
 .text.xTimerGetPeriod
                0x00007964       0x2c ./FreeRTOS_Source/timers.o
                0x00007964                xTimerGetPeriod
 .text.vTimerSetReloadMode
                0x00007990       0x60 ./FreeRTOS_Source/timers.o
                0x00007990                vTimerSetReloadMode
 .text.xTimerGetReloadMode
                0x000079f0       0x4c ./FreeRTOS_Source/timers.o
                0x000079f0                xTimerGetReloadMode
 .text.uxTimerGetReloadMode
                0x00007a3c       0x18 ./FreeRTOS_Source/timers.o
                0x00007a3c                uxTimerGetReloadMode
 .text.xTimerGetExpiryTime
                0x00007a54       0x30 ./FreeRTOS_Source/timers.o
                0x00007a54                xTimerGetExpiryTime
 .text.pcTimerGetName
                0x00007a84       0x2c ./FreeRTOS_Source/timers.o
                0x00007a84                pcTimerGetName
 .text.prvReloadTimer
                0x00007ab0       0x42 ./FreeRTOS_Source/timers.o
 *fill*         0x00007af2        0x2 
 .text.prvProcessExpiredTimer
                0x00007af4       0x60 ./FreeRTOS_Source/timers.o
 .text.prvTimerTask
                0x00007b54       0x24 ./FreeRTOS_Source/timers.o
 .text.prvProcessTimerOrBlockTask
                0x00007b78       0x9c ./FreeRTOS_Source/timers.o
 .text.prvGetNextExpireTime
                0x00007c14       0x44 ./FreeRTOS_Source/timers.o
 .text.prvSampleTimeNow
                0x00007c58       0x40 ./FreeRTOS_Source/timers.o
 .text.prvInsertTimerInActiveList
                0x00007c98       0x84 ./FreeRTOS_Source/timers.o
 .text.prvProcessReceivedCommands
                0x00007d1c      0x1a0 ./FreeRTOS_Source/timers.o
 .text.prvSwitchTimerLists
                0x00007ebc       0x4c ./FreeRTOS_Source/timers.o
 .text.prvCheckForValidListAndQueue
                0x00007f08       0x6c ./FreeRTOS_Source/timers.o
 .text.xTimerIsTimerActive
                0x00007f74       0x4c ./FreeRTOS_Source/timers.o
                0x00007f74                xTimerIsTimerActive
 .text.pvTimerGetTimerID
                0x00007fc0       0x38 ./FreeRTOS_Source/timers.o
                0x00007fc0                pvTimerGetTimerID
 .text.vTimerSetTimerID
                0x00007ff8       0x38 ./FreeRTOS_Source/timers.o
                0x00007ff8                vTimerSetTimerID
 .text.xTimerPendFunctionCallFromISR
                0x00008030       0x40 ./FreeRTOS_Source/timers.o
                0x00008030                xTimerPendFunctionCallFromISR
 .text.xTimerPendFunctionCall
                0x00008070       0x58 ./FreeRTOS_Source/timers.o
                0x00008070                xTimerPendFunctionCall
 .text.uxTimerGetTimerNumber
                0x000080c8       0x16 ./FreeRTOS_Source/timers.o
                0x000080c8                uxTimerGetTimerNumber
 .text.vTimerSetTimerNumber
                0x000080de       0x1a ./FreeRTOS_Source/timers.o
                0x000080de                vTimerSetTimerNumber
 .text          0x000080f8        0x0 ./main.o
 .text.main     0x000080f8       0x48 ./main.o
                0x000080f8                main
 .text.prvSetupHardware
                0x00008140       0x68 ./main.o
 .text.vApplicationTickHook
                0x000081a8        0xc ./main.o
                0x000081a8                vApplicationTickHook
 .text.SerialTask
                0x000081b4       0x5c ./main.o
 .text.RefreshDisplayTask
                0x00008210       0x70 ./main.o
 .text.vApplicationStackOverflowHook
                0x00008280       0x24 ./main.o
                0x00008280                vApplicationStackOverflowHook
 .text.vAssertCalled
                0x000082a4       0x26 ./main.o
                0x000082a4                vAssertCalled
 *fill*         0x000082ca        0x2 
 .text.vApplicationGetIdleTaskMemory
                0x000082cc       0x30 ./main.o
                0x000082cc                vApplicationGetIdleTaskMemory
 .text.vApplicationGetTimerTaskMemory
                0x000082fc       0x30 ./main.o
                0x000082fc                vApplicationGetTimerTaskMemory
 .text._sbrk_r  0x0000832c       0x2c ./main.o
                0x0000832c                _sbrk_r
 .text          0x00008358        0x0 ./startup.o
 .text.IntDefaultHandler
                0x00008358       0x14 ./startup.o
 .text.FaultISR
                0x0000836c       0x14 ./startup.o
 .text.NmiSR    0x00008380       0x14 ./startup.o
 .text.ResetISR
                0x00008394       0x50 ./startup.o
                0x00008394                ResetISR
 .text.uipprintf
                0x000083e4        0x8 ./startup.o
                0x000083e4                uipprintf
 .text          0x000083ec        0x0 C:\FreeRTOSv202212.01\FreeRTOS\Demo\Common\drivers\LuminaryMicro/arm-none-eabi-gcc/\libdriver.a(gpio.o)
 .text.GPIOGetIntNumber
                0x000083ec       0xa4 C:\FreeRTOSv202212.01\FreeRTOS\Demo\Common\drivers\LuminaryMicro/arm-none-eabi-gcc/\libdriver.a(gpio.o)
 .text.GPIODirModeSet
                0x00008490       0x44 C:\FreeRTOSv202212.01\FreeRTOS\Demo\Common\drivers\LuminaryMicro/arm-none-eabi-gcc/\libdriver.a(gpio.o)
                0x00008490                GPIODirModeSet
 .text.GPIODirModeGet
                0x000084d4       0x20 C:\FreeRTOSv202212.01\FreeRTOS\Demo\Common\drivers\LuminaryMicro/arm-none-eabi-gcc/\libdriver.a(gpio.o)
                0x000084d4                GPIODirModeGet
 .text.GPIOIntTypeSet
                0x000084f4       0x70 C:\FreeRTOSv202212.01\FreeRTOS\Demo\Common\drivers\LuminaryMicro/arm-none-eabi-gcc/\libdriver.a(gpio.o)
                0x000084f4                GPIOIntTypeSet
 .text.GPIOIntTypeGet
                0x00008564       0x30 C:\FreeRTOSv202212.01\FreeRTOS\Demo\Common\drivers\LuminaryMicro/arm-none-eabi-gcc/\libdriver.a(gpio.o)
                0x00008564                GPIOIntTypeGet
 .text.GPIOPadConfigSet
                0x00008594      0x130 C:\FreeRTOSv202212.01\FreeRTOS\Demo\Common\drivers\LuminaryMicro/arm-none-eabi-gcc/\libdriver.a(gpio.o)
                0x00008594                GPIOPadConfigSet
 .text.GPIOPadConfigGet
                0x000086c4       0x78 C:\FreeRTOSv202212.01\FreeRTOS\Demo\Common\drivers\LuminaryMicro/arm-none-eabi-gcc/\libdriver.a(gpio.o)
                0x000086c4                GPIOPadConfigGet
 .text.GPIOPinIntEnable
                0x0000873c        0xc C:\FreeRTOSv202212.01\FreeRTOS\Demo\Common\drivers\LuminaryMicro/arm-none-eabi-gcc/\libdriver.a(gpio.o)
                0x0000873c                GPIOPinIntEnable
 .text.GPIOPinIntDisable
                0x00008748       0x10 C:\FreeRTOSv202212.01\FreeRTOS\Demo\Common\drivers\LuminaryMicro/arm-none-eabi-gcc/\libdriver.a(gpio.o)
                0x00008748                GPIOPinIntDisable
 .text.GPIOPinIntStatus
                0x00008758       0x10 C:\FreeRTOSv202212.01\FreeRTOS\Demo\Common\drivers\LuminaryMicro/arm-none-eabi-gcc/\libdriver.a(gpio.o)
                0x00008758                GPIOPinIntStatus
 .text.GPIOPinIntClear
                0x00008768        0x8 C:\FreeRTOSv202212.01\FreeRTOS\Demo\Common\drivers\LuminaryMicro/arm-none-eabi-gcc/\libdriver.a(gpio.o)
                0x00008768                GPIOPinIntClear
 .text.GPIOPinRead
                0x00008770        0x8 C:\FreeRTOSv202212.01\FreeRTOS\Demo\Common\drivers\LuminaryMicro/arm-none-eabi-gcc/\libdriver.a(gpio.o)
                0x00008770                GPIOPinRead
 .text.GPIOPinWrite
                0x00008778        0x8 C:\FreeRTOSv202212.01\FreeRTOS\Demo\Common\drivers\LuminaryMicro/arm-none-eabi-gcc/\libdriver.a(gpio.o)
                0x00008778                GPIOPinWrite
 .text.GPIOPinTypeADC
                0x00008780       0x1c C:\FreeRTOSv202212.01\FreeRTOS\Demo\Common\drivers\LuminaryMicro/arm-none-eabi-gcc/\libdriver.a(gpio.o)
                0x00008780                GPIOPinTypeADC
 .text.GPIOPinTypeCAN
                0x0000879c       0x1c C:\FreeRTOSv202212.01\FreeRTOS\Demo\Common\drivers\LuminaryMicro/arm-none-eabi-gcc/\libdriver.a(gpio.o)
                0x0000879c                GPIOPinTypeCAN
 .text.GPIOPinTypeComparator
                0x000087b8       0x1c C:\FreeRTOSv202212.01\FreeRTOS\Demo\Common\drivers\LuminaryMicro/arm-none-eabi-gcc/\libdriver.a(gpio.o)
                0x000087b8                GPIOPinTypeComparator
 .text.GPIOPinTypeGPIOInput
                0x000087d4       0x1c C:\FreeRTOSv202212.01\FreeRTOS\Demo\Common\drivers\LuminaryMicro/arm-none-eabi-gcc/\libdriver.a(gpio.o)
                0x000087d4                GPIOPinTypeGPIOInput
 .text.GPIOPinTypeGPIOOutput
                0x000087f0       0x1c C:\FreeRTOSv202212.01\FreeRTOS\Demo\Common\drivers\LuminaryMicro/arm-none-eabi-gcc/\libdriver.a(gpio.o)
                0x000087f0                GPIOPinTypeGPIOOutput
 .text.GPIOPinTypeGPIOOutputOD
                0x0000880c       0x1c C:\FreeRTOSv202212.01\FreeRTOS\Demo\Common\drivers\LuminaryMicro/arm-none-eabi-gcc/\libdriver.a(gpio.o)
                0x0000880c                GPIOPinTypeGPIOOutputOD
 .text.GPIOPinTypeI2C
                0x00008828       0x1c C:\FreeRTOSv202212.01\FreeRTOS\Demo\Common\drivers\LuminaryMicro/arm-none-eabi-gcc/\libdriver.a(gpio.o)
                0x00008828                GPIOPinTypeI2C
 .text.GPIOPinTypePWM
                0x00008844       0x1c C:\FreeRTOSv202212.01\FreeRTOS\Demo\Common\drivers\LuminaryMicro/arm-none-eabi-gcc/\libdriver.a(gpio.o)
                0x00008844                GPIOPinTypePWM
 .text.GPIOPinTypeQEI
                0x00008860       0x1c C:\FreeRTOSv202212.01\FreeRTOS\Demo\Common\drivers\LuminaryMicro/arm-none-eabi-gcc/\libdriver.a(gpio.o)
                0x00008860                GPIOPinTypeQEI
 .text.GPIOPinTypeSSI
                0x0000887c       0x1c C:\FreeRTOSv202212.01\FreeRTOS\Demo\Common\drivers\LuminaryMicro/arm-none-eabi-gcc/\libdriver.a(gpio.o)
                0x0000887c                GPIOPinTypeSSI
 .text.GPIOPinTypeTimer
                0x00008898       0x1c C:\FreeRTOSv202212.01\FreeRTOS\Demo\Common\drivers\LuminaryMicro/arm-none-eabi-gcc/\libdriver.a(gpio.o)
                0x00008898                GPIOPinTypeTimer
 .text.GPIOPinTypeUART
                0x000088b4       0x1c C:\FreeRTOSv202212.01\FreeRTOS\Demo\Common\drivers\LuminaryMicro/arm-none-eabi-gcc/\libdriver.a(gpio.o)
                0x000088b4                GPIOPinTypeUART
 .text.GPIOPinTypeUSBDigital
                0x000088d0       0x1c C:\FreeRTOSv202212.01\FreeRTOS\Demo\Common\drivers\LuminaryMicro/arm-none-eabi-gcc/\libdriver.a(gpio.o)
                0x000088d0                GPIOPinTypeUSBDigital
 .text.GPIOPortIntUnregister
                0x000088ec       0x14 C:\FreeRTOSv202212.01\FreeRTOS\Demo\Common\drivers\LuminaryMicro/arm-none-eabi-gcc/\libdriver.a(gpio.o)
                0x000088ec                GPIOPortIntUnregister
 .text.GPIOPortIntRegister
                0x00008900       0x18 C:\FreeRTOSv202212.01\FreeRTOS\Demo\Common\drivers\LuminaryMicro/arm-none-eabi-gcc/\libdriver.a(gpio.o)
                0x00008900                GPIOPortIntRegister
 .text          0x00008918        0x0 C:\FreeRTOSv202212.01\FreeRTOS\Demo\Common\drivers\LuminaryMicro/arm-none-eabi-gcc/\libdriver.a(interrupt.o)
 .text.IntDefaultHandler
                0x00008918        0x4 C:\FreeRTOSv202212.01\FreeRTOS\Demo\Common\drivers\LuminaryMicro/arm-none-eabi-gcc/\libdriver.a(interrupt.o)
 .text.IntRegister
                0x0000891c       0x3c C:\FreeRTOSv202212.01\FreeRTOS\Demo\Common\drivers\LuminaryMicro/arm-none-eabi-gcc/\libdriver.a(interrupt.o)
                0x0000891c                IntRegister
 .text.IntUnregister
                0x00008958       0x14 C:\FreeRTOSv202212.01\FreeRTOS\Demo\Common\drivers\LuminaryMicro/arm-none-eabi-gcc/\libdriver.a(interrupt.o)
                0x00008958                IntUnregister
 .text.IntPriorityGroupingSet
                0x0000896c       0x1c C:\FreeRTOSv202212.01\FreeRTOS\Demo\Common\drivers\LuminaryMicro/arm-none-eabi-gcc/\libdriver.a(interrupt.o)
                0x0000896c                IntPriorityGroupingSet
 .text.IntPriorityGroupingGet
                0x00008988       0x24 C:\FreeRTOSv202212.01\FreeRTOS\Demo\Common\drivers\LuminaryMicro/arm-none-eabi-gcc/\libdriver.a(interrupt.o)
                0x00008988                IntPriorityGroupingGet
 .text.IntPrioritySet
                0x000089ac       0x28 C:\FreeRTOSv202212.01\FreeRTOS\Demo\Common\drivers\LuminaryMicro/arm-none-eabi-gcc/\libdriver.a(interrupt.o)
                0x000089ac                IntPrioritySet
 .text.IntPriorityGet
                0x000089d4       0x20 C:\FreeRTOSv202212.01\FreeRTOS\Demo\Common\drivers\LuminaryMicro/arm-none-eabi-gcc/\libdriver.a(interrupt.o)
                0x000089d4                IntPriorityGet
 .text.IntEnable
                0x000089f4       0x74 C:\FreeRTOSv202212.01\FreeRTOS\Demo\Common\drivers\LuminaryMicro/arm-none-eabi-gcc/\libdriver.a(interrupt.o)
                0x000089f4                IntEnable
 .text.IntDisable
                0x00008a68       0x74 C:\FreeRTOSv202212.01\FreeRTOS\Demo\Common\drivers\LuminaryMicro/arm-none-eabi-gcc/\libdriver.a(interrupt.o)
                0x00008a68                IntDisable
 .text.IntMasterDisable
                0x00008adc        0xc C:\FreeRTOSv202212.01\FreeRTOS\Demo\Common\drivers\LuminaryMicro/arm-none-eabi-gcc/\libdriver.a(interrupt.o)
                0x00008adc                IntMasterDisable
 .text.IntMasterEnable
                0x00008ae8        0xc C:\FreeRTOSv202212.01\FreeRTOS\Demo\Common\drivers\LuminaryMicro/arm-none-eabi-gcc/\libdriver.a(interrupt.o)
                0x00008ae8                IntMasterEnable
 .text          0x00008af4        0x0 C:\FreeRTOSv202212.01\FreeRTOS\Demo\Common\drivers\LuminaryMicro/arm-none-eabi-gcc/\libdriver.a(ssi.o)
 .text.SSIConfigSetExpClk
                0x00008af4       0x48 C:\FreeRTOSv202212.01\FreeRTOS\Demo\Common\drivers\LuminaryMicro/arm-none-eabi-gcc/\libdriver.a(ssi.o)
                0x00008af4                SSIConfigSetExpClk
 .text.SSIEnable
                0x00008b3c        0xc C:\FreeRTOSv202212.01\FreeRTOS\Demo\Common\drivers\LuminaryMicro/arm-none-eabi-gcc/\libdriver.a(ssi.o)
                0x00008b3c                SSIEnable
 .text.SSIDisable
                0x00008b48        0xc C:\FreeRTOSv202212.01\FreeRTOS\Demo\Common\drivers\LuminaryMicro/arm-none-eabi-gcc/\libdriver.a(ssi.o)
                0x00008b48                SSIDisable
 .text.SSIIntEnable
                0x00008b54        0x8 C:\FreeRTOSv202212.01\FreeRTOS\Demo\Common\drivers\LuminaryMicro/arm-none-eabi-gcc/\libdriver.a(ssi.o)
                0x00008b54                SSIIntEnable
 .text.SSIIntDisable
                0x00008b5c        0xc C:\FreeRTOSv202212.01\FreeRTOS\Demo\Common\drivers\LuminaryMicro/arm-none-eabi-gcc/\libdriver.a(ssi.o)
                0x00008b5c                SSIIntDisable
 .text.SSIIntStatus
                0x00008b68        0xc C:\FreeRTOSv202212.01\FreeRTOS\Demo\Common\drivers\LuminaryMicro/arm-none-eabi-gcc/\libdriver.a(ssi.o)
                0x00008b68                SSIIntStatus
 .text.SSIIntClear
                0x00008b74        0x4 C:\FreeRTOSv202212.01\FreeRTOS\Demo\Common\drivers\LuminaryMicro/arm-none-eabi-gcc/\libdriver.a(ssi.o)
                0x00008b74                SSIIntClear
 .text.SSIDataPut
                0x00008b78       0x10 C:\FreeRTOSv202212.01\FreeRTOS\Demo\Common\drivers\LuminaryMicro/arm-none-eabi-gcc/\libdriver.a(ssi.o)
                0x00008b78                SSIDataPut
 .text.SSIDataPutNonBlocking
                0x00008b88       0x10 C:\FreeRTOSv202212.01\FreeRTOS\Demo\Common\drivers\LuminaryMicro/arm-none-eabi-gcc/\libdriver.a(ssi.o)
                0x00008b88                SSIDataPutNonBlocking
 .text.SSIDataGet
                0x00008b98       0x14 C:\FreeRTOSv202212.01\FreeRTOS\Demo\Common\drivers\LuminaryMicro/arm-none-eabi-gcc/\libdriver.a(ssi.o)
                0x00008b98                SSIDataGet
 .text.SSIDataGetNonBlocking
                0x00008bac       0x14 C:\FreeRTOSv202212.01\FreeRTOS\Demo\Common\drivers\LuminaryMicro/arm-none-eabi-gcc/\libdriver.a(ssi.o)
                0x00008bac                SSIDataGetNonBlocking
 .text.SSIDMAEnable
                0x00008bc0        0x8 C:\FreeRTOSv202212.01\FreeRTOS\Demo\Common\drivers\LuminaryMicro/arm-none-eabi-gcc/\libdriver.a(ssi.o)
                0x00008bc0                SSIDMAEnable
 .text.SSIDMADisable
                0x00008bc8        0xc C:\FreeRTOSv202212.01\FreeRTOS\Demo\Common\drivers\LuminaryMicro/arm-none-eabi-gcc/\libdriver.a(ssi.o)
                0x00008bc8                SSIDMADisable
 .text.SSIIntUnregister
                0x00008bd4       0x20 C:\FreeRTOSv202212.01\FreeRTOS\Demo\Common\drivers\LuminaryMicro/arm-none-eabi-gcc/\libdriver.a(ssi.o)
                0x00008bd4                SSIIntUnregister
 .text.SSIIntRegister
                0x00008bf4       0x20 C:\FreeRTOSv202212.01\FreeRTOS\Demo\Common\drivers\LuminaryMicro/arm-none-eabi-gcc/\libdriver.a(ssi.o)
                0x00008bf4                SSIIntRegister
 .text          0x00008c14        0x0 C:\FreeRTOSv202212.01\FreeRTOS\Demo\Common\drivers\LuminaryMicro/arm-none-eabi-gcc/\libdriver.a(sysctl.o)
 .text.SysCtlSRAMSizeGet
                0x00008c14       0x14 C:\FreeRTOSv202212.01\FreeRTOS\Demo\Common\drivers\LuminaryMicro/arm-none-eabi-gcc/\libdriver.a(sysctl.o)
                0x00008c14                SysCtlSRAMSizeGet
 .text.SysCtlFlashSizeGet
                0x00008c28       0x14 C:\FreeRTOSv202212.01\FreeRTOS\Demo\Common\drivers\LuminaryMicro/arm-none-eabi-gcc/\libdriver.a(sysctl.o)
                0x00008c28                SysCtlFlashSizeGet
 .text.SysCtlPinPresent
                0x00008c3c       0x14 C:\FreeRTOSv202212.01\FreeRTOS\Demo\Common\drivers\LuminaryMicro/arm-none-eabi-gcc/\libdriver.a(sysctl.o)
                0x00008c3c                SysCtlPinPresent
 .text.SysCtlPeripheralPresent
                0x00008c50       0x28 C:\FreeRTOSv202212.01\FreeRTOS\Demo\Common\drivers\LuminaryMicro/arm-none-eabi-gcc/\libdriver.a(sysctl.o)
                0x00008c50                SysCtlPeripheralPresent
 .text.SysCtlPeripheralReset
                0x00008c78       0x44 C:\FreeRTOSv202212.01\FreeRTOS\Demo\Common\drivers\LuminaryMicro/arm-none-eabi-gcc/\libdriver.a(sysctl.o)
                0x00008c78                SysCtlPeripheralReset
 .text.SysCtlPeripheralEnable
                0x00008cbc       0x24 C:\FreeRTOSv202212.01\FreeRTOS\Demo\Common\drivers\LuminaryMicro/arm-none-eabi-gcc/\libdriver.a(sysctl.o)
                0x00008cbc                SysCtlPeripheralEnable
 .text.SysCtlPeripheralDisable
                0x00008ce0       0x24 C:\FreeRTOSv202212.01\FreeRTOS\Demo\Common\drivers\LuminaryMicro/arm-none-eabi-gcc/\libdriver.a(sysctl.o)
                0x00008ce0                SysCtlPeripheralDisable
 .text.SysCtlPeripheralSleepEnable
                0x00008d04       0x24 C:\FreeRTOSv202212.01\FreeRTOS\Demo\Common\drivers\LuminaryMicro/arm-none-eabi-gcc/\libdriver.a(sysctl.o)
                0x00008d04                SysCtlPeripheralSleepEnable
 .text.SysCtlPeripheralSleepDisable
                0x00008d28       0x24 C:\FreeRTOSv202212.01\FreeRTOS\Demo\Common\drivers\LuminaryMicro/arm-none-eabi-gcc/\libdriver.a(sysctl.o)
                0x00008d28                SysCtlPeripheralSleepDisable
 .text.SysCtlPeripheralDeepSleepEnable
                0x00008d4c       0x24 C:\FreeRTOSv202212.01\FreeRTOS\Demo\Common\drivers\LuminaryMicro/arm-none-eabi-gcc/\libdriver.a(sysctl.o)
                0x00008d4c                SysCtlPeripheralDeepSleepEnable
 .text.SysCtlPeripheralDeepSleepDisable
                0x00008d70       0x24 C:\FreeRTOSv202212.01\FreeRTOS\Demo\Common\drivers\LuminaryMicro/arm-none-eabi-gcc/\libdriver.a(sysctl.o)
                0x00008d70                SysCtlPeripheralDeepSleepDisable
 .text.SysCtlPeripheralClockGating
                0x00008d94       0x20 C:\FreeRTOSv202212.01\FreeRTOS\Demo\Common\drivers\LuminaryMicro/arm-none-eabi-gcc/\libdriver.a(sysctl.o)
                0x00008d94                SysCtlPeripheralClockGating
 .text.SysCtlIntEnable
                0x00008db4       0x10 C:\FreeRTOSv202212.01\FreeRTOS\Demo\Common\drivers\LuminaryMicro/arm-none-eabi-gcc/\libdriver.a(sysctl.o)
                0x00008db4                SysCtlIntEnable
 .text.SysCtlIntDisable
                0x00008dc4       0x10 C:\FreeRTOSv202212.01\FreeRTOS\Demo\Common\drivers\LuminaryMicro/arm-none-eabi-gcc/\libdriver.a(sysctl.o)
                0x00008dc4                SysCtlIntDisable
 .text.SysCtlIntClear
                0x00008dd4        0xc C:\FreeRTOSv202212.01\FreeRTOS\Demo\Common\drivers\LuminaryMicro/arm-none-eabi-gcc/\libdriver.a(sysctl.o)
                0x00008dd4                SysCtlIntClear
 .text.SysCtlIntStatus
                0x00008de0       0x18 C:\FreeRTOSv202212.01\FreeRTOS\Demo\Common\drivers\LuminaryMicro/arm-none-eabi-gcc/\libdriver.a(sysctl.o)
                0x00008de0                SysCtlIntStatus
 .text.SysCtlLDOSet
                0x00008df8        0xc C:\FreeRTOSv202212.01\FreeRTOS\Demo\Common\drivers\LuminaryMicro/arm-none-eabi-gcc/\libdriver.a(sysctl.o)
                0x00008df8                SysCtlLDOSet
 .text.SysCtlLDOGet
                0x00008e04        0xc C:\FreeRTOSv202212.01\FreeRTOS\Demo\Common\drivers\LuminaryMicro/arm-none-eabi-gcc/\libdriver.a(sysctl.o)
                0x00008e04                SysCtlLDOGet
 .text.SysCtlLDOConfigSet
                0x00008e10        0xc C:\FreeRTOSv202212.01\FreeRTOS\Demo\Common\drivers\LuminaryMicro/arm-none-eabi-gcc/\libdriver.a(sysctl.o)
                0x00008e10                SysCtlLDOConfigSet
 .text.SysCtlReset
                0x00008e1c       0x10 C:\FreeRTOSv202212.01\FreeRTOS\Demo\Common\drivers\LuminaryMicro/arm-none-eabi-gcc/\libdriver.a(sysctl.o)
                0x00008e1c                SysCtlReset
 .text.SysCtlResetCauseGet
                0x00008e2c        0xc C:\FreeRTOSv202212.01\FreeRTOS\Demo\Common\drivers\LuminaryMicro/arm-none-eabi-gcc/\libdriver.a(sysctl.o)
                0x00008e2c                SysCtlResetCauseGet
 .text.SysCtlResetCauseClear
                0x00008e38       0x10 C:\FreeRTOSv202212.01\FreeRTOS\Demo\Common\drivers\LuminaryMicro/arm-none-eabi-gcc/\libdriver.a(sysctl.o)
                0x00008e38                SysCtlResetCauseClear
 .text.SysCtlBrownOutConfigSet
                0x00008e48       0x10 C:\FreeRTOSv202212.01\FreeRTOS\Demo\Common\drivers\LuminaryMicro/arm-none-eabi-gcc/\libdriver.a(sysctl.o)
                0x00008e48                SysCtlBrownOutConfigSet
 .text.SysCtlDelay
                0x00008e58        0x8 C:\FreeRTOSv202212.01\FreeRTOS\Demo\Common\drivers\LuminaryMicro/arm-none-eabi-gcc/\libdriver.a(sysctl.o)
                0x00008e58                SysCtlDelay
 .text.SysCtlClockSet
                0x00008e60      0x168 C:\FreeRTOSv202212.01\FreeRTOS\Demo\Common\drivers\LuminaryMicro/arm-none-eabi-gcc/\libdriver.a(sysctl.o)
                0x00008e60                SysCtlClockSet
 .text.SysCtlClockGet
                0x00008fc8      0x150 C:\FreeRTOSv202212.01\FreeRTOS\Demo\Common\drivers\LuminaryMicro/arm-none-eabi-gcc/\libdriver.a(sysctl.o)
                0x00008fc8                SysCtlClockGet
 .text.SysCtlPWMClockSet
                0x00009118       0x14 C:\FreeRTOSv202212.01\FreeRTOS\Demo\Common\drivers\LuminaryMicro/arm-none-eabi-gcc/\libdriver.a(sysctl.o)
                0x00009118                SysCtlPWMClockSet
 .text.SysCtlPWMClockGet
                0x0000912c       0x18 C:\FreeRTOSv202212.01\FreeRTOS\Demo\Common\drivers\LuminaryMicro/arm-none-eabi-gcc/\libdriver.a(sysctl.o)
                0x0000912c                SysCtlPWMClockGet
 .text.SysCtlADCSpeedSet
                0x00009144       0x34 C:\FreeRTOSv202212.01\FreeRTOS\Demo\Common\drivers\LuminaryMicro/arm-none-eabi-gcc/\libdriver.a(sysctl.o)
                0x00009144                SysCtlADCSpeedSet
 .text.SysCtlADCSpeedGet
                0x00009178       0x10 C:\FreeRTOSv202212.01\FreeRTOS\Demo\Common\drivers\LuminaryMicro/arm-none-eabi-gcc/\libdriver.a(sysctl.o)
                0x00009178                SysCtlADCSpeedGet
 .text.SysCtlIOSCVerificationSet
                0x00009188       0x20 C:\FreeRTOSv202212.01\FreeRTOS\Demo\Common\drivers\LuminaryMicro/arm-none-eabi-gcc/\libdriver.a(sysctl.o)
                0x00009188                SysCtlIOSCVerificationSet
 .text.SysCtlMOSCVerificationSet
                0x000091a8       0x20 C:\FreeRTOSv202212.01\FreeRTOS\Demo\Common\drivers\LuminaryMicro/arm-none-eabi-gcc/\libdriver.a(sysctl.o)
                0x000091a8                SysCtlMOSCVerificationSet
 .text.SysCtlPLLVerificationSet
                0x000091c8       0x20 C:\FreeRTOSv202212.01\FreeRTOS\Demo\Common\drivers\LuminaryMicro/arm-none-eabi-gcc/\libdriver.a(sysctl.o)
                0x000091c8                SysCtlPLLVerificationSet
 .text.SysCtlClkVerificationClear
                0x000091e8       0x10 C:\FreeRTOSv202212.01\FreeRTOS\Demo\Common\drivers\LuminaryMicro/arm-none-eabi-gcc/\libdriver.a(sysctl.o)
                0x000091e8                SysCtlClkVerificationClear
 .text.SysCtlGPIOAHBEnable
                0x000091f8       0x10 C:\FreeRTOSv202212.01\FreeRTOS\Demo\Common\drivers\LuminaryMicro/arm-none-eabi-gcc/\libdriver.a(sysctl.o)
                0x000091f8                SysCtlGPIOAHBEnable
 .text.SysCtlGPIOAHBDisable
                0x00009208       0x14 C:\FreeRTOSv202212.01\FreeRTOS\Demo\Common\drivers\LuminaryMicro/arm-none-eabi-gcc/\libdriver.a(sysctl.o)
                0x00009208                SysCtlGPIOAHBDisable
 .text.SysCtlUSBPLLEnable
                0x0000921c       0x10 C:\FreeRTOSv202212.01\FreeRTOS\Demo\Common\drivers\LuminaryMicro/arm-none-eabi-gcc/\libdriver.a(sysctl.o)
                0x0000921c                SysCtlUSBPLLEnable
 .text.SysCtlUSBPLLDisable
                0x0000922c       0x10 C:\FreeRTOSv202212.01\FreeRTOS\Demo\Common\drivers\LuminaryMicro/arm-none-eabi-gcc/\libdriver.a(sysctl.o)
                0x0000922c                SysCtlUSBPLLDisable
 .text.SysCtlDeepSleep
                0x0000923c       0x20 C:\FreeRTOSv202212.01\FreeRTOS\Demo\Common\drivers\LuminaryMicro/arm-none-eabi-gcc/\libdriver.a(sysctl.o)
                0x0000923c                SysCtlDeepSleep
 .text.SysCtlSleep
                0x0000925c        0x8 C:\FreeRTOSv202212.01\FreeRTOS\Demo\Common\drivers\LuminaryMicro/arm-none-eabi-gcc/\libdriver.a(sysctl.o)
                0x0000925c                SysCtlSleep
 .text.SysCtlIntUnregister
                0x00009264       0x10 C:\FreeRTOSv202212.01\FreeRTOS\Demo\Common\drivers\LuminaryMicro/arm-none-eabi-gcc/\libdriver.a(sysctl.o)
                0x00009264                SysCtlIntUnregister
 .text.SysCtlIntRegister
                0x00009274       0x14 C:\FreeRTOSv202212.01\FreeRTOS\Demo\Common\drivers\LuminaryMicro/arm-none-eabi-gcc/\libdriver.a(sysctl.o)
                0x00009274                SysCtlIntRegister
 .text          0x00009288        0x0 C:\FreeRTOSv202212.01\FreeRTOS\Demo\Common\drivers\LuminaryMicro/arm-none-eabi-gcc/\libdriver.a(uart.o)
 .text.UARTParityModeSet
                0x00009288        0xc C:\FreeRTOSv202212.01\FreeRTOS\Demo\Common\drivers\LuminaryMicro/arm-none-eabi-gcc/\libdriver.a(uart.o)
                0x00009288                UARTParityModeSet
 .text.UARTParityModeGet
                0x00009294        0x8 C:\FreeRTOSv202212.01\FreeRTOS\Demo\Common\drivers\LuminaryMicro/arm-none-eabi-gcc/\libdriver.a(uart.o)
                0x00009294                UARTParityModeGet
 .text.UARTFIFOLevelSet
                0x0000929c        0x8 C:\FreeRTOSv202212.01\FreeRTOS\Demo\Common\drivers\LuminaryMicro/arm-none-eabi-gcc/\libdriver.a(uart.o)
                0x0000929c                UARTFIFOLevelSet
 .text.UARTFIFOLevelGet
                0x000092a4       0x10 C:\FreeRTOSv202212.01\FreeRTOS\Demo\Common\drivers\LuminaryMicro/arm-none-eabi-gcc/\libdriver.a(uart.o)
                0x000092a4                UARTFIFOLevelGet
 .text.UARTConfigGetExpClk
                0x000092b4       0x20 C:\FreeRTOSv202212.01\FreeRTOS\Demo\Common\drivers\LuminaryMicro/arm-none-eabi-gcc/\libdriver.a(uart.o)
                0x000092b4                UARTConfigGetExpClk
 .text.UARTEnable
                0x000092d4       0x18 C:\FreeRTOSv202212.01\FreeRTOS\Demo\Common\drivers\LuminaryMicro/arm-none-eabi-gcc/\libdriver.a(uart.o)
                0x000092d4                UARTEnable
 .text.UARTDisable
                0x000092ec       0x24 C:\FreeRTOSv202212.01\FreeRTOS\Demo\Common\drivers\LuminaryMicro/arm-none-eabi-gcc/\libdriver.a(uart.o)
                0x000092ec                UARTDisable
 .text.UARTConfigSetExpClk
                0x00009310       0x38 C:\FreeRTOSv202212.01\FreeRTOS\Demo\Common\drivers\LuminaryMicro/arm-none-eabi-gcc/\libdriver.a(uart.o)
                0x00009310                UARTConfigSetExpClk
 .text.UARTEnableSIR
                0x00009348       0x18 C:\FreeRTOSv202212.01\FreeRTOS\Demo\Common\drivers\LuminaryMicro/arm-none-eabi-gcc/\libdriver.a(uart.o)
                0x00009348                UARTEnableSIR
 .text.UARTDisableSIR
                0x00009360        0xc C:\FreeRTOSv202212.01\FreeRTOS\Demo\Common\drivers\LuminaryMicro/arm-none-eabi-gcc/\libdriver.a(uart.o)
                0x00009360                UARTDisableSIR
 .text.UARTCharsAvail
                0x0000936c       0x10 C:\FreeRTOSv202212.01\FreeRTOS\Demo\Common\drivers\LuminaryMicro/arm-none-eabi-gcc/\libdriver.a(uart.o)
                0x0000936c                UARTCharsAvail
 .text.UARTSpaceAvail
                0x0000937c       0x10 C:\FreeRTOSv202212.01\FreeRTOS\Demo\Common\drivers\LuminaryMicro/arm-none-eabi-gcc/\libdriver.a(uart.o)
                0x0000937c                UARTSpaceAvail
 .text.UARTCharGetNonBlocking
                0x0000938c       0x10 C:\FreeRTOSv202212.01\FreeRTOS\Demo\Common\drivers\LuminaryMicro/arm-none-eabi-gcc/\libdriver.a(uart.o)
                0x0000938c                UARTCharGetNonBlocking
 .text.UARTCharGet
                0x0000939c       0x10 C:\FreeRTOSv202212.01\FreeRTOS\Demo\Common\drivers\LuminaryMicro/arm-none-eabi-gcc/\libdriver.a(uart.o)
                0x0000939c                UARTCharGet
 .text.UARTCharPutNonBlocking
                0x000093ac       0x14 C:\FreeRTOSv202212.01\FreeRTOS\Demo\Common\drivers\LuminaryMicro/arm-none-eabi-gcc/\libdriver.a(uart.o)
                0x000093ac                UARTCharPutNonBlocking
 .text.UARTCharPut
                0x000093c0       0x10 C:\FreeRTOSv202212.01\FreeRTOS\Demo\Common\drivers\LuminaryMicro/arm-none-eabi-gcc/\libdriver.a(uart.o)
                0x000093c0                UARTCharPut
 .text.UARTBreakCtl
                0x000093d0       0x18 C:\FreeRTOSv202212.01\FreeRTOS\Demo\Common\drivers\LuminaryMicro/arm-none-eabi-gcc/\libdriver.a(uart.o)
                0x000093d0                UARTBreakCtl
 .text.UARTIntEnable
                0x000093e8        0x8 C:\FreeRTOSv202212.01\FreeRTOS\Demo\Common\drivers\LuminaryMicro/arm-none-eabi-gcc/\libdriver.a(uart.o)
                0x000093e8                UARTIntEnable
 .text.UARTIntDisable
                0x000093f0        0xc C:\FreeRTOSv202212.01\FreeRTOS\Demo\Common\drivers\LuminaryMicro/arm-none-eabi-gcc/\libdriver.a(uart.o)
                0x000093f0                UARTIntDisable
 .text.UARTIntStatus
                0x000093fc        0xc C:\FreeRTOSv202212.01\FreeRTOS\Demo\Common\drivers\LuminaryMicro/arm-none-eabi-gcc/\libdriver.a(uart.o)
                0x000093fc                UARTIntStatus
 .text.UARTIntClear
                0x00009408        0x4 C:\FreeRTOSv202212.01\FreeRTOS\Demo\Common\drivers\LuminaryMicro/arm-none-eabi-gcc/\libdriver.a(uart.o)
                0x00009408                UARTIntClear
 .text.UARTDMAEnable
                0x0000940c        0x8 C:\FreeRTOSv202212.01\FreeRTOS\Demo\Common\drivers\LuminaryMicro/arm-none-eabi-gcc/\libdriver.a(uart.o)
                0x0000940c                UARTDMAEnable
 .text.UARTDMADisable
                0x00009414        0xc C:\FreeRTOSv202212.01\FreeRTOS\Demo\Common\drivers\LuminaryMicro/arm-none-eabi-gcc/\libdriver.a(uart.o)
                0x00009414                UARTDMADisable
 .text.UARTIntUnregister
                0x00009420       0x2c C:\FreeRTOSv202212.01\FreeRTOS\Demo\Common\drivers\LuminaryMicro/arm-none-eabi-gcc/\libdriver.a(uart.o)
                0x00009420                UARTIntUnregister
 .text.UARTIntRegister
                0x0000944c       0x2c C:\FreeRTOSv202212.01\FreeRTOS\Demo\Common\drivers\LuminaryMicro/arm-none-eabi-gcc/\libdriver.a(uart.o)
                0x0000944c                UARTIntRegister
 .text          0x00009478       0x14 C:\FreeRTOSv202212.01\FreeRTOS\Demo\Common\drivers\LuminaryMicro/arm-none-eabi-gcc/\libdriver.a(cpu.o)
                0x00009478                CPUcpsid
                0x00009480                CPUcpsie
                0x00009488                CPUwfi
 .text          0x0000948c        0x0 c:/program files (x86)/gnu arm embedded toolchain/10 2021.10/bin/../lib/gcc/arm-none-eabi/10.3.1/../../../../arm-none-eabi/lib/thumb/v7-m/nofp\libg_nano.a(lib_a-atoi.o)
 .text.atoi     0x0000948c        0x8 c:/program files (x86)/gnu arm embedded toolchain/10 2021.10/bin/../lib/gcc/arm-none-eabi/10.3.1/../../../../arm-none-eabi/lib/thumb/v7-m/nofp\libg_nano.a(lib_a-atoi.o)
                0x0000948c                atoi
 .text._atoi_r  0x00009494        0x8 c:/program files (x86)/gnu arm embedded toolchain/10 2021.10/bin/../lib/gcc/arm-none-eabi/10.3.1/../../../../arm-none-eabi/lib/thumb/v7-m/nofp\libg_nano.a(lib_a-atoi.o)
                0x00009494                _atoi_r
 .text          0x0000949c        0x0 c:/program files (x86)/gnu arm embedded toolchain/10 2021.10/bin/../lib/gcc/arm-none-eabi/10.3.1/../../../../arm-none-eabi/lib/thumb/v7-m/nofp\libg_nano.a(lib_a-ctype_.o)
 .text          0x0000949c        0x0 c:/program files (x86)/gnu arm embedded toolchain/10 2021.10/bin/../lib/gcc/arm-none-eabi/10.3.1/../../../../arm-none-eabi/lib/thumb/v7-m/nofp\libg_nano.a(lib_a-memcpy-stub.o)
 .text.memcpy   0x0000949c       0x1c c:/program files (x86)/gnu arm embedded toolchain/10 2021.10/bin/../lib/gcc/arm-none-eabi/10.3.1/../../../../arm-none-eabi/lib/thumb/v7-m/nofp\libg_nano.a(lib_a-memcpy-stub.o)
                0x0000949c                memcpy
 .text          0x000094b8        0x0 c:/program files (x86)/gnu arm embedded toolchain/10 2021.10/bin/../lib/gcc/arm-none-eabi/10.3.1/../../../../arm-none-eabi/lib/thumb/v7-m/nofp\libg_nano.a(lib_a-memset.o)
 .text.memset   0x000094b8       0x10 c:/program files (x86)/gnu arm embedded toolchain/10 2021.10/bin/../lib/gcc/arm-none-eabi/10.3.1/../../../../arm-none-eabi/lib/thumb/v7-m/nofp\libg_nano.a(lib_a-memset.o)
                0x000094b8                memset
 .text          0x000094c8        0x0 c:/program files (x86)/gnu arm embedded toolchain/10 2021.10/bin/../lib/gcc/arm-none-eabi/10.3.1/../../../../arm-none-eabi/lib/thumb/v7-m/nofp\libg_nano.a(lib_a-sprintf.o)
 .text._sprintf_r
                0x000094c8       0x38 c:/program files (x86)/gnu arm embedded toolchain/10 2021.10/bin/../lib/gcc/arm-none-eabi/10.3.1/../../../../arm-none-eabi/lib/thumb/v7-m/nofp\libg_nano.a(lib_a-sprintf.o)
                0x000094c8                _sprintf_r
                0x000094c8                _siprintf_r
 .text.sprintf  0x00009500       0x40 c:/program files (x86)/gnu arm embedded toolchain/10 2021.10/bin/../lib/gcc/arm-none-eabi/10.3.1/../../../../arm-none-eabi/lib/thumb/v7-m/nofp\libg_nano.a(lib_a-sprintf.o)
                0x00009500                siprintf
                0x00009500                sprintf
 .text          0x00009540       0x14 c:/program files (x86)/gnu arm embedded toolchain/10 2021.10/bin/../lib/gcc/arm-none-eabi/10.3.1/../../../../arm-none-eabi/lib/thumb/v7-m/nofp\libg_nano.a(lib_a-strcmp.o)
                0x00009540                strcmp
 .text          0x00009554        0x0 c:/program files (x86)/gnu arm embedded toolchain/10 2021.10/bin/../lib/gcc/arm-none-eabi/10.3.1/../../../../arm-none-eabi/lib/thumb/v7-m/nofp\libg_nano.a(lib_a-strcpy.o)
 .text.strcpy   0x00009554       0x10 c:/program files (x86)/gnu arm embedded toolchain/10 2021.10/bin/../lib/gcc/arm-none-eabi/10.3.1/../../../../arm-none-eabi/lib/thumb/v7-m/nofp\libg_nano.a(lib_a-strcpy.o)
                0x00009554                strcpy
 .text          0x00009564       0x10 c:/program files (x86)/gnu arm embedded toolchain/10 2021.10/bin/../lib/gcc/arm-none-eabi/10.3.1/../../../../arm-none-eabi/lib/thumb/v7-m/nofp\libg_nano.a(lib_a-strlen.o)
                0x00009564                strlen
 .text          0x00009574        0x0 c:/program files (x86)/gnu arm embedded toolchain/10 2021.10/bin/../lib/gcc/arm-none-eabi/10.3.1/../../../../arm-none-eabi/lib/thumb/v7-m/nofp\libg_nano.a(lib_a-strncpy.o)
 .text.strncpy  0x00009574       0x26 c:/program files (x86)/gnu arm embedded toolchain/10 2021.10/bin/../lib/gcc/arm-none-eabi/10.3.1/../../../../arm-none-eabi/lib/thumb/v7-m/nofp\libg_nano.a(lib_a-strncpy.o)
                0x00009574                strncpy
 .text          0x0000959a        0x0 c:/program files (x86)/gnu arm embedded toolchain/10 2021.10/bin/../lib/gcc/arm-none-eabi/10.3.1/../../../../arm-none-eabi/lib/thumb/v7-m/nofp\libg_nano.a(lib_a-strtol.o)
 *fill*         0x0000959a        0x2 
 .text._strtol_l.constprop.0
                0x0000959c       0xf8 c:/program files (x86)/gnu arm embedded toolchain/10 2021.10/bin/../lib/gcc/arm-none-eabi/10.3.1/../../../../arm-none-eabi/lib/thumb/v7-m/nofp\libg_nano.a(lib_a-strtol.o)
 .text._strtol_r
                0x00009694        0x4 c:/program files (x86)/gnu arm embedded toolchain/10 2021.10/bin/../lib/gcc/arm-none-eabi/10.3.1/../../../../arm-none-eabi/lib/thumb/v7-m/nofp\libg_nano.a(lib_a-strtol.o)
                0x00009694                _strtol_r
 .text.strtol_l
                0x00009698       0x14 c:/program files (x86)/gnu arm embedded toolchain/10 2021.10/bin/../lib/gcc/arm-none-eabi/10.3.1/../../../../arm-none-eabi/lib/thumb/v7-m/nofp\libg_nano.a(lib_a-strtol.o)
                0x00009698                strtol_l
 .text.strtol   0x000096ac       0x14 c:/program files (x86)/gnu arm embedded toolchain/10 2021.10/bin/../lib/gcc/arm-none-eabi/10.3.1/../../../../arm-none-eabi/lib/thumb/v7-m/nofp\libg_nano.a(lib_a-strtol.o)
                0x000096ac                strtol
 .text          0x000096c0        0x0 c:/program files (x86)/gnu arm embedded toolchain/10 2021.10/bin/../lib/gcc/arm-none-eabi/10.3.1/../../../../arm-none-eabi/lib/thumb/v7-m/nofp\libg_nano.a(lib_a-errno.o)
 .text.__errno  0x000096c0        0xc c:/program files (x86)/gnu arm embedded toolchain/10 2021.10/bin/../lib/gcc/arm-none-eabi/10.3.1/../../../../arm-none-eabi/lib/thumb/v7-m/nofp\libg_nano.a(lib_a-errno.o)
                0x000096c0                __errno
 .text          0x000096cc        0x0 c:/program files (x86)/gnu arm embedded toolchain/10 2021.10/bin/../lib/gcc/arm-none-eabi/10.3.1/../../../../arm-none-eabi/lib/thumb/v7-m/nofp\libg_nano.a(lib_a-impure.o)
 .text          0x000096cc        0x0 c:/program files (x86)/gnu arm embedded toolchain/10 2021.10/bin/../lib/gcc/arm-none-eabi/10.3.1/../../../../arm-none-eabi/lib/thumb/v7-m/nofp\libg_nano.a(lib_a-nano-svfprintf.o)
 .text.__ssputs_r
                0x000096cc       0xb6 c:/program files (x86)/gnu arm embedded toolchain/10 2021.10/bin/../lib/gcc/arm-none-eabi/10.3.1/../../../../arm-none-eabi/lib/thumb/v7-m/nofp\libg_nano.a(lib_a-nano-svfprintf.o)
                0x000096cc                __ssputs_r
 .text.__ssprint_r
                0x00009782       0xf6 c:/program files (x86)/gnu arm embedded toolchain/10 2021.10/bin/../lib/gcc/arm-none-eabi/10.3.1/../../../../arm-none-eabi/lib/thumb/v7-m/nofp\libg_nano.a(lib_a-nano-svfprintf.o)
                0x00009782                __ssprint_r
 .text._svfprintf_r
                0x00009878      0x200 c:/program files (x86)/gnu arm embedded toolchain/10 2021.10/bin/../lib/gcc/arm-none-eabi/10.3.1/../../../../arm-none-eabi/lib/thumb/v7-m/nofp\libg_nano.a(lib_a-nano-svfprintf.o)
                0x00009878                _svfiprintf_r
                0x00009878                _svfprintf_r
 .text          0x00009a78        0x0 c:/program files (x86)/gnu arm embedded toolchain/10 2021.10/bin/../lib/gcc/arm-none-eabi/10.3.1/../../../../arm-none-eabi/lib/thumb/v7-m/nofp\libg_nano.a(lib_a-nano-vfprintf_i.o)
 .text._printf_common
                0x00009a78       0xde c:/program files (x86)/gnu arm embedded toolchain/10 2021.10/bin/../lib/gcc/arm-none-eabi/10.3.1/../../../../arm-none-eabi/lib/thumb/v7-m/nofp\libg_nano.a(lib_a-nano-vfprintf_i.o)
                0x00009a78                _printf_common
 *fill*         0x00009b56        0x2 
 .text._printf_i
                0x00009b58      0x24c c:/program files (x86)/gnu arm embedded toolchain/10 2021.10/bin/../lib/gcc/arm-none-eabi/10.3.1/../../../../arm-none-eabi/lib/thumb/v7-m/nofp\libg_nano.a(lib_a-nano-vfprintf_i.o)
                0x00009b58                _printf_i
 .text          0x00009da4        0x0 c:/program files (x86)/gnu arm embedded toolchain/10 2021.10/bin/../lib/gcc/arm-none-eabi/10.3.1/../../../../arm-none-eabi/lib/thumb/v7-m/nofp\libg_nano.a(lib_a-memchr-stub.o)
 .text.memchr   0x00009da4       0x1c c:/program files (x86)/gnu arm embedded toolchain/10 2021.10/bin/../lib/gcc/arm-none-eabi/10.3.1/../../../../arm-none-eabi/lib/thumb/v7-m/nofp\libg_nano.a(lib_a-memchr-stub.o)
                0x00009da4                memchr
 .text          0x00009dc0        0x0 c:/program files (x86)/gnu arm embedded toolchain/10 2021.10/bin/../lib/gcc/arm-none-eabi/10.3.1/../../../../arm-none-eabi/lib/thumb/v7-m/nofp\libg_nano.a(lib_a-memmove.o)
 .text.memmove  0x00009dc0       0x34 c:/program files (x86)/gnu arm embedded toolchain/10 2021.10/bin/../lib/gcc/arm-none-eabi/10.3.1/../../../../arm-none-eabi/lib/thumb/v7-m/nofp\libg_nano.a(lib_a-memmove.o)
                0x00009dc0                memmove
 .text          0x00009df4        0x0 c:/program files (x86)/gnu arm embedded toolchain/10 2021.10/bin/../lib/gcc/arm-none-eabi/10.3.1/../../../../arm-none-eabi/lib/thumb/v7-m/nofp\libg_nano.a(lib_a-nano-freer.o)
 .text._free_r  0x00009df4       0x90 c:/program files (x86)/gnu arm embedded toolchain/10 2021.10/bin/../lib/gcc/arm-none-eabi/10.3.1/../../../../arm-none-eabi/lib/thumb/v7-m/nofp\libg_nano.a(lib_a-nano-freer.o)
                0x00009df4                _free_r
 .text          0x00009e84        0x0 c:/program files (x86)/gnu arm embedded toolchain/10 2021.10/bin/../lib/gcc/arm-none-eabi/10.3.1/../../../../arm-none-eabi/lib/thumb/v7-m/nofp\libg_nano.a(lib_a-nano-mallocr.o)
 .text.sbrk_aligned
                0x00009e84       0x40 c:/program files (x86)/gnu arm embedded toolchain/10 2021.10/bin/../lib/gcc/arm-none-eabi/10.3.1/../../../../arm-none-eabi/lib/thumb/v7-m/nofp\libg_nano.a(lib_a-nano-mallocr.o)
 .text._malloc_r
                0x00009ec4       0xe8 c:/program files (x86)/gnu arm embedded toolchain/10 2021.10/bin/../lib/gcc/arm-none-eabi/10.3.1/../../../../arm-none-eabi/lib/thumb/v7-m/nofp\libg_nano.a(lib_a-nano-mallocr.o)
                0x00009ec4                _malloc_r
 .text          0x00009fac        0x0 c:/program files (x86)/gnu arm embedded toolchain/10 2021.10/bin/../lib/gcc/arm-none-eabi/10.3.1/../../../../arm-none-eabi/lib/thumb/v7-m/nofp\libg_nano.a(lib_a-nano-reallocr.o)
 .text._realloc_r
                0x00009fac       0x5e c:/program files (x86)/gnu arm embedded toolchain/10 2021.10/bin/../lib/gcc/arm-none-eabi/10.3.1/../../../../arm-none-eabi/lib/thumb/v7-m/nofp\libg_nano.a(lib_a-nano-reallocr.o)
                0x00009fac                _realloc_r
 .text          0x0000a00a        0x0 c:/program files (x86)/gnu arm embedded toolchain/10 2021.10/bin/../lib/gcc/arm-none-eabi/10.3.1/../../../../arm-none-eabi/lib/thumb/v7-m/nofp\libg_nano.a(lib_a-mlock.o)
 *fill*         0x0000a00a        0x2 
 .text.__malloc_lock
                0x0000a00c        0xc c:/program files (x86)/gnu arm embedded toolchain/10 2021.10/bin/../lib/gcc/arm-none-eabi/10.3.1/../../../../arm-none-eabi/lib/thumb/v7-m/nofp\libg_nano.a(lib_a-mlock.o)
                0x0000a00c                __malloc_lock
 .text.__malloc_unlock
                0x0000a018        0xc c:/program files (x86)/gnu arm embedded toolchain/10 2021.10/bin/../lib/gcc/arm-none-eabi/10.3.1/../../../../arm-none-eabi/lib/thumb/v7-m/nofp\libg_nano.a(lib_a-mlock.o)
                0x0000a018                __malloc_unlock
 .text          0x0000a024        0x0 c:/program files (x86)/gnu arm embedded toolchain/10 2021.10/bin/../lib/gcc/arm-none-eabi/10.3.1/../../../../arm-none-eabi/lib/thumb/v7-m/nofp\libg_nano.a(lib_a-nano-msizer.o)
 .text._malloc_usable_size_r
                0x0000a024       0x10 c:/program files (x86)/gnu arm embedded toolchain/10 2021.10/bin/../lib/gcc/arm-none-eabi/10.3.1/../../../../arm-none-eabi/lib/thumb/v7-m/nofp\libg_nano.a(lib_a-nano-msizer.o)
                0x0000a024                _malloc_usable_size_r
 .text          0x0000a034        0x0 c:/program files (x86)/gnu arm embedded toolchain/10 2021.10/bin/../lib/gcc/arm-none-eabi/10.3.1/../../../../arm-none-eabi/lib/thumb/v7-m/nofp\libg_nano.a(lib_a-lock.o)
 .text.__retarget_lock_init
                0x0000a034        0x2 c:/program files (x86)/gnu arm embedded toolchain/10 2021.10/bin/../lib/gcc/arm-none-eabi/10.3.1/../../../../arm-none-eabi/lib/thumb/v7-m/nofp\libg_nano.a(lib_a-lock.o)
                0x0000a034                __retarget_lock_init
 .text.__retarget_lock_init_recursive
                0x0000a036        0x2 c:/program files (x86)/gnu arm embedded toolchain/10 2021.10/bin/../lib/gcc/arm-none-eabi/10.3.1/../../../../arm-none-eabi/lib/thumb/v7-m/nofp\libg_nano.a(lib_a-lock.o)
                0x0000a036                __retarget_lock_init_recursive
 .text.__retarget_lock_close
                0x0000a038        0x2 c:/program files (x86)/gnu arm embedded toolchain/10 2021.10/bin/../lib/gcc/arm-none-eabi/10.3.1/../../../../arm-none-eabi/lib/thumb/v7-m/nofp\libg_nano.a(lib_a-lock.o)
                0x0000a038                __retarget_lock_close
 .text.__retarget_lock_close_recursive
                0x0000a03a        0x2 c:/program files (x86)/gnu arm embedded toolchain/10 2021.10/bin/../lib/gcc/arm-none-eabi/10.3.1/../../../../arm-none-eabi/lib/thumb/v7-m/nofp\libg_nano.a(lib_a-lock.o)
                0x0000a03a                __retarget_lock_close_recursive
 .text.__retarget_lock_acquire
                0x0000a03c        0x2 c:/program files (x86)/gnu arm embedded toolchain/10 2021.10/bin/../lib/gcc/arm-none-eabi/10.3.1/../../../../arm-none-eabi/lib/thumb/v7-m/nofp\libg_nano.a(lib_a-lock.o)
                0x0000a03c                __retarget_lock_acquire
 .text.__retarget_lock_acquire_recursive
                0x0000a03e        0x2 c:/program files (x86)/gnu arm embedded toolchain/10 2021.10/bin/../lib/gcc/arm-none-eabi/10.3.1/../../../../arm-none-eabi/lib/thumb/v7-m/nofp\libg_nano.a(lib_a-lock.o)
                0x0000a03e                __retarget_lock_acquire_recursive
 .text.__retarget_lock_try_acquire
                0x0000a040        0x4 c:/program files (x86)/gnu arm embedded toolchain/10 2021.10/bin/../lib/gcc/arm-none-eabi/10.3.1/../../../../arm-none-eabi/lib/thumb/v7-m/nofp\libg_nano.a(lib_a-lock.o)
                0x0000a040                __retarget_lock_try_acquire
 .text.__retarget_lock_try_acquire_recursive
                0x0000a044        0x4 c:/program files (x86)/gnu arm embedded toolchain/10 2021.10/bin/../lib/gcc/arm-none-eabi/10.3.1/../../../../arm-none-eabi/lib/thumb/v7-m/nofp\libg_nano.a(lib_a-lock.o)
                0x0000a044                __retarget_lock_try_acquire_recursive
 .text.__retarget_lock_release
                0x0000a048        0x2 c:/program files (x86)/gnu arm embedded toolchain/10 2021.10/bin/../lib/gcc/arm-none-eabi/10.3.1/../../../../arm-none-eabi/lib/thumb/v7-m/nofp\libg_nano.a(lib_a-lock.o)
                0x0000a048                __retarget_lock_release
 .text.__retarget_lock_release_recursive
                0x0000a04a        0x2 c:/program files (x86)/gnu arm embedded toolchain/10 2021.10/bin/../lib/gcc/arm-none-eabi/10.3.1/../../../../arm-none-eabi/lib/thumb/v7-m/nofp\libg_nano.a(lib_a-lock.o)
                0x0000a04a                __retarget_lock_release_recursive
 *(.rodata*)
 .rodata        0x0000a04c       0x74 ./LocalDemoFiles/display.o
 .rodata.g_pucOSRAM128x64x4VerticalInc
                0x0000a0c0        0x2 ./LocalDemoFiles/osram128x64x4.o
 *fill*         0x0000a0c2        0x2 
 .rodata.g_pucOSRAM128x64x4HorizontalInc
                0x0000a0c4        0x2 ./LocalDemoFiles/osram128x64x4.o
 *fill*         0x0000a0c6        0x2 
 .rodata.g_pucFont
                0x0000a0c8      0x1e0 ./LocalDemoFiles/osram128x64x4.o
 .rodata.g_pucOSRAM128x64x4Init
                0x0000a2a8       0x4e ./LocalDemoFiles/osram128x64x4.o
 *fill*         0x0000a2f6        0x2 
 .rodata.pucCommand1.7
                0x0000a2f8        0x3 ./LocalDemoFiles/osram128x64x4.o
 *fill*         0x0000a2fb        0x1 
 .rodata.pucCommand2.6
                0x0000a2fc        0x3 ./LocalDemoFiles/osram128x64x4.o
 *fill*         0x0000a2ff        0x1 
 .rodata.pucCommand1.0
                0x0000a300        0x3 ./LocalDemoFiles/osram128x64x4.o
 *fill*         0x0000a303        0x1 
 .rodata        0x0000a304       0x18 ./LocalDemoFiles/worker.o
 .rodata        0x0000a31c       0x1a ./LegacyDrivers/ustdlib.o
 *fill*         0x0000a336        0x2 
 .rodata.g_pcHex
                0x0000a338        0x4 ./LegacyDrivers/ustdlib.o
 .rodata.xHeapStructSize
                0x0000a33c        0x4 ./FreeRTOS_Source/portable/MemMang/heap_4.o
 .rodata        0x0000a340       0x40 ./FreeRTOS_Source/portable/MemMang/heap_4.o
 .rodata.pcInterruptPriorityRegisters
                0x0000a380        0x4 ./FreeRTOS_Source/portable/GCC/ARM_CM3/port.o
 .rodata        0x0000a384       0x42 ./FreeRTOS_Source/portable/GCC/ARM_CM3/port.o
 *fill*         0x0000a3c6        0x2 
 .rodata        0x0000a3c8       0x35 ./FreeRTOS_Source/event_groups.o
 *fill*         0x0000a3fd        0x3 
 .rodata        0x0000a400       0x2e ./FreeRTOS_Source/queue.o
 *fill*         0x0000a42e        0x2 
 .rodata        0x0000a430       0x36 ./FreeRTOS_Source/stream_buffer.o
 *fill*         0x0000a466        0x2 
 .rodata        0x0000a468       0x47 ./FreeRTOS_Source/tasks.o
 *fill*         0x0000a4af        0x1 
 .rodata        0x0000a4b0       0x3d ./FreeRTOS_Source/timers.o
 *fill*         0x0000a4ed        0x3 
 .rodata        0x0000a4f0       0x22 ./main.o
 *fill*         0x0000a512        0x2 
 .rodata.IntDefaultHandler.str1.4
                0x0000a514        0xd ./startup.o
 *fill*         0x0000a521        0x3 
 .rodata.g_pulPriority
                0x0000a524       0x20 C:\FreeRTOSv202212.01\FreeRTOS\Demo\Common\drivers\LuminaryMicro/arm-none-eabi-gcc/\libdriver.a(interrupt.o)
 .rodata.g_pulRegs
                0x0000a544       0x40 C:\FreeRTOSv202212.01\FreeRTOS\Demo\Common\drivers\LuminaryMicro/arm-none-eabi-gcc/\libdriver.a(interrupt.o)
 .rodata.g_pulDCRegs
                0x0000a584       0x10 C:\FreeRTOSv202212.01\FreeRTOS\Demo\Common\drivers\LuminaryMicro/arm-none-eabi-gcc/\libdriver.a(sysctl.o)
 .rodata.g_pulXtals
                0x0000a594       0x5c C:\FreeRTOSv202212.01\FreeRTOS\Demo\Common\drivers\LuminaryMicro/arm-none-eabi-gcc/\libdriver.a(sysctl.o)
 .rodata.g_pulDCGCRegs
                0x0000a5f0        0xc C:\FreeRTOSv202212.01\FreeRTOS\Demo\Common\drivers\LuminaryMicro/arm-none-eabi-gcc/\libdriver.a(sysctl.o)
 .rodata.g_pulRCGCRegs
                0x0000a5fc        0xc C:\FreeRTOSv202212.01\FreeRTOS\Demo\Common\drivers\LuminaryMicro/arm-none-eabi-gcc/\libdriver.a(sysctl.o)
 .rodata.g_pulSCGCRegs
                0x0000a608        0xc C:\FreeRTOSv202212.01\FreeRTOS\Demo\Common\drivers\LuminaryMicro/arm-none-eabi-gcc/\libdriver.a(sysctl.o)
 .rodata.g_pulSRCRRegs
                0x0000a614        0xc C:\FreeRTOSv202212.01\FreeRTOS\Demo\Common\drivers\LuminaryMicro/arm-none-eabi-gcc/\libdriver.a(sysctl.o)
 .rodata._ctype_
                0x0000a620      0x101 c:/program files (x86)/gnu arm embedded toolchain/10 2021.10/bin/../lib/gcc/arm-none-eabi/10.3.1/../../../../arm-none-eabi/lib/thumb/v7-m/nofp\libg_nano.a(lib_a-ctype_.o)
                0x0000a620                _ctype_
 *fill*         0x0000a721        0x3 
 .rodata._global_impure_ptr
                0x0000a724        0x4 c:/program files (x86)/gnu arm embedded toolchain/10 2021.10/bin/../lib/gcc/arm-none-eabi/10.3.1/../../../../arm-none-eabi/lib/thumb/v7-m/nofp\libg_nano.a(lib_a-impure.o)
                0x0000a724                _global_impure_ptr
 .rodata._svfprintf_r.str1.1
                0x0000a728       0x11 c:/program files (x86)/gnu arm embedded toolchain/10 2021.10/bin/../lib/gcc/arm-none-eabi/10.3.1/../../../../arm-none-eabi/lib/thumb/v7-m/nofp\libg_nano.a(lib_a-nano-svfprintf.o)
 .rodata._printf_i.str1.1
                0x0000a739       0x22 c:/program files (x86)/gnu arm embedded toolchain/10 2021.10/bin/../lib/gcc/arm-none-eabi/10.3.1/../../../../arm-none-eabi/lib/thumb/v7-m/nofp\libg_nano.a(lib_a-nano-vfprintf_i.o)
                0x0000a75b                _etext = .

.glue_7         0x0000a75c        0x0
 .glue_7        0x0000a75c        0x0 linker stubs

.glue_7t        0x0000a75c        0x0
 .glue_7t       0x0000a75c        0x0 linker stubs

.vfp11_veneer   0x0000a75c        0x0
 .vfp11_veneer  0x0000a75c        0x0 linker stubs

.v4_bx          0x0000a75c        0x0
 .v4_bx         0x0000a75c        0x0 linker stubs

.iplt           0x0000a75c        0x0
 .iplt          0x0000a75c        0x0 ./LocalDemoFiles/display.o

.rel.dyn        0x0000a75c        0x0
 .rel.iplt      0x0000a75c        0x0 ./LocalDemoFiles/display.o

.data           0x20000000      0x170 load address 0x0000a75b
                0x20000000                _data = .
 *(vtable)
 vtable         0x20000000      0x100 C:\FreeRTOSv202212.01\FreeRTOS\Demo\Common\drivers\LuminaryMicro/arm-none-eabi-gcc/\libdriver.a(interrupt.o)
 *(.data*)
 .data          0x20000100        0x0 ./LocalDemoFiles/display.o
 .data          0x20000100        0x0 ./LocalDemoFiles/globals.o
 .data.numberOfMenuStates
                0x20000100        0x1 ./LocalDemoFiles/globals.o
                0x20000100                numberOfMenuStates
 .data          0x20000101        0x0 ./LocalDemoFiles/osram128x64x4.o
 .data          0x20000101        0x0 ./LocalDemoFiles/serial.o
 .data          0x20000101        0x0 ./LocalDemoFiles/worker.o
 .data          0x20000101        0x0 ./LegacyDrivers/ustdlib.o
 .data          0x20000101        0x0 ./FreeRTOS_Source/portable/MemMang/heap_4.o
 .data          0x20000101        0x0 ./FreeRTOS_Source/portable/GCC/ARM_CM3/port.o
 *fill*         0x20000101        0x3 
 .data.uxCriticalNesting
                0x20000104        0x4 ./FreeRTOS_Source/portable/GCC/ARM_CM3/port.o
 .data          0x20000108        0x0 ./FreeRTOS_Source/croutine.o
 .data          0x20000108        0x0 ./FreeRTOS_Source/event_groups.o
 .data          0x20000108        0x0 ./FreeRTOS_Source/list.o
 .data          0x20000108        0x0 ./FreeRTOS_Source/queue.o
 .data          0x20000108        0x0 ./FreeRTOS_Source/stream_buffer.o
 .data          0x20000108        0x0 ./FreeRTOS_Source/tasks.o
 .data.uxTopUsedPriority
                0x20000108        0x4 ./FreeRTOS_Source/tasks.o
                0x20000108                uxTopUsedPriority
 .data          0x2000010c        0x0 ./FreeRTOS_Source/timers.o
 .data          0x2000010c        0x0 ./main.o
 .data          0x2000010c        0x0 ./startup.o
 .data          0x2000010c        0x0 C:\FreeRTOSv202212.01\FreeRTOS\Demo\Common\drivers\LuminaryMicro/arm-none-eabi-gcc/\libdriver.a(gpio.o)
 .data          0x2000010c        0x0 C:\FreeRTOSv202212.01\FreeRTOS\Demo\Common\drivers\LuminaryMicro/arm-none-eabi-gcc/\libdriver.a(interrupt.o)
 .data          0x2000010c        0x0 C:\FreeRTOSv202212.01\FreeRTOS\Demo\Common\drivers\LuminaryMicro/arm-none-eabi-gcc/\libdriver.a(ssi.o)
 .data          0x2000010c        0x0 C:\FreeRTOSv202212.01\FreeRTOS\Demo\Common\drivers\LuminaryMicro/arm-none-eabi-gcc/\libdriver.a(sysctl.o)
 .data          0x2000010c        0x0 C:\FreeRTOSv202212.01\FreeRTOS\Demo\Common\drivers\LuminaryMicro/arm-none-eabi-gcc/\libdriver.a(uart.o)
 .data          0x2000010c        0x0 C:\FreeRTOSv202212.01\FreeRTOS\Demo\Common\drivers\LuminaryMicro/arm-none-eabi-gcc/\libdriver.a(cpu.o)
 .data          0x2000010c        0x0 c:/program files (x86)/gnu arm embedded toolchain/10 2021.10/bin/../lib/gcc/arm-none-eabi/10.3.1/../../../../arm-none-eabi/lib/thumb/v7-m/nofp\libg_nano.a(lib_a-atoi.o)
 .data          0x2000010c        0x0 c:/program files (x86)/gnu arm embedded toolchain/10 2021.10/bin/../lib/gcc/arm-none-eabi/10.3.1/../../../../arm-none-eabi/lib/thumb/v7-m/nofp\libg_nano.a(lib_a-ctype_.o)
 .data          0x2000010c        0x0 c:/program files (x86)/gnu arm embedded toolchain/10 2021.10/bin/../lib/gcc/arm-none-eabi/10.3.1/../../../../arm-none-eabi/lib/thumb/v7-m/nofp\libg_nano.a(lib_a-memcpy-stub.o)
 .data          0x2000010c        0x0 c:/program files (x86)/gnu arm embedded toolchain/10 2021.10/bin/../lib/gcc/arm-none-eabi/10.3.1/../../../../arm-none-eabi/lib/thumb/v7-m/nofp\libg_nano.a(lib_a-memset.o)
 .data          0x2000010c        0x0 c:/program files (x86)/gnu arm embedded toolchain/10 2021.10/bin/../lib/gcc/arm-none-eabi/10.3.1/../../../../arm-none-eabi/lib/thumb/v7-m/nofp\libg_nano.a(lib_a-sprintf.o)
 .data          0x2000010c        0x0 c:/program files (x86)/gnu arm embedded toolchain/10 2021.10/bin/../lib/gcc/arm-none-eabi/10.3.1/../../../../arm-none-eabi/lib/thumb/v7-m/nofp\libg_nano.a(lib_a-strcmp.o)
 .data          0x2000010c        0x0 c:/program files (x86)/gnu arm embedded toolchain/10 2021.10/bin/../lib/gcc/arm-none-eabi/10.3.1/../../../../arm-none-eabi/lib/thumb/v7-m/nofp\libg_nano.a(lib_a-strcpy.o)
 .data          0x2000010c        0x0 c:/program files (x86)/gnu arm embedded toolchain/10 2021.10/bin/../lib/gcc/arm-none-eabi/10.3.1/../../../../arm-none-eabi/lib/thumb/v7-m/nofp\libg_nano.a(lib_a-strlen.o)
 .data          0x2000010c        0x0 c:/program files (x86)/gnu arm embedded toolchain/10 2021.10/bin/../lib/gcc/arm-none-eabi/10.3.1/../../../../arm-none-eabi/lib/thumb/v7-m/nofp\libg_nano.a(lib_a-strncpy.o)
 .data          0x2000010c        0x0 c:/program files (x86)/gnu arm embedded toolchain/10 2021.10/bin/../lib/gcc/arm-none-eabi/10.3.1/../../../../arm-none-eabi/lib/thumb/v7-m/nofp\libg_nano.a(lib_a-strtol.o)
 .data          0x2000010c        0x0 c:/program files (x86)/gnu arm embedded toolchain/10 2021.10/bin/../lib/gcc/arm-none-eabi/10.3.1/../../../../arm-none-eabi/lib/thumb/v7-m/nofp\libg_nano.a(lib_a-errno.o)
 .data          0x2000010c        0x0 c:/program files (x86)/gnu arm embedded toolchain/10 2021.10/bin/../lib/gcc/arm-none-eabi/10.3.1/../../../../arm-none-eabi/lib/thumb/v7-m/nofp\libg_nano.a(lib_a-impure.o)
 .data._impure_ptr
                0x2000010c        0x4 c:/program files (x86)/gnu arm embedded toolchain/10 2021.10/bin/../lib/gcc/arm-none-eabi/10.3.1/../../../../arm-none-eabi/lib/thumb/v7-m/nofp\libg_nano.a(lib_a-impure.o)
                0x2000010c                _impure_ptr
 .data.impure_data
                0x20000110       0x60 c:/program files (x86)/gnu arm embedded toolchain/10 2021.10/bin/../lib/gcc/arm-none-eabi/10.3.1/../../../../arm-none-eabi/lib/thumb/v7-m/nofp\libg_nano.a(lib_a-impure.o)
 .data          0x20000170        0x0 c:/program files (x86)/gnu arm embedded toolchain/10 2021.10/bin/../lib/gcc/arm-none-eabi/10.3.1/../../../../arm-none-eabi/lib/thumb/v7-m/nofp\libg_nano.a(lib_a-nano-svfprintf.o)
 .data          0x20000170        0x0 c:/program files (x86)/gnu arm embedded toolchain/10 2021.10/bin/../lib/gcc/arm-none-eabi/10.3.1/../../../../arm-none-eabi/lib/thumb/v7-m/nofp\libg_nano.a(lib_a-nano-vfprintf_i.o)
 .data          0x20000170        0x0 c:/program files (x86)/gnu arm embedded toolchain/10 2021.10/bin/../lib/gcc/arm-none-eabi/10.3.1/../../../../arm-none-eabi/lib/thumb/v7-m/nofp\libg_nano.a(lib_a-memchr-stub.o)
 .data          0x20000170        0x0 c:/program files (x86)/gnu arm embedded toolchain/10 2021.10/bin/../lib/gcc/arm-none-eabi/10.3.1/../../../../arm-none-eabi/lib/thumb/v7-m/nofp\libg_nano.a(lib_a-memmove.o)
 .data          0x20000170        0x0 c:/program files (x86)/gnu arm embedded toolchain/10 2021.10/bin/../lib/gcc/arm-none-eabi/10.3.1/../../../../arm-none-eabi/lib/thumb/v7-m/nofp\libg_nano.a(lib_a-nano-freer.o)