Archive member included to satisfy reference by file (symbol)

C:\FreeRTOSv202212.01\FreeRTOS\Demo\Common\drivers\LuminaryMicro/arm-none-eabi-gcc/\libdriver.a(gpio.o)
                              ./LocalDemoFiles/osram128x64x4.o (GPIODirModeSet)
C:\FreeRTOSv202212.01\FreeRTOS\Demo\Common\drivers\LuminaryMicro/arm-none-eabi-gcc/\libdriver.a(interrupt.o)
                              C:\FreeRTOSv202212.01\FreeRTOS\Demo\Common\drivers\LuminaryMicro/arm-none-eabi-gcc/\libdriver.a(gpio.o) (IntRegister)
C:\FreeRTOSv202212.01\FreeRTOS\Demo\Common\drivers\LuminaryMicro/arm-none-eabi-gcc/\libdriver.a(ssi.o)
                              ./LocalDemoFiles/osram128x64x4.o (SSIConfigSetExpClk)
C:\FreeRTOSv202212.01\FreeRTOS\Demo\Common\drivers\LuminaryMicro/arm-none-eabi-gcc/\libdriver.a(sysctl.o)
                              ./LocalDemoFiles/osram128x64x4.o (SysCtlPeripheralEnable)
C:\FreeRTOSv202212.01\FreeRTOS\Demo\Common\drivers\LuminaryMicro/arm-none-eabi-gcc/\libdriver.a(uart.o)
                              ./main.o (UARTEnable)
C:\FreeRTOSv202212.01\FreeRTOS\Demo\Common\drivers\LuminaryMicro/arm-none-eabi-gcc/\libdriver.a(cpu.o)
                              C:\FreeRTOSv202212.01\FreeRTOS\Demo\Common\drivers\LuminaryMicro/arm-none-eabi-gcc/\libdriver.a(interrupt.o) (CPUcpsid)
c:/program files (x86)/gnu arm embedded toolchain/10 2021.10/bin/../lib/gcc/arm-none-eabi/10.3.1/../../../../arm-none-eabi/lib/thumb/v7-m/nofp\libg_nano.a(lib_a-atoi.o)
                              ./LocalDemoFiles/serial.o (atoi)
c:/program files (x86)/gnu arm embedded toolchain/10 2021.10/bin/../lib/gcc/arm-none-eabi/10.3.1/../../../../arm-none-eabi/lib/thumb/v7-m/nofp\libg_nano.a(lib_a-ctype_.o)
                              ./LocalDemoFiles/serial.o (_ctype_)
c:/program files (x86)/gnu arm embedded toolchain/10 2021.10/bin/../lib/gcc/arm-none-eabi/10.3.1/../../../../arm-none-eabi/lib/thumb/v7-m/nofp\libg_nano.a(lib_a-memcpy-stub.o)
                              ./FreeRTOS_Source/queue.o (memcpy)
c:/program files (x86)/gnu arm embedded toolchain/10 2021.10/bin/../lib/gcc/arm-none-eabi/10.3.1/../../../../arm-none-eabi/lib/thumb/v7-m/nofp\libg_nano.a(lib_a-memset.o)
                              ./FreeRTOS_Source/portable/MemMang/heap_4.o (memset)
c:/program files (x86)/gnu arm embedded toolchain/10 2021.10/bin/../lib/gcc/arm-none-eabi/10.3.1/../../../../arm-none-eabi/lib/thumb/v7-m/nofp\libg_nano.a(lib_a-sprintf.o)
                              ./LocalDemoFiles/display.o (sprintf)
c:/program files (x86)/gnu arm embedded toolchain/10 2021.10/bin/../lib/gcc/arm-none-eabi/10.3.1/../../../../arm-none-eabi/lib/thumb/v7-m/nofp\libg_nano.a(lib_a-strcmp.o)
                              ./LocalDemoFiles/worker.o (strcmp)
c:/program files (x86)/gnu arm embedded toolchain/10 2021.10/bin/../lib/gcc/arm-none-eabi/10.3.1/../../../../arm-none-eabi/lib/thumb/v7-m/nofp\libg_nano.a(lib_a-strcpy.o)
                              ./FreeRTOS_Source/tasks.o (strcpy)
c:/program files (x86)/gnu arm embedded toolchain/10 2021.10/bin/../lib/gcc/arm-none-eabi/10.3.1/../../../../arm-none-eabi/lib/thumb/v7-m/nofp\libg_nano.a(lib_a-strlen.o)
                              ./FreeRTOS_Source/tasks.o (strlen)
c:/program files (x86)/gnu arm embedded toolchain/10 2021.10/bin/../lib/gcc/arm-none-eabi/10.3.1/../../../../arm-none-eabi/lib/thumb/v7-m/nofp\libg_nano.a(lib_a-strncpy.o)
                              ./LegacyDrivers/ustdlib.o (strncpy)
c:/program files (x86)/gnu arm embedded toolchain/10 2021.10/bin/../lib/gcc/arm-none-eabi/10.3.1/../../../../arm-none-eabi/lib/thumb/v7-m/nofp\libg_nano.a(lib_a-strtol.o)
                              c:/program files (x86)/gnu arm embedded toolchain/10 2021.10/bin/../lib/gcc/arm-none-eabi/10.3.1/../../../../arm-none-eabi/lib/thumb/v7-m/nofp\libg_nano.a(lib_a-atoi.o) (_strtol_r)
c:/program files (x86)/gnu arm embedded toolchain/10 2021.10/bin/../lib/gcc/arm-none-eabi/10.3.1/../../../../arm-none-eabi/lib/thumb/v7-m/nofp\libg_nano.a(lib_a-errno.o)
                              c:/program files (x86)/gnu arm embedded toolchain/10 2021.10/bin/../lib/gcc/arm-none-eabi/10.3.1/../../../../arm-none-eabi/lib/thumb/v7-m/nofp\libg_nano.a(lib_a-strtol.o) (__errno)
c:/program files (x86)/gnu arm embedded toolchain/10 2021.10/bin/../lib/gcc/arm-none-eabi/10.3.1/../../../../arm-none-eabi/lib/thumb/v7-m/nofp\libg_nano.a(lib_a-impure.o)
                              c:/program files (x86)/gnu arm embedded toolchain/10 2021.10/bin/../lib/gcc/arm-none-eabi/10.3.1/../../../../arm-none-eabi/lib/thumb/v7-m/nofp\libg_nano.a(lib_a-sprintf.o) (_impure_ptr)
c:/program files (x86)/gnu arm embedded toolchain/10 2021.10/bin/../lib/gcc/arm-none-eabi/10.3.1/../../../../arm-none-eabi/lib/thumb/v7-m/nofp\libg_nano.a(lib_a-nano-svfprintf.o)
                              c:/program files (x86)/gnu arm embedded toolchain/10 2021.10/bin/../lib/gcc/arm-none-eabi/10.3.1/../../../../arm-none-eabi/lib/thumb/v7-m/nofp\libg_nano.a(lib_a-sprintf.o) (_svfprintf_r)
[...]
Memory Configuration

Name             Origin             Length             Attributes
FLASH            0x00000000         0x00040000         xr
SRAM             0x20000000         0x00010000         xrw
*default*        0x00000000         0xffffffff

Linker script and memory map

LOAD ./LocalDemoFiles/display.o
LOAD ./LocalDemoFiles/globals.o
LOAD ./LocalDemoFiles/osram128x64x4.o
LOAD ./LocalDemoFiles/serial.o
LOAD ./LocalDemoFiles/worker.o
LOAD ./LegacyDrivers/ustdlib.o
LOAD ./FreeRTOS_Source/portable/MemMang/heap_4.o
LOAD ./FreeRTOS_Source/portable/GCC/ARM_CM3/port.o
LOAD ./FreeRTOS_Source/croutine.o
LOAD ./FreeRTOS_Source/event_groups.o
LOAD ./FreeRTOS_Source/list.o
LOAD ./FreeRTOS_Source/queue.o
LOAD ./FreeRTOS_Source/stream_buffer.o
LOAD ./FreeRTOS_Source/tasks.o
LOAD ./FreeRTOS_Source/timers.o
LOAD ./main.o
LOAD ./startup.o
LOAD C:\FreeRTOSv202212.01\FreeRTOS\Demo\Common\drivers\LuminaryMicro/arm-none-eabi-gcc/\libdriver.a
LOAD C:\FreeRTOSv202212.01\FreeRTOS\Demo\Common\drivers\LuminaryMicro/arm-none-eabi-gcc/\libgr.a
START GROUP
LOAD c:/program files (x86)/gnu arm embedded toolchain/10 2021.10/bin/../lib/gcc/arm-none-eabi/10.3.1/thumb/v7-m/nofp\libgcc.a
LOAD c:/program files (x86)/gnu arm embedded toolchain/10 2021.10/bin/../lib/gcc/arm-none-eabi/10.3.1/../../../../arm-none-eabi/lib/thumb/v7-m/nofp\libg_nano.a
LOAD c:/program files (x86)/gnu arm embedded toolchain/10 2021.10/bin/../lib/gcc/arm-none-eabi/10.3.1/../../../../arm-none-eabi/lib/thumb/v7-m/nofp\libc_nano.a
END GROUP
START GROUP
LOAD c:/program files (x86)/gnu arm embedded toolchain/10 2021.10/bin/../lib/gcc/arm-none-eabi/10.3.1/thumb/v7-m/nofp\libgcc.a
LOAD c:/program files (x86)/gnu arm embedded toolchain/10 2021.10/bin/../lib/gcc/arm-none-eabi/10.3.1/../../../../arm-none-eabi/lib/thumb/v7-m/nofp\libc_nano.a
END GROUP

.text           0x00000000     0xa9fb
 *(.isr_vector)
 .isr_vector    0x00000000       0xf0 ./startup.o
                0x00000000                g_pfnVectors
 *(.text*)
 .text          0x000000f0        0x0 ./LocalDemoFiles/display.o
 .text.printScreanType
                0x000000f0       0x58 ./LocalDemoFiles/display.o
                0x000000f0                printScreanType
 .text.printMouse
                0x00000148       0x24 ./LocalDemoFiles/display.o
                0x00000148                printMouse
 .text.printMenu
                0x0000016c       0x7c ./LocalDemoFiles/display.o
                0x0000016c                printMenu
 .text.printWorkers
                0x000001e8      0x124 ./LocalDemoFiles/display.o
                0x000001e8                printWorkers
 .text          0x0000030c        0x0 ./LocalDemoFiles/globals.o
 .text          0x0000030c        0x0 ./LocalDemoFiles/osram128x64x4.o
 .text.OSRAMWriteCommand
                0x0000030c       0x60 ./LocalDemoFiles/osram128x64x4.o
 .text.OSRAMWriteData
                0x0000036c       0x60 ./LocalDemoFiles/osram128x64x4.o
 .text.OSRAM128x64x4Clear
                0x000003cc       0x64 ./LocalDemoFiles/osram128x64x4.o
                0x000003cc                OSRAM128x64x4Clear
 .text.OSRAM128x64x4StringDraw
                0x00000430      0x1c8 ./LocalDemoFiles/osram128x64x4.o
                0x00000430                OSRAM128x64x4StringDraw
 .text.OSRAM128x64x4ImageDraw
                0x000005f8      0x118 ./LocalDemoFiles/osram128x64x4.o
                0x000005f8                OSRAM128x64x4ImageDraw
 .text.OSRAM128x64x4PixelDraw
                0x00000710       0xc8 ./LocalDemoFiles/osram128x64x4.o
                0x00000710                OSRAM128x64x4PixelDraw
 .text.OSRAM128x64x4RectangleDraw
                0x000007d8      0x19c ./LocalDemoFiles/osram128x64x4.o
                0x000007d8                OSRAM128x64x4RectangleDraw
 .text.OSRAM128x64x4Enable
                0x00000974       0x70 ./LocalDemoFiles/osram128x64x4.o
                0x00000974                OSRAM128x64x4Enable
 .text.OSRAM128x64x4Disable
                0x000009e4       0x5c ./LocalDemoFiles/osram128x64x4.o
                0x000009e4                OSRAM128x64x4Disable
 .text.OSRAM128x64x4Init
                0x00000a40       0xd8 ./LocalDemoFiles/osram128x64x4.o
                0x00000a40                OSRAM128x64x4Init
 .text.OSRAM128x64x4DisplayOn
                0x00000b18       0x4c ./LocalDemoFiles/osram128x64x4.o
                0x00000b18                OSRAM128x64x4DisplayOn
 .text.OSRAM128x64x4DisplayOff
                0x00000b64       0x14 ./LocalDemoFiles/osram128x64x4.o
                0x00000b64                OSRAM128x64x4DisplayOff
 .text.OSRAM128x64x4SwapBuffer
                0x00000b78       0x4c ./LocalDemoFiles/osram128x64x4.o
                0x00000b78                OSRAM128x64x4SwapBuffer
 .text          0x00000bc4        0x0 ./LocalDemoFiles/serial.o
 .text.defaultSerial
                0x00000bc4       0xe4 ./LocalDemoFiles/serial.o
                0x00000bc4                defaultSerial
 .text.getSpecialKey
                0x00000ca8       0xe0 ./LocalDemoFiles/serial.o
                0x00000ca8                getSpecialKey
 .text.moveMouse
                0x00000d88       0x94 ./LocalDemoFiles/serial.o
                0x00000d88                moveMouse
 .text.interactWorkers
                0x00000e1c      0x184 ./LocalDemoFiles/serial.o
                0x00000e1c                interactWorkers
 .text.interactMenu
                0x00000fa0       0xb4 ./LocalDemoFiles/serial.o
                0x00000fa0                interactMenu
 .text          0x00001054        0x0 ./LocalDemoFiles/worker.o
 .text.WorkerTask
                0x00001054       0xf4 ./LocalDemoFiles/worker.o
                0x00001054                WorkerTask
 .text.initWorkers
                0x00001148       0x78 ./LocalDemoFiles/worker.o
                0x00001148                initWorkers
 .text.stopWorkers
                0x000011c0       0x40 ./LocalDemoFiles/worker.o
                0x000011c0                stopWorkers
 .text          0x00001200        0x0 ./LegacyDrivers/ustdlib.o
 .text.uvsnprintf
                0x00001200      0x3d0 ./LegacyDrivers/ustdlib.o
                0x00001200                uvsnprintf
 .text.usprintf
                0x000015d0       0x30 ./LegacyDrivers/ustdlib.o
                0x000015d0                usprintf
 .text.usnprintf
                0x00001600       0x30 ./LegacyDrivers/ustdlib.o
                0x00001600                usnprintf
 .text          0x00001630        0x0 ./FreeRTOS_Source/portable/MemMang/heap_4.o
 .text.pvPortMalloc
                0x00001630      0x15c ./FreeRTOS_Source/portable/MemMang/heap_4.o
                0x00001630                pvPortMalloc
 .text.vPortFree
                0x0000178c       0xa4 ./FreeRTOS_Source/portable/MemMang/heap_4.o
                0x0000178c                vPortFree
 .text.xPortGetFreeHeapSize
                0x00001830       0x14 ./FreeRTOS_Source/portable/MemMang/heap_4.o
                0x00001830                xPortGetFreeHeapSize
 .text.xPortGetMinimumEverFreeHeapSize
                0x00001844       0x14 ./FreeRTOS_Source/portable/MemMang/heap_4.o
                0x00001844                xPortGetMinimumEverFreeHeapSize
 .text.vPortInitialiseBlocks
                0x00001858        0xc ./FreeRTOS_Source/portable/MemMang/heap_4.o
                0x00001858                vPortInitialiseBlocks
 .text.pvPortCalloc
                0x00001864       0x60 ./FreeRTOS_Source/portable/MemMang/heap_4.o
                0x00001864                pvPortCalloc
 .text.prvHeapInit
                0x000018c4       0xb8 ./FreeRTOS_Source/portable/MemMang/heap_4.o
 .text.prvInsertBlockIntoFreeList
                0x0000197c       0xb0 ./FreeRTOS_Source/portable/MemMang/heap_4.o
 .text.vPortGetHeapStats
                0x00001a2c       0xbc ./FreeRTOS_Source/portable/MemMang/heap_4.o
                0x00001a2c                vPortGetHeapStats
 .text          0x00001ae8        0x0 ./FreeRTOS_Source/portable/GCC/ARM_CM3/port.o
 .text.pxPortInitialiseStack
                0x00001ae8       0x58 ./FreeRTOS_Source/portable/GCC/ARM_CM3/port.o
                0x00001ae8                pxPortInitialiseStack
 .text.prvTaskExitError
                0x00001b40       0x4c ./FreeRTOS_Source/portable/GCC/ARM_CM3/port.o
 *fill*         0x00001b8c        0x4 
 .text.vPortSVCHandler
                0x00001b90       0x28 ./FreeRTOS_Source/portable/GCC/ARM_CM3/port.o
                0x00001b90                vPortSVCHandler
 .text.prvPortStartFirstTask
                0x00001bb8       0x24 ./FreeRTOS_Source/portable/GCC/ARM_CM3/port.o
 .text.xPortStartScheduler
                0x00001bdc       0xc0 ./FreeRTOS_Source/portable/GCC/ARM_CM3/port.o
                0x00001bdc                xPortStartScheduler
 .text.vPortEndScheduler
                0x00001c9c       0x24 ./FreeRTOS_Source/portable/GCC/ARM_CM3/port.o
                0x00001c9c                vPortEndScheduler
 .text.vPortEnterCritical
                0x00001cc0       0x54 ./FreeRTOS_Source/portable/GCC/ARM_CM3/port.o
                0x00001cc0                vPortEnterCritical
 .text.vPortExitCritical
                0x00001d14       0x48 ./FreeRTOS_Source/portable/GCC/ARM_CM3/port.o
                0x00001d14                vPortExitCritical
 *fill*         0x00001d5c        0x4 
 .text.xPortPendSVHandler
                0x00001d60       0x48 ./FreeRTOS_Source/portable/GCC/ARM_CM3/port.o
                0x00001d60                xPortPendSVHandler
 .text.xPortSysTickHandler
                0x00001da8       0x44 ./FreeRTOS_Source/portable/GCC/ARM_CM3/port.o
                0x00001da8                xPortSysTickHandler
 .text.vPortSetupTimerInterrupt
                0x00001dec       0x34 ./FreeRTOS_Source/portable/GCC/ARM_CM3/port.o
                0x00001dec                vPortSetupTimerInterrupt
 .text.vPortValidateInterruptPriority
                0x00001e20       0x68 ./FreeRTOS_Source/portable/GCC/ARM_CM3/port.o
                0x00001e20                vPortValidateInterruptPriority
 .text          0x00001e88        0x0 ./FreeRTOS_Source/croutine.o
 .text          0x00001e88        0x0 ./FreeRTOS_Source/event_groups.o
 .text.xEventGroupCreateStatic
                0x00001e88       0x58 ./FreeRTOS_Source/event_groups.o
                0x00001e88                xEventGroupCreateStatic
 .text.xEventGroupCreate
                0x00001ee0       0x34 ./FreeRTOS_Source/event_groups.o
                0x00001ee0                xEventGroupCreate
 .text.xEventGroupSync
                0x00001f14      0x138 ./FreeRTOS_Source/event_groups.o
                0x00001f14                xEventGroupSync
 .text.xEventGroupWaitBits
                0x0000204c      0x170 ./FreeRTOS_Source/event_groups.o
                0x0000204c                xEventGroupWaitBits
 .text.xEventGroupClearBits
                0x000021bc       0x5c ./FreeRTOS_Source/event_groups.o
                0x000021bc                xEventGroupClearBits
 .text.xEventGroupClearBitsFromISR
                0x00002218       0x28 ./FreeRTOS_Source/event_groups.o
                0x00002218                xEventGroupClearBitsFromISR
 .text.xEventGroupGetBitsFromISR
                0x00002240       0x46 ./FreeRTOS_Source/event_groups.o
                0x00002240                xEventGroupGetBitsFromISR
 *fill*         0x00002286        0x2 
 .text.xEventGroupSetBits
                0x00002288      0x104 ./FreeRTOS_Source/event_groups.o
                0x00002288                xEventGroupSetBits
 .text.vEventGroupDelete
                0x0000238c       0x74 ./FreeRTOS_Source/event_groups.o
                0x0000238c                vEventGroupDelete
 .text.vEventGroupSetBitsCallback
                0x00002400       0x1a ./FreeRTOS_Source/event_groups.o
                0x00002400                vEventGroupSetBitsCallback
 .text.vEventGroupClearBitsCallback
                0x0000241a       0x1a ./FreeRTOS_Source/event_groups.o
                0x0000241a                vEventGroupClearBitsCallback
 .text.prvTestWaitCondition
                0x00002434       0x42 ./FreeRTOS_Source/event_groups.o
 *fill*         0x00002476        0x2 
 .text.xEventGroupSetBitsFromISR
                0x00002478       0x28 ./FreeRTOS_Source/event_groups.o
                0x00002478                xEventGroupSetBitsFromISR
 .text.uxEventGroupGetNumber
                0x000024a0       0x2a ./FreeRTOS_Source/event_groups.o
                0x000024a0                uxEventGroupGetNumber
 .text.vEventGroupSetNumber
                0x000024ca       0x1a ./FreeRTOS_Source/event_groups.o
                0x000024ca                vEventGroupSetNumber
 .text          0x000024e4        0x0 ./FreeRTOS_Source/list.o
 .text.vListInitialise
                0x000024e4       0x3e ./FreeRTOS_Source/list.o
                0x000024e4                vListInitialise
 .text.vListInitialiseItem
                0x00002522       0x18 ./FreeRTOS_Source/list.o
                0x00002522                vListInitialiseItem
 .text.vListInsertEnd
                0x0000253a       0x46 ./FreeRTOS_Source/list.o
                0x0000253a                vListInsertEnd
 .text.vListInsert
                0x00002580       0x70 ./FreeRTOS_Source/list.o
                0x00002580                vListInsert
 .text.uxListRemove
                0x000025f0       0x52 ./FreeRTOS_Source/list.o
                0x000025f0                uxListRemove
 .text          0x00002642        0x0 ./FreeRTOS_Source/queue.o
 *fill*         0x00002642        0x2 
 .text.xQueueGenericReset
                0x00002644      0x10c ./FreeRTOS_Source/queue.o
                0x00002644                xQueueGenericReset
 .text.xQueueGenericCreateStatic
                0x00002750       0x9c ./FreeRTOS_Source/queue.o
                0x00002750                xQueueGenericCreateStatic
 .text.xQueueGenericCreate
                0x000027ec       0x9c ./FreeRTOS_Source/queue.o
                0x000027ec                xQueueGenericCreate
 .text.prvInitialiseNewQueue
                0x00002888       0x4c ./FreeRTOS_Source/queue.o
 .text.prvInitialiseMutex
                0x000028d4       0x34 ./FreeRTOS_Source/queue.o
 .text.xQueueCreateMutex
                0x00002908       0x30 ./FreeRTOS_Source/queue.o
                0x00002908                xQueueCreateMutex
 .text.xQueueCreateMutexStatic
                0x00002938       0x36 ./FreeRTOS_Source/queue.o
                0x00002938                xQueueCreateMutexStatic
 *fill*         0x0000296e        0x2 
 .text.xQueueGetMutexHolder
                0x00002970       0x48 ./FreeRTOS_Source/queue.o
                0x00002970                xQueueGetMutexHolder
 .text.xQueueGetMutexHolderFromISR
                0x000029b8       0x3c ./FreeRTOS_Source/queue.o
                0x000029b8                xQueueGetMutexHolderFromISR
 .text.xQueueGiveMutexRecursive
                0x000029f4       0x60 ./FreeRTOS_Source/queue.o
                0x000029f4                xQueueGiveMutexRecursive
 .text.xQueueTakeMutexRecursive
                0x00002a54       0x64 ./FreeRTOS_Source/queue.o
                0x00002a54                xQueueTakeMutexRecursive
 .text.xQueueCreateCountingSemaphoreStatic
                0x00002ab8       0x5c ./FreeRTOS_Source/queue.o
                0x00002ab8                xQueueCreateCountingSemaphoreStatic
 .text.xQueueCreateCountingSemaphore
                0x00002b14       0x54 ./FreeRTOS_Source/queue.o
                0x00002b14                xQueueCreateCountingSemaphore
 .text.xQueueGenericSend
                0x00002b68      0x208 ./FreeRTOS_Source/queue.o
                0x00002b68                xQueueGenericSend
 .text.xQueueGenericSendFromISR
                0x00002d70      0x168 ./FreeRTOS_Source/queue.o
                0x00002d70                xQueueGenericSendFromISR
 .text.xQueueGiveFromISR
                0x00002ed8      0x13c ./FreeRTOS_Source/queue.o
                0x00002ed8                xQueueGiveFromISR
 .text.xQueueReceive
                0x00003014      0x1a0 ./FreeRTOS_Source/queue.o
                0x00003014                xQueueReceive
 .text.xQueueSemaphoreTake
                0x000031b4      0x1dc ./FreeRTOS_Source/queue.o
                0x000031b4                xQueueSemaphoreTake
 .text.xQueuePeek
                0x00003390      0x1a4 ./FreeRTOS_Source/queue.o
                0x00003390                xQueuePeek
 .text.xQueueReceiveFromISR
                0x00003534      0x110 ./FreeRTOS_Source/queue.o
                0x00003534                xQueueReceiveFromISR
 .text.xQueuePeekFromISR
                0x00003644       0xb4 ./FreeRTOS_Source/queue.o
                0x00003644                xQueuePeekFromISR
 .text.uxQueueMessagesWaiting
                0x000036f8       0x34 ./FreeRTOS_Source/queue.o
                0x000036f8                uxQueueMessagesWaiting
 .text.uxQueueSpacesAvailable
                0x0000372c       0x40 ./FreeRTOS_Source/queue.o
                0x0000372c                uxQueueSpacesAvailable
 .text.uxQueueMessagesWaitingFromISR
                0x0000376c       0x30 ./FreeRTOS_Source/queue.o
                0x0000376c                uxQueueMessagesWaitingFromISR
 .text.vQueueDelete
                0x0000379c       0x40 ./FreeRTOS_Source/queue.o
                0x0000379c                vQueueDelete
 .text.uxQueueGetQueueNumber
                0x000037dc       0x16 ./FreeRTOS_Source/queue.o
                0x000037dc                uxQueueGetQueueNumber
 .text.vQueueSetQueueNumber
                0x000037f2       0x1a ./FreeRTOS_Source/queue.o
                0x000037f2                vQueueSetQueueNumber
 .text.ucQueueGetQueueType
                0x0000380c       0x18 ./FreeRTOS_Source/queue.o
                0x0000380c                ucQueueGetQueueType
 .text.prvGetDisinheritPriorityAfterTimeout
                0x00003824       0x2e ./FreeRTOS_Source/queue.o
 .text.prvCopyDataToQueue
                0x00003852       0xd4 ./FreeRTOS_Source/queue.o
 .text.prvCopyDataFromQueue
                0x00003926       0x4c ./FreeRTOS_Source/queue.o
 .text.prvUnlockQueue
                0x00003972       0xbe ./FreeRTOS_Source/queue.o
 .text.prvIsQueueEmpty
                0x00003a30       0x2c ./FreeRTOS_Source/queue.o
 .text.xQueueIsQueueEmptyFromISR
                0x00003a5c       0x3c ./FreeRTOS_Source/queue.o
                0x00003a5c                xQueueIsQueueEmptyFromISR
 .text.prvIsQueueFull
                0x00003a98       0x30 ./FreeRTOS_Source/queue.o
 .text.xQueueIsQueueFullFromISR
                0x00003ac8       0x40 ./FreeRTOS_Source/queue.o
                0x00003ac8                xQueueIsQueueFullFromISR
 .text.vQueueAddToRegistry
                0x00003b08       0x90 ./FreeRTOS_Source/queue.o
                0x00003b08                vQueueAddToRegistry
 .text.pcQueueGetName
                0x00003b98       0x5c ./FreeRTOS_Source/queue.o
                0x00003b98                pcQueueGetName
 .text.vQueueUnregisterQueue
                0x00003bf4       0x64 ./FreeRTOS_Source/queue.o
                0x00003bf4                vQueueUnregisterQueue
 .text.vQueueWaitForMessageRestricted
                0x00003c58       0x68 ./FreeRTOS_Source/queue.o
                0x00003c58                vQueueWaitForMessageRestricted
 .text.xQueueCreateSet
                0x00003cc0       0x1e ./FreeRTOS_Source/queue.o
                0x00003cc0                xQueueCreateSet
 .text.xQueueAddToSet
                0x00003cde       0x42 ./FreeRTOS_Source/queue.o
                0x00003cde                xQueueAddToSet
 .text.xQueueRemoveFromSet
                0x00003d20       0x48 ./FreeRTOS_Source/queue.o
                0x00003d20                xQueueRemoveFromSet
 .text.xQueueSelectFromSet
                0x00003d68       0x26 ./FreeRTOS_Source/queue.o
                0x00003d68                xQueueSelectFromSet
 .text.xQueueSelectFromSetFromISR
                0x00003d8e       0x24 ./FreeRTOS_Source/queue.o
                0x00003d8e                xQueueSelectFromSetFromISR
 *fill*         0x00003db2        0x2 
 .text.prvNotifyQueueSetContainer
                0x00003db4       0xc0 ./FreeRTOS_Source/queue.o
 .text          0x00003e74        0x0 ./FreeRTOS_Source/stream_buffer.o
 .text.xStreamBufferGenericCreate
                0x00003e74       0xac ./FreeRTOS_Source/stream_buffer.o
                0x00003e74                xStreamBufferGenericCreate
 .text.xStreamBufferGenericCreateStatic
                0x00003f20       0xcc ./FreeRTOS_Source/stream_buffer.o
                0x00003f20                xStreamBufferGenericCreateStatic
 .text.vStreamBufferDelete
                0x00003fec       0x48 ./FreeRTOS_Source/stream_buffer.o
                0x00003fec                vStreamBufferDelete
 .text.xStreamBufferReset
                0x00004034       0x84 ./FreeRTOS_Source/stream_buffer.o
                0x00004034                xStreamBufferReset
 .text.xStreamBufferSetTriggerLevel
                0x000040b8       0x50 ./FreeRTOS_Source/stream_buffer.o
                0x000040b8                xStreamBufferSetTriggerLevel
 .text.xStreamBufferSpacesAvailable
                0x00004108       0x6c ./FreeRTOS_Source/stream_buffer.o
                0x00004108                xStreamBufferSpacesAvailable
 .text.xStreamBufferBytesAvailable
                0x00004174       0x34 ./FreeRTOS_Source/stream_buffer.o
                0x00004174                xStreamBufferBytesAvailable
 .text.xStreamBufferSend
                0x000041a8      0x170 ./FreeRTOS_Source/stream_buffer.o
                0x000041a8                xStreamBufferSend
 .text.xStreamBufferSendFromISR
                0x00004318       0xd4 ./FreeRTOS_Source/stream_buffer.o
                0x00004318                xStreamBufferSendFromISR
 .text.prvWriteMessageToBuffer
                0x000043ec       0x88 ./FreeRTOS_Source/stream_buffer.o
 .text.xStreamBufferReceive
                0x00004474      0x110 ./FreeRTOS_Source/stream_buffer.o
                0x00004474                xStreamBufferReceive
 .text.xStreamBufferNextMessageLengthBytes
                0x00004584       0x74 ./FreeRTOS_Source/stream_buffer.o
                0x00004584                xStreamBufferNextMessageLengthBytes
 .text.xStreamBufferReceiveFromISR
                0x000045f8       0xcc ./FreeRTOS_Source/stream_buffer.o
                0x000045f8                xStreamBufferReceiveFromISR
 .text.prvReadMessageFromBuffer
                0x000046c4       0x7a ./FreeRTOS_Source/stream_buffer.o
 *fill*         0x0000473e        0x2 
 .text.xStreamBufferIsEmpty
                0x00004740       0x44 ./FreeRTOS_Source/stream_buffer.o
                0x00004740                xStreamBufferIsEmpty
 .text.xStreamBufferIsFull
                0x00004784       0x58 ./FreeRTOS_Source/stream_buffer.o
                0x00004784                xStreamBufferIsFull
 .text.xStreamBufferSendCompletedFromISR
                0x000047dc       0x84 ./FreeRTOS_Source/stream_buffer.o
                0x000047dc                xStreamBufferSendCompletedFromISR
 .text.xStreamBufferReceiveCompletedFromISR
                0x00004860       0x84 ./FreeRTOS_Source/stream_buffer.o
                0x00004860                xStreamBufferReceiveCompletedFromISR
 .text.prvWriteBytesToBuffer
                0x000048e4       0xbc ./FreeRTOS_Source/stream_buffer.o
 .text.prvReadBytesFromBuffer
                0x000049a0       0xb4 ./FreeRTOS_Source/stream_buffer.o
 .text.prvBytesInBuffer
                0x00004a54       0x3e ./FreeRTOS_Source/stream_buffer.o
 *fill*         0x00004a92        0x2 
 .text.prvInitialiseNewStreamBuffer
                0x00004a94       0x60 ./FreeRTOS_Source/stream_buffer.o
 .text.uxStreamBufferGetStreamBufferNumber
                0x00004af4       0x16 ./FreeRTOS_Source/stream_buffer.o
                0x00004af4                uxStreamBufferGetStreamBufferNumber
 .text.vStreamBufferSetStreamBufferNumber
                0x00004b0a       0x1a ./FreeRTOS_Source/stream_buffer.o
                0x00004b0a                vStreamBufferSetStreamBufferNumber
 .text.ucStreamBufferGetStreamBufferType
                0x00004b24       0x1c ./FreeRTOS_Source/stream_buffer.o
                0x00004b24                ucStreamBufferGetStreamBufferType
 .text          0x00004b40        0x0 ./FreeRTOS_Source/tasks.o
 .text.xTaskCreateStatic
                0x00004b40       0xa4 ./FreeRTOS_Source/tasks.o
                0x00004b40                xTaskCreateStatic
 .text.xTaskCreate
                0x00004be4       0x94 ./FreeRTOS_Source/tasks.o
                0x00004be4                xTaskCreate
 .text.prvInitialiseNewTask
                0x00004c78      0x10c ./FreeRTOS_Source/tasks.o
 .text.prvAddNewTaskToReadyList
                0x00004d84      0x12c ./FreeRTOS_Source/tasks.o
 .text.vTaskDelete
                0x00004eb0      0x120 ./FreeRTOS_Source/tasks.o
                0x00004eb0                vTaskDelete
 .text.xTaskDelayUntil
                0x00004fd0       0xdc ./FreeRTOS_Source/tasks.o
                0x00004fd0                xTaskDelayUntil
 .text.vTaskDelay
                0x000050ac       0x60 ./FreeRTOS_Source/tasks.o
                0x000050ac                vTaskDelay
 .text.eTaskGetState
                0x0000510c       0xdc ./FreeRTOS_Source/tasks.o
                0x0000510c                eTaskGetState
 .text.uxTaskPriorityGet
                0x000051e8       0x34 ./FreeRTOS_Source/tasks.o
                0x000051e8                uxTaskPriorityGet
 .text.uxTaskPriorityGetFromISR
                0x0000521c       0x58 ./FreeRTOS_Source/tasks.o
                0x0000521c                uxTaskPriorityGetFromISR
 .text.vTaskPrioritySet
                0x00005274      0x19c ./FreeRTOS_Source/tasks.o
                0x00005274                vTaskPrioritySet
 .text.vTaskSuspend
                0x00005410      0x138 ./FreeRTOS_Source/tasks.o
                0x00005410                vTaskSuspend
 .text.prvTaskIsTaskSuspended
                0x00005548       0x58 ./FreeRTOS_Source/tasks.o
 .text.vTaskResume
                0x000055a0      0x104 ./FreeRTOS_Source/tasks.o
                0x000055a0                vTaskResume
 .text.xTaskResumeFromISR
                0x000056a4      0x134 ./FreeRTOS_Source/tasks.o
                0x000056a4                xTaskResumeFromISR
 .text.vTaskStartScheduler
                0x000057d8       0xd0 ./FreeRTOS_Source/tasks.o
                0x000057d8                vTaskStartScheduler
 .text.vTaskEndScheduler
                0x000058a8       0x30 ./FreeRTOS_Source/tasks.o
                0x000058a8                vTaskEndScheduler
 .text.vTaskSuspendAll
                0x000058d8       0x1c ./FreeRTOS_Source/tasks.o
                0x000058d8                vTaskSuspendAll
 .text.xTaskResumeAll
                0x000058f4      0x1f0 ./FreeRTOS_Source/tasks.o
                0x000058f4                xTaskResumeAll
 .text.xTaskGetTickCount
                0x00005ae4       0x1c ./FreeRTOS_Source/tasks.o
                0x00005ae4                xTaskGetTickCount
 .text.xTaskGetTickCountFromISR
                0x00005b00       0x24 ./FreeRTOS_Source/tasks.o
                0x00005b00                xTaskGetTickCountFromISR
 .text.uxTaskGetNumberOfTasks
                0x00005b24       0x14 ./FreeRTOS_Source/tasks.o
                0x00005b24                uxTaskGetNumberOfTasks
 .text.pcTaskGetName
                0x00005b38       0x3c ./FreeRTOS_Source/tasks.o
                0x00005b38                pcTaskGetName
 .text.uxTaskGetSystemState
                0x00005b74      0x11c ./FreeRTOS_Source/tasks.o
                0x00005b74                uxTaskGetSystemState
 .text.xTaskGetIdleTaskHandle
                0x00005c90       0x28 ./FreeRTOS_Source/tasks.o
                0x00005c90                xTaskGetIdleTaskHandle
 .text.xTaskCatchUpTicks
                0x00005cb8       0x50 ./FreeRTOS_Source/tasks.o
                0x00005cb8                xTaskCatchUpTicks
 .text.xTaskIncrementTick
                0x00005d08      0x234 ./FreeRTOS_Source/tasks.o
                0x00005d08                xTaskIncrementTick
 .text.vTaskSwitchContext
                0x00005f3c       0xf8 ./FreeRTOS_Source/tasks.o
                0x00005f3c                vTaskSwitchContext
 .text.vTaskPlaceOnEventList
                0x00006034       0x40 ./FreeRTOS_Source/tasks.o
                0x00006034                vTaskPlaceOnEventList
 .text.vTaskPlaceOnUnorderedEventList
                0x00006074       0x98 ./FreeRTOS_Source/tasks.o
                0x00006074                vTaskPlaceOnUnorderedEventList
 .text.vTaskPlaceOnEventListRestricted
                0x0000610c       0x84 ./FreeRTOS_Source/tasks.o
                0x0000610c                vTaskPlaceOnEventListRestricted
 .text.xTaskRemoveFromEventList
                0x00006190      0x1a0 ./FreeRTOS_Source/tasks.o
                0x00006190                xTaskRemoveFromEventList
 .text.vTaskRemoveFromUnorderedEventList
                0x00006330      0x168 ./FreeRTOS_Source/tasks.o
                0x00006330                vTaskRemoveFromUnorderedEventList
 .text.vTaskSetTimeOutState
                0x00006498       0x44 ./FreeRTOS_Source/tasks.o
                0x00006498                vTaskSetTimeOutState
 .text.vTaskInternalSetTimeOutState
                0x000064dc       0x2c ./FreeRTOS_Source/tasks.o
                0x000064dc                vTaskInternalSetTimeOutState
 .text.xTaskCheckForTimeOut
                0x00006508       0xb8 ./FreeRTOS_Source/tasks.o
                0x00006508                xTaskCheckForTimeOut
 .text.vTaskMissedYield
                0x000065c0       0x18 ./FreeRTOS_Source/tasks.o
                0x000065c0                vTaskMissedYield
 .text.uxTaskGetTaskNumber
                0x000065d8       0x2a ./FreeRTOS_Source/tasks.o
                0x000065d8                uxTaskGetTaskNumber
 .text.vTaskSetTaskNumber
                0x00006602       0x24 ./FreeRTOS_Source/tasks.o
                0x00006602                vTaskSetTaskNumber
 .text.prvIdleTask
                0x00006626        0xe ./FreeRTOS_Source/tasks.o
 .text.prvInitialiseTaskLists
                0x00006634       0x80 ./FreeRTOS_Source/tasks.o
 .text.prvCheckTasksWaitingTermination
                0x000066b4       0x5c ./FreeRTOS_Source/tasks.o
 .text.vTaskGetInfo
                0x00006710       0xcc ./FreeRTOS_Source/tasks.o
                0x00006710                vTaskGetInfo
 .text.prvListTasksWithinSingleList
                0x000067dc       0xa4 ./FreeRTOS_Source/tasks.o
 .text.prvTaskCheckFreeStackSpace
                0x00006880       0x36 ./FreeRTOS_Source/tasks.o
 *fill*         0x000068b6        0x2 
 .text.uxTaskGetStackHighWaterMark
                0x000068b8       0x38 ./FreeRTOS_Source/tasks.o
                0x000068b8                uxTaskGetStackHighWaterMark
 .text.prvDeleteTCB
                0x000068f0       0x58 ./FreeRTOS_Source/tasks.o
 .text.prvResetNextTaskUnblockTime
                0x00006948       0x34 ./FreeRTOS_Source/tasks.o
 .text.xTaskGetCurrentTaskHandle
                0x0000697c       0x1c ./FreeRTOS_Source/tasks.o
                0x0000697c                xTaskGetCurrentTaskHandle
 .text.xTaskGetSchedulerState
                0x00006998       0x3c ./FreeRTOS_Source/tasks.o
                0x00006998                xTaskGetSchedulerState
 .text.xTaskPriorityInherit
                0x000069d4      0x13c ./FreeRTOS_Source/tasks.o
                0x000069d4                xTaskPriorityInherit
 .text.xTaskPriorityDisinherit
                0x00006b10      0x130 ./FreeRTOS_Source/tasks.o
                0x00006b10                xTaskPriorityDisinherit
 .text.vTaskPriorityDisinheritAfterTimeout
                0x00006c40      0x15c ./FreeRTOS_Source/tasks.o
                0x00006c40                vTaskPriorityDisinheritAfterTimeout
 .text.prvWriteNameToBuffer
                0x00006d9c       0x4a ./FreeRTOS_Source/tasks.o
 *fill*         0x00006de6        0x2 
 .text.vTaskList
                0x00006de8      0x130 ./FreeRTOS_Source/tasks.o
                0x00006de8                vTaskList
 .text.uxTaskResetEventItemValue
                0x00006f18       0x30 ./FreeRTOS_Source/tasks.o
                0x00006f18                uxTaskResetEventItemValue
 .text.pvTaskIncrementMutexHeldCount
                0x00006f48       0x28 ./FreeRTOS_Source/tasks.o
                0x00006f48                pvTaskIncrementMutexHeldCount
 .text.ulTaskGenericNotifyTake
                0x00006f70       0xc8 ./FreeRTOS_Source/tasks.o
                0x00006f70                ulTaskGenericNotifyTake
 .text.xTaskGenericNotifyWait
                0x00007038       0xf8 ./FreeRTOS_Source/tasks.o
                0x00007038                xTaskGenericNotifyWait
 .text.xTaskGenericNotify
                0x00007130      0x218 ./FreeRTOS_Source/tasks.o
                0x00007130                xTaskGenericNotify
 .text.xTaskGenericNotifyFromISR
                0x00007348      0x28c ./FreeRTOS_Source/tasks.o
                0x00007348                xTaskGenericNotifyFromISR
 .text.vTaskGenericNotifyGiveFromISR
                0x000075d4      0x1ec ./FreeRTOS_Source/tasks.o
                0x000075d4                vTaskGenericNotifyGiveFromISR
 .text.xTaskGenericNotifyStateClear
                0x000077c0       0x6c ./FreeRTOS_Source/tasks.o
                0x000077c0                xTaskGenericNotifyStateClear
 .text.ulTaskGenericNotifyValueClear
                0x0000782c       0x5c ./FreeRTOS_Source/tasks.o
                0x0000782c                ulTaskGenericNotifyValueClear
 .text.prvAddCurrentTaskToDelayedList
                0x00007888      0x100 ./FreeRTOS_Source/tasks.o
 .text.getTaskName
                0x00007988       0x24 ./FreeRTOS_Source/tasks.o
                0x00007988                getTaskName
 .text          0x000079ac        0x0 ./FreeRTOS_Source/timers.o
 .text.xTimerCreateTimerTask
                0x000079ac       0x88 ./FreeRTOS_Source/timers.o
                0x000079ac                xTimerCreateTimerTask
 .text.xTimerCreate
                0x00007a34       0x42 ./FreeRTOS_Source/timers.o
                0x00007a34                xTimerCreate
 *fill*         0x00007a76        0x2 
 .text.xTimerCreateStatic
                0x00007a78       0x68 ./FreeRTOS_Source/timers.o
                0x00007a78                xTimerCreateStatic
 .text.prvInitialiseNewTimer
                0x00007ae0       0x68 ./FreeRTOS_Source/timers.o
 .text.xTimerGenericCommand
                0x00007b48       0x94 ./FreeRTOS_Source/timers.o
                0x00007b48                xTimerGenericCommand
 .text.xTimerGetTimerDaemonTaskHandle
                0x00007bdc       0x28 ./FreeRTOS_Source/timers.o
                0x00007bdc                xTimerGetTimerDaemonTaskHandle
 .text.xTimerGetPeriod
                0x00007c04       0x2c ./FreeRTOS_Source/timers.o
                0x00007c04                xTimerGetPeriod
 .text.vTimerSetReloadMode
                0x00007c30       0x60 ./FreeRTOS_Source/timers.o
                0x00007c30                vTimerSetReloadMode
 .text.xTimerGetReloadMode
                0x00007c90       0x4c ./FreeRTOS_Source/timers.o
                0x00007c90                xTimerGetReloadMode
 .text.uxTimerGetReloadMode
                0x00007cdc       0x18 ./FreeRTOS_Source/timers.o
                0x00007cdc                uxTimerGetReloadMode
 .text.xTimerGetExpiryTime
                0x00007cf4       0x30 ./FreeRTOS_Source/timers.o
                0x00007cf4                xTimerGetExpiryTime
 .text.pcTimerGetName
                0x00007d24       0x2c ./FreeRTOS_Source/timers.o
                0x00007d24                pcTimerGetName
 .text.prvReloadTimer
                0x00007d50       0x42 ./FreeRTOS_Source/timers.o
 *fill*         0x00007d92        0x2 
 .text.prvProcessExpiredTimer
                0x00007d94       0x60 ./FreeRTOS_Source/timers.o
 .text.prvTimerTask
                0x00007df4       0x24 ./FreeRTOS_Source/timers.o
 .text.prvProcessTimerOrBlockTask
                0x00007e18       0x9c ./FreeRTOS_Source/timers.o
 .text.prvGetNextExpireTime
                0x00007eb4       0x44 ./FreeRTOS_Source/timers.o
 .text.prvSampleTimeNow
                0x00007ef8       0x40 ./FreeRTOS_Source/timers.o
 .text.prvInsertTimerInActiveList
                0x00007f38       0x84 ./FreeRTOS_Source/timers.o
 .text.prvProcessReceivedCommands
                0x00007fbc      0x1a0 ./FreeRTOS_Source/timers.o
 .text.prvSwitchTimerLists
                0x0000815c       0x4c ./FreeRTOS_Source/timers.o
 .text.prvCheckForValidListAndQueue
                0x000081a8       0x80 ./FreeRTOS_Source/timers.o
 .text.xTimerIsTimerActive
                0x00008228       0x4c ./FreeRTOS_Source/timers.o
                0x00008228                xTimerIsTimerActive
 .text.pvTimerGetTimerID
                0x00008274       0x38 ./FreeRTOS_Source/timers.o
                0x00008274                pvTimerGetTimerID
 .text.vTimerSetTimerID
                0x000082ac       0x38 ./FreeRTOS_Source/timers.o
                0x000082ac                vTimerSetTimerID
 .text.xTimerPendFunctionCallFromISR
                0x000082e4       0x40 ./FreeRTOS_Source/timers.o
                0x000082e4                xTimerPendFunctionCallFromISR
 .text.xTimerPendFunctionCall
                0x00008324       0x58 ./FreeRTOS_Source/timers.o
                0x00008324                xTimerPendFunctionCall
 .text.uxTimerGetTimerNumber
                0x0000837c       0x16 ./FreeRTOS_Source/timers.o
                0x0000837c                uxTimerGetTimerNumber
 .text.vTimerSetTimerNumber
                0x00008392       0x1a ./FreeRTOS_Source/timers.o
                0x00008392                vTimerSetTimerNumber
 .text          0x000083ac        0x0 ./main.o
 .text.main     0x000083ac       0x48 ./main.o
                0x000083ac                main
 .text.prvSetupHardware
                0x000083f4       0x64 ./main.o
 .text.vApplicationTickHook
                0x00008458        0xc ./main.o
                0x00008458                vApplicationTickHook
 .text.SerialTask
                0x00008464       0x5c ./main.o
 .text.RefreshDisplayTask
                0x000084c0       0x60 ./main.o
 .text.vApplicationStackOverflowHook
                0x00008520       0x24 ./main.o
                0x00008520                vApplicationStackOverflowHook
 .text.vAssertCalled
                0x00008544       0x26 ./main.o
                0x00008544                vAssertCalled
 *fill*         0x0000856a        0x2 
 .text.vApplicationGetIdleTaskMemory
                0x0000856c       0x30 ./main.o
                0x0000856c                vApplicationGetIdleTaskMemory
 .text.vApplicationGetTimerTaskMemory
                0x0000859c       0x30 ./main.o
                0x0000859c                vApplicationGetTimerTaskMemory
 .text._sbrk_r  0x000085cc       0x2c ./main.o
                0x000085cc                _sbrk_r
 .text          0x000085f8        0x0 ./startup.o
 .text.IntDefaultHandler
                0x000085f8       0x14 ./startup.o
 .text.FaultISR
                0x0000860c       0x14 ./startup.o
 .text.NmiSR    0x00008620       0x14 ./startup.o
 .text.ResetISR
                0x00008634       0x50 ./startup.o
                0x00008634                ResetISR
 .text.uipprintf
                0x00008684        0x8 ./startup.o
                0x00008684                uipprintf
 .text          0x0000868c        0x0 C:\FreeRTOSv202212.01\FreeRTOS\Demo\Common\drivers\LuminaryMicro/arm-none-eabi-gcc/\libdriver.a(gpio.o)
 .text.GPIOGetIntNumber
                0x0000868c       0xa4 C:\FreeRTOSv202212.01\FreeRTOS\Demo\Common\drivers\LuminaryMicro/arm-none-eabi-gcc/\libdriver.a(gpio.o)
 .text.GPIODirModeSet
                0x00008730       0x44 C:\FreeRTOSv202212.01\FreeRTOS\Demo\Common\drivers\LuminaryMicro/arm-none-eabi-gcc/\libdriver.a(gpio.o)
                0x00008730                GPIODirModeSet
 .text.GPIODirModeGet
                0x00008774       0x20 C:\FreeRTOSv202212.01\FreeRTOS\Demo\Common\drivers\LuminaryMicro/arm-none-eabi-gcc/\libdriver.a(gpio.o)
                0x00008774                GPIODirModeGet
 .text.GPIOIntTypeSet
                0x00008794       0x70 C:\FreeRTOSv202212.01\FreeRTOS\Demo\Common\drivers\LuminaryMicro/arm-none-eabi-gcc/\libdriver.a(gpio.o)
                0x00008794                GPIOIntTypeSet
 .text.GPIOIntTypeGet
                0x00008804       0x30 C:\FreeRTOSv202212.01\FreeRTOS\Demo\Common\drivers\LuminaryMicro/arm-none-eabi-gcc/\libdriver.a(gpio.o)
                0x00008804                GPIOIntTypeGet
 .text.GPIOPadConfigSet
                0x00008834      0x130 C:\FreeRTOSv202212.01\FreeRTOS\Demo\Common\drivers\LuminaryMicro/arm-none-eabi-gcc/\libdriver.a(gpio.o)
                0x00008834                GPIOPadConfigSet
 .text.GPIOPadConfigGet
                0x00008964       0x78 C:\FreeRTOSv202212.01\FreeRTOS\Demo\Common\drivers\LuminaryMicro/arm-none-eabi-gcc/\libdriver.a(gpio.o)
                0x00008964                GPIOPadConfigGet
 .text.GPIOPinIntEnable
                0x000089dc        0xc C:\FreeRTOSv202212.01\FreeRTOS\Demo\Common\drivers\LuminaryMicro/arm-none-eabi-gcc/\libdriver.a(gpio.o)
                0x000089dc                GPIOPinIntEnable
 .text.GPIOPinIntDisable
                0x000089e8       0x10 C:\FreeRTOSv202212.01\FreeRTOS\Demo\Common\drivers\LuminaryMicro/arm-none-eabi-gcc/\libdriver.a(gpio.o)
                0x000089e8                GPIOPinIntDisable
 .text.GPIOPinIntStatus
                0x000089f8       0x10 C:\FreeRTOSv202212.01\FreeRTOS\Demo\Common\drivers\LuminaryMicro/arm-none-eabi-gcc/\libdriver.a(gpio.o)
                0x000089f8                GPIOPinIntStatus
 .text.GPIOPinIntClear
                0x00008a08        0x8 C:\FreeRTOSv202212.01\FreeRTOS\Demo\Common\drivers\LuminaryMicro/arm-none-eabi-gcc/\libdriver.a(gpio.o)
                0x00008a08                GPIOPinIntClear
 .text.GPIOPinRead
                0x00008a10        0x8 C:\FreeRTOSv202212.01\FreeRTOS\Demo\Common\drivers\LuminaryMicro/arm-none-eabi-gcc/\libdriver.a(gpio.o)
                0x00008a10                GPIOPinRead
 .text.GPIOPinWrite
                0x00008a18        0x8 C:\FreeRTOSv202212.01\FreeRTOS\Demo\Common\drivers\LuminaryMicro/arm-none-eabi-gcc/\libdriver.a(gpio.o)
                0x00008a18                GPIOPinWrite
 .text.GPIOPinTypeADC
                0x00008a20       0x1c C:\FreeRTOSv202212.01\FreeRTOS\Demo\Common\drivers\LuminaryMicro/arm-none-eabi-gcc/\libdriver.a(gpio.o)
                0x00008a20                GPIOPinTypeADC
 .text.GPIOPinTypeCAN
                0x00008a3c       0x1c C:\FreeRTOSv202212.01\FreeRTOS\Demo\Common\drivers\LuminaryMicro/arm-none-eabi-gcc/\libdriver.a(gpio.o)
                0x00008a3c                GPIOPinTypeCAN
 .text.GPIOPinTypeComparator
                0x00008a58       0x1c C:\FreeRTOSv202212.01\FreeRTOS\Demo\Common\drivers\LuminaryMicro/arm-none-eabi-gcc/\libdriver.a(gpio.o)
                0x00008a58                GPIOPinTypeComparator
 .text.GPIOPinTypeGPIOInput
                0x00008a74       0x1c C:\FreeRTOSv202212.01\FreeRTOS\Demo\Common\drivers\LuminaryMicro/arm-none-eabi-gcc/\libdriver.a(gpio.o)
                0x00008a74                GPIOPinTypeGPIOInput
 .text.GPIOPinTypeGPIOOutput
                0x00008a90       0x1c C:\FreeRTOSv202212.01\FreeRTOS\Demo\Common\drivers\LuminaryMicro/arm-none-eabi-gcc/\libdriver.a(gpio.o)
                0x00008a90                GPIOPinTypeGPIOOutput
 .text.GPIOPinTypeGPIOOutputOD
                0x00008aac       0x1c C:\FreeRTOSv202212.01\FreeRTOS\Demo\Common\drivers\LuminaryMicro/arm-none-eabi-gcc/\libdriver.a(gpio.o)
                0x00008aac                GPIOPinTypeGPIOOutputOD
 .text.GPIOPinTypeI2C
                0x00008ac8       0x1c C:\FreeRTOSv202212.01\FreeRTOS\Demo\Common\drivers\LuminaryMicro/arm-none-eabi-gcc/\libdriver.a(gpio.o)
                0x00008ac8                GPIOPinTypeI2C
 .text.GPIOPinTypePWM
                0x00008ae4       0x1c C:\FreeRTOSv202212.01\FreeRTOS\Demo\Common\drivers\LuminaryMicro/arm-none-eabi-gcc/\libdriver.a(gpio.o)
                0x00008ae4                GPIOPinTypePWM
 .text.GPIOPinTypeQEI
                0x00008b00       0x1c C:\FreeRTOSv202212.01\FreeRTOS\Demo\Common\drivers\LuminaryMicro/arm-none-eabi-gcc/\libdriver.a(gpio.o)
                0x00008b00                GPIOPinTypeQEI
 .text.GPIOPinTypeSSI
                0x00008b1c       0x1c C:\FreeRTOSv202212.01\FreeRTOS\Demo\Common\drivers\LuminaryMicro/arm-none-eabi-gcc/\libdriver.a(gpio.o)
                0x00008b1c                GPIOPinTypeSSI
 .text.GPIOPinTypeTimer
                0x00008b38       0x1c C:\FreeRTOSv202212.01\FreeRTOS\Demo\Common\drivers\LuminaryMicro/arm-none-eabi-gcc/\libdriver.a(gpio.o)
                0x00008b38                GPIOPinTypeTimer
 .text.GPIOPinTypeUART
                0x00008b54       0x1c C:\FreeRTOSv202212.01\FreeRTOS\Demo\Common\drivers\LuminaryMicro/arm-none-eabi-gcc/\libdriver.a(gpio.o)
                0x00008b54                GPIOPinTypeUART
 .text.GPIOPinTypeUSBDigital
                0x00008b70       0x1c C:\FreeRTOSv202212.01\FreeRTOS\Demo\Common\drivers\LuminaryMicro/arm-none-eabi-gcc/\libdriver.a(gpio.o)
                0x00008b70                GPIOPinTypeUSBDigital
 .text.GPIOPortIntUnregister
                0x00008b8c       0x14 C:\FreeRTOSv202212.01\FreeRTOS\Demo\Common\drivers\LuminaryMicro/arm-none-eabi-gcc/\libdriver.a(gpio.o)
                0x00008b8c                GPIOPortIntUnregister
 .text.GPIOPortIntRegister
                0x00008ba0       0x18 C:\FreeRTOSv202212.01\FreeRTOS\Demo\Common\drivers\LuminaryMicro/arm-none-eabi-gcc/\libdriver.a(gpio.o)
                0x00008ba0                GPIOPortIntRegister
 .text          0x00008bb8        0x0 C:\FreeRTOSv202212.01\FreeRTOS\Demo\Common\drivers\LuminaryMicro/arm-none-eabi-gcc/\libdriver.a(interrupt.o)
 .text.IntDefaultHandler
                0x00008bb8        0x4 C:\FreeRTOSv202212.01\FreeRTOS\Demo\Common\drivers\LuminaryMicro/arm-none-eabi-gcc/\libdriver.a(interrupt.o)
 .text.IntRegister
                0x00008bbc       0x3c C:\FreeRTOSv202212.01\FreeRTOS\Demo\Common\drivers\LuminaryMicro/arm-none-eabi-gcc/\libdriver.a(interrupt.o)
                0x00008bbc                IntRegister
 .text.IntUnregister
                0x00008bf8       0x14 C:\FreeRTOSv202212.01\FreeRTOS\Demo\Common\drivers\LuminaryMicro/arm-none-eabi-gcc/\libdriver.a(interrupt.o)
                0x00008bf8                IntUnregister
 .text.IntPriorityGroupingSet
                0x00008c0c       0x1c C:\FreeRTOSv202212.01\FreeRTOS\Demo\Common\drivers\LuminaryMicro/arm-none-eabi-gcc/\libdriver.a(interrupt.o)
                0x00008c0c                IntPriorityGroupingSet
 .text.IntPriorityGroupingGet
                0x00008c28       0x24 C:\FreeRTOSv202212.01\FreeRTOS\Demo\Common\drivers\LuminaryMicro/arm-none-eabi-gcc/\libdriver.a(interrupt.o)
                0x00008c28                IntPriorityGroupingGet
 .text.IntPrioritySet
                0x00008c4c       0x28 C:\FreeRTOSv202212.01\FreeRTOS\Demo\Common\drivers\LuminaryMicro/arm-none-eabi-gcc/\libdriver.a(interrupt.o)
                0x00008c4c                IntPrioritySet
 .text.IntPriorityGet
                0x00008c74       0x20 C:\FreeRTOSv202212.01\FreeRTOS\Demo\Common\drivers\LuminaryMicro/arm-none-eabi-gcc/\libdriver.a(interrupt.o)
                0x00008c74                IntPriorityGet
 .text.IntEnable
                0x00008c94       0x74 C:\FreeRTOSv202212.01\FreeRTOS\Demo\Common\drivers\LuminaryMicro/arm-none-eabi-gcc/\libdriver.a(interrupt.o)
                0x00008c94                IntEnable
 .text.IntDisable
                0x00008d08       0x74 C:\FreeRTOSv202212.01\FreeRTOS\Demo\Common\drivers\LuminaryMicro/arm-none-eabi-gcc/\libdriver.a(interrupt.o)
                0x00008d08                IntDisable
 .text.IntMasterDisable
                0x00008d7c        0xc C:\FreeRTOSv202212.01\FreeRTOS\Demo\Common\drivers\LuminaryMicro/arm-none-eabi-gcc/\libdriver.a(interrupt.o)
                0x00008d7c                IntMasterDisable
 .text.IntMasterEnable
                0x00008d88        0xc C:\FreeRTOSv202212.01\FreeRTOS\Demo\Common\drivers\LuminaryMicro/arm-none-eabi-gcc/\libdriver.a(interrupt.o)
                0x00008d88                IntMasterEnable
 .text          0x00008d94        0x0 C:\FreeRTOSv202212.01\FreeRTOS\Demo\Common\drivers\LuminaryMicro/arm-none-eabi-gcc/\libdriver.a(ssi.o)
 .text.SSIConfigSetExpClk
                0x00008d94       0x48 C:\FreeRTOSv202212.01\FreeRTOS\Demo\Common\drivers\LuminaryMicro/arm-none-eabi-gcc/\libdriver.a(ssi.o)
                0x00008d94                SSIConfigSetExpClk
 .text.SSIEnable
                0x00008ddc        0xc C:\FreeRTOSv202212.01\FreeRTOS\Demo\Common\drivers\LuminaryMicro/arm-none-eabi-gcc/\libdriver.a(ssi.o)
                0x00008ddc                SSIEnable
 .text.SSIDisable
                0x00008de8        0xc C:\FreeRTOSv202212.01\FreeRTOS\Demo\Common\drivers\LuminaryMicro/arm-none-eabi-gcc/\libdriver.a(ssi.o)
                0x00008de8                SSIDisable
 .text.SSIIntEnable
                0x00008df4        0x8 C:\FreeRTOSv202212.01\FreeRTOS\Demo\Common\drivers\LuminaryMicro/arm-none-eabi-gcc/\libdriver.a(ssi.o)
                0x00008df4                SSIIntEnable
 .text.SSIIntDisable
                0x00008dfc        0xc C:\FreeRTOSv202212.01\FreeRTOS\Demo\Common\drivers\LuminaryMicro/arm-none-eabi-gcc/\libdriver.a(ssi.o)
                0x00008dfc                SSIIntDisable
 .text.SSIIntStatus
                0x00008e08        0xc C:\FreeRTOSv202212.01\FreeRTOS\Demo\Common\drivers\LuminaryMicro/arm-none-eabi-gcc/\libdriver.a(ssi.o)
                0x00008e08                SSIIntStatus
 .text.SSIIntClear
                0x00008e14        0x4 C:\FreeRTOSv202212.01\FreeRTOS\Demo\Common\drivers\LuminaryMicro/arm-none-eabi-gcc/\libdriver.a(ssi.o)
                0x00008e14                SSIIntClear
 .text.SSIDataPut
                0x00008e18       0x10 C:\FreeRTOSv202212.01\FreeRTOS\Demo\Common\drivers\LuminaryMicro/arm-none-eabi-gcc/\libdriver.a(ssi.o)
                0x00008e18                SSIDataPut
 .text.SSIDataPutNonBlocking
                0x00008e28       0x10 C:\FreeRTOSv202212.01\FreeRTOS\Demo\Common\drivers\LuminaryMicro/arm-none-eabi-gcc/\libdriver.a(ssi.o)
                0x00008e28                SSIDataPutNonBlocking
 .text.SSIDataGet
                0x00008e38       0x14 C:\FreeRTOSv202212.01\FreeRTOS\Demo\Common\drivers\LuminaryMicro/arm-none-eabi-gcc/\libdriver.a(ssi.o)
                0x00008e38                SSIDataGet
 .text.SSIDataGetNonBlocking
                0x00008e4c       0x14 C:\FreeRTOSv202212.01\FreeRTOS\Demo\Common\drivers\LuminaryMicro/arm-none-eabi-gcc/\libdriver.a(ssi.o)
                0x00008e4c                SSIDataGetNonBlocking
 .text.SSIDMAEnable
                0x00008e60        0x8 C:\FreeRTOSv202212.01\FreeRTOS\Demo\Common\drivers\LuminaryMicro/arm-none-eabi-gcc/\libdriver.a(ssi.o)
                0x00008e60                SSIDMAEnable
 .text.SSIDMADisable
                0x00008e68        0xc C:\FreeRTOSv202212.01\FreeRTOS\Demo\Common\drivers\LuminaryMicro/arm-none-eabi-gcc/\libdriver.a(ssi.o)
                0x00008e68                SSIDMADisable
 .text.SSIIntUnregister
                0x00008e74       0x20 C:\FreeRTOSv202212.01\FreeRTOS\Demo\Common\drivers\LuminaryMicro/arm-none-eabi-gcc/\libdriver.a(ssi.o)
                0x00008e74                SSIIntUnregister
 .text.SSIIntRegister
                0x00008e94       0x20 C:\FreeRTOSv202212.01\FreeRTOS\Demo\Common\drivers\LuminaryMicro/arm-none-eabi-gcc/\libdriver.a(ssi.o)
                0x00008e94                SSIIntRegister
 .text          0x00008eb4        0x0 C:\FreeRTOSv202212.01\FreeRTOS\Demo\Common\drivers\LuminaryMicro/arm-none-eabi-gcc/\libdriver.a(sysctl.o)
 .text.SysCtlSRAMSizeGet
                0x00008eb4       0x14 C:\FreeRTOSv202212.01\FreeRTOS\Demo\Common\drivers\LuminaryMicro/arm-none-eabi-gcc/\libdriver.a(sysctl.o)
                0x00008eb4                SysCtlSRAMSizeGet
 .text.SysCtlFlashSizeGet
                0x00008ec8       0x14 C:\FreeRTOSv202212.01\FreeRTOS\Demo\Common\drivers\LuminaryMicro/arm-none-eabi-gcc/\libdriver.a(sysctl.o)
                0x00008ec8                SysCtlFlashSizeGet
 .text.SysCtlPinPresent
                0x00008edc       0x14 C:\FreeRTOSv202212.01\FreeRTOS\Demo\Common\drivers\LuminaryMicro/arm-none-eabi-gcc/\libdriver.a(sysctl.o)
                0x00008edc                SysCtlPinPresent
 .text.SysCtlPeripheralPresent
                0x00008ef0       0x28 C:\FreeRTOSv202212.01\FreeRTOS\Demo\Common\drivers\LuminaryMicro/arm-none-eabi-gcc/\libdriver.a(sysctl.o)
                0x00008ef0                SysCtlPeripheralPresent
 .text.SysCtlPeripheralReset
                0x00008f18       0x44 C:\FreeRTOSv202212.01\FreeRTOS\Demo\Common\drivers\LuminaryMicro/arm-none-eabi-gcc/\libdriver.a(sysctl.o)
                0x00008f18                SysCtlPeripheralReset
 .text.SysCtlPeripheralEnable
                0x00008f5c       0x24 C:\FreeRTOSv202212.01\FreeRTOS\Demo\Common\drivers\LuminaryMicro/arm-none-eabi-gcc/\libdriver.a(sysctl.o)
                0x00008f5c                SysCtlPeripheralEnable
 .text.SysCtlPeripheralDisable
                0x00008f80       0x24 C:\FreeRTOSv202212.01\FreeRTOS\Demo\Common\drivers\LuminaryMicro/arm-none-eabi-gcc/\libdriver.a(sysctl.o)
                0x00008f80                SysCtlPeripheralDisable
 .text.SysCtlPeripheralSleepEnable
                0x00008fa4       0x24 C:\FreeRTOSv202212.01\FreeRTOS\Demo\Common\drivers\LuminaryMicro/arm-none-eabi-gcc/\libdriver.a(sysctl.o)
                0x00008fa4                SysCtlPeripheralSleepEnable
 .text.SysCtlPeripheralSleepDisable
                0x00008fc8       0x24 C:\FreeRTOSv202212.01\FreeRTOS\Demo\Common\drivers\LuminaryMicro/arm-none-eabi-gcc/\libdriver.a(sysctl.o)
                0x00008fc8                SysCtlPeripheralSleepDisable
 .text.SysCtlPeripheralDeepSleepEnable
                0x00008fec       0x24 C:\FreeRTOSv202212.01\FreeRTOS\Demo\Common\drivers\LuminaryMicro/arm-none-eabi-gcc/\libdriver.a(sysctl.o)
                0x00008fec                SysCtlPeripheralDeepSleepEnable
 .text.SysCtlPeripheralDeepSleepDisable
                0x00009010       0x24 C:\FreeRTOSv202212.01\FreeRTOS\Demo\Common\drivers\LuminaryMicro/arm-none-eabi-gcc/\libdriver.a(sysctl.o)
                0x00009010                SysCtlPeripheralDeepSleepDisable
 .text.SysCtlPeripheralClockGating
                0x00009034       0x20 C:\FreeRTOSv202212.01\FreeRTOS\Demo\Common\drivers\LuminaryMicro/arm-none-eabi-gcc/\libdriver.a(sysctl.o)
                0x00009034                SysCtlPeripheralClockGating
 .text.SysCtlIntEnable
                0x00009054       0x10 C:\FreeRTOSv202212.01\FreeRTOS\Demo\Common\drivers\LuminaryMicro/arm-none-eabi-gcc/\libdriver.a(sysctl.o)
                0x00009054                SysCtlIntEnable
 .text.SysCtlIntDisable
                0x00009064       0x10 C:\FreeRTOSv202212.01\FreeRTOS\Demo\Common\drivers\LuminaryMicro/arm-none-eabi-gcc/\libdriver.a(sysctl.o)
                0x00009064                SysCtlIntDisable
 .text.SysCtlIntClear
                0x00009074        0xc C:\FreeRTOSv202212.01\FreeRTOS\Demo\Common\drivers\LuminaryMicro/arm-none-eabi-gcc/\libdriver.a(sysctl.o)
                0x00009074                SysCtlIntClear
 .text.SysCtlIntStatus
                0x00009080       0x18 C:\FreeRTOSv202212.01\FreeRTOS\Demo\Common\drivers\LuminaryMicro/arm-none-eabi-gcc/\libdriver.a(sysctl.o)
                0x00009080                SysCtlIntStatus
 .text.SysCtlLDOSet
                0x00009098        0xc C:\FreeRTOSv202212.01\FreeRTOS\Demo\Common\drivers\LuminaryMicro/arm-none-eabi-gcc/\libdriver.a(sysctl.o)
                0x00009098                SysCtlLDOSet
 .text.SysCtlLDOGet
                0x000090a4        0xc C:\FreeRTOSv202212.01\FreeRTOS\Demo\Common\drivers\LuminaryMicro/arm-none-eabi-gcc/\libdriver.a(sysctl.o)
                0x000090a4                SysCtlLDOGet
 .text.SysCtlLDOConfigSet
                0x000090b0        0xc C:\FreeRTOSv202212.01\FreeRTOS\Demo\Common\drivers\LuminaryMicro/arm-none-eabi-gcc/\libdriver.a(sysctl.o)
                0x000090b0                SysCtlLDOConfigSet
 .text.SysCtlReset
                0x000090bc       0x10 C:\FreeRTOSv202212.01\FreeRTOS\Demo\Common\drivers\LuminaryMicro/arm-none-eabi-gcc/\libdriver.a(sysctl.o)
                0x000090bc                SysCtlReset
 .text.SysCtlResetCauseGet
                0x000090cc        0xc C:\FreeRTOSv202212.01\FreeRTOS\Demo\Common\drivers\LuminaryMicro/arm-none-eabi-gcc/\libdriver.a(sysctl.o)
                0x000090cc                SysCtlResetCauseGet
 .text.SysCtlResetCauseClear
                0x000090d8       0x10 C:\FreeRTOSv202212.01\FreeRTOS\Demo\Common\drivers\LuminaryMicro/arm-none-eabi-gcc/\libdriver.a(sysctl.o)
                0x000090d8                SysCtlResetCauseClear
 .text.SysCtlBrownOutConfigSet
                0x000090e8       0x10 C:\FreeRTOSv202212.01\FreeRTOS\Demo\Common\drivers\LuminaryMicro/arm-none-eabi-gcc/\libdriver.a(sysctl.o)
                0x000090e8                SysCtlBrownOutConfigSet
 .text.SysCtlDelay
                0x000090f8        0x8 C:\FreeRTOSv202212.01\FreeRTOS\Demo\Common\drivers\LuminaryMicro/arm-none-eabi-gcc/\libdriver.a(sysctl.o)
                0x000090f8                SysCtlDelay
 .text.SysCtlClockSet
                0x00009100      0x168 C:\FreeRTOSv202212.01\FreeRTOS\Demo\Common\drivers\LuminaryMicro/arm-none-eabi-gcc/\libdriver.a(sysctl.o)
                0x00009100                SysCtlClockSet
 .text.SysCtlClockGet
                0x00009268      0x150 C:\FreeRTOSv202212.01\FreeRTOS\Demo\Common\drivers\LuminaryMicro/arm-none-eabi-gcc/\libdriver.a(sysctl.o)
                0x00009268                SysCtlClockGet
 .text.SysCtlPWMClockSet
                0x000093b8       0x14 C:\FreeRTOSv202212.01\FreeRTOS\Demo\Common\drivers\LuminaryMicro/arm-none-eabi-gcc/\libdriver.a(sysctl.o)
                0x000093b8                SysCtlPWMClockSet
 .text.SysCtlPWMClockGet
                0x000093cc       0x18 C:\FreeRTOSv202212.01\FreeRTOS\Demo\Common\drivers\LuminaryMicro/arm-none-eabi-gcc/\libdriver.a(sysctl.o)
                0x000093cc                SysCtlPWMClockGet
 .text.SysCtlADCSpeedSet
                0x000093e4       0x34 C:\FreeRTOSv202212.01\FreeRTOS\Demo\Common\drivers\LuminaryMicro/arm-none-eabi-gcc/\libdriver.a(sysctl.o)
                0x000093e4                SysCtlADCSpeedSet
 .text.SysCtlADCSpeedGet
                0x00009418       0x10 C:\FreeRTOSv202212.01\FreeRTOS\Demo\Common\drivers\LuminaryMicro/arm-none-eabi-gcc/\libdriver.a(sysctl.o)
                0x00009418                SysCtlADCSpeedGet
 .text.SysCtlIOSCVerificationSet
                0x00009428       0x20 C:\FreeRTOSv202212.01\FreeRTOS\Demo\Common\drivers\LuminaryMicro/arm-none-eabi-gcc/\libdriver.a(sysctl.o)
                0x00009428                SysCtlIOSCVerificationSet
 .text.SysCtlMOSCVerificationSet
                0x00009448       0x20 C:\FreeRTOSv202212.01\FreeRTOS\Demo\Common\drivers\LuminaryMicro/arm-none-eabi-gcc/\libdriver.a(sysctl.o)
                0x00009448                SysCtlMOSCVerificationSet
 .text.SysCtlPLLVerificationSet
                0x00009468       0x20 C:\FreeRTOSv202212.01\FreeRTOS\Demo\Common\drivers\LuminaryMicro/arm-none-eabi-gcc/\libdriver.a(sysctl.o)
                0x00009468                SysCtlPLLVerificationSet
 .text.SysCtlClkVerificationClear
                0x00009488       0x10 C:\FreeRTOSv202212.01\FreeRTOS\Demo\Common\drivers\LuminaryMicro/arm-none-eabi-gcc/\libdriver.a(sysctl.o)
                0x00009488                SysCtlClkVerificationClear
 .text.SysCtlGPIOAHBEnable
                0x00009498       0x10 C:\FreeRTOSv202212.01\FreeRTOS\Demo\Common\drivers\LuminaryMicro/arm-none-eabi-gcc/\libdriver.a(sysctl.o)
                0x00009498                SysCtlGPIOAHBEnable
 .text.SysCtlGPIOAHBDisable
                0x000094a8       0x14 C:\FreeRTOSv202212.01\FreeRTOS\Demo\Common\drivers\LuminaryMicro/arm-none-eabi-gcc/\libdriver.a(sysctl.o)
                0x000094a8                SysCtlGPIOAHBDisable
 .text.SysCtlUSBPLLEnable
                0x000094bc       0x10 C:\FreeRTOSv202212.01\FreeRTOS\Demo\Common\drivers\LuminaryMicro/arm-none-eabi-gcc/\libdriver.a(sysctl.o)
                0x000094bc                SysCtlUSBPLLEnable
 .text.SysCtlUSBPLLDisable
                0x000094cc       0x10 C:\FreeRTOSv202212.01\FreeRTOS\Demo\Common\drivers\LuminaryMicro/arm-none-eabi-gcc/\libdriver.a(sysctl.o)
                0x000094cc                SysCtlUSBPLLDisable
 .text.SysCtlDeepSleep
                0x000094dc       0x20 C:\FreeRTOSv202212.01\FreeRTOS\Demo\Common\drivers\LuminaryMicro/arm-none-eabi-gcc/\libdriver.a(sysctl.o)
                0x000094dc                SysCtlDeepSleep
 .text.SysCtlSleep
                0x000094fc        0x8 C:\FreeRTOSv202212.01\FreeRTOS\Demo\Common\drivers\LuminaryMicro/arm-none-eabi-gcc/\libdriver.a(sysctl.o)
                0x000094fc                SysCtlSleep
 .text.SysCtlIntUnregister
                0x00009504       0x10 C:\FreeRTOSv202212.01\FreeRTOS\Demo\Common\drivers\LuminaryMicro/arm-none-eabi-gcc/\libdriver.a(sysctl.o)
                0x00009504                SysCtlIntUnregister
 .text.SysCtlIntRegister
                0x00009514       0x14 C:\FreeRTOSv202212.01\FreeRTOS\Demo\Common\drivers\LuminaryMicro/arm-none-eabi-gcc/\libdriver.a(sysctl.o)
                0x00009514                SysCtlIntRegister
 .text          0x00009528        0x0 C:\FreeRTOSv202212.01\FreeRTOS\Demo\Common\drivers\LuminaryMicro/arm-none-eabi-gcc/\libdriver.a(uart.o)
 .text.UARTParityModeSet
                0x00009528        0xc C:\FreeRTOSv202212.01\FreeRTOS\Demo\Common\drivers\LuminaryMicro/arm-none-eabi-gcc/\libdriver.a(uart.o)
                0x00009528                UARTParityModeSet
 .text.UARTParityModeGet
                0x00009534        0x8 C:\FreeRTOSv202212.01\FreeRTOS\Demo\Common\drivers\LuminaryMicro/arm-none-eabi-gcc/\libdriver.a(uart.o)
                0x00009534                UARTParityModeGet
 .text.UARTFIFOLevelSet
                0x0000953c        0x8 C:\FreeRTOSv202212.01\FreeRTOS\Demo\Common\drivers\LuminaryMicro/arm-none-eabi-gcc/\libdriver.a(uart.o)
                0x0000953c                UARTFIFOLevelSet
 .text.UARTFIFOLevelGet
                0x00009544       0x10 C:\FreeRTOSv202212.01\FreeRTOS\Demo\Common\drivers\LuminaryMicro/arm-none-eabi-gcc/\libdriver.a(uart.o)
                0x00009544                UARTFIFOLevelGet
 .text.UARTConfigGetExpClk
                0x00009554       0x20 C:\FreeRTOSv202212.01\FreeRTOS\Demo\Common\drivers\LuminaryMicro/arm-none-eabi-gcc/\libdriver.a(uart.o)
                0x00009554                UARTConfigGetExpClk
 .text.UARTEnable
                0x00009574       0x18 C:\FreeRTOSv202212.01\FreeRTOS\Demo\Common\drivers\LuminaryMicro/arm-none-eabi-gcc/\libdriver.a(uart.o)
                0x00009574                UARTEnable
 .text.UARTDisable
                0x0000958c       0x24 C:\FreeRTOSv202212.01\FreeRTOS\Demo\Common\drivers\LuminaryMicro/arm-none-eabi-gcc/\libdriver.a(uart.o)
                0x0000958c                UARTDisable
 .text.UARTConfigSetExpClk
                0x000095b0       0x38 C:\FreeRTOSv202212.01\FreeRTOS\Demo\Common\drivers\LuminaryMicro/arm-none-eabi-gcc/\libdriver.a(uart.o)
                0x000095b0                UARTConfigSetExpClk
 .text.UARTEnableSIR
                0x000095e8       0x18 C:\FreeRTOSv202212.01\FreeRTOS\Demo\Common\drivers\LuminaryMicro/arm-none-eabi-gcc/\libdriver.a(uart.o)
                0x000095e8                UARTEnableSIR
 .text.UARTDisableSIR
                0x00009600        0xc C:\FreeRTOSv202212.01\FreeRTOS\Demo\Common\drivers\LuminaryMicro/arm-none-eabi-gcc/\libdriver.a(uart.o)
                0x00009600                UARTDisableSIR
 .text.UARTCharsAvail
                0x0000960c       0x10 C:\FreeRTOSv202212.01\FreeRTOS\Demo\Common\drivers\LuminaryMicro/arm-none-eabi-gcc/\libdriver.a(uart.o)
                0x0000960c                UARTCharsAvail
 .text.UARTSpaceAvail
                0x0000961c       0x10 C:\FreeRTOSv202212.01\FreeRTOS\Demo\Common\drivers\LuminaryMicro/arm-none-eabi-gcc/\libdriver.a(uart.o)
                0x0000961c                UARTSpaceAvail
 .text.UARTCharGetNonBlocking
                0x0000962c       0x10 C:\FreeRTOSv202212.01\FreeRTOS\Demo\Common\drivers\LuminaryMicro/arm-none-eabi-gcc/\libdriver.a(uart.o)
                0x0000962c                UARTCharGetNonBlocking
 .text.UARTCharGet
                0x0000963c       0x10 C:\FreeRTOSv202212.01\FreeRTOS\Demo\Common\drivers\LuminaryMicro/arm-none-eabi-gcc/\libdriver.a(uart.o)
                0x0000963c                UARTCharGet
 .text.UARTCharPutNonBlocking
                0x0000964c       0x14 C:\FreeRTOSv202212.01\FreeRTOS\Demo\Common\drivers\LuminaryMicro/arm-none-eabi-gcc/\libdriver.a(uart.o)
                0x0000964c                UARTCharPutNonBlocking
 .text.UARTCharPut
                0x00009660       0x10 C:\FreeRTOSv202212.01\FreeRTOS\Demo\Common\drivers\LuminaryMicro/arm-none-eabi-gcc/\libdriver.a(uart.o)
                0x00009660                UARTCharPut
 .text.UARTBreakCtl
                0x00009670       0x18 C:\FreeRTOSv202212.01\FreeRTOS\Demo\Common\drivers\LuminaryMicro/arm-none-eabi-gcc/\libdriver.a(uart.o)
                0x00009670                UARTBreakCtl
 .text.UARTIntEnable
                0x00009688        0x8 C:\FreeRTOSv202212.01\FreeRTOS\Demo\Common\drivers\LuminaryMicro/arm-none-eabi-gcc/\libdriver.a(uart.o)
                0x00009688                UARTIntEnable
 .text.UARTIntDisable
                0x00009690        0xc C:\FreeRTOSv202212.01\FreeRTOS\Demo\Common\drivers\LuminaryMicro/arm-none-eabi-gcc/\libdriver.a(uart.o)
                0x00009690                UARTIntDisable
 .text.UARTIntStatus
                0x0000969c        0xc C:\FreeRTOSv202212.01\FreeRTOS\Demo\Common\drivers\LuminaryMicro/arm-none-eabi-gcc/\libdriver.a(uart.o)
                0x0000969c                UARTIntStatus
 .text.UARTIntClear
                0x000096a8        0x4 C:\FreeRTOSv202212.01\FreeRTOS\Demo\Common\drivers\LuminaryMicro/arm-none-eabi-gcc/\libdriver.a(uart.o)
                0x000096a8                UARTIntClear
 .text.UARTDMAEnable
                0x000096ac        0x8 C:\FreeRTOSv202212.01\FreeRTOS\Demo\Common\drivers\LuminaryMicro/arm-none-eabi-gcc/\libdriver.a(uart.o)
                0x000096ac                UARTDMAEnable
 .text.UARTDMADisable
                0x000096b4        0xc C:\FreeRTOSv202212.01\FreeRTOS\Demo\Common\drivers\LuminaryMicro/arm-none-eabi-gcc/\libdriver.a(uart.o)
                0x000096b4                UARTDMADisable
 .text.UARTIntUnregister
                0x000096c0       0x2c C:\FreeRTOSv202212.01\FreeRTOS\Demo\Common\drivers\LuminaryMicro/arm-none-eabi-gcc/\libdriver.a(uart.o)
                0x000096c0                UARTIntUnregister
 .text.UARTIntRegister
                0x000096ec       0x2c C:\FreeRTOSv202212.01\FreeRTOS\Demo\Common\drivers\LuminaryMicro/arm-none-eabi-gcc/\libdriver.a(uart.o)
                0x000096ec                UARTIntRegister
 .text          0x00009718       0x14 C:\FreeRTOSv202212.01\FreeRTOS\Demo\Common\drivers\LuminaryMicro/arm-none-eabi-gcc/\libdriver.a(cpu.o)
                0x00009718                CPUcpsid
                0x00009720                CPUcpsie
                0x00009728                CPUwfi
 .text          0x0000972c        0x0 c:/program files (x86)/gnu arm embedded toolchain/10 2021.10/bin/../lib/gcc/arm-none-eabi/10.3.1/../../../../arm-none-eabi/lib/thumb/v7-m/nofp\libg_nano.a(lib_a-atoi.o)
 .text.atoi     0x0000972c        0x8 c:/program files (x86)/gnu arm embedded toolchain/10 2021.10/bin/../lib/gcc/arm-none-eabi/10.3.1/../../../../arm-none-eabi/lib/thumb/v7-m/nofp\libg_nano.a(lib_a-atoi.o)
                0x0000972c                atoi
 .text._atoi_r  0x00009734        0x8 c:/program files (x86)/gnu arm embedded toolchain/10 2021.10/bin/../lib/gcc/arm-none-eabi/10.3.1/../../../../arm-none-eabi/lib/thumb/v7-m/nofp\libg_nano.a(lib_a-atoi.o)
                0x00009734                _atoi_r
 .text          0x0000973c        0x0 c:/program files (x86)/gnu arm embedded toolchain/10 2021.10/bin/../lib/gcc/arm-none-eabi/10.3.1/../../../../arm-none-eabi/lib/thumb/v7-m/nofp\libg_nano.a(lib_a-ctype_.o)
 .text          0x0000973c        0x0 c:/program files (x86)/gnu arm embedded toolchain/10 2021.10/bin/../lib/gcc/arm-none-eabi/10.3.1/../../../../arm-none-eabi/lib/thumb/v7-m/nofp\libg_nano.a(lib_a-memcpy-stub.o)
 .text.memcpy   0x0000973c       0x1c c:/program files (x86)/gnu arm embedded toolchain/10 2021.10/bin/../lib/gcc/arm-none-eabi/10.3.1/../../../../arm-none-eabi/lib/thumb/v7-m/nofp\libg_nano.a(lib_a-memcpy-stub.o)
                0x0000973c                memcpy
 .text          0x00009758        0x0 c:/program files (x86)/gnu arm embedded toolchain/10 2021.10/bin/../lib/gcc/arm-none-eabi/10.3.1/../../../../arm-none-eabi/lib/thumb/v7-m/nofp\libg_nano.a(lib_a-memset.o)
 .text.memset   0x00009758       0x10 c:/program files (x86)/gnu arm embedded toolchain/10 2021.10/bin/../lib/gcc/arm-none-eabi/10.3.1/../../../../arm-none-eabi/lib/thumb/v7-m/nofp\libg_nano.a(lib_a-memset.o)
                0x00009758                memset
 .text          0x00009768        0x0 c:/program files (x86)/gnu arm embedded toolchain/10 2021.10/bin/../lib/gcc/arm-none-eabi/10.3.1/../../../../arm-none-eabi/lib/thumb/v7-m/nofp\libg_nano.a(lib_a-sprintf.o)
 .text._sprintf_r
                0x00009768       0x38 c:/program files (x86)/gnu arm embedded toolchain/10 2021.10/bin/../lib/gcc/arm-none-eabi/10.3.1/../../../../arm-none-eabi/lib/thumb/v7-m/nofp\libg_nano.a(lib_a-sprintf.o)
                0x00009768                _sprintf_r
                0x00009768                _siprintf_r
 .text.sprintf  0x000097a0       0x40 c:/program files (x86)/gnu arm embedded toolchain/10 2021.10/bin/../lib/gcc/arm-none-eabi/10.3.1/../../../../arm-none-eabi/lib/thumb/v7-m/nofp\libg_nano.a(lib_a-sprintf.o)
                0x000097a0                siprintf
                0x000097a0                sprintf
 .text          0x000097e0       0x14 c:/program files (x86)/gnu arm embedded toolchain/10 2021.10/bin/../lib/gcc/arm-none-eabi/10.3.1/../../../../arm-none-eabi/lib/thumb/v7-m/nofp\libg_nano.a(lib_a-strcmp.o)
                0x000097e0                strcmp
 .text          0x000097f4        0x0 c:/program files (x86)/gnu arm embedded toolchain/10 2021.10/bin/../lib/gcc/arm-none-eabi/10.3.1/../../../../arm-none-eabi/lib/thumb/v7-m/nofp\libg_nano.a(lib_a-strcpy.o)
 .text.strcpy   0x000097f4       0x10 c:/program files (x86)/gnu arm embedded toolchain/10 2021.10/bin/../lib/gcc/arm-none-eabi/10.3.1/../../../../arm-none-eabi/lib/thumb/v7-m/nofp\libg_nano.a(lib_a-strcpy.o)
                0x000097f4                strcpy
 .text          0x00009804       0x10 c:/program files (x86)/gnu arm embedded toolchain/10 2021.10/bin/../lib/gcc/arm-none-eabi/10.3.1/../../../../arm-none-eabi/lib/thumb/v7-m/nofp\libg_nano.a(lib_a-strlen.o)
                0x00009804                strlen
 .text          0x00009814        0x0 c:/program files (x86)/gnu arm embedded toolchain/10 2021.10/bin/../lib/gcc/arm-none-eabi/10.3.1/../../../../arm-none-eabi/lib/thumb/v7-m/nofp\libg_nano.a(lib_a-strncpy.o)
 .text.strncpy  0x00009814       0x26 c:/program files (x86)/gnu arm embedded toolchain/10 2021.10/bin/../lib/gcc/arm-none-eabi/10.3.1/../../../../arm-none-eabi/lib/thumb/v7-m/nofp\libg_nano.a(lib_a-strncpy.o)
                0x00009814                strncpy
 .text          0x0000983a        0x0 c:/program files (x86)/gnu arm embedded toolchain/10 2021.10/bin/../lib/gcc/arm-none-eabi/10.3.1/../../../../arm-none-eabi/lib/thumb/v7-m/nofp\libg_nano.a(lib_a-strtol.o)
 *fill*         0x0000983a        0x2 
 .text._strtol_l.constprop.0
                0x0000983c       0xf8 c:/program files (x86)/gnu arm embedded toolchain/10 2021.10/bin/../lib/gcc/arm-none-eabi/10.3.1/../../../../arm-none-eabi/lib/thumb/v7-m/nofp\libg_nano.a(lib_a-strtol.o)
 .text._strtol_r
                0x00009934        0x4 c:/program files (x86)/gnu arm embedded toolchain/10 2021.10/bin/../lib/gcc/arm-none-eabi/10.3.1/../../../../arm-none-eabi/lib/thumb/v7-m/nofp\libg_nano.a(lib_a-strtol.o)
                0x00009934                _strtol_r
 .text.strtol_l
                0x00009938       0x14 c:/program files (x86)/gnu arm embedded toolchain/10 2021.10/bin/../lib/gcc/arm-none-eabi/10.3.1/../../../../arm-none-eabi/lib/thumb/v7-m/nofp\libg_nano.a(lib_a-strtol.o)
                0x00009938                strtol_l
 .text.strtol   0x0000994c       0x14 c:/program files (x86)/gnu arm embedded toolchain/10 2021.10/bin/../lib/gcc/arm-none-eabi/10.3.1/../../../../arm-none-eabi/lib/thumb/v7-m/nofp\libg_nano.a(lib_a-strtol.o)
                0x0000994c                strtol
 .text          0x00009960        0x0 c:/program files (x86)/gnu arm embedded toolchain/10 2021.10/bin/../lib/gcc/arm-none-eabi/10.3.1/../../../../arm-none-eabi/lib/thumb/v7-m/nofp\libg_nano.a(lib_a-errno.o)
 .text.__errno  0x00009960        0xc c:/program files (x86)/gnu arm embedded toolchain/10 2021.10/bin/../lib/gcc/arm-none-eabi/10.3.1/../../../../arm-none-eabi/lib/thumb/v7-m/nofp\libg_nano.a(lib_a-errno.o)
                0x00009960                __errno
 .text          0x0000996c        0x0 c:/program files (x86)/gnu arm embedded toolchain/10 2021.10/bin/../lib/gcc/arm-none-eabi/10.3.1/../../../../arm-none-eabi/lib/thumb/v7-m/nofp\libg_nano.a(lib_a-impure.o)
 .text          0x0000996c        0x0 c:/program files (x86)/gnu arm embedded toolchain/10 2021.10/bin/../lib/gcc/arm-none-eabi/10.3.1/../../../../arm-none-eabi/lib/thumb/v7-m/nofp\libg_nano.a(lib_a-nano-svfprintf.o)
 .text.__ssputs_r
                0x0000996c       0xb6 c:/program files (x86)/gnu arm embedded toolchain/10 2021.10/bin/../lib/gcc/arm-none-eabi/10.3.1/../../../../arm-none-eabi/lib/thumb/v7-m/nofp\libg_nano.a(lib_a-nano-svfprintf.o)
                0x0000996c                __ssputs_r
 .text.__ssprint_r
                0x00009a22       0xf6 c:/program files (x86)/gnu arm embedded toolchain/10 2021.10/bin/../lib/gcc/arm-none-eabi/10.3.1/../../../../arm-none-eabi/lib/thumb/v7-m/nofp\libg_nano.a(lib_a-nano-svfprintf.o)
                0x00009a22                __ssprint_r
 .text._svfprintf_r
                0x00009b18      0x200 c:/program files (x86)/gnu arm embedded toolchain/10 2021.10/bin/../lib/gcc/arm-none-eabi/10.3.1/../../../../arm-none-eabi/lib/thumb/v7-m/nofp\libg_nano.a(lib_a-nano-svfprintf.o)
                0x00009b18                _svfiprintf_r
                0x00009b18                _svfprintf_r
 .text          0x00009d18        0x0 c:/program files (x86)/gnu arm embedded toolchain/10 2021.10/bin/../lib/gcc/arm-none-eabi/10.3.1/../../../../arm-none-eabi/lib/thumb/v7-m/nofp\libg_nano.a(lib_a-nano-vfprintf_i.o)
 .text._printf_common
                0x00009d18       0xde c:/program files (x86)/gnu arm embedded toolchain/10 2021.10/bin/../lib/gcc/arm-none-eabi/10.3.1/../../../../arm-none-eabi/lib/thumb/v7-m/nofp\libg_nano.a(lib_a-nano-vfprintf_i.o)
                0x00009d18                _printf_common
 *fill*         0x00009df6        0x2 
 .text._printf_i
                0x00009df8      0x24c c:/program files (x86)/gnu arm embedded toolchain/10 2021.10/bin/../lib/gcc/arm-none-eabi/10.3.1/../../../../arm-none-eabi/lib/thumb/v7-m/nofp\libg_nano.a(lib_a-nano-vfprintf_i.o)
                0x00009df8                _printf_i
 .text          0x0000a044        0x0 c:/program files (x86)/gnu arm embedded toolchain/10 2021.10/bin/../lib/gcc/arm-none-eabi/10.3.1/../../../../arm-none-eabi/lib/thumb/v7-m/nofp\libg_nano.a(lib_a-memchr-stub.o)
 .text.memchr   0x0000a044       0x1c c:/program files (x86)/gnu arm embedded toolchain/10 2021.10/bin/../lib/gcc/arm-none-eabi/10.3.1/../../../../arm-none-eabi/lib/thumb/v7-m/nofp\libg_nano.a(lib_a-memchr-stub.o)
                0x0000a044                memchr
 .text          0x0000a060        0x0 c:/program files (x86)/gnu arm embedded toolchain/10 2021.10/bin/../lib/gcc/arm-none-eabi/10.3.1/../../../../arm-none-eabi/lib/thumb/v7-m/nofp\libg_nano.a(lib_a-memmove.o)
 .text.memmove  0x0000a060       0x34 c:/program files (x86)/gnu arm embedded toolchain/10 2021.10/bin/../lib/gcc/arm-none-eabi/10.3.1/../../../../arm-none-eabi/lib/thumb/v7-m/nofp\libg_nano.a(lib_a-memmove.o)
                0x0000a060                memmove
 .text          0x0000a094        0x0 c:/program files (x86)/gnu arm embedded toolchain/10 2021.10/bin/../lib/gcc/arm-none-eabi/10.3.1/../../../../arm-none-eabi/lib/thumb/v7-m/nofp\libg_nano.a(lib_a-nano-freer.o)
 .text._free_r  0x0000a094       0x90 c:/program files (x86)/gnu arm embedded toolchain/10 2021.10/bin/../lib/gcc/arm-none-eabi/10.3.1/../../../../arm-none-eabi/lib/thumb/v7-m/nofp\libg_nano.a(lib_a-nano-freer.o)
                0x0000a094                _free_r
 .text          0x0000a124        0x0 c:/program files (x86)/gnu arm embedded toolchain/10 2021.10/bin/../lib/gcc/arm-none-eabi/10.3.1/../../../../arm-none-eabi/lib/thumb/v7-m/nofp\libg_nano.a(lib_a-nano-mallocr.o)
 .text.sbrk_aligned
                0x0000a124       0x40 c:/program files (x86)/gnu arm embedded toolchain/10 2021.10/bin/../lib/gcc/arm-none-eabi/10.3.1/../../../../arm-none-eabi/lib/thumb/v7-m/nofp\libg_nano.a(lib_a-nano-mallocr.o)
 .text._malloc_r
                0x0000a164       0xe8 c:/program files (x86)/gnu arm embedded toolchain/10 2021.10/bin/../lib/gcc/arm-none-eabi/10.3.1/../../../../arm-none-eabi/lib/thumb/v7-m/nofp\libg_nano.a(lib_a-nano-mallocr.o)
                0x0000a164                _malloc_r
 .text          0x0000a24c        0x0 c:/program files (x86)/gnu arm embedded toolchain/10 2021.10/bin/../lib/gcc/arm-none-eabi/10.3.1/../../../../arm-none-eabi/lib/thumb/v7-m/nofp\libg_nano.a(lib_a-nano-reallocr.o)
 .text._realloc_r
                0x0000a24c       0x5e c:/program files (x86)/gnu arm embedded toolchain/10 2021.10/bin/../lib/gcc/arm-none-eabi/10.3.1/../../../../arm-none-eabi/lib/thumb/v7-m/nofp\libg_nano.a(lib_a-nano-reallocr.o)
                0x0000a24c                _realloc_r
 .text          0x0000a2aa        0x0 c:/program files (x86)/gnu arm embedded toolchain/10 2021.10/bin/../lib/gcc/arm-none-eabi/10.3.1/../../../../arm-none-eabi/lib/thumb/v7-m/nofp\libg_nano.a(lib_a-mlock.o)
 *fill*         0x0000a2aa        0x2 
 .text.__malloc_lock
                0x0000a2ac        0xc c:/program files (x86)/gnu arm embedded toolchain/10 2021.10/bin/../lib/gcc/arm-none-eabi/10.3.1/../../../../arm-none-eabi/lib/thumb/v7-m/nofp\libg_nano.a(lib_a-mlock.o)
                0x0000a2ac                __malloc_lock
 .text.__malloc_unlock
                0x0000a2b8        0xc c:/program files (x86)/gnu arm embedded toolchain/10 2021.10/bin/../lib/gcc/arm-none-eabi/10.3.1/../../../../arm-none-eabi/lib/thumb/v7-m/nofp\libg_nano.a(lib_a-mlock.o)
                0x0000a2b8                __malloc_unlock
 .text          0x0000a2c4        0x0 c:/program files (x86)/gnu arm embedded toolchain/10 2021.10/bin/../lib/gcc/arm-none-eabi/10.3.1/../../../../arm-none-eabi/lib/thumb/v7-m/nofp\libg_nano.a(lib_a-nano-msizer.o)
 .text._malloc_usable_size_r
                0x0000a2c4       0x10 c:/program files (x86)/gnu arm embedded toolchain/10 2021.10/bin/../lib/gcc/arm-none-eabi/10.3.1/../../../../arm-none-eabi/lib/thumb/v7-m/nofp\libg_nano.a(lib_a-nano-msizer.o)
                0x0000a2c4                _malloc_usable_size_r
 .text          0x0000a2d4        0x0 c:/program files (x86)/gnu arm embedded toolchain/10 2021.10/bin/../lib/gcc/arm-none-eabi/10.3.1/../../../../arm-none-eabi/lib/thumb/v7-m/nofp\libg_nano.a(lib_a-lock.o)
 .text.__retarget_lock_init
                0x0000a2d4        0x2 c:/program files (x86)/gnu arm embedded toolchain/10 2021.10/bin/../lib/gcc/arm-none-eabi/10.3.1/../../../../arm-none-eabi/lib/thumb/v7-m/nofp\libg_nano.a(lib_a-lock.o)
                0x0000a2d4                __retarget_lock_init
 .text.__retarget_lock_init_recursive
                0x0000a2d6        0x2 c:/program files (x86)/gnu arm embedded toolchain/10 2021.10/bin/../lib/gcc/arm-none-eabi/10.3.1/../../../../arm-none-eabi/lib/thumb/v7-m/nofp\libg_nano.a(lib_a-lock.o)
                0x0000a2d6                __retarget_lock_init_recursive
 .text.__retarget_lock_close
                0x0000a2d8        0x2 c:/program files (x86)/gnu arm embedded toolchain/10 2021.10/bin/../lib/gcc/arm-none-eabi/10.3.1/../../../../arm-none-eabi/lib/thumb/v7-m/nofp\libg_nano.a(lib_a-lock.o)
                0x0000a2d8                __retarget_lock_close
 .text.__retarget_lock_close_recursive
                0x0000a2da        0x2 c:/program files (x86)/gnu arm embedded toolchain/10 2021.10/bin/../lib/gcc/arm-none-eabi/10.3.1/../../../../arm-none-eabi/lib/thumb/v7-m/nofp\libg_nano.a(lib_a-lock.o)
                0x0000a2da                __retarget_lock_close_recursive
 .text.__retarget_lock_acquire
                0x0000a2dc        0x2 c:/program files (x86)/gnu arm embedded toolchain/10 2021.10/bin/../lib/gcc/arm-none-eabi/10.3.1/../../../../arm-none-eabi/lib/thumb/v7-m/nofp\libg_nano.a(lib_a-lock.o)
                0x0000a2dc                __retarget_lock_acquire
 .text.__retarget_lock_acquire_recursive
                0x0000a2de        0x2 c:/program files (x86)/gnu arm embedded toolchain/10 2021.10/bin/../lib/gcc/arm-none-eabi/10.3.1/../../../../arm-none-eabi/lib/thumb/v7-m/nofp\libg_nano.a(lib_a-lock.o)
                0x0000a2de                __retarget_lock_acquire_recursive
 .text.__retarget_lock_try_acquire
                0x0000a2e0        0x4 c:/program files (x86)/gnu arm embedded toolchain/10 2021.10/bin/../lib/gcc/arm-none-eabi/10.3.1/../../../../arm-none-eabi/lib/thumb/v7-m/nofp\libg_nano.a(lib_a-lock.o)
                0x0000a2e0                __retarget_lock_try_acquire
 .text.__retarget_lock_try_acquire_recursive
                0x0000a2e4        0x4 c:/program files (x86)/gnu arm embedded toolchain/10 2021.10/bin/../lib/gcc/arm-none-eabi/10.3.1/../../../../arm-none-eabi/lib/thumb/v7-m/nofp\libg_nano.a(lib_a-lock.o)
                0x0000a2e4                __retarget_lock_try_acquire_recursive
 .text.__retarget_lock_release
                0x0000a2e8        0x2 c:/program files (x86)/gnu arm embedded toolchain/10 2021.10/bin/../lib/gcc/arm-none-eabi/10.3.1/../../../../arm-none-eabi/lib/thumb/v7-m/nofp\libg_nano.a(lib_a-lock.o)
                0x0000a2e8                __retarget_lock_release
 .text.__retarget_lock_release_recursive
                0x0000a2ea        0x2 c:/program files (x86)/gnu arm embedded toolchain/10 2021.10/bin/../lib/gcc/arm-none-eabi/10.3.1/../../../../arm-none-eabi/lib/thumb/v7-m/nofp\libg_nano.a(lib_a-lock.o)
                0x0000a2ea                __retarget_lock_release_recursive
 *(.rodata*)
 .rodata        0x0000a2ec       0x74 ./LocalDemoFiles/display.o
 .rodata.g_pucOSRAM128x64x4VerticalInc
                0x0000a360        0x2 ./LocalDemoFiles/osram128x64x4.o
 *fill*         0x0000a362        0x2 
 .rodata.g_pucOSRAM128x64x4HorizontalInc
                0x0000a364        0x2 ./LocalDemoFiles/osram128x64x4.o
 *fill*         0x0000a366        0x2 
 .rodata.g_pucFont
                0x0000a368      0x1e0 ./LocalDemoFiles/osram128x64x4.o
 .rodata.g_pucOSRAM128x64x4Init
                0x0000a548       0x4e ./LocalDemoFiles/osram128x64x4.o
 *fill*         0x0000a596        0x2 
 .rodata.pucCommand1.7
                0x0000a598        0x3 ./LocalDemoFiles/osram128x64x4.o
 *fill*         0x0000a59b        0x1 
 .rodata.pucCommand2.6
                0x0000a59c        0x3 ./LocalDemoFiles/osram128x64x4.o
 *fill*         0x0000a59f        0x1 
 .rodata.pucCommand1.0
                0x0000a5a0        0x3 ./LocalDemoFiles/osram128x64x4.o
 *fill*         0x0000a5a3        0x1 
 .rodata        0x0000a5a4       0x18 ./LocalDemoFiles/worker.o
 .rodata        0x0000a5bc       0x1a ./LegacyDrivers/ustdlib.o
 *fill*         0x0000a5d6        0x2 
 .rodata.g_pcHex
                0x0000a5d8        0x4 ./LegacyDrivers/ustdlib.o
 .rodata.xHeapStructSize
                0x0000a5dc        0x4 ./FreeRTOS_Source/portable/MemMang/heap_4.o
 .rodata        0x0000a5e0       0x40 ./FreeRTOS_Source/portable/MemMang/heap_4.o
 .rodata.pcInterruptPriorityRegisters
                0x0000a620        0x4 ./FreeRTOS_Source/portable/GCC/ARM_CM3/port.o
 .rodata        0x0000a624       0x42 ./FreeRTOS_Source/portable/GCC/ARM_CM3/port.o
 *fill*         0x0000a666        0x2 
 .rodata        0x0000a668       0x35 ./FreeRTOS_Source/event_groups.o
 *fill*         0x0000a69d        0x3 
 .rodata        0x0000a6a0       0x2e ./FreeRTOS_Source/queue.o
 *fill*         0x0000a6ce        0x2 
 .rodata        0x0000a6d0       0x36 ./FreeRTOS_Source/stream_buffer.o
 *fill*         0x0000a706        0x2 
 .rodata        0x0000a708       0x47 ./FreeRTOS_Source/tasks.o
 *fill*         0x0000a74f        0x1 
 .rodata        0x0000a750       0x3d ./FreeRTOS_Source/timers.o
 *fill*         0x0000a78d        0x3 
 .rodata        0x0000a790       0x22 ./main.o
 *fill*         0x0000a7b2        0x2 
 .rodata.IntDefaultHandler.str1.4
                0x0000a7b4        0xd ./startup.o
 *fill*         0x0000a7c1        0x3 
 .rodata.g_pulPriority
                0x0000a7c4       0x20 C:\FreeRTOSv202212.01\FreeRTOS\Demo\Common\drivers\LuminaryMicro/arm-none-eabi-gcc/\libdriver.a(interrupt.o)
 .rodata.g_pulRegs
                0x0000a7e4       0x40 C:\FreeRTOSv202212.01\FreeRTOS\Demo\Common\drivers\LuminaryMicro/arm-none-eabi-gcc/\libdriver.a(interrupt.o)
 .rodata.g_pulDCRegs
                0x0000a824       0x10 C:\FreeRTOSv202212.01\FreeRTOS\Demo\Common\drivers\LuminaryMicro/arm-none-eabi-gcc/\libdriver.a(sysctl.o)
 .rodata.g_pulXtals
                0x0000a834       0x5c C:\FreeRTOSv202212.01\FreeRTOS\Demo\Common\drivers\LuminaryMicro/arm-none-eabi-gcc/\libdriver.a(sysctl.o)
 .rodata.g_pulDCGCRegs
                0x0000a890        0xc C:\FreeRTOSv202212.01\FreeRTOS\Demo\Common\drivers\LuminaryMicro/arm-none-eabi-gcc/\libdriver.a(sysctl.o)
 .rodata.g_pulRCGCRegs
                0x0000a89c        0xc C:\FreeRTOSv202212.01\FreeRTOS\Demo\Common\drivers\LuminaryMicro/arm-none-eabi-gcc/\libdriver.a(sysctl.o)
 .rodata.g_pulSCGCRegs
                0x0000a8a8        0xc C:\FreeRTOSv202212.01\FreeRTOS\Demo\Common\drivers\LuminaryMicro/arm-none-eabi-gcc/\libdriver.a(sysctl.o)
 .rodata.g_pulSRCRRegs
                0x0000a8b4        0xc C:\FreeRTOSv202212.01\FreeRTOS\Demo\Common\drivers\LuminaryMicro/arm-none-eabi-gcc/\libdriver.a(sysctl.o)
 .rodata._ctype_
                0x0000a8c0      0x101 c:/program files (x86)/gnu arm embedded toolchain/10 2021.10/bin/../lib/gcc/arm-none-eabi/10.3.1/../../../../arm-none-eabi/lib/thumb/v7-m/nofp\libg_nano.a(lib_a-ctype_.o)
                0x0000a8c0                _ctype_
 *fill*         0x0000a9c1        0x3 
 .rodata._global_impure_ptr
                0x0000a9c4        0x4 c:/program files (x86)/gnu arm embedded toolchain/10 2021.10/bin/../lib/gcc/arm-none-eabi/10.3.1/../../../../arm-none-eabi/lib/thumb/v7-m/nofp\libg_nano.a(lib_a-impure.o)
                0x0000a9c4                _global_impure_ptr
 .rodata._svfprintf_r.str1.1
                0x0000a9c8       0x11 c:/program files (x86)/gnu arm embedded toolchain/10 2021.10/bin/../lib/gcc/arm-none-eabi/10.3.1/../../../../arm-none-eabi/lib/thumb/v7-m/nofp\libg_nano.a(lib_a-nano-svfprintf.o)
 .rodata._printf_i.str1.1
                0x0000a9d9       0x22 c:/program files (x86)/gnu arm embedded toolchain/10 2021.10/bin/../lib/gcc/arm-none-eabi/10.3.1/../../../../arm-none-eabi/lib/thumb/v7-m/nofp\libg_nano.a(lib_a-nano-vfprintf_i.o)
                0x0000a9fb                _etext = .

.glue_7         0x0000a9fc        0x0
 .glue_7        0x0000a9fc        0x0 linker stubs

.glue_7t        0x0000a9fc        0x0
 .glue_7t       0x0000a9fc        0x0 linker stubs

.vfp11_veneer   0x0000a9fc        0x0
 .vfp11_veneer  0x0000a9fc        0x0 linker stubs

.v4_bx          0x0000a9fc        0x0
 .v4_bx         0x0000a9fc        0x0 linker stubs

.iplt           0x0000a9fc        0x0
 .iplt          0x0000a9fc        0x0 ./LocalDemoFiles/display.o

.rel.dyn        0x0000a9fc        0x0
 .rel.iplt      0x0000a9fc        0x0 ./LocalDemoFiles/display.o

.data           0x20000000      0x170 load address 0x0000a9fb
                0x20000000                _data = .
 *(vtable)
 vtable         0x20000000      0x100 C:\FreeRTOSv202212.01\FreeRTOS\Demo\Common\drivers\LuminaryMicro/arm-none-eabi-gcc/\libdriver.a(interrupt.o)
 *(.data*)
 .data          0x20000100        0x0 ./LocalDemoFiles/display.o
 .data          0x20000100        0x0 ./LocalDemoFiles/globals.o
 .data.numberOfMenuStates
                0x20000100        0x1 ./LocalDemoFiles/globals.o
                0x20000100                numberOfMenuStates
 .data          0x20000101        0x0 ./LocalDemoFiles/osram128x64x4.o
 .data          0x20000101        0x0 ./LocalDemoFiles/serial.o
 .data          0x20000101        0x0 ./LocalDemoFiles/worker.o
 .data          0x20000101        0x0 ./LegacyDrivers/ustdlib.o
 .data          0x20000101        0x0 ./FreeRTOS_Source/portable/MemMang/heap_4.o
 .data          0x20000101        0x0 ./FreeRTOS_Source/portable/GCC/ARM_CM3/port.o
 *fill*         0x20000101        0x3 
 .data.uxCriticalNesting
                0x20000104        0x4 ./FreeRTOS_Source/portable/GCC/ARM_CM3/port.o
 .data          0x20000108        0x0 ./FreeRTOS_Source/croutine.o
 .data          0x20000108        0x0 ./FreeRTOS_Source/event_groups.o
 .data          0x20000108        0x0 ./FreeRTOS_Source/list.o
 .data          0x20000108        0x0 ./FreeRTOS_Source/queue.o
 .data          0x20000108        0x0 ./FreeRTOS_Source/stream_buffer.o
 .data          0x20000108        0x0 ./FreeRTOS_Source/tasks.o
 .data.uxTopUsedPriority
                0x20000108        0x4 ./FreeRTOS_Source/tasks.o
                0x20000108                uxTopUsedPriority
 .data          0x2000010c        0x0 ./FreeRTOS_Source/timers.o
 .data          0x2000010c        0x0 ./main.o
 .data          0x2000010c        0x0 ./startup.o
 .data          0x2000010c        0x0 C:\FreeRTOSv202212.01\FreeRTOS\Demo\Common\drivers\LuminaryMicro/arm-none-eabi-gcc/\libdriver.a(gpio.o)
 .data          0x2000010c        0x0 C:\FreeRTOSv202212.01\FreeRTOS\Demo\Common\drivers\LuminaryMicro/arm-none-eabi-gcc/\libdriver.a(interrupt.o)
 .data          0x2000010c        0x0 C:\FreeRTOSv202212.01\FreeRTOS\Demo\Common\drivers\LuminaryMicro/arm-none-eabi-gcc/\libdriver.a(ssi.o)
 .data          0x2000010c        0x0 C:\FreeRTOSv202212.01\FreeRTOS\Demo\Common\drivers\LuminaryMicro/arm-none-eabi-gcc/\libdriver.a(sysctl.o)
 .data          0x2000010c        0x0 C:\FreeRTOSv202212.01\FreeRTOS\Demo\Common\drivers\LuminaryMicro/arm-none-eabi-gcc/\libdriver.a(uart.o)
 .data          0x2000010c        0x0 C:\FreeRTOSv202212.01\FreeRTOS\Demo\Common\drivers\LuminaryMicro/arm-none-eabi-gcc/\libdriver.a(cpu.o)
 .data          0x2000010c        0x0 c:/program files (x86)/gnu arm embedded toolchain/10 2021.10/bin/../lib/gcc/arm-none-eabi/10.3.1/../../../../arm-none-eabi/lib/thumb/v7-m/nofp\libg_nano.a(lib_a-atoi.o)
 .data          0x2000010c        0x0 c:/program files (x86)/gnu arm embedded toolchain/10 2021.10/bin/../lib/gcc/arm-none-eabi/10.3.1/../../../../arm-none-eabi/lib/thumb/v7-m/nofp\libg_nano.a(lib_a-ctype_.o)
 .data          0x2000010c        0x0 c:/program files (x86)/gnu arm embedded toolchain/10 2021.10/bin/../lib/gcc/arm-none-eabi/10.3.1/../../../../arm-none-eabi/lib/thumb/v7-m/nofp\libg_nano.a(lib_a-memcpy-stub.o)
 .data          0x2000010c        0x0 c:/program files (x86)/gnu arm embedded toolchain/10 2021.10/bin/../lib/gcc/arm-none-eabi/10.3.1/../../../../arm-none-eabi/lib/thumb/v7-m/nofp\libg_nano.a(lib_a-memset.o)
 .data          0x2000010c        0x0 c:/program files (x86)/gnu arm embedded toolchain/10 2021.10/bin/../lib/gcc/arm-none-eabi/10.3.1/../../../../arm-none-eabi/lib/thumb/v7-m/nofp\libg_nano.a(lib_a-sprintf.o)
 .data          0x2000010c        0x0 c:/program files (x86)/gnu arm embedded toolchain/10 2021.10/bin/../lib/gcc/arm-none-eabi/10.3.1/../../../../arm-none-eabi/lib/thumb/v7-m/nofp\libg_nano.a(lib_a-strcmp.o)
 .data          0x2000010c        0x0 c:/program files (x86)/gnu arm embedded toolchain/10 2021.10/bin/../lib/gcc/arm-none-eabi/10.3.1/../../../../arm-none-eabi/lib/thumb/v7-m/nofp\libg_nano.a(lib_a-strcpy.o)
 .data          0x2000010c        0x0 c:/program files (x86)/gnu arm embedded toolchain/10 2021.10/bin/../lib/gcc/arm-none-eabi/10.3.1/../../../../arm-none-eabi/lib/thumb/v7-m/nofp\libg_nano.a(lib_a-strlen.o)
 .data          0x2000010c        0x0 c:/program files (x86)/gnu arm embedded toolchain/10 2021.10/bin/../lib/gcc/arm-none-eabi/10.3.1/../../../../arm-none-eabi/lib/thumb/v7-m/nofp\libg_nano.a(lib_a-strncpy.o)
 .data          0x2000010c        0x0 c:/program files (x86)/gnu arm embedded toolchain/10 2021.10/bin/../lib/gcc/arm-none-eabi/10.3.1/../../../../arm-none-eabi/lib/thumb/v7-m/nofp\libg_nano.a(lib_a-strtol.o)
 .data          0x2000010c        0x0 c:/program files (x86)/gnu arm embedded toolchain/10 2021.10/bin/../lib/gcc/arm-none-eabi/10.3.1/../../../../arm-none-eabi/lib/thumb/v7-m/nofp\libg_nano.a(lib_a-errno.o)
 .data          0x2000010c        0x0 c:/program files (x86)/gnu arm embedded toolchain/10 2021.10/bin/../lib/gcc/arm-none-eabi/10.3.1/../../../../arm-none-eabi/lib/thumb/v7-m/nofp\libg_nano.a(lib_a-impure.o)
 .data._impure_ptr
                0x2000010c        0x4 c:/program files (x86)/gnu arm embedded toolchain/10 2021.10/bin/../lib/gcc/arm-none-eabi/10.3.1/../../../../arm-none-eabi/lib/thumb/v7-m/nofp\libg_nano.a(lib_a-impure.o)
                0x2000010c                _impure_ptr
 .data.impure_data
                0x20000110       0x60 c:/program files (x86)/gnu arm embedded toolchain/10 2021.10/bin/../lib/gcc/arm-none-eabi/10.3.1/../../../../arm-none-eabi/lib/thumb/v7-m/nofp\libg_nano.a(lib_a-impure.o)
 .data          0x20000170        0x0 c:/program files (x86)/gnu arm embedded toolchain/10 2021.10/bin/../lib/gcc/arm-none-eabi/10.3.1/../../../../arm-none-eabi/lib/thumb/v7-m/nofp\libg_nano.a(lib_a-nano-svfprintf.o)