Archive member included to satisfy reference by file (symbol)

C:\FreeRTOSv202212.01\FreeRTOS\Demo\Common\drivers\LuminaryMicro/arm-none-eabi-gcc/\libdriver.a(gpio.o)
                              ./LocalDemoFiles/osram128x64x4.o (GPIODirModeSet)
C:\FreeRTOSv202212.01\FreeRTOS\Demo\Common\drivers\LuminaryMicro/arm-none-eabi-gcc/\libdriver.a(interrupt.o)
                              C:\FreeRTOSv202212.01\FreeRTOS\Demo\Common\drivers\LuminaryMicro/arm-none-eabi-gcc/\libdriver.a(gpio.o) (IntRegister)
C:\FreeRTOSv202212.01\FreeRTOS\Demo\Common\drivers\LuminaryMicro/arm-none-eabi-gcc/\libdriver.a(ssi.o)
                              ./LocalDemoFiles/osram128x64x4.o (SSIConfigSetExpClk)
C:\FreeRTOSv202212.01\FreeRTOS\Demo\Common\drivers\LuminaryMicro/arm-none-eabi-gcc/\libdriver.a(sysctl.o)
                              ./LocalDemoFiles/osram128x64x4.o (SysCtlPeripheralEnable)
C:\FreeRTOSv202212.01\FreeRTOS\Demo\Common\drivers\LuminaryMicro/arm-none-eabi-gcc/\libdriver.a(uart.o)
                              ./main.o (UARTEnable)
C:\FreeRTOSv202212.01\FreeRTOS\Demo\Common\drivers\LuminaryMicro/arm-none-eabi-gcc/\libdriver.a(cpu.o)
                              C:\FreeRTOSv202212.01\FreeRTOS\Demo\Common\drivers\LuminaryMicro/arm-none-eabi-gcc/\libdriver.a(interrupt.o) (CPUcpsid)
c:/program files (x86)/gnu arm embedded toolchain/10 2021.10/bin/../lib/gcc/arm-none-eabi/10.3.1/../../../../arm-none-eabi/lib/thumb/v7-m/nofp\libg_nano.a(lib_a-atoi.o)
                              ./LocalDemoFiles/serial.o (atoi)
c:/program files (x86)/gnu arm embedded toolchain/10 2021.10/bin/../lib/gcc/arm-none-eabi/10.3.1/../../../../arm-none-eabi/lib/thumb/v7-m/nofp\libg_nano.a(lib_a-ctype_.o)
                              ./LocalDemoFiles/serial.o (_ctype_)
c:/program files (x86)/gnu arm embedded toolchain/10 2021.10/bin/../lib/gcc/arm-none-eabi/10.3.1/../../../../arm-none-eabi/lib/thumb/v7-m/nofp\libg_nano.a(lib_a-memcpy-stub.o)
                              ./FreeRTOS_Source/queue.o (memcpy)
c:/program files (x86)/gnu arm embedded toolchain/10 2021.10/bin/../lib/gcc/arm-none-eabi/10.3.1/../../../../arm-none-eabi/lib/thumb/v7-m/nofp\libg_nano.a(lib_a-memset.o)
                              ./FreeRTOS_Source/portable/MemMang/heap_4.o (memset)
c:/program files (x86)/gnu arm embedded toolchain/10 2021.10/bin/../lib/gcc/arm-none-eabi/10.3.1/../../../../arm-none-eabi/lib/thumb/v7-m/nofp\libg_nano.a(lib_a-sprintf.o)
                              ./LocalDemoFiles/display.o (sprintf)
c:/program files (x86)/gnu arm embedded toolchain/10 2021.10/bin/../lib/gcc/arm-none-eabi/10.3.1/../../../../arm-none-eabi/lib/thumb/v7-m/nofp\libg_nano.a(lib_a-strcmp.o)
                              ./LocalDemoFiles/worker.o (strcmp)
c:/program files (x86)/gnu arm embedded toolchain/10 2021.10/bin/../lib/gcc/arm-none-eabi/10.3.1/../../../../arm-none-eabi/lib/thumb/v7-m/nofp\libg_nano.a(lib_a-strcpy.o)
                              ./FreeRTOS_Source/tasks.o (strcpy)
c:/program files (x86)/gnu arm embedded toolchain/10 2021.10/bin/../lib/gcc/arm-none-eabi/10.3.1/../../../../arm-none-eabi/lib/thumb/v7-m/nofp\libg_nano.a(lib_a-strlen.o)
                              ./FreeRTOS_Source/tasks.o (strlen)
c:/program files (x86)/gnu arm embedded toolchain/10 2021.10/bin/../lib/gcc/arm-none-eabi/10.3.1/../../../../arm-none-eabi/lib/thumb/v7-m/nofp\libg_nano.a(lib_a-strncpy.o)
                              ./LegacyDrivers/ustdlib.o (strncpy)
c:/program files (x86)/gnu arm embedded toolchain/10 2021.10/bin/../lib/gcc/arm-none-eabi/10.3.1/../../../../arm-none-eabi/lib/thumb/v7-m/nofp\libg_nano.a(lib_a-strtol.o)
                              c:/program files (x86)/gnu arm embedded toolchain/10 2021.10/bin/../lib/gcc/arm-none-eabi/10.3.1/../../../../arm-none-eabi/lib/thumb/v7-m/nofp\libg_nano.a(lib_a-atoi.o) (_strtol_r)
c:/program files (x86)/gnu arm embedded toolchain/10 2021.10/bin/../lib/gcc/arm-none-eabi/10.3.1/../../../../arm-none-eabi/lib/thumb/v7-m/nofp\libg_nano.a(lib_a-errno.o)
                              c:/program files (x86)/gnu arm embedded toolchain/10 2021.10/bin/../lib/gcc/arm-none-eabi/10.3.1/../../../../arm-none-eabi/lib/thumb/v7-m/nofp\libg_nano.a(lib_a-strtol.o) (__errno)
c:/program files (x86)/gnu arm embedded toolchain/10 2021.10/bin/../lib/gcc/arm-none-eabi/10.3.1/../../../../arm-none-eabi/lib/thumb/v7-m/nofp\libg_nano.a(lib_a-impure.o)
                              c:/program files (x86)/gnu arm embedded toolchain/10 2021.10/bin/../lib/gcc/arm-none-eabi/10.3.1/../../../../arm-none-eabi/lib/thumb/v7-m/nofp\libg_nano.a(lib_a-sprintf.o) (_impure_ptr)
c:/program files (x86)/gnu arm embedded toolchain/10 2021.10/bin/../lib/gcc/arm-none-eabi/10.3.1/../../../../arm-none-eabi/lib/thumb/v7-m/nofp\libg_nano.a(lib_a-nano-svfprintf.o)
                              c:/program files (x86)/gnu arm embedded toolchain/10 2021.10/bin/../lib/gcc/arm-none-eabi/10.3.1/../../../../arm-none-eabi/lib/thumb/v7-m/nofp\libg_nano.a(lib_a-sprintf.o) (_svfprintf_r)
[...]
Memory Configuration

Name             Origin             Length             Attributes
FLASH            0x00000000         0x00040000         xr
SRAM             0x20000000         0x00010000         xrw
*default*        0x00000000         0xffffffff

Linker script and memory map

LOAD ./LocalDemoFiles/display.o
LOAD ./LocalDemoFiles/globals.o
LOAD ./LocalDemoFiles/osram128x64x4.o
LOAD ./LocalDemoFiles/serial.o
LOAD ./LocalDemoFiles/snake.o
LOAD ./LocalDemoFiles/worker.o
LOAD ./LegacyDrivers/ustdlib.o
LOAD ./FreeRTOS_Source/portable/MemMang/heap_4.o
LOAD ./FreeRTOS_Source/portable/GCC/ARM_CM3/port.o
LOAD ./FreeRTOS_Source/croutine.o
LOAD ./FreeRTOS_Source/event_groups.o
LOAD ./FreeRTOS_Source/list.o
LOAD ./FreeRTOS_Source/queue.o
LOAD ./FreeRTOS_Source/stream_buffer.o
LOAD ./FreeRTOS_Source/tasks.o
LOAD ./FreeRTOS_Source/timers.o
LOAD ./main.o
LOAD ./startup.o
LOAD C:\FreeRTOSv202212.01\FreeRTOS\Demo\Common\drivers\LuminaryMicro/arm-none-eabi-gcc/\libdriver.a
LOAD C:\FreeRTOSv202212.01\FreeRTOS\Demo\Common\drivers\LuminaryMicro/arm-none-eabi-gcc/\libgr.a
START GROUP
LOAD c:/program files (x86)/gnu arm embedded toolchain/10 2021.10/bin/../lib/gcc/arm-none-eabi/10.3.1/thumb/v7-m/nofp\libgcc.a
LOAD c:/program files (x86)/gnu arm embedded toolchain/10 2021.10/bin/../lib/gcc/arm-none-eabi/10.3.1/../../../../arm-none-eabi/lib/thumb/v7-m/nofp\libg_nano.a
LOAD c:/program files (x86)/gnu arm embedded toolchain/10 2021.10/bin/../lib/gcc/arm-none-eabi/10.3.1/../../../../arm-none-eabi/lib/thumb/v7-m/nofp\libc_nano.a
END GROUP
START GROUP
LOAD c:/program files (x86)/gnu arm embedded toolchain/10 2021.10/bin/../lib/gcc/arm-none-eabi/10.3.1/thumb/v7-m/nofp\libgcc.a
LOAD c:/program files (x86)/gnu arm embedded toolchain/10 2021.10/bin/../lib/gcc/arm-none-eabi/10.3.1/../../../../arm-none-eabi/lib/thumb/v7-m/nofp\libc_nano.a
END GROUP

.text           0x00000000     0xaf7b
 *(.isr_vector)
 .isr_vector    0x00000000       0xf0 ./startup.o
                0x00000000                g_pfnVectors
 *(.text*)
 .text          0x000000f0        0x0 ./LocalDemoFiles/display.o
 .text.printScreanType
                0x000000f0       0xe4 ./LocalDemoFiles/display.o
                0x000000f0                printScreanType
 .text.printMouse
                0x000001d4       0x24 ./LocalDemoFiles/display.o
                0x000001d4                printMouse
 .text.printMenu
                0x000001f8       0x9c ./LocalDemoFiles/display.o
                0x000001f8                printMenu
 .text.printWorkers
                0x00000294      0x178 ./LocalDemoFiles/display.o
                0x00000294                printWorkers
 .text.drawSnakeGame
                0x0000040c       0xb4 ./LocalDemoFiles/display.o
                0x0000040c                drawSnakeGame
 .text.FlashCursorTask
                0x000004c0       0x8c ./LocalDemoFiles/display.o
                0x000004c0                FlashCursorTask
 .text.startFlashCursor
                0x0000054c       0x2c ./LocalDemoFiles/display.o
                0x0000054c                startFlashCursor
 .text.stopFlashCursor
                0x00000578       0x18 ./LocalDemoFiles/display.o
                0x00000578                stopFlashCursor
 .text          0x00000590        0x0 ./LocalDemoFiles/globals.o
 .text          0x00000590        0x0 ./LocalDemoFiles/osram128x64x4.o
 .text.OSRAMWriteCommand
                0x00000590       0x60 ./LocalDemoFiles/osram128x64x4.o
 .text.OSRAMWriteData
                0x000005f0       0x60 ./LocalDemoFiles/osram128x64x4.o
 .text.OSRAM128x64x4Clear
                0x00000650       0x64 ./LocalDemoFiles/osram128x64x4.o
                0x00000650                OSRAM128x64x4Clear
 .text.OSRAM128x64x4StringDraw
                0x000006b4      0x1c8 ./LocalDemoFiles/osram128x64x4.o
                0x000006b4                OSRAM128x64x4StringDraw
 .text.OSRAM128x64x4ImageDraw
                0x0000087c      0x118 ./LocalDemoFiles/osram128x64x4.o
                0x0000087c                OSRAM128x64x4ImageDraw
 .text.OSRAM128x64x4PixelDraw
                0x00000994       0xc8 ./LocalDemoFiles/osram128x64x4.o
                0x00000994                OSRAM128x64x4PixelDraw
 .text.OSRAM128x64x4RectangleDraw
                0x00000a5c      0x19c ./LocalDemoFiles/osram128x64x4.o
                0x00000a5c                OSRAM128x64x4RectangleDraw
 .text.OSRAM128x64x4Enable
                0x00000bf8       0x70 ./LocalDemoFiles/osram128x64x4.o
                0x00000bf8                OSRAM128x64x4Enable
 .text.OSRAM128x64x4Disable
                0x00000c68       0x5c ./LocalDemoFiles/osram128x64x4.o
                0x00000c68                OSRAM128x64x4Disable
 .text.OSRAM128x64x4Init
                0x00000cc4       0xd8 ./LocalDemoFiles/osram128x64x4.o
                0x00000cc4                OSRAM128x64x4Init
 .text.OSRAM128x64x4DisplayOn
                0x00000d9c       0x4c ./LocalDemoFiles/osram128x64x4.o
                0x00000d9c                OSRAM128x64x4DisplayOn
 .text.OSRAM128x64x4DisplayOff
                0x00000de8       0x14 ./LocalDemoFiles/osram128x64x4.o
                0x00000de8                OSRAM128x64x4DisplayOff
 .text.OSRAM128x64x4SwapBuffer
                0x00000dfc       0x4c ./LocalDemoFiles/osram128x64x4.o
                0x00000dfc                OSRAM128x64x4SwapBuffer
 .text          0x00000e48        0x0 ./LocalDemoFiles/serial.o
 .text.cleanSerial
                0x00000e48       0x58 ./LocalDemoFiles/serial.o
                0x00000e48                cleanSerial
 .text.writeToSerialBuffer
                0x00000ea0       0x4c ./LocalDemoFiles/serial.o
                0x00000ea0                writeToSerialBuffer
 .text.defaultSerial
                0x00000eec      0x1c4 ./LocalDemoFiles/serial.o
                0x00000eec                defaultSerial
 .text.getSpecialKey
                0x000010b0       0xe4 ./LocalDemoFiles/serial.o
                0x000010b0                getSpecialKey
 .text.moveMouse
                0x00001194       0xc4 ./LocalDemoFiles/serial.o
                0x00001194                moveMouse
 .text.interactWorkers
                0x00001258      0x1bc ./LocalDemoFiles/serial.o
                0x00001258                interactWorkers
 .text.interactMenu
                0x00001414      0x14c ./LocalDemoFiles/serial.o
                0x00001414                interactMenu
 .text.interactSnakeGame
                0x00001560       0xdc ./LocalDemoFiles/serial.o
                0x00001560                interactSnakeGame
 .text          0x0000163c        0x0 ./LocalDemoFiles/snake.o
 .text.initSnake
                0x0000163c       0x9c ./LocalDemoFiles/snake.o
                0x0000163c                initSnake
 .text.SnakeTask
                0x000016d8      0x274 ./LocalDemoFiles/snake.o
                0x000016d8                SnakeTask
 .text.stopSnake
                0x0000194c       0x18 ./LocalDemoFiles/snake.o
                0x0000194c                stopSnake
 .text          0x00001964        0x0 ./LocalDemoFiles/worker.o
 .text.WorkerTask
                0x00001964       0xf8 ./LocalDemoFiles/worker.o
                0x00001964                WorkerTask
 .text.initWorkers
                0x00001a5c       0x98 ./LocalDemoFiles/worker.o
                0x00001a5c                initWorkers
 .text.stopWorkers
                0x00001af4       0x40 ./LocalDemoFiles/worker.o
                0x00001af4                stopWorkers
 .text          0x00001b34        0x0 ./LegacyDrivers/ustdlib.o
 .text.uvsnprintf
                0x00001b34      0x3d0 ./LegacyDrivers/ustdlib.o
                0x00001b34                uvsnprintf
 .text.usprintf
                0x00001f04       0x30 ./LegacyDrivers/ustdlib.o
                0x00001f04                usprintf
 .text.usnprintf
                0x00001f34       0x30 ./LegacyDrivers/ustdlib.o
                0x00001f34                usnprintf
 .text          0x00001f64        0x0 ./FreeRTOS_Source/portable/MemMang/heap_4.o
 .text.pvPortMalloc
                0x00001f64      0x15c ./FreeRTOS_Source/portable/MemMang/heap_4.o
                0x00001f64                pvPortMalloc
 .text.vPortFree
                0x000020c0       0xa4 ./FreeRTOS_Source/portable/MemMang/heap_4.o
                0x000020c0                vPortFree
 .text.xPortGetFreeHeapSize
                0x00002164       0x14 ./FreeRTOS_Source/portable/MemMang/heap_4.o
                0x00002164                xPortGetFreeHeapSize
 .text.xPortGetMinimumEverFreeHeapSize
                0x00002178       0x14 ./FreeRTOS_Source/portable/MemMang/heap_4.o
                0x00002178                xPortGetMinimumEverFreeHeapSize
 .text.vPortInitialiseBlocks
                0x0000218c        0xc ./FreeRTOS_Source/portable/MemMang/heap_4.o
                0x0000218c                vPortInitialiseBlocks
 .text.pvPortCalloc
                0x00002198       0x60 ./FreeRTOS_Source/portable/MemMang/heap_4.o
                0x00002198                pvPortCalloc
 .text.prvHeapInit
                0x000021f8       0xb8 ./FreeRTOS_Source/portable/MemMang/heap_4.o
 .text.prvInsertBlockIntoFreeList
                0x000022b0       0xb0 ./FreeRTOS_Source/portable/MemMang/heap_4.o
 .text.vPortGetHeapStats
                0x00002360       0xbc ./FreeRTOS_Source/portable/MemMang/heap_4.o
                0x00002360                vPortGetHeapStats
 .text          0x0000241c        0x0 ./FreeRTOS_Source/portable/GCC/ARM_CM3/port.o
 .text.pxPortInitialiseStack
                0x0000241c       0x58 ./FreeRTOS_Source/portable/GCC/ARM_CM3/port.o
                0x0000241c                pxPortInitialiseStack
 .text.prvTaskExitError
                0x00002474       0x4c ./FreeRTOS_Source/portable/GCC/ARM_CM3/port.o
 .text.vPortSVCHandler
                0x000024c0       0x28 ./FreeRTOS_Source/portable/GCC/ARM_CM3/port.o
                0x000024c0                vPortSVCHandler
 .text.prvPortStartFirstTask
                0x000024e8       0x24 ./FreeRTOS_Source/portable/GCC/ARM_CM3/port.o
 .text.xPortStartScheduler
                0x0000250c       0xc0 ./FreeRTOS_Source/portable/GCC/ARM_CM3/port.o
                0x0000250c                xPortStartScheduler
 .text.vPortEndScheduler
                0x000025cc       0x24 ./FreeRTOS_Source/portable/GCC/ARM_CM3/port.o
                0x000025cc                vPortEndScheduler
 .text.vPortEnterCritical
                0x000025f0       0x54 ./FreeRTOS_Source/portable/GCC/ARM_CM3/port.o
                0x000025f0                vPortEnterCritical
 .text.vPortExitCritical
                0x00002644       0x48 ./FreeRTOS_Source/portable/GCC/ARM_CM3/port.o
                0x00002644                vPortExitCritical
 *fill*         0x0000268c        0x4 
 .text.xPortPendSVHandler
                0x00002690       0x48 ./FreeRTOS_Source/portable/GCC/ARM_CM3/port.o
                0x00002690                xPortPendSVHandler
 .text.xPortSysTickHandler
                0x000026d8       0x44 ./FreeRTOS_Source/portable/GCC/ARM_CM3/port.o
                0x000026d8                xPortSysTickHandler
 .text.vPortSetupTimerInterrupt
                0x0000271c       0x34 ./FreeRTOS_Source/portable/GCC/ARM_CM3/port.o
                0x0000271c                vPortSetupTimerInterrupt
 .text.vPortValidateInterruptPriority
                0x00002750       0x68 ./FreeRTOS_Source/portable/GCC/ARM_CM3/port.o
                0x00002750                vPortValidateInterruptPriority
 .text          0x000027b8        0x0 ./FreeRTOS_Source/croutine.o
 .text          0x000027b8        0x0 ./FreeRTOS_Source/event_groups.o
 .text.xEventGroupCreate
                0x000027b8       0x2e ./FreeRTOS_Source/event_groups.o
                0x000027b8                xEventGroupCreate
 *fill*         0x000027e6        0x2 
 .text.xEventGroupSync
                0x000027e8      0x138 ./FreeRTOS_Source/event_groups.o
                0x000027e8                xEventGroupSync
 .text.xEventGroupWaitBits
                0x00002920      0x170 ./FreeRTOS_Source/event_groups.o
                0x00002920                xEventGroupWaitBits
 .text.xEventGroupClearBits
                0x00002a90       0x5c ./FreeRTOS_Source/event_groups.o
                0x00002a90                xEventGroupClearBits
 .text.xEventGroupClearBitsFromISR
                0x00002aec       0x28 ./FreeRTOS_Source/event_groups.o
                0x00002aec                xEventGroupClearBitsFromISR
 .text.xEventGroupGetBitsFromISR
                0x00002b14       0x46 ./FreeRTOS_Source/event_groups.o
                0x00002b14                xEventGroupGetBitsFromISR
 *fill*         0x00002b5a        0x2 
 .text.xEventGroupSetBits
                0x00002b5c      0x104 ./FreeRTOS_Source/event_groups.o
                0x00002b5c                xEventGroupSetBits
 .text.vEventGroupDelete
                0x00002c60       0x6c ./FreeRTOS_Source/event_groups.o
                0x00002c60                vEventGroupDelete
 .text.vEventGroupSetBitsCallback
                0x00002ccc       0x1a ./FreeRTOS_Source/event_groups.o
                0x00002ccc                vEventGroupSetBitsCallback
 .text.vEventGroupClearBitsCallback
                0x00002ce6       0x1a ./FreeRTOS_Source/event_groups.o
                0x00002ce6                vEventGroupClearBitsCallback
 .text.prvTestWaitCondition
                0x00002d00       0x42 ./FreeRTOS_Source/event_groups.o
 *fill*         0x00002d42        0x2 
 .text.xEventGroupSetBitsFromISR
                0x00002d44       0x28 ./FreeRTOS_Source/event_groups.o
                0x00002d44                xEventGroupSetBitsFromISR
 .text.uxEventGroupGetNumber
                0x00002d6c       0x2a ./FreeRTOS_Source/event_groups.o
                0x00002d6c                uxEventGroupGetNumber
 .text.vEventGroupSetNumber
                0x00002d96       0x1a ./FreeRTOS_Source/event_groups.o
                0x00002d96                vEventGroupSetNumber
 .text          0x00002db0        0x0 ./FreeRTOS_Source/list.o
 .text.vListInitialise
                0x00002db0       0x3e ./FreeRTOS_Source/list.o
                0x00002db0                vListInitialise
 .text.vListInitialiseItem
                0x00002dee       0x18 ./FreeRTOS_Source/list.o
                0x00002dee                vListInitialiseItem
 .text.vListInsertEnd
                0x00002e06       0x46 ./FreeRTOS_Source/list.o
                0x00002e06                vListInsertEnd
 .text.vListInsert
                0x00002e4c       0x70 ./FreeRTOS_Source/list.o
                0x00002e4c                vListInsert
 .text.uxListRemove
                0x00002ebc       0x52 ./FreeRTOS_Source/list.o
                0x00002ebc                uxListRemove
 .text          0x00002f0e        0x0 ./FreeRTOS_Source/queue.o
 *fill*         0x00002f0e        0x2 
 .text.xQueueGenericReset
                0x00002f10      0x10c ./FreeRTOS_Source/queue.o
                0x00002f10                xQueueGenericReset
 .text.xQueueGenericCreate
                0x0000301c       0x94 ./FreeRTOS_Source/queue.o
                0x0000301c                xQueueGenericCreate
 .text.prvInitialiseNewQueue
                0x000030b0       0x4c ./FreeRTOS_Source/queue.o
 .text.prvInitialiseMutex
                0x000030fc       0x34 ./FreeRTOS_Source/queue.o
 .text.xQueueCreateMutex
                0x00003130       0x30 ./FreeRTOS_Source/queue.o
                0x00003130                xQueueCreateMutex
 .text.xQueueGetMutexHolder
                0x00003160       0x48 ./FreeRTOS_Source/queue.o
                0x00003160                xQueueGetMutexHolder
 .text.xQueueGetMutexHolderFromISR
                0x000031a8       0x3c ./FreeRTOS_Source/queue.o
                0x000031a8                xQueueGetMutexHolderFromISR
 .text.xQueueGiveMutexRecursive
                0x000031e4       0x60 ./FreeRTOS_Source/queue.o
                0x000031e4                xQueueGiveMutexRecursive
 .text.xQueueTakeMutexRecursive
                0x00003244       0x64 ./FreeRTOS_Source/queue.o
                0x00003244                xQueueTakeMutexRecursive
 .text.xQueueCreateCountingSemaphore
                0x000032a8       0x54 ./FreeRTOS_Source/queue.o
                0x000032a8                xQueueCreateCountingSemaphore
 .text.xQueueGenericSend
                0x000032fc      0x208 ./FreeRTOS_Source/queue.o
                0x000032fc                xQueueGenericSend
 .text.xQueueGenericSendFromISR
                0x00003504      0x168 ./FreeRTOS_Source/queue.o
                0x00003504                xQueueGenericSendFromISR
 .text.xQueueGiveFromISR
                0x0000366c      0x13c ./FreeRTOS_Source/queue.o
                0x0000366c                xQueueGiveFromISR
 .text.xQueueReceive
                0x000037a8      0x1a0 ./FreeRTOS_Source/queue.o
                0x000037a8                xQueueReceive
 .text.xQueueSemaphoreTake
                0x00003948      0x1dc ./FreeRTOS_Source/queue.o
                0x00003948                xQueueSemaphoreTake
 .text.xQueuePeek
                0x00003b24      0x1a4 ./FreeRTOS_Source/queue.o
                0x00003b24                xQueuePeek
 .text.xQueueReceiveFromISR
                0x00003cc8      0x110 ./FreeRTOS_Source/queue.o
                0x00003cc8                xQueueReceiveFromISR
 .text.xQueuePeekFromISR
                0x00003dd8       0xb4 ./FreeRTOS_Source/queue.o
                0x00003dd8                xQueuePeekFromISR
 .text.uxQueueMessagesWaiting
                0x00003e8c       0x34 ./FreeRTOS_Source/queue.o
                0x00003e8c                uxQueueMessagesWaiting
 .text.uxQueueSpacesAvailable
                0x00003ec0       0x40 ./FreeRTOS_Source/queue.o
                0x00003ec0                uxQueueSpacesAvailable
 .text.uxQueueMessagesWaitingFromISR
                0x00003f00       0x30 ./FreeRTOS_Source/queue.o
                0x00003f00                uxQueueMessagesWaitingFromISR
 .text.vQueueDelete
                0x00003f30       0x34 ./FreeRTOS_Source/queue.o
                0x00003f30                vQueueDelete
 .text.uxQueueGetQueueNumber
                0x00003f64       0x16 ./FreeRTOS_Source/queue.o
                0x00003f64                uxQueueGetQueueNumber
 .text.vQueueSetQueueNumber
                0x00003f7a       0x1a ./FreeRTOS_Source/queue.o
                0x00003f7a                vQueueSetQueueNumber
 .text.ucQueueGetQueueType
                0x00003f94       0x18 ./FreeRTOS_Source/queue.o
                0x00003f94                ucQueueGetQueueType
 .text.prvGetDisinheritPriorityAfterTimeout
                0x00003fac       0x2e ./FreeRTOS_Source/queue.o
 .text.prvCopyDataToQueue
                0x00003fda       0xd4 ./FreeRTOS_Source/queue.o
 .text.prvCopyDataFromQueue
                0x000040ae       0x4c ./FreeRTOS_Source/queue.o
 .text.prvUnlockQueue
                0x000040fa       0xbe ./FreeRTOS_Source/queue.o
 .text.prvIsQueueEmpty
                0x000041b8       0x2c ./FreeRTOS_Source/queue.o
 .text.xQueueIsQueueEmptyFromISR
                0x000041e4       0x3c ./FreeRTOS_Source/queue.o
                0x000041e4                xQueueIsQueueEmptyFromISR
 .text.prvIsQueueFull
                0x00004220       0x30 ./FreeRTOS_Source/queue.o
 .text.xQueueIsQueueFullFromISR
                0x00004250       0x40 ./FreeRTOS_Source/queue.o
                0x00004250                xQueueIsQueueFullFromISR
 .text.vQueueAddToRegistry
                0x00004290       0x90 ./FreeRTOS_Source/queue.o
                0x00004290                vQueueAddToRegistry
 .text.pcQueueGetName
                0x00004320       0x5c ./FreeRTOS_Source/queue.o
                0x00004320                pcQueueGetName
 .text.vQueueUnregisterQueue
                0x0000437c       0x64 ./FreeRTOS_Source/queue.o
                0x0000437c                vQueueUnregisterQueue
 .text.vQueueWaitForMessageRestricted
                0x000043e0       0x68 ./FreeRTOS_Source/queue.o
                0x000043e0                vQueueWaitForMessageRestricted
 .text.xQueueCreateSet
                0x00004448       0x1e ./FreeRTOS_Source/queue.o
                0x00004448                xQueueCreateSet
 .text.xQueueAddToSet
                0x00004466       0x42 ./FreeRTOS_Source/queue.o
                0x00004466                xQueueAddToSet
 .text.xQueueRemoveFromSet
                0x000044a8       0x48 ./FreeRTOS_Source/queue.o
                0x000044a8                xQueueRemoveFromSet
 .text.xQueueSelectFromSet
                0x000044f0       0x26 ./FreeRTOS_Source/queue.o
                0x000044f0                xQueueSelectFromSet
 .text.xQueueSelectFromSetFromISR
                0x00004516       0x24 ./FreeRTOS_Source/queue.o
                0x00004516                xQueueSelectFromSetFromISR
 *fill*         0x0000453a        0x2 
 .text.prvNotifyQueueSetContainer
                0x0000453c       0xc0 ./FreeRTOS_Source/queue.o
 .text          0x000045fc        0x0 ./FreeRTOS_Source/stream_buffer.o
 .text.xStreamBufferGenericCreate
                0x000045fc       0xac ./FreeRTOS_Source/stream_buffer.o
                0x000045fc                xStreamBufferGenericCreate
 .text.vStreamBufferDelete
                0x000046a8       0x48 ./FreeRTOS_Source/stream_buffer.o
                0x000046a8                vStreamBufferDelete
 .text.xStreamBufferReset
                0x000046f0       0x84 ./FreeRTOS_Source/stream_buffer.o
                0x000046f0                xStreamBufferReset
 .text.xStreamBufferSetTriggerLevel
                0x00004774       0x50 ./FreeRTOS_Source/stream_buffer.o
                0x00004774                xStreamBufferSetTriggerLevel
 .text.xStreamBufferSpacesAvailable
                0x000047c4       0x6c ./FreeRTOS_Source/stream_buffer.o
                0x000047c4                xStreamBufferSpacesAvailable
 .text.xStreamBufferBytesAvailable
                0x00004830       0x34 ./FreeRTOS_Source/stream_buffer.o
                0x00004830                xStreamBufferBytesAvailable
 .text.xStreamBufferSend
                0x00004864      0x170 ./FreeRTOS_Source/stream_buffer.o
                0x00004864                xStreamBufferSend
 .text.xStreamBufferSendFromISR
                0x000049d4       0xd4 ./FreeRTOS_Source/stream_buffer.o
                0x000049d4                xStreamBufferSendFromISR
 .text.prvWriteMessageToBuffer
                0x00004aa8       0x88 ./FreeRTOS_Source/stream_buffer.o
 .text.xStreamBufferReceive
                0x00004b30      0x110 ./FreeRTOS_Source/stream_buffer.o
                0x00004b30                xStreamBufferReceive
 .text.xStreamBufferNextMessageLengthBytes
                0x00004c40       0x74 ./FreeRTOS_Source/stream_buffer.o
                0x00004c40                xStreamBufferNextMessageLengthBytes
 .text.xStreamBufferReceiveFromISR
                0x00004cb4       0xcc ./FreeRTOS_Source/stream_buffer.o
                0x00004cb4                xStreamBufferReceiveFromISR
 .text.prvReadMessageFromBuffer
                0x00004d80       0x7a ./FreeRTOS_Source/stream_buffer.o
 *fill*         0x00004dfa        0x2 
 .text.xStreamBufferIsEmpty
                0x00004dfc       0x44 ./FreeRTOS_Source/stream_buffer.o
                0x00004dfc                xStreamBufferIsEmpty
 .text.xStreamBufferIsFull
                0x00004e40       0x58 ./FreeRTOS_Source/stream_buffer.o
                0x00004e40                xStreamBufferIsFull
 .text.xStreamBufferSendCompletedFromISR
                0x00004e98       0x84 ./FreeRTOS_Source/stream_buffer.o
                0x00004e98                xStreamBufferSendCompletedFromISR
 .text.xStreamBufferReceiveCompletedFromISR
                0x00004f1c       0x84 ./FreeRTOS_Source/stream_buffer.o
                0x00004f1c                xStreamBufferReceiveCompletedFromISR
 .text.prvWriteBytesToBuffer
                0x00004fa0       0xbc ./FreeRTOS_Source/stream_buffer.o
 .text.prvReadBytesFromBuffer
                0x0000505c       0xb4 ./FreeRTOS_Source/stream_buffer.o
 .text.prvBytesInBuffer
                0x00005110       0x3e ./FreeRTOS_Source/stream_buffer.o
 *fill*         0x0000514e        0x2 
 .text.prvInitialiseNewStreamBuffer
                0x00005150       0x60 ./FreeRTOS_Source/stream_buffer.o
 .text.uxStreamBufferGetStreamBufferNumber
                0x000051b0       0x16 ./FreeRTOS_Source/stream_buffer.o
                0x000051b0                uxStreamBufferGetStreamBufferNumber
 .text.vStreamBufferSetStreamBufferNumber
                0x000051c6       0x1a ./FreeRTOS_Source/stream_buffer.o
                0x000051c6                vStreamBufferSetStreamBufferNumber
 .text.ucStreamBufferGetStreamBufferType
                0x000051e0       0x1c ./FreeRTOS_Source/stream_buffer.o
                0x000051e0                ucStreamBufferGetStreamBufferType
 .text          0x000051fc        0x0 ./FreeRTOS_Source/tasks.o
 .text.xTaskCreate
                0x000051fc       0x8c ./FreeRTOS_Source/tasks.o
                0x000051fc                xTaskCreate
 .text.prvInitialiseNewTask
                0x00005288      0x10c ./FreeRTOS_Source/tasks.o
 .text.prvAddNewTaskToReadyList
                0x00005394      0x12c ./FreeRTOS_Source/tasks.o
 .text.vTaskDelete
                0x000054c0      0x120 ./FreeRTOS_Source/tasks.o
                0x000054c0                vTaskDelete
 .text.xTaskDelayUntil
                0x000055e0       0xdc ./FreeRTOS_Source/tasks.o
                0x000055e0                xTaskDelayUntil
 .text.vTaskDelay
                0x000056bc       0x60 ./FreeRTOS_Source/tasks.o
                0x000056bc                vTaskDelay
 .text.eTaskGetState
                0x0000571c       0xdc ./FreeRTOS_Source/tasks.o
                0x0000571c                eTaskGetState
 .text.uxTaskPriorityGet
                0x000057f8       0x34 ./FreeRTOS_Source/tasks.o
                0x000057f8                uxTaskPriorityGet
 .text.uxTaskPriorityGetFromISR
                0x0000582c       0x58 ./FreeRTOS_Source/tasks.o
                0x0000582c                uxTaskPriorityGetFromISR
 .text.vTaskPrioritySet
                0x00005884      0x19c ./FreeRTOS_Source/tasks.o
                0x00005884                vTaskPrioritySet
 .text.vTaskSuspend
                0x00005a20      0x138 ./FreeRTOS_Source/tasks.o
                0x00005a20                vTaskSuspend
 .text.prvTaskIsTaskSuspended
                0x00005b58       0x58 ./FreeRTOS_Source/tasks.o
 .text.vTaskResume
                0x00005bb0      0x104 ./FreeRTOS_Source/tasks.o
                0x00005bb0                vTaskResume
 .text.xTaskResumeFromISR
                0x00005cb4      0x134 ./FreeRTOS_Source/tasks.o
                0x00005cb4                xTaskResumeFromISR
 .text.vTaskStartScheduler
                0x00005de8       0x9c ./FreeRTOS_Source/tasks.o
                0x00005de8                vTaskStartScheduler
 .text.vTaskEndScheduler
                0x00005e84       0x30 ./FreeRTOS_Source/tasks.o
                0x00005e84                vTaskEndScheduler
 .text.vTaskSuspendAll
                0x00005eb4       0x1c ./FreeRTOS_Source/tasks.o
                0x00005eb4                vTaskSuspendAll
 .text.xTaskResumeAll
                0x00005ed0      0x1f0 ./FreeRTOS_Source/tasks.o
                0x00005ed0                xTaskResumeAll
 .text.xTaskGetTickCount
                0x000060c0       0x1c ./FreeRTOS_Source/tasks.o
                0x000060c0                xTaskGetTickCount
 .text.xTaskGetTickCountFromISR
                0x000060dc       0x24 ./FreeRTOS_Source/tasks.o
                0x000060dc                xTaskGetTickCountFromISR
 .text.uxTaskGetNumberOfTasks
                0x00006100       0x14 ./FreeRTOS_Source/tasks.o
                0x00006100                uxTaskGetNumberOfTasks
 .text.pcTaskGetName
                0x00006114       0x3c ./FreeRTOS_Source/tasks.o
                0x00006114                pcTaskGetName
 .text.uxTaskGetSystemState
                0x00006150      0x11c ./FreeRTOS_Source/tasks.o
                0x00006150                uxTaskGetSystemState
 .text.xTaskGetIdleTaskHandle
                0x0000626c       0x28 ./FreeRTOS_Source/tasks.o
                0x0000626c                xTaskGetIdleTaskHandle
 .text.xTaskCatchUpTicks
                0x00006294       0x50 ./FreeRTOS_Source/tasks.o
                0x00006294                xTaskCatchUpTicks
 .text.xTaskIncrementTick
                0x000062e4      0x234 ./FreeRTOS_Source/tasks.o
                0x000062e4                xTaskIncrementTick
 .text.vTaskSwitchContext
                0x00006518       0xf8 ./FreeRTOS_Source/tasks.o
                0x00006518                vTaskSwitchContext
 .text.vTaskPlaceOnEventList
                0x00006610       0x40 ./FreeRTOS_Source/tasks.o
                0x00006610                vTaskPlaceOnEventList
 .text.vTaskPlaceOnUnorderedEventList
                0x00006650       0x98 ./FreeRTOS_Source/tasks.o
                0x00006650                vTaskPlaceOnUnorderedEventList
 .text.vTaskPlaceOnEventListRestricted
                0x000066e8       0x84 ./FreeRTOS_Source/tasks.o
                0x000066e8                vTaskPlaceOnEventListRestricted
 .text.xTaskRemoveFromEventList
                0x0000676c      0x1a0 ./FreeRTOS_Source/tasks.o
                0x0000676c                xTaskRemoveFromEventList
 .text.vTaskRemoveFromUnorderedEventList
                0x0000690c      0x168 ./FreeRTOS_Source/tasks.o
                0x0000690c                vTaskRemoveFromUnorderedEventList
 .text.vTaskSetTimeOutState
                0x00006a74       0x44 ./FreeRTOS_Source/tasks.o
                0x00006a74                vTaskSetTimeOutState
 .text.vTaskInternalSetTimeOutState
                0x00006ab8       0x2c ./FreeRTOS_Source/tasks.o
                0x00006ab8                vTaskInternalSetTimeOutState
 .text.xTaskCheckForTimeOut
                0x00006ae4       0xb8 ./FreeRTOS_Source/tasks.o
                0x00006ae4                xTaskCheckForTimeOut
 .text.vTaskMissedYield
                0x00006b9c       0x18 ./FreeRTOS_Source/tasks.o
                0x00006b9c                vTaskMissedYield
 .text.uxTaskGetTaskNumber
                0x00006bb4       0x2a ./FreeRTOS_Source/tasks.o
                0x00006bb4                uxTaskGetTaskNumber
 .text.vTaskSetTaskNumber
                0x00006bde       0x24 ./FreeRTOS_Source/tasks.o
                0x00006bde                vTaskSetTaskNumber
 .text.prvIdleTask
                0x00006c02        0xe ./FreeRTOS_Source/tasks.o
 .text.prvInitialiseTaskLists
                0x00006c10       0x80 ./FreeRTOS_Source/tasks.o
 .text.prvCheckTasksWaitingTermination
                0x00006c90       0x5c ./FreeRTOS_Source/tasks.o
 .text.vTaskGetInfo
                0x00006cec       0xcc ./FreeRTOS_Source/tasks.o
                0x00006cec                vTaskGetInfo
 .text.prvListTasksWithinSingleList
                0x00006db8       0xa4 ./FreeRTOS_Source/tasks.o
 .text.prvTaskCheckFreeStackSpace
                0x00006e5c       0x36 ./FreeRTOS_Source/tasks.o
 *fill*         0x00006e92        0x2 
 .text.uxTaskGetStackHighWaterMark
                0x00006e94       0x38 ./FreeRTOS_Source/tasks.o
                0x00006e94                uxTaskGetStackHighWaterMark
 .text.prvDeleteTCB
                0x00006ecc       0x20 ./FreeRTOS_Source/tasks.o
 .text.prvResetNextTaskUnblockTime
                0x00006eec       0x34 ./FreeRTOS_Source/tasks.o
 .text.xTaskGetCurrentTaskHandle
                0x00006f20       0x1c ./FreeRTOS_Source/tasks.o
                0x00006f20                xTaskGetCurrentTaskHandle
 .text.xTaskGetSchedulerState
                0x00006f3c       0x3c ./FreeRTOS_Source/tasks.o
                0x00006f3c                xTaskGetSchedulerState
 .text.xTaskPriorityInherit
                0x00006f78      0x13c ./FreeRTOS_Source/tasks.o
                0x00006f78                xTaskPriorityInherit
 .text.xTaskPriorityDisinherit
                0x000070b4      0x130 ./FreeRTOS_Source/tasks.o
                0x000070b4                xTaskPriorityDisinherit
 .text.vTaskPriorityDisinheritAfterTimeout
                0x000071e4      0x15c ./FreeRTOS_Source/tasks.o
                0x000071e4                vTaskPriorityDisinheritAfterTimeout
 .text.prvWriteNameToBuffer
                0x00007340       0x4a ./FreeRTOS_Source/tasks.o
 *fill*         0x0000738a        0x2 
 .text.vTaskList
                0x0000738c      0x130 ./FreeRTOS_Source/tasks.o
                0x0000738c                vTaskList
 .text.uxTaskResetEventItemValue
                0x000074bc       0x30 ./FreeRTOS_Source/tasks.o
                0x000074bc                uxTaskResetEventItemValue
 .text.pvTaskIncrementMutexHeldCount
                0x000074ec       0x28 ./FreeRTOS_Source/tasks.o
                0x000074ec                pvTaskIncrementMutexHeldCount
 .text.ulTaskGenericNotifyTake
                0x00007514       0xc8 ./FreeRTOS_Source/tasks.o
                0x00007514                ulTaskGenericNotifyTake
 .text.xTaskGenericNotifyWait
                0x000075dc       0xf8 ./FreeRTOS_Source/tasks.o
                0x000075dc                xTaskGenericNotifyWait
 .text.xTaskGenericNotify
                0x000076d4      0x218 ./FreeRTOS_Source/tasks.o
                0x000076d4                xTaskGenericNotify
 .text.xTaskGenericNotifyFromISR
                0x000078ec      0x28c ./FreeRTOS_Source/tasks.o
                0x000078ec                xTaskGenericNotifyFromISR
 .text.vTaskGenericNotifyGiveFromISR
                0x00007b78      0x1ec ./FreeRTOS_Source/tasks.o
                0x00007b78                vTaskGenericNotifyGiveFromISR
 .text.xTaskGenericNotifyStateClear
                0x00007d64       0x6c ./FreeRTOS_Source/tasks.o
                0x00007d64                xTaskGenericNotifyStateClear
 .text.ulTaskGenericNotifyValueClear
                0x00007dd0       0x5c ./FreeRTOS_Source/tasks.o
                0x00007dd0                ulTaskGenericNotifyValueClear
 .text.prvAddCurrentTaskToDelayedList
                0x00007e2c      0x100 ./FreeRTOS_Source/tasks.o
 .text.getTaskName
                0x00007f2c       0x24 ./FreeRTOS_Source/tasks.o
                0x00007f2c                getTaskName
 .text          0x00007f50        0x0 ./FreeRTOS_Source/timers.o
 .text.xTimerCreateTimerTask
                0x00007f50       0x5c ./FreeRTOS_Source/timers.o
                0x00007f50                xTimerCreateTimerTask
 .text.xTimerCreate
                0x00007fac       0x42 ./FreeRTOS_Source/timers.o
                0x00007fac                xTimerCreate
 *fill*         0x00007fee        0x2 
 .text.prvInitialiseNewTimer
                0x00007ff0       0x68 ./FreeRTOS_Source/timers.o
 .text.xTimerGenericCommand
                0x00008058       0x94 ./FreeRTOS_Source/timers.o
                0x00008058                xTimerGenericCommand
 .text.xTimerGetTimerDaemonTaskHandle
                0x000080ec       0x28 ./FreeRTOS_Source/timers.o
                0x000080ec                xTimerGetTimerDaemonTaskHandle
 .text.xTimerGetPeriod
                0x00008114       0x2c ./FreeRTOS_Source/timers.o
                0x00008114                xTimerGetPeriod
 .text.vTimerSetReloadMode
                0x00008140       0x60 ./FreeRTOS_Source/timers.o
                0x00008140                vTimerSetReloadMode
 .text.xTimerGetReloadMode
                0x000081a0       0x4c ./FreeRTOS_Source/timers.o
                0x000081a0                xTimerGetReloadMode
 .text.uxTimerGetReloadMode
                0x000081ec       0x18 ./FreeRTOS_Source/timers.o
                0x000081ec                uxTimerGetReloadMode
 .text.xTimerGetExpiryTime
                0x00008204       0x30 ./FreeRTOS_Source/timers.o
                0x00008204                xTimerGetExpiryTime
 .text.pcTimerGetName
                0x00008234       0x2c ./FreeRTOS_Source/timers.o
                0x00008234                pcTimerGetName
 .text.prvReloadTimer
                0x00008260       0x42 ./FreeRTOS_Source/timers.o
 *fill*         0x000082a2        0x2 
 .text.prvProcessExpiredTimer
                0x000082a4       0x60 ./FreeRTOS_Source/timers.o
 .text.prvTimerTask
                0x00008304       0x24 ./FreeRTOS_Source/timers.o
 .text.prvProcessTimerOrBlockTask
                0x00008328       0x9c ./FreeRTOS_Source/timers.o
 .text.prvGetNextExpireTime
                0x000083c4       0x44 ./FreeRTOS_Source/timers.o
 .text.prvSampleTimeNow
                0x00008408       0x40 ./FreeRTOS_Source/timers.o
 .text.prvInsertTimerInActiveList
                0x00008448       0x84 ./FreeRTOS_Source/timers.o
 .text.prvProcessReceivedCommands
                0x000084cc      0x1a0 ./FreeRTOS_Source/timers.o
 .text.prvSwitchTimerLists
                0x0000866c       0x4c ./FreeRTOS_Source/timers.o
 .text.prvCheckForValidListAndQueue
                0x000086b8       0x6c ./FreeRTOS_Source/timers.o
 .text.xTimerIsTimerActive
                0x00008724       0x4c ./FreeRTOS_Source/timers.o
                0x00008724                xTimerIsTimerActive
 .text.pvTimerGetTimerID
                0x00008770       0x38 ./FreeRTOS_Source/timers.o
                0x00008770                pvTimerGetTimerID
 .text.vTimerSetTimerID
                0x000087a8       0x38 ./FreeRTOS_Source/timers.o
                0x000087a8                vTimerSetTimerID
 .text.xTimerPendFunctionCallFromISR
                0x000087e0       0x40 ./FreeRTOS_Source/timers.o
                0x000087e0                xTimerPendFunctionCallFromISR
 .text.xTimerPendFunctionCall
                0x00008820       0x58 ./FreeRTOS_Source/timers.o
                0x00008820                xTimerPendFunctionCall
 .text.uxTimerGetTimerNumber
                0x00008878       0x16 ./FreeRTOS_Source/timers.o
                0x00008878                uxTimerGetTimerNumber
 .text.vTimerSetTimerNumber
                0x0000888e       0x1a ./FreeRTOS_Source/timers.o
                0x0000888e                vTimerSetTimerNumber
 .text          0x000088a8        0x0 ./main.o
 .text.main     0x000088a8       0x48 ./main.o
                0x000088a8                main
 .text.prvSetupHardware
                0x000088f0       0x8c ./main.o
 .text.vApplicationTickHook
                0x0000897c        0xc ./main.o
                0x0000897c                vApplicationTickHook
 .text.SerialTask
                0x00008988       0x6c ./main.o
 .text.RefreshDisplayTask
                0x000089f4       0x80 ./main.o
 .text.vApplicationStackOverflowHook
                0x00008a74       0x24 ./main.o
                0x00008a74                vApplicationStackOverflowHook
 .text.vAssertCalled
                0x00008a98       0x26 ./main.o
                0x00008a98                vAssertCalled
 *fill*         0x00008abe        0x2 
 .text.vApplicationGetIdleTaskMemory
                0x00008ac0       0x30 ./main.o
                0x00008ac0                vApplicationGetIdleTaskMemory
 .text.vApplicationGetTimerTaskMemory
                0x00008af0       0x30 ./main.o
                0x00008af0                vApplicationGetTimerTaskMemory
 .text._sbrk_r  0x00008b20       0x2c ./main.o
                0x00008b20                _sbrk_r
 .text          0x00008b4c        0x0 ./startup.o
 .text.IntDefaultHandler
                0x00008b4c       0x14 ./startup.o
 .text.FaultISR
                0x00008b60       0x14 ./startup.o
 .text.NmiSR    0x00008b74       0x14 ./startup.o
 .text.ResetISR
                0x00008b88       0x50 ./startup.o
                0x00008b88                ResetISR
 .text.uipprintf
                0x00008bd8        0x8 ./startup.o
                0x00008bd8                uipprintf
 .text          0x00008be0        0x0 C:\FreeRTOSv202212.01\FreeRTOS\Demo\Common\drivers\LuminaryMicro/arm-none-eabi-gcc/\libdriver.a(gpio.o)
 .text.GPIOGetIntNumber
                0x00008be0       0xa4 C:\FreeRTOSv202212.01\FreeRTOS\Demo\Common\drivers\LuminaryMicro/arm-none-eabi-gcc/\libdriver.a(gpio.o)
 .text.GPIODirModeSet
                0x00008c84       0x44 C:\FreeRTOSv202212.01\FreeRTOS\Demo\Common\drivers\LuminaryMicro/arm-none-eabi-gcc/\libdriver.a(gpio.o)
                0x00008c84                GPIODirModeSet
 .text.GPIODirModeGet
                0x00008cc8       0x20 C:\FreeRTOSv202212.01\FreeRTOS\Demo\Common\drivers\LuminaryMicro/arm-none-eabi-gcc/\libdriver.a(gpio.o)
                0x00008cc8                GPIODirModeGet
 .text.GPIOIntTypeSet
                0x00008ce8       0x70 C:\FreeRTOSv202212.01\FreeRTOS\Demo\Common\drivers\LuminaryMicro/arm-none-eabi-gcc/\libdriver.a(gpio.o)
                0x00008ce8                GPIOIntTypeSet
 .text.GPIOIntTypeGet
                0x00008d58       0x30 C:\FreeRTOSv202212.01\FreeRTOS\Demo\Common\drivers\LuminaryMicro/arm-none-eabi-gcc/\libdriver.a(gpio.o)
                0x00008d58                GPIOIntTypeGet
 .text.GPIOPadConfigSet
                0x00008d88      0x130 C:\FreeRTOSv202212.01\FreeRTOS\Demo\Common\drivers\LuminaryMicro/arm-none-eabi-gcc/\libdriver.a(gpio.o)
                0x00008d88                GPIOPadConfigSet
 .text.GPIOPadConfigGet
                0x00008eb8       0x78 C:\FreeRTOSv202212.01\FreeRTOS\Demo\Common\drivers\LuminaryMicro/arm-none-eabi-gcc/\libdriver.a(gpio.o)
                0x00008eb8                GPIOPadConfigGet
 .text.GPIOPinIntEnable
                0x00008f30        0xc C:\FreeRTOSv202212.01\FreeRTOS\Demo\Common\drivers\LuminaryMicro/arm-none-eabi-gcc/\libdriver.a(gpio.o)
                0x00008f30                GPIOPinIntEnable
 .text.GPIOPinIntDisable
                0x00008f3c       0x10 C:\FreeRTOSv202212.01\FreeRTOS\Demo\Common\drivers\LuminaryMicro/arm-none-eabi-gcc/\libdriver.a(gpio.o)
                0x00008f3c                GPIOPinIntDisable
 .text.GPIOPinIntStatus
                0x00008f4c       0x10 C:\FreeRTOSv202212.01\FreeRTOS\Demo\Common\drivers\LuminaryMicro/arm-none-eabi-gcc/\libdriver.a(gpio.o)
                0x00008f4c                GPIOPinIntStatus
 .text.GPIOPinIntClear
                0x00008f5c        0x8 C:\FreeRTOSv202212.01\FreeRTOS\Demo\Common\drivers\LuminaryMicro/arm-none-eabi-gcc/\libdriver.a(gpio.o)
                0x00008f5c                GPIOPinIntClear
 .text.GPIOPinRead
                0x00008f64        0x8 C:\FreeRTOSv202212.01\FreeRTOS\Demo\Common\drivers\LuminaryMicro/arm-none-eabi-gcc/\libdriver.a(gpio.o)
                0x00008f64                GPIOPinRead
 .text.GPIOPinWrite
                0x00008f6c        0x8 C:\FreeRTOSv202212.01\FreeRTOS\Demo\Common\drivers\LuminaryMicro/arm-none-eabi-gcc/\libdriver.a(gpio.o)
                0x00008f6c                GPIOPinWrite
 .text.GPIOPinTypeADC
                0x00008f74       0x1c C:\FreeRTOSv202212.01\FreeRTOS\Demo\Common\drivers\LuminaryMicro/arm-none-eabi-gcc/\libdriver.a(gpio.o)
                0x00008f74                GPIOPinTypeADC
 .text.GPIOPinTypeCAN
                0x00008f90       0x1c C:\FreeRTOSv202212.01\FreeRTOS\Demo\Common\drivers\LuminaryMicro/arm-none-eabi-gcc/\libdriver.a(gpio.o)
                0x00008f90                GPIOPinTypeCAN
 .text.GPIOPinTypeComparator
                0x00008fac       0x1c C:\FreeRTOSv202212.01\FreeRTOS\Demo\Common\drivers\LuminaryMicro/arm-none-eabi-gcc/\libdriver.a(gpio.o)
                0x00008fac                GPIOPinTypeComparator
 .text.GPIOPinTypeGPIOInput
                0x00008fc8       0x1c C:\FreeRTOSv202212.01\FreeRTOS\Demo\Common\drivers\LuminaryMicro/arm-none-eabi-gcc/\libdriver.a(gpio.o)
                0x00008fc8                GPIOPinTypeGPIOInput
 .text.GPIOPinTypeGPIOOutput
                0x00008fe4       0x1c C:\FreeRTOSv202212.01\FreeRTOS\Demo\Common\drivers\LuminaryMicro/arm-none-eabi-gcc/\libdriver.a(gpio.o)
                0x00008fe4                GPIOPinTypeGPIOOutput
 .text.GPIOPinTypeGPIOOutputOD
                0x00009000       0x1c C:\FreeRTOSv202212.01\FreeRTOS\Demo\Common\drivers\LuminaryMicro/arm-none-eabi-gcc/\libdriver.a(gpio.o)
                0x00009000                GPIOPinTypeGPIOOutputOD
 .text.GPIOPinTypeI2C
                0x0000901c       0x1c C:\FreeRTOSv202212.01\FreeRTOS\Demo\Common\drivers\LuminaryMicro/arm-none-eabi-gcc/\libdriver.a(gpio.o)
                0x0000901c                GPIOPinTypeI2C
 .text.GPIOPinTypePWM
                0x00009038       0x1c C:\FreeRTOSv202212.01\FreeRTOS\Demo\Common\drivers\LuminaryMicro/arm-none-eabi-gcc/\libdriver.a(gpio.o)
                0x00009038                GPIOPinTypePWM
 .text.GPIOPinTypeQEI
                0x00009054       0x1c C:\FreeRTOSv202212.01\FreeRTOS\Demo\Common\drivers\LuminaryMicro/arm-none-eabi-gcc/\libdriver.a(gpio.o)
                0x00009054                GPIOPinTypeQEI
 .text.GPIOPinTypeSSI
                0x00009070       0x1c C:\FreeRTOSv202212.01\FreeRTOS\Demo\Common\drivers\LuminaryMicro/arm-none-eabi-gcc/\libdriver.a(gpio.o)
                0x00009070                GPIOPinTypeSSI
 .text.GPIOPinTypeTimer
                0x0000908c       0x1c C:\FreeRTOSv202212.01\FreeRTOS\Demo\Common\drivers\LuminaryMicro/arm-none-eabi-gcc/\libdriver.a(gpio.o)
                0x0000908c                GPIOPinTypeTimer
 .text.GPIOPinTypeUART
                0x000090a8       0x1c C:\FreeRTOSv202212.01\FreeRTOS\Demo\Common\drivers\LuminaryMicro/arm-none-eabi-gcc/\libdriver.a(gpio.o)
                0x000090a8                GPIOPinTypeUART
 .text.GPIOPinTypeUSBDigital
                0x000090c4       0x1c C:\FreeRTOSv202212.01\FreeRTOS\Demo\Common\drivers\LuminaryMicro/arm-none-eabi-gcc/\libdriver.a(gpio.o)
                0x000090c4                GPIOPinTypeUSBDigital
 .text.GPIOPortIntUnregister
                0x000090e0       0x14 C:\FreeRTOSv202212.01\FreeRTOS\Demo\Common\drivers\LuminaryMicro/arm-none-eabi-gcc/\libdriver.a(gpio.o)
                0x000090e0                GPIOPortIntUnregister
 .text.GPIOPortIntRegister
                0x000090f4       0x18 C:\FreeRTOSv202212.01\FreeRTOS\Demo\Common\drivers\LuminaryMicro/arm-none-eabi-gcc/\libdriver.a(gpio.o)
                0x000090f4                GPIOPortIntRegister
 .text          0x0000910c        0x0 C:\FreeRTOSv202212.01\FreeRTOS\Demo\Common\drivers\LuminaryMicro/arm-none-eabi-gcc/\libdriver.a(interrupt.o)
 .text.IntDefaultHandler
                0x0000910c        0x4 C:\FreeRTOSv202212.01\FreeRTOS\Demo\Common\drivers\LuminaryMicro/arm-none-eabi-gcc/\libdriver.a(interrupt.o)
 .text.IntRegister
                0x00009110       0x3c C:\FreeRTOSv202212.01\FreeRTOS\Demo\Common\drivers\LuminaryMicro/arm-none-eabi-gcc/\libdriver.a(interrupt.o)
                0x00009110                IntRegister
 .text.IntUnregister
                0x0000914c       0x14 C:\FreeRTOSv202212.01\FreeRTOS\Demo\Common\drivers\LuminaryMicro/arm-none-eabi-gcc/\libdriver.a(interrupt.o)
                0x0000914c                IntUnregister
 .text.IntPriorityGroupingSet
                0x00009160       0x1c C:\FreeRTOSv202212.01\FreeRTOS\Demo\Common\drivers\LuminaryMicro/arm-none-eabi-gcc/\libdriver.a(interrupt.o)
                0x00009160                IntPriorityGroupingSet
 .text.IntPriorityGroupingGet
                0x0000917c       0x24 C:\FreeRTOSv202212.01\FreeRTOS\Demo\Common\drivers\LuminaryMicro/arm-none-eabi-gcc/\libdriver.a(interrupt.o)
                0x0000917c                IntPriorityGroupingGet
 .text.IntPrioritySet
                0x000091a0       0x28 C:\FreeRTOSv202212.01\FreeRTOS\Demo\Common\drivers\LuminaryMicro/arm-none-eabi-gcc/\libdriver.a(interrupt.o)
                0x000091a0                IntPrioritySet
 .text.IntPriorityGet
                0x000091c8       0x20 C:\FreeRTOSv202212.01\FreeRTOS\Demo\Common\drivers\LuminaryMicro/arm-none-eabi-gcc/\libdriver.a(interrupt.o)
                0x000091c8                IntPriorityGet
 .text.IntEnable
                0x000091e8       0x74 C:\FreeRTOSv202212.01\FreeRTOS\Demo\Common\drivers\LuminaryMicro/arm-none-eabi-gcc/\libdriver.a(interrupt.o)
                0x000091e8                IntEnable
 .text.IntDisable
                0x0000925c       0x74 C:\FreeRTOSv202212.01\FreeRTOS\Demo\Common\drivers\LuminaryMicro/arm-none-eabi-gcc/\libdriver.a(interrupt.o)
                0x0000925c                IntDisable
 .text.IntMasterDisable
                0x000092d0        0xc C:\FreeRTOSv202212.01\FreeRTOS\Demo\Common\drivers\LuminaryMicro/arm-none-eabi-gcc/\libdriver.a(interrupt.o)
                0x000092d0                IntMasterDisable
 .text.IntMasterEnable
                0x000092dc        0xc C:\FreeRTOSv202212.01\FreeRTOS\Demo\Common\drivers\LuminaryMicro/arm-none-eabi-gcc/\libdriver.a(interrupt.o)
                0x000092dc                IntMasterEnable
 .text          0x000092e8        0x0 C:\FreeRTOSv202212.01\FreeRTOS\Demo\Common\drivers\LuminaryMicro/arm-none-eabi-gcc/\libdriver.a(ssi.o)
 .text.SSIConfigSetExpClk
                0x000092e8       0x48 C:\FreeRTOSv202212.01\FreeRTOS\Demo\Common\drivers\LuminaryMicro/arm-none-eabi-gcc/\libdriver.a(ssi.o)
                0x000092e8                SSIConfigSetExpClk
 .text.SSIEnable
                0x00009330        0xc C:\FreeRTOSv202212.01\FreeRTOS\Demo\Common\drivers\LuminaryMicro/arm-none-eabi-gcc/\libdriver.a(ssi.o)
                0x00009330                SSIEnable
 .text.SSIDisable
                0x0000933c        0xc C:\FreeRTOSv202212.01\FreeRTOS\Demo\Common\drivers\LuminaryMicro/arm-none-eabi-gcc/\libdriver.a(ssi.o)
                0x0000933c                SSIDisable
 .text.SSIIntEnable
                0x00009348        0x8 C:\FreeRTOSv202212.01\FreeRTOS\Demo\Common\drivers\LuminaryMicro/arm-none-eabi-gcc/\libdriver.a(ssi.o)
                0x00009348                SSIIntEnable
 .text.SSIIntDisable
                0x00009350        0xc C:\FreeRTOSv202212.01\FreeRTOS\Demo\Common\drivers\LuminaryMicro/arm-none-eabi-gcc/\libdriver.a(ssi.o)
                0x00009350                SSIIntDisable
 .text.SSIIntStatus
                0x0000935c        0xc C:\FreeRTOSv202212.01\FreeRTOS\Demo\Common\drivers\LuminaryMicro/arm-none-eabi-gcc/\libdriver.a(ssi.o)
                0x0000935c                SSIIntStatus
 .text.SSIIntClear
                0x00009368        0x4 C:\FreeRTOSv202212.01\FreeRTOS\Demo\Common\drivers\LuminaryMicro/arm-none-eabi-gcc/\libdriver.a(ssi.o)
                0x00009368                SSIIntClear
 .text.SSIDataPut
                0x0000936c       0x10 C:\FreeRTOSv202212.01\FreeRTOS\Demo\Common\drivers\LuminaryMicro/arm-none-eabi-gcc/\libdriver.a(ssi.o)
                0x0000936c                SSIDataPut
 .text.SSIDataPutNonBlocking
                0x0000937c       0x10 C:\FreeRTOSv202212.01\FreeRTOS\Demo\Common\drivers\LuminaryMicro/arm-none-eabi-gcc/\libdriver.a(ssi.o)
                0x0000937c                SSIDataPutNonBlocking
 .text.SSIDataGet
                0x0000938c       0x14 C:\FreeRTOSv202212.01\FreeRTOS\Demo\Common\drivers\LuminaryMicro/arm-none-eabi-gcc/\libdriver.a(ssi.o)
                0x0000938c                SSIDataGet
 .text.SSIDataGetNonBlocking
                0x000093a0       0x14 C:\FreeRTOSv202212.01\FreeRTOS\Demo\Common\drivers\LuminaryMicro/arm-none-eabi-gcc/\libdriver.a(ssi.o)
                0x000093a0                SSIDataGetNonBlocking
 .text.SSIDMAEnable
                0x000093b4        0x8 C:\FreeRTOSv202212.01\FreeRTOS\Demo\Common\drivers\LuminaryMicro/arm-none-eabi-gcc/\libdriver.a(ssi.o)
                0x000093b4                SSIDMAEnable
 .text.SSIDMADisable
                0x000093bc        0xc C:\FreeRTOSv202212.01\FreeRTOS\Demo\Common\drivers\LuminaryMicro/arm-none-eabi-gcc/\libdriver.a(ssi.o)
                0x000093bc                SSIDMADisable
 .text.SSIIntUnregister
                0x000093c8       0x20 C:\FreeRTOSv202212.01\FreeRTOS\Demo\Common\drivers\LuminaryMicro/arm-none-eabi-gcc/\libdriver.a(ssi.o)
                0x000093c8                SSIIntUnregister
 .text.SSIIntRegister
                0x000093e8       0x20 C:\FreeRTOSv202212.01\FreeRTOS\Demo\Common\drivers\LuminaryMicro/arm-none-eabi-gcc/\libdriver.a(ssi.o)
                0x000093e8                SSIIntRegister
 .text          0x00009408        0x0 C:\FreeRTOSv202212.01\FreeRTOS\Demo\Common\drivers\LuminaryMicro/arm-none-eabi-gcc/\libdriver.a(sysctl.o)
 .text.SysCtlSRAMSizeGet
                0x00009408       0x14 C:\FreeRTOSv202212.01\FreeRTOS\Demo\Common\drivers\LuminaryMicro/arm-none-eabi-gcc/\libdriver.a(sysctl.o)
                0x00009408                SysCtlSRAMSizeGet
 .text.SysCtlFlashSizeGet
                0x0000941c       0x14 C:\FreeRTOSv202212.01\FreeRTOS\Demo\Common\drivers\LuminaryMicro/arm-none-eabi-gcc/\libdriver.a(sysctl.o)
                0x0000941c                SysCtlFlashSizeGet
 .text.SysCtlPinPresent
                0x00009430       0x14 C:\FreeRTOSv202212.01\FreeRTOS\Demo\Common\drivers\LuminaryMicro/arm-none-eabi-gcc/\libdriver.a(sysctl.o)
                0x00009430                SysCtlPinPresent
 .text.SysCtlPeripheralPresent
                0x00009444       0x28 C:\FreeRTOSv202212.01\FreeRTOS\Demo\Common\drivers\LuminaryMicro/arm-none-eabi-gcc/\libdriver.a(sysctl.o)
                0x00009444                SysCtlPeripheralPresent
 .text.SysCtlPeripheralReset
                0x0000946c       0x44 C:\FreeRTOSv202212.01\FreeRTOS\Demo\Common\drivers\LuminaryMicro/arm-none-eabi-gcc/\libdriver.a(sysctl.o)
                0x0000946c                SysCtlPeripheralReset
 .text.SysCtlPeripheralEnable
                0x000094b0       0x24 C:\FreeRTOSv202212.01\FreeRTOS\Demo\Common\drivers\LuminaryMicro/arm-none-eabi-gcc/\libdriver.a(sysctl.o)
                0x000094b0                SysCtlPeripheralEnable
 .text.SysCtlPeripheralDisable
                0x000094d4       0x24 C:\FreeRTOSv202212.01\FreeRTOS\Demo\Common\drivers\LuminaryMicro/arm-none-eabi-gcc/\libdriver.a(sysctl.o)
                0x000094d4                SysCtlPeripheralDisable
 .text.SysCtlPeripheralSleepEnable
                0x000094f8       0x24 C:\FreeRTOSv202212.01\FreeRTOS\Demo\Common\drivers\LuminaryMicro/arm-none-eabi-gcc/\libdriver.a(sysctl.o)
                0x000094f8                SysCtlPeripheralSleepEnable
 .text.SysCtlPeripheralSleepDisable
                0x0000951c       0x24 C:\FreeRTOSv202212.01\FreeRTOS\Demo\Common\drivers\LuminaryMicro/arm-none-eabi-gcc/\libdriver.a(sysctl.o)
                0x0000951c                SysCtlPeripheralSleepDisable
 .text.SysCtlPeripheralDeepSleepEnable
                0x00009540       0x24 C:\FreeRTOSv202212.01\FreeRTOS\Demo\Common\drivers\LuminaryMicro/arm-none-eabi-gcc/\libdriver.a(sysctl.o)
                0x00009540                SysCtlPeripheralDeepSleepEnable
 .text.SysCtlPeripheralDeepSleepDisable
                0x00009564       0x24 C:\FreeRTOSv202212.01\FreeRTOS\Demo\Common\drivers\LuminaryMicro/arm-none-eabi-gcc/\libdriver.a(sysctl.o)
                0x00009564                SysCtlPeripheralDeepSleepDisable
 .text.SysCtlPeripheralClockGating
                0x00009588       0x20 C:\FreeRTOSv202212.01\FreeRTOS\Demo\Common\drivers\LuminaryMicro/arm-none-eabi-gcc/\libdriver.a(sysctl.o)
                0x00009588                SysCtlPeripheralClockGating
 .text.SysCtlIntEnable
                0x000095a8       0x10 C:\FreeRTOSv202212.01\FreeRTOS\Demo\Common\drivers\LuminaryMicro/arm-none-eabi-gcc/\libdriver.a(sysctl.o)
                0x000095a8                SysCtlIntEnable
 .text.SysCtlIntDisable
                0x000095b8       0x10 C:\FreeRTOSv202212.01\FreeRTOS\Demo\Common\drivers\LuminaryMicro/arm-none-eabi-gcc/\libdriver.a(sysctl.o)
                0x000095b8                SysCtlIntDisable
 .text.SysCtlIntClear
                0x000095c8        0xc C:\FreeRTOSv202212.01\FreeRTOS\Demo\Common\drivers\LuminaryMicro/arm-none-eabi-gcc/\libdriver.a(sysctl.o)
                0x000095c8                SysCtlIntClear
 .text.SysCtlIntStatus
                0x000095d4       0x18 C:\FreeRTOSv202212.01\FreeRTOS\Demo\Common\drivers\LuminaryMicro/arm-none-eabi-gcc/\libdriver.a(sysctl.o)
                0x000095d4                SysCtlIntStatus
 .text.SysCtlLDOSet
                0x000095ec        0xc C:\FreeRTOSv202212.01\FreeRTOS\Demo\Common\drivers\LuminaryMicro/arm-none-eabi-gcc/\libdriver.a(sysctl.o)
                0x000095ec                SysCtlLDOSet
 .text.SysCtlLDOGet
                0x000095f8        0xc C:\FreeRTOSv202212.01\FreeRTOS\Demo\Common\drivers\LuminaryMicro/arm-none-eabi-gcc/\libdriver.a(sysctl.o)
                0x000095f8                SysCtlLDOGet
 .text.SysCtlLDOConfigSet
                0x00009604        0xc C:\FreeRTOSv202212.01\FreeRTOS\Demo\Common\drivers\LuminaryMicro/arm-none-eabi-gcc/\libdriver.a(sysctl.o)
                0x00009604                SysCtlLDOConfigSet
 .text.SysCtlReset
                0x00009610       0x10 C:\FreeRTOSv202212.01\FreeRTOS\Demo\Common\drivers\LuminaryMicro/arm-none-eabi-gcc/\libdriver.a(sysctl.o)
                0x00009610                SysCtlReset
 .text.SysCtlResetCauseGet
                0x00009620        0xc C:\FreeRTOSv202212.01\FreeRTOS\Demo\Common\drivers\LuminaryMicro/arm-none-eabi-gcc/\libdriver.a(sysctl.o)
                0x00009620                SysCtlResetCauseGet
 .text.SysCtlResetCauseClear
                0x0000962c       0x10 C:\FreeRTOSv202212.01\FreeRTOS\Demo\Common\drivers\LuminaryMicro/arm-none-eabi-gcc/\libdriver.a(sysctl.o)
                0x0000962c                SysCtlResetCauseClear
 .text.SysCtlBrownOutConfigSet
                0x0000963c       0x10 C:\FreeRTOSv202212.01\FreeRTOS\Demo\Common\drivers\LuminaryMicro/arm-none-eabi-gcc/\libdriver.a(sysctl.o)
                0x0000963c                SysCtlBrownOutConfigSet
 .text.SysCtlDelay
                0x0000964c        0x8 C:\FreeRTOSv202212.01\FreeRTOS\Demo\Common\drivers\LuminaryMicro/arm-none-eabi-gcc/\libdriver.a(sysctl.o)
                0x0000964c                SysCtlDelay
 .text.SysCtlClockSet
                0x00009654      0x168 C:\FreeRTOSv202212.01\FreeRTOS\Demo\Common\drivers\LuminaryMicro/arm-none-eabi-gcc/\libdriver.a(sysctl.o)
                0x00009654                SysCtlClockSet
 .text.SysCtlClockGet
                0x000097bc      0x150 C:\FreeRTOSv202212.01\FreeRTOS\Demo\Common\drivers\LuminaryMicro/arm-none-eabi-gcc/\libdriver.a(sysctl.o)
                0x000097bc                SysCtlClockGet
 .text.SysCtlPWMClockSet
                0x0000990c       0x14 C:\FreeRTOSv202212.01\FreeRTOS\Demo\Common\drivers\LuminaryMicro/arm-none-eabi-gcc/\libdriver.a(sysctl.o)
                0x0000990c                SysCtlPWMClockSet
 .text.SysCtlPWMClockGet
                0x00009920       0x18 C:\FreeRTOSv202212.01\FreeRTOS\Demo\Common\drivers\LuminaryMicro/arm-none-eabi-gcc/\libdriver.a(sysctl.o)
                0x00009920                SysCtlPWMClockGet
 .text.SysCtlADCSpeedSet
                0x00009938       0x34 C:\FreeRTOSv202212.01\FreeRTOS\Demo\Common\drivers\LuminaryMicro/arm-none-eabi-gcc/\libdriver.a(sysctl.o)
                0x00009938                SysCtlADCSpeedSet
 .text.SysCtlADCSpeedGet
                0x0000996c       0x10 C:\FreeRTOSv202212.01\FreeRTOS\Demo\Common\drivers\LuminaryMicro/arm-none-eabi-gcc/\libdriver.a(sysctl.o)
                0x0000996c                SysCtlADCSpeedGet
 .text.SysCtlIOSCVerificationSet
                0x0000997c       0x20 C:\FreeRTOSv202212.01\FreeRTOS\Demo\Common\drivers\LuminaryMicro/arm-none-eabi-gcc/\libdriver.a(sysctl.o)
                0x0000997c                SysCtlIOSCVerificationSet
 .text.SysCtlMOSCVerificationSet
                0x0000999c       0x20 C:\FreeRTOSv202212.01\FreeRTOS\Demo\Common\drivers\LuminaryMicro/arm-none-eabi-gcc/\libdriver.a(sysctl.o)
                0x0000999c                SysCtlMOSCVerificationSet
 .text.SysCtlPLLVerificationSet
                0x000099bc       0x20 C:\FreeRTOSv202212.01\FreeRTOS\Demo\Common\drivers\LuminaryMicro/arm-none-eabi-gcc/\libdriver.a(sysctl.o)
                0x000099bc                SysCtlPLLVerificationSet
 .text.SysCtlClkVerificationClear
                0x000099dc       0x10 C:\FreeRTOSv202212.01\FreeRTOS\Demo\Common\drivers\LuminaryMicro/arm-none-eabi-gcc/\libdriver.a(sysctl.o)
                0x000099dc                SysCtlClkVerificationClear
 .text.SysCtlGPIOAHBEnable
                0x000099ec       0x10 C:\FreeRTOSv202212.01\FreeRTOS\Demo\Common\drivers\LuminaryMicro/arm-none-eabi-gcc/\libdriver.a(sysctl.o)
                0x000099ec                SysCtlGPIOAHBEnable
 .text.SysCtlGPIOAHBDisable
                0x000099fc       0x14 C:\FreeRTOSv202212.01\FreeRTOS\Demo\Common\drivers\LuminaryMicro/arm-none-eabi-gcc/\libdriver.a(sysctl.o)
                0x000099fc                SysCtlGPIOAHBDisable
 .text.SysCtlUSBPLLEnable
                0x00009a10       0x10 C:\FreeRTOSv202212.01\FreeRTOS\Demo\Common\drivers\LuminaryMicro/arm-none-eabi-gcc/\libdriver.a(sysctl.o)
                0x00009a10                SysCtlUSBPLLEnable
 .text.SysCtlUSBPLLDisable
                0x00009a20       0x10 C:\FreeRTOSv202212.01\FreeRTOS\Demo\Common\drivers\LuminaryMicro/arm-none-eabi-gcc/\libdriver.a(sysctl.o)
                0x00009a20                SysCtlUSBPLLDisable
 .text.SysCtlDeepSleep
                0x00009a30       0x20 C:\FreeRTOSv202212.01\FreeRTOS\Demo\Common\drivers\LuminaryMicro/arm-none-eabi-gcc/\libdriver.a(sysctl.o)
                0x00009a30                SysCtlDeepSleep
 .text.SysCtlSleep
                0x00009a50        0x8 C:\FreeRTOSv202212.01\FreeRTOS\Demo\Common\drivers\LuminaryMicro/arm-none-eabi-gcc/\libdriver.a(sysctl.o)
                0x00009a50                SysCtlSleep
 .text.SysCtlIntUnregister
                0x00009a58       0x10 C:\FreeRTOSv202212.01\FreeRTOS\Demo\Common\drivers\LuminaryMicro/arm-none-eabi-gcc/\libdriver.a(sysctl.o)
                0x00009a58                SysCtlIntUnregister
 .text.SysCtlIntRegister
                0x00009a68       0x14 C:\FreeRTOSv202212.01\FreeRTOS\Demo\Common\drivers\LuminaryMicro/arm-none-eabi-gcc/\libdriver.a(sysctl.o)
                0x00009a68                SysCtlIntRegister
 .text          0x00009a7c        0x0 C:\FreeRTOSv202212.01\FreeRTOS\Demo\Common\drivers\LuminaryMicro/arm-none-eabi-gcc/\libdriver.a(uart.o)
 .text.UARTParityModeSet
                0x00009a7c        0xc C:\FreeRTOSv202212.01\FreeRTOS\Demo\Common\drivers\LuminaryMicro/arm-none-eabi-gcc/\libdriver.a(uart.o)
                0x00009a7c                UARTParityModeSet
 .text.UARTParityModeGet
                0x00009a88        0x8 C:\FreeRTOSv202212.01\FreeRTOS\Demo\Common\drivers\LuminaryMicro/arm-none-eabi-gcc/\libdriver.a(uart.o)
                0x00009a88                UARTParityModeGet
 .text.UARTFIFOLevelSet
                0x00009a90        0x8 C:\FreeRTOSv202212.01\FreeRTOS\Demo\Common\drivers\LuminaryMicro/arm-none-eabi-gcc/\libdriver.a(uart.o)
                0x00009a90                UARTFIFOLevelSet
 .text.UARTFIFOLevelGet
                0x00009a98       0x10 C:\FreeRTOSv202212.01\FreeRTOS\Demo\Common\drivers\LuminaryMicro/arm-none-eabi-gcc/\libdriver.a(uart.o)
                0x00009a98                UARTFIFOLevelGet
 .text.UARTConfigGetExpClk
                0x00009aa8       0x20 C:\FreeRTOSv202212.01\FreeRTOS\Demo\Common\drivers\LuminaryMicro/arm-none-eabi-gcc/\libdriver.a(uart.o)
                0x00009aa8                UARTConfigGetExpClk
 .text.UARTEnable
                0x00009ac8       0x18 C:\FreeRTOSv202212.01\FreeRTOS\Demo\Common\drivers\LuminaryMicro/arm-none-eabi-gcc/\libdriver.a(uart.o)
                0x00009ac8                UARTEnable
 .text.UARTDisable
                0x00009ae0       0x24 C:\FreeRTOSv202212.01\FreeRTOS\Demo\Common\drivers\LuminaryMicro/arm-none-eabi-gcc/\libdriver.a(uart.o)
                0x00009ae0                UARTDisable
 .text.UARTConfigSetExpClk
                0x00009b04       0x38 C:\FreeRTOSv202212.01\FreeRTOS\Demo\Common\drivers\LuminaryMicro/arm-none-eabi-gcc/\libdriver.a(uart.o)
                0x00009b04                UARTConfigSetExpClk
 .text.UARTEnableSIR
                0x00009b3c       0x18 C:\FreeRTOSv202212.01\FreeRTOS\Demo\Common\drivers\LuminaryMicro/arm-none-eabi-gcc/\libdriver.a(uart.o)
                0x00009b3c                UARTEnableSIR
 .text.UARTDisableSIR
                0x00009b54        0xc C:\FreeRTOSv202212.01\FreeRTOS\Demo\Common\drivers\LuminaryMicro/arm-none-eabi-gcc/\libdriver.a(uart.o)
                0x00009b54                UARTDisableSIR
 .text.UARTCharsAvail
                0x00009b60       0x10 C:\FreeRTOSv202212.01\FreeRTOS\Demo\Common\drivers\LuminaryMicro/arm-none-eabi-gcc/\libdriver.a(uart.o)
                0x00009b60                UARTCharsAvail
 .text.UARTSpaceAvail
                0x00009b70       0x10 C:\FreeRTOSv202212.01\FreeRTOS\Demo\Common\drivers\LuminaryMicro/arm-none-eabi-gcc/\libdriver.a(uart.o)
                0x00009b70                UARTSpaceAvail
 .text.UARTCharGetNonBlocking
                0x00009b80       0x10 C:\FreeRTOSv202212.01\FreeRTOS\Demo\Common\drivers\LuminaryMicro/arm-none-eabi-gcc/\libdriver.a(uart.o)
                0x00009b80                UARTCharGetNonBlocking
 .text.UARTCharGet
                0x00009b90       0x10 C:\FreeRTOSv202212.01\FreeRTOS\Demo\Common\drivers\LuminaryMicro/arm-none-eabi-gcc/\libdriver.a(uart.o)
                0x00009b90                UARTCharGet
 .text.UARTCharPutNonBlocking
                0x00009ba0       0x14 C:\FreeRTOSv202212.01\FreeRTOS\Demo\Common\drivers\LuminaryMicro/arm-none-eabi-gcc/\libdriver.a(uart.o)
                0x00009ba0                UARTCharPutNonBlocking
 .text.UARTCharPut
                0x00009bb4       0x10 C:\FreeRTOSv202212.01\FreeRTOS\Demo\Common\drivers\LuminaryMicro/arm-none-eabi-gcc/\libdriver.a(uart.o)
                0x00009bb4                UARTCharPut
 .text.UARTBreakCtl
                0x00009bc4       0x18 C:\FreeRTOSv202212.01\FreeRTOS\Demo\Common\drivers\LuminaryMicro/arm-none-eabi-gcc/\libdriver.a(uart.o)
                0x00009bc4                UARTBreakCtl
 .text.UARTIntEnable
                0x00009bdc        0x8 C:\FreeRTOSv202212.01\FreeRTOS\Demo\Common\drivers\LuminaryMicro/arm-none-eabi-gcc/\libdriver.a(uart.o)
                0x00009bdc                UARTIntEnable
 .text.UARTIntDisable
                0x00009be4        0xc C:\FreeRTOSv202212.01\FreeRTOS\Demo\Common\drivers\LuminaryMicro/arm-none-eabi-gcc/\libdriver.a(uart.o)
                0x00009be4                UARTIntDisable
 .text.UARTIntStatus
                0x00009bf0        0xc C:\FreeRTOSv202212.01\FreeRTOS\Demo\Common\drivers\LuminaryMicro/arm-none-eabi-gcc/\libdriver.a(uart.o)
                0x00009bf0                UARTIntStatus
 .text.UARTIntClear
                0x00009bfc        0x4 C:\FreeRTOSv202212.01\FreeRTOS\Demo\Common\drivers\LuminaryMicro/arm-none-eabi-gcc/\libdriver.a(uart.o)
                0x00009bfc                UARTIntClear
 .text.UARTDMAEnable
                0x00009c00        0x8 C:\FreeRTOSv202212.01\FreeRTOS\Demo\Common\drivers\LuminaryMicro/arm-none-eabi-gcc/\libdriver.a(uart.o)
                0x00009c00                UARTDMAEnable
 .text.UARTDMADisable
                0x00009c08        0xc C:\FreeRTOSv202212.01\FreeRTOS\Demo\Common\drivers\LuminaryMicro/arm-none-eabi-gcc/\libdriver.a(uart.o)
                0x00009c08                UARTDMADisable
 .text.UARTIntUnregister
                0x00009c14       0x2c C:\FreeRTOSv202212.01\FreeRTOS\Demo\Common\drivers\LuminaryMicro/arm-none-eabi-gcc/\libdriver.a(uart.o)
                0x00009c14                UARTIntUnregister
 .text.UARTIntRegister
                0x00009c40       0x2c C:\FreeRTOSv202212.01\FreeRTOS\Demo\Common\drivers\LuminaryMicro/arm-none-eabi-gcc/\libdriver.a(uart.o)
                0x00009c40                UARTIntRegister
 .text          0x00009c6c       0x14 C:\FreeRTOSv202212.01\FreeRTOS\Demo\Common\drivers\LuminaryMicro/arm-none-eabi-gcc/\libdriver.a(cpu.o)
                0x00009c6c                CPUcpsid
                0x00009c74                CPUcpsie
                0x00009c7c                CPUwfi
 .text          0x00009c80        0x0 c:/program files (x86)/gnu arm embedded toolchain/10 2021.10/bin/../lib/gcc/arm-none-eabi/10.3.1/../../../../arm-none-eabi/lib/thumb/v7-m/nofp\libg_nano.a(lib_a-atoi.o)
 .text.atoi     0x00009c80        0x8 c:/program files (x86)/gnu arm embedded toolchain/10 2021.10/bin/../lib/gcc/arm-none-eabi/10.3.1/../../../../arm-none-eabi/lib/thumb/v7-m/nofp\libg_nano.a(lib_a-atoi.o)
                0x00009c80                atoi
 .text._atoi_r  0x00009c88        0x8 c:/program files (x86)/gnu arm embedded toolchain/10 2021.10/bin/../lib/gcc/arm-none-eabi/10.3.1/../../../../arm-none-eabi/lib/thumb/v7-m/nofp\libg_nano.a(lib_a-atoi.o)
                0x00009c88                _atoi_r
 .text          0x00009c90        0x0 c:/program files (x86)/gnu arm embedded toolchain/10 2021.10/bin/../lib/gcc/arm-none-eabi/10.3.1/../../../../arm-none-eabi/lib/thumb/v7-m/nofp\libg_nano.a(lib_a-ctype_.o)
 .text          0x00009c90        0x0 c:/program files (x86)/gnu arm embedded toolchain/10 2021.10/bin/../lib/gcc/arm-none-eabi/10.3.1/../../../../arm-none-eabi/lib/thumb/v7-m/nofp\libg_nano.a(lib_a-memcpy-stub.o)
 .text.memcpy   0x00009c90       0x1c c:/program files (x86)/gnu arm embedded toolchain/10 2021.10/bin/../lib/gcc/arm-none-eabi/10.3.1/../../../../arm-none-eabi/lib/thumb/v7-m/nofp\libg_nano.a(lib_a-memcpy-stub.o)
                0x00009c90                memcpy
 .text          0x00009cac        0x0 c:/program files (x86)/gnu arm embedded toolchain/10 2021.10/bin/../lib/gcc/arm-none-eabi/10.3.1/../../../../arm-none-eabi/lib/thumb/v7-m/nofp\libg_nano.a(lib_a-memset.o)
 .text.memset   0x00009cac       0x10 c:/program files (x86)/gnu arm embedded toolchain/10 2021.10/bin/../lib/gcc/arm-none-eabi/10.3.1/../../../../arm-none-eabi/lib/thumb/v7-m/nofp\libg_nano.a(lib_a-memset.o)
                0x00009cac                memset
 .text          0x00009cbc        0x0 c:/program files (x86)/gnu arm embedded toolchain/10 2021.10/bin/../lib/gcc/arm-none-eabi/10.3.1/../../../../arm-none-eabi/lib/thumb/v7-m/nofp\libg_nano.a(lib_a-sprintf.o)
 .text._sprintf_r
                0x00009cbc       0x38 c:/program files (x86)/gnu arm embedded toolchain/10 2021.10/bin/../lib/gcc/arm-none-eabi/10.3.1/../../../../arm-none-eabi/lib/thumb/v7-m/nofp\libg_nano.a(lib_a-sprintf.o)
                0x00009cbc                _sprintf_r
                0x00009cbc                _siprintf_r
 .text.sprintf  0x00009cf4       0x40 c:/program files (x86)/gnu arm embedded toolchain/10 2021.10/bin/../lib/gcc/arm-none-eabi/10.3.1/../../../../arm-none-eabi/lib/thumb/v7-m/nofp\libg_nano.a(lib_a-sprintf.o)
                0x00009cf4                siprintf
                0x00009cf4                sprintf
 .text          0x00009d34       0x14 c:/program files (x86)/gnu arm embedded toolchain/10 2021.10/bin/../lib/gcc/arm-none-eabi/10.3.1/../../../../arm-none-eabi/lib/thumb/v7-m/nofp\libg_nano.a(lib_a-strcmp.o)
                0x00009d34                strcmp
 .text          0x00009d48        0x0 c:/program files (x86)/gnu arm embedded toolchain/10 2021.10/bin/../lib/gcc/arm-none-eabi/10.3.1/../../../../arm-none-eabi/lib/thumb/v7-m/nofp\libg_nano.a(lib_a-strcpy.o)
 .text.strcpy   0x00009d48       0x10 c:/program files (x86)/gnu arm embedded toolchain/10 2021.10/bin/../lib/gcc/arm-none-eabi/10.3.1/../../../../arm-none-eabi/lib/thumb/v7-m/nofp\libg_nano.a(lib_a-strcpy.o)
                0x00009d48                strcpy
 .text          0x00009d58       0x10 c:/program files (x86)/gnu arm embedded toolchain/10 2021.10/bin/../lib/gcc/arm-none-eabi/10.3.1/../../../../arm-none-eabi/lib/thumb/v7-m/nofp\libg_nano.a(lib_a-strlen.o)
                0x00009d58                strlen
 .text          0x00009d68        0x0 c:/program files (x86)/gnu arm embedded toolchain/10 2021.10/bin/../lib/gcc/arm-none-eabi/10.3.1/../../../../arm-none-eabi/lib/thumb/v7-m/nofp\libg_nano.a(lib_a-strncpy.o)
 .text.strncpy  0x00009d68       0x26 c:/program files (x86)/gnu arm embedded toolchain/10 2021.10/bin/../lib/gcc/arm-none-eabi/10.3.1/../../../../arm-none-eabi/lib/thumb/v7-m/nofp\libg_nano.a(lib_a-strncpy.o)
                0x00009d68                strncpy
 .text          0x00009d8e        0x0 c:/program files (x86)/gnu arm embedded toolchain/10 2021.10/bin/../lib/gcc/arm-none-eabi/10.3.1/../../../../arm-none-eabi/lib/thumb/v7-m/nofp\libg_nano.a(lib_a-strtol.o)
 *fill*         0x00009d8e        0x2 
 .text._strtol_l.constprop.0
                0x00009d90       0xf8 c:/program files (x86)/gnu arm embedded toolchain/10 2021.10/bin/../lib/gcc/arm-none-eabi/10.3.1/../../../../arm-none-eabi/lib/thumb/v7-m/nofp\libg_nano.a(lib_a-strtol.o)
 .text._strtol_r
                0x00009e88        0x4 c:/program files (x86)/gnu arm embedded toolchain/10 2021.10/bin/../lib/gcc/arm-none-eabi/10.3.1/../../../../arm-none-eabi/lib/thumb/v7-m/nofp\libg_nano.a(lib_a-strtol.o)
                0x00009e88                _strtol_r
 .text.strtol_l
                0x00009e8c       0x14 c:/program files (x86)/gnu arm embedded toolchain/10 2021.10/bin/../lib/gcc/arm-none-eabi/10.3.1/../../../../arm-none-eabi/lib/thumb/v7-m/nofp\libg_nano.a(lib_a-strtol.o)
                0x00009e8c                strtol_l
 .text.strtol   0x00009ea0       0x14 c:/program files (x86)/gnu arm embedded toolchain/10 2021.10/bin/../lib/gcc/arm-none-eabi/10.3.1/../../../../arm-none-eabi/lib/thumb/v7-m/nofp\libg_nano.a(lib_a-strtol.o)
                0x00009ea0                strtol
 .text          0x00009eb4        0x0 c:/program files (x86)/gnu arm embedded toolchain/10 2021.10/bin/../lib/gcc/arm-none-eabi/10.3.1/../../../../arm-none-eabi/lib/thumb/v7-m/nofp\libg_nano.a(lib_a-errno.o)
 .text.__errno  0x00009eb4        0xc c:/program files (x86)/gnu arm embedded toolchain/10 2021.10/bin/../lib/gcc/arm-none-eabi/10.3.1/../../../../arm-none-eabi/lib/thumb/v7-m/nofp\libg_nano.a(lib_a-errno.o)
                0x00009eb4                __errno
 .text          0x00009ec0        0x0 c:/program files (x86)/gnu arm embedded toolchain/10 2021.10/bin/../lib/gcc/arm-none-eabi/10.3.1/../../../../arm-none-eabi/lib/thumb/v7-m/nofp\libg_nano.a(lib_a-impure.o)
 .text          0x00009ec0        0x0 c:/program files (x86)/gnu arm embedded toolchain/10 2021.10/bin/../lib/gcc/arm-none-eabi/10.3.1/../../../../arm-none-eabi/lib/thumb/v7-m/nofp\libg_nano.a(lib_a-nano-svfprintf.o)
 .text.__ssputs_r
                0x00009ec0       0xb6 c:/program files (x86)/gnu arm embedded toolchain/10 2021.10/bin/../lib/gcc/arm-none-eabi/10.3.1/../../../../arm-none-eabi/lib/thumb/v7-m/nofp\libg_nano.a(lib_a-nano-svfprintf.o)
                0x00009ec0                __ssputs_r
 .text.__ssprint_r
                0x00009f76       0xf6 c:/program files (x86)/gnu arm embedded toolchain/10 2021.10/bin/../lib/gcc/arm-none-eabi/10.3.1/../../../../arm-none-eabi/lib/thumb/v7-m/nofp\libg_nano.a(lib_a-nano-svfprintf.o)
                0x00009f76                __ssprint_r
 .text._svfprintf_r
                0x0000a06c      0x200 c:/program files (x86)/gnu arm embedded toolchain/10 2021.10/bin/../lib/gcc/arm-none-eabi/10.3.1/../../../../arm-none-eabi/lib/thumb/v7-m/nofp\libg_nano.a(lib_a-nano-svfprintf.o)
                0x0000a06c                _svfiprintf_r
                0x0000a06c                _svfprintf_r
 .text          0x0000a26c        0x0 c:/program files (x86)/gnu arm embedded toolchain/10 2021.10/bin/../lib/gcc/arm-none-eabi/10.3.1/../../../../arm-none-eabi/lib/thumb/v7-m/nofp\libg_nano.a(lib_a-nano-vfprintf_i.o)
 .text._printf_common
                0x0000a26c       0xde c:/program files (x86)/gnu arm embedded toolchain/10 2021.10/bin/../lib/gcc/arm-none-eabi/10.3.1/../../../../arm-none-eabi/lib/thumb/v7-m/nofp\libg_nano.a(lib_a-nano-vfprintf_i.o)
                0x0000a26c                _printf_common
 *fill*         0x0000a34a        0x2 
 .text._printf_i
                0x0000a34c      0x24c c:/program files (x86)/gnu arm embedded toolchain/10 2021.10/bin/../lib/gcc/arm-none-eabi/10.3.1/../../../../arm-none-eabi/lib/thumb/v7-m/nofp\libg_nano.a(lib_a-nano-vfprintf_i.o)
                0x0000a34c                _printf_i
 .text          0x0000a598        0x0 c:/program files (x86)/gnu arm embedded toolchain/10 2021.10/bin/../lib/gcc/arm-none-eabi/10.3.1/../../../../arm-none-eabi/lib/thumb/v7-m/nofp\libg_nano.a(lib_a-memchr-stub.o)
 .text.memchr   0x0000a598       0x1c c:/program files (x86)/gnu arm embedded toolchain/10 2021.10/bin/../lib/gcc/arm-none-eabi/10.3.1/../../../../arm-none-eabi/lib/thumb/v7-m/nofp\libg_nano.a(lib_a-memchr-stub.o)
                0x0000a598                memchr
 .text          0x0000a5b4        0x0 c:/program files (x86)/gnu arm embedded toolchain/10 2021.10/bin/../lib/gcc/arm-none-eabi/10.3.1/../../../../arm-none-eabi/lib/thumb/v7-m/nofp\libg_nano.a(lib_a-memmove.o)
 .text.memmove  0x0000a5b4       0x34 c:/program files (x86)/gnu arm embedded toolchain/10 2021.10/bin/../lib/gcc/arm-none-eabi/10.3.1/../../../../arm-none-eabi/lib/thumb/v7-m/nofp\libg_nano.a(lib_a-memmove.o)
                0x0000a5b4                memmove
 .text          0x0000a5e8        0x0 c:/program files (x86)/gnu arm embedded toolchain/10 2021.10/bin/../lib/gcc/arm-none-eabi/10.3.1/../../../../arm-none-eabi/lib/thumb/v7-m/nofp\libg_nano.a(lib_a-nano-freer.o)
 .text._free_r  0x0000a5e8       0x90 c:/program files (x86)/gnu arm embedded toolchain/10 2021.10/bin/../lib/gcc/arm-none-eabi/10.3.1/../../../../arm-none-eabi/lib/thumb/v7-m/nofp\libg_nano.a(lib_a-nano-freer.o)
                0x0000a5e8                _free_r
 .text          0x0000a678        0x0 c:/program files (x86)/gnu arm embedded toolchain/10 2021.10/bin/../lib/gcc/arm-none-eabi/10.3.1/../../../../arm-none-eabi/lib/thumb/v7-m/nofp\libg_nano.a(lib_a-nano-mallocr.o)
 .text.sbrk_aligned
                0x0000a678       0x40 c:/program files (x86)/gnu arm embedded toolchain/10 2021.10/bin/../lib/gcc/arm-none-eabi/10.3.1/../../../../arm-none-eabi/lib/thumb/v7-m/nofp\libg_nano.a(lib_a-nano-mallocr.o)
 .text._malloc_r
                0x0000a6b8       0xe8 c:/program files (x86)/gnu arm embedded toolchain/10 2021.10/bin/../lib/gcc/arm-none-eabi/10.3.1/../../../../arm-none-eabi/lib/thumb/v7-m/nofp\libg_nano.a(lib_a-nano-mallocr.o)
                0x0000a6b8                _malloc_r
 .text          0x0000a7a0        0x0 c:/program files (x86)/gnu arm embedded toolchain/10 2021.10/bin/../lib/gcc/arm-none-eabi/10.3.1/../../../../arm-none-eabi/lib/thumb/v7-m/nofp\libg_nano.a(lib_a-nano-reallocr.o)
 .text._realloc_r
                0x0000a7a0       0x5e c:/program files (x86)/gnu arm embedded toolchain/10 2021.10/bin/../lib/gcc/arm-none-eabi/10.3.1/../../../../arm-none-eabi/lib/thumb/v7-m/nofp\libg_nano.a(lib_a-nano-reallocr.o)
                0x0000a7a0                _realloc_r
 .text          0x0000a7fe        0x0 c:/program files (x86)/gnu arm embedded toolchain/10 2021.10/bin/../lib/gcc/arm-none-eabi/10.3.1/../../../../arm-none-eabi/lib/thumb/v7-m/nofp\libg_nano.a(lib_a-mlock.o)
 *fill*         0x0000a7fe        0x2 
 .text.__malloc_lock
                0x0000a800        0xc c:/program files (x86)/gnu arm embedded toolchain/10 2021.10/bin/../lib/gcc/arm-none-eabi/10.3.1/../../../../arm-none-eabi/lib/thumb/v7-m/nofp\libg_nano.a(lib_a-mlock.o)
                0x0000a800                __malloc_lock
 .text.__malloc_unlock
                0x0000a80c        0xc c:/program files (x86)/gnu arm embedded toolchain/10 2021.10/bin/../lib/gcc/arm-none-eabi/10.3.1/../../../../arm-none-eabi/lib/thumb/v7-m/nofp\libg_nano.a(lib_a-mlock.o)
                0x0000a80c                __malloc_unlock
 .text          0x0000a818        0x0 c:/program files (x86)/gnu arm embedded toolchain/10 2021.10/bin/../lib/gcc/arm-none-eabi/10.3.1/../../../../arm-none-eabi/lib/thumb/v7-m/nofp\libg_nano.a(lib_a-nano-msizer.o)
 .text._malloc_usable_size_r
                0x0000a818       0x10 c:/program files (x86)/gnu arm embedded toolchain/10 2021.10/bin/../lib/gcc/arm-none-eabi/10.3.1/../../../../arm-none-eabi/lib/thumb/v7-m/nofp\libg_nano.a(lib_a-nano-msizer.o)
                0x0000a818                _malloc_usable_size_r
 .text          0x0000a828        0x0 c:/program files (x86)/gnu arm embedded toolchain/10 2021.10/bin/../lib/gcc/arm-none-eabi/10.3.1/../../../../arm-none-eabi/lib/thumb/v7-m/nofp\libg_nano.a(lib_a-lock.o)
 .text.__retarget_lock_init
                0x0000a828        0x2 c:/program files (x86)/gnu arm embedded toolchain/10 2021.10/bin/../lib/gcc/arm-none-eabi/10.3.1/../../../../arm-none-eabi/lib/thumb/v7-m/nofp\libg_nano.a(lib_a-lock.o)
                0x0000a828                __retarget_lock_init
 .text.__retarget_lock_init_recursive
                0x0000a82a        0x2 c:/program files (x86)/gnu arm embedded toolchain/10 2021.10/bin/../lib/gcc/arm-none-eabi/10.3.1/../../../../arm-none-eabi/lib/thumb/v7-m/nofp\libg_nano.a(lib_a-lock.o)
                0x0000a82a                __retarget_lock_init_recursive
 .text.__retarget_lock_close
                0x0000a82c        0x2 c:/program files (x86)/gnu arm embedded toolchain/10 2021.10/bin/../lib/gcc/arm-none-eabi/10.3.1/../../../../arm-none-eabi/lib/thumb/v7-m/nofp\libg_nano.a(lib_a-lock.o)
                0x0000a82c                __retarget_lock_close
 .text.__retarget_lock_close_recursive
                0x0000a82e        0x2 c:/program files (x86)/gnu arm embedded toolchain/10 2021.10/bin/../lib/gcc/arm-none-eabi/10.3.1/../../../../arm-none-eabi/lib/thumb/v7-m/nofp\libg_nano.a(lib_a-lock.o)
                0x0000a82e                __retarget_lock_close_recursive
 .text.__retarget_lock_acquire
                0x0000a830        0x2 c:/program files (x86)/gnu arm embedded toolchain/10 2021.10/bin/../lib/gcc/arm-none-eabi/10.3.1/../../../../arm-none-eabi/lib/thumb/v7-m/nofp\libg_nano.a(lib_a-lock.o)
                0x0000a830                __retarget_lock_acquire
 .text.__retarget_lock_acquire_recursive
                0x0000a832        0x2 c:/program files (x86)/gnu arm embedded toolchain/10 2021.10/bin/../lib/gcc/arm-none-eabi/10.3.1/../../../../arm-none-eabi/lib/thumb/v7-m/nofp\libg_nano.a(lib_a-lock.o)
                0x0000a832                __retarget_lock_acquire_recursive
 .text.__retarget_lock_try_acquire
                0x0000a834        0x4 c:/program files (x86)/gnu arm embedded toolchain/10 2021.10/bin/../lib/gcc/arm-none-eabi/10.3.1/../../../../arm-none-eabi/lib/thumb/v7-m/nofp\libg_nano.a(lib_a-lock.o)
                0x0000a834                __retarget_lock_try_acquire
 .text.__retarget_lock_try_acquire_recursive
                0x0000a838        0x4 c:/program files (x86)/gnu arm embedded toolchain/10 2021.10/bin/../lib/gcc/arm-none-eabi/10.3.1/../../../../arm-none-eabi/lib/thumb/v7-m/nofp\libg_nano.a(lib_a-lock.o)
                0x0000a838                __retarget_lock_try_acquire_recursive
 .text.__retarget_lock_release
                0x0000a83c        0x2 c:/program files (x86)/gnu arm embedded toolchain/10 2021.10/bin/../lib/gcc/arm-none-eabi/10.3.1/../../../../arm-none-eabi/lib/thumb/v7-m/nofp\libg_nano.a(lib_a-lock.o)
                0x0000a83c                __retarget_lock_release
 .text.__retarget_lock_release_recursive
                0x0000a83e        0x2 c:/program files (x86)/gnu arm embedded toolchain/10 2021.10/bin/../lib/gcc/arm-none-eabi/10.3.1/../../../../arm-none-eabi/lib/thumb/v7-m/nofp\libg_nano.a(lib_a-lock.o)
                0x0000a83e                __retarget_lock_release_recursive
 *(.rodata*)
 .rodata        0x0000a840       0x98 ./LocalDemoFiles/display.o
 .rodata.g_pucOSRAM128x64x4VerticalInc
                0x0000a8d8        0x2 ./LocalDemoFiles/osram128x64x4.o
 *fill*         0x0000a8da        0x2 
 .rodata.g_pucOSRAM128x64x4HorizontalInc
                0x0000a8dc        0x2 ./LocalDemoFiles/osram128x64x4.o
 *fill*         0x0000a8de        0x2 
 .rodata.g_pucFont
                0x0000a8e0      0x1e0 ./LocalDemoFiles/osram128x64x4.o
 .rodata.g_pucOSRAM128x64x4Init
                0x0000aac0       0x4e ./LocalDemoFiles/osram128x64x4.o
 *fill*         0x0000ab0e        0x2 
 .rodata.pucCommand1.7
                0x0000ab10        0x3 ./LocalDemoFiles/osram128x64x4.o
 *fill*         0x0000ab13        0x1 
 .rodata.pucCommand2.6
                0x0000ab14        0x3 ./LocalDemoFiles/osram128x64x4.o
 *fill*         0x0000ab17        0x1 
 .rodata.pucCommand1.0
                0x0000ab18        0x3 ./LocalDemoFiles/osram128x64x4.o
 *fill*         0x0000ab1b        0x1 
 .rodata        0x0000ab1c        0x6 ./LocalDemoFiles/snake.o
 *fill*         0x0000ab22        0x2 
 .rodata        0x0000ab24       0x18 ./LocalDemoFiles/worker.o
 .rodata        0x0000ab3c       0x1a ./LegacyDrivers/ustdlib.o
 *fill*         0x0000ab56        0x2 
 .rodata.g_pcHex
                0x0000ab58        0x4 ./LegacyDrivers/ustdlib.o
 .rodata.xHeapStructSize
                0x0000ab5c        0x4 ./FreeRTOS_Source/portable/MemMang/heap_4.o
 .rodata        0x0000ab60       0x40 ./FreeRTOS_Source/portable/MemMang/heap_4.o
 .rodata.pcInterruptPriorityRegisters
                0x0000aba0        0x4 ./FreeRTOS_Source/portable/GCC/ARM_CM3/port.o
 .rodata        0x0000aba4       0x42 ./FreeRTOS_Source/portable/GCC/ARM_CM3/port.o
 *fill*         0x0000abe6        0x2 
 .rodata        0x0000abe8       0x35 ./FreeRTOS_Source/event_groups.o
 *fill*         0x0000ac1d        0x3 
 .rodata        0x0000ac20       0x2e ./FreeRTOS_Source/queue.o
 *fill*         0x0000ac4e        0x2 
 .rodata        0x0000ac50       0x36 ./FreeRTOS_Source/stream_buffer.o
 *fill*         0x0000ac86        0x2 
 .rodata        0x0000ac88       0x47 ./FreeRTOS_Source/tasks.o
 *fill*         0x0000accf        0x1 
 .rodata        0x0000acd0       0x3d ./FreeRTOS_Source/timers.o
 *fill*         0x0000ad0d        0x3 
 .rodata        0x0000ad10       0x22 ./main.o
 *fill*         0x0000ad32        0x2 
 .rodata.IntDefaultHandler.str1.4
                0x0000ad34        0xd ./startup.o
 *fill*         0x0000ad41        0x3 
 .rodata.g_pulPriority
                0x0000ad44       0x20 C:\FreeRTOSv202212.01\FreeRTOS\Demo\Common\drivers\LuminaryMicro/arm-none-eabi-gcc/\libdriver.a(interrupt.o)
 .rodata.g_pulRegs
                0x0000ad64       0x40 C:\FreeRTOSv202212.01\FreeRTOS\Demo\Common\drivers\LuminaryMicro/arm-none-eabi-gcc/\libdriver.a(interrupt.o)
 .rodata.g_pulDCRegs
                0x0000ada4       0x10 C:\FreeRTOSv202212.01\FreeRTOS\Demo\Common\drivers\LuminaryMicro/arm-none-eabi-gcc/\libdriver.a(sysctl.o)
 .rodata.g_pulXtals
                0x0000adb4       0x5c C:\FreeRTOSv202212.01\FreeRTOS\Demo\Common\drivers\LuminaryMicro/arm-none-eabi-gcc/\libdriver.a(sysctl.o)
 .rodata.g_pulDCGCRegs
                0x0000ae10        0xc C:\FreeRTOSv202212.01\FreeRTOS\Demo\Common\drivers\LuminaryMicro/arm-none-eabi-gcc/\libdriver.a(sysctl.o)
 .rodata.g_pulRCGCRegs
                0x0000ae1c        0xc C:\FreeRTOSv202212.01\FreeRTOS\Demo\Common\drivers\LuminaryMicro/arm-none-eabi-gcc/\libdriver.a(sysctl.o)
 .rodata.g_pulSCGCRegs
                0x0000ae28        0xc C:\FreeRTOSv202212.01\FreeRTOS\Demo\Common\drivers\LuminaryMicro/arm-none-eabi-gcc/\libdriver.a(sysctl.o)
 .rodata.g_pulSRCRRegs
                0x0000ae34        0xc C:\FreeRTOSv202212.01\FreeRTOS\Demo\Common\drivers\LuminaryMicro/arm-none-eabi-gcc/\libdriver.a(sysctl.o)
 .rodata._ctype_
                0x0000ae40      0x101 c:/program files (x86)/gnu arm embedded toolchain/10 2021.10/bin/../lib/gcc/arm-none-eabi/10.3.1/../../../../arm-none-eabi/lib/thumb/v7-m/nofp\libg_nano.a(lib_a-ctype_.o)
                0x0000ae40                _ctype_
 *fill*         0x0000af41        0x3 
 .rodata._global_impure_ptr
                0x0000af44        0x4 c:/program files (x86)/gnu arm embedded toolchain/10 2021.10/bin/../lib/gcc/arm-none-eabi/10.3.1/../../../../arm-none-eabi/lib/thumb/v7-m/nofp\libg_nano.a(lib_a-impure.o)
                0x0000af44                _global_impure_ptr
 .rodata._svfprintf_r.str1.1
                0x0000af48       0x11 c:/program files (x86)/gnu arm embedded toolchain/10 2021.10/bin/../lib/gcc/arm-none-eabi/10.3.1/../../../../arm-none-eabi/lib/thumb/v7-m/nofp\libg_nano.a(lib_a-nano-svfprintf.o)
 .rodata._printf_i.str1.1
                0x0000af59       0x22 c:/program files (x86)/gnu arm embedded toolchain/10 2021.10/bin/../lib/gcc/arm-none-eabi/10.3.1/../../../../arm-none-eabi/lib/thumb/v7-m/nofp\libg_nano.a(lib_a-nano-vfprintf_i.o)
                0x0000af7b                _etext = .

.glue_7         0x0000af7c        0x0
 .glue_7        0x0000af7c        0x0 linker stubs

.glue_7t        0x0000af7c        0x0
 .glue_7t       0x0000af7c        0x0 linker stubs

.vfp11_veneer   0x0000af7c        0x0
 .vfp11_veneer  0x0000af7c        0x0 linker stubs

.v4_bx          0x0000af7c        0x0
 .v4_bx         0x0000af7c        0x0 linker stubs

.iplt           0x0000af7c        0x0
 .iplt          0x0000af7c        0x0 ./LocalDemoFiles/display.o

.rel.dyn        0x0000af7c        0x0
 .rel.iplt      0x0000af7c        0x0 ./LocalDemoFiles/display.o

.data           0x20000000      0x420 load address 0x0000af7b
                0x20000000                _data = .
 *(vtable)
 vtable         0x20000000      0x100 C:\FreeRTOSv202212.01\FreeRTOS\Demo\Common\drivers\LuminaryMicro/arm-none-eabi-gcc/\libdriver.a(interrupt.o)
 *(.data*)
 .data          0x20000100        0x0 ./LocalDemoFiles/display.o
 .data          0x20000100        0x0 ./LocalDemoFiles/globals.o
 .data.serialBuffer
                0x20000100       0xa9 ./LocalDemoFiles/globals.o
                0x20000100                serialBuffer
 .data.flash_cursor
                0x200001a9        0x1 ./LocalDemoFiles/globals.o
                0x200001a9                flash_cursor
 .data.numberOfMenuStates
                0x200001aa        0x1 ./LocalDemoFiles/globals.o
                0x200001aa                numberOfMenuStates
 *fill*         0x200001ab        0x1 
 .data.snake    0x200001ac      0x208 ./LocalDemoFiles/globals.o
                0x200001ac                snake
 .data          0x200003b4        0x0 ./LocalDemoFiles/osram128x64x4.o
 .data          0x200003b4        0x0 ./LocalDemoFiles/serial.o
 .data          0x200003b4        0x0 ./LocalDemoFiles/snake.o
 .data          0x200003b4        0x0 ./LocalDemoFiles/worker.o
 .data          0x200003b4        0x0 ./LegacyDrivers/ustdlib.o
 .data          0x200003b4        0x0 ./FreeRTOS_Source/portable/MemMang/heap_4.o
 .data          0x200003b4        0x0 ./FreeRTOS_Source/portable/GCC/ARM_CM3/port.o
 .data.uxCriticalNesting
                0x200003b4        0x4 ./FreeRTOS_Source/portable/GCC/ARM_CM3/port.o
 .data          0x200003b8        0x0 ./FreeRTOS_Source/croutine.o
 .data          0x200003b8        0x0 ./FreeRTOS_Source/event_groups.o
 .data          0x200003b8        0x0 ./FreeRTOS_Source/list.o
 .data          0x200003b8        0x0 ./FreeRTOS_Source/queue.o
 .data          0x200003b8        0x0 ./FreeRTOS_Source/stream_buffer.o
 .data          0x200003b8        0x0 ./FreeRTOS_Source/tasks.o
 .data.uxTopUsedPriority
                0x200003b8        0x4 ./FreeRTOS_Source/tasks.o
                0x200003b8                uxTopUsedPriority
 .data          0x200003bc        0x0 ./FreeRTOS_Source/timers.o
 .data          0x200003bc        0x0 ./main.o
 .data          0x200003bc        0x0 ./startup.o
 .data          0x200003bc        0x0 C:\FreeRTOSv202212.01\FreeRTOS\Demo\Common\drivers\LuminaryMicro/arm-none-eabi-gcc/\libdriver.a(gpio.o)
 .data          0x200003bc        0x0 C:\FreeRTOSv202212.01\FreeRTOS\Demo\Common\drivers\LuminaryMicro/arm-none-eabi-gcc/\libdriver.a(interrupt.o)
 .data          0x200003bc        0x0 C:\FreeRTOSv202212.01\FreeRTOS\Demo\Common\drivers\LuminaryMicro/arm-none-eabi-gcc/\libdriver.a(ssi.o)
 .data          0x200003bc        0x0 C:\FreeRTOSv202212.01\FreeRTOS\Demo\Common\drivers\LuminaryMicro/arm-none-eabi-gcc/\libdriver.a(sysctl.o)
 .data          0x200003bc        0x0 C:\FreeRTOSv202212.01\FreeRTOS\Demo\Common\drivers\LuminaryMicro/arm-none-eabi-gcc/\libdriver.a(uart.o)
 .data          0x200003bc        0x0 C:\FreeRTOSv202212.01\FreeRTOS\Demo\Common\drivers\LuminaryMicro/arm-none-eabi-gcc/\libdriver.a(cpu.o)
 .data          0x200003bc        0x0 c:/program files (x86)/gnu arm embedded toolchain/10 2021.10/bin/../lib/gcc/arm-none-eabi/10.3.1/../../../../arm-none-eabi/lib/thumb/v7-m/nofp\libg_nano.a(lib_a-atoi.o)
 .data          0x200003bc        0x0 c:/program files (x86)/gnu arm embedded toolchain/10 2021.10/bin/../lib/gcc/arm-none-eabi/10.3.1/../../../../arm-none-eabi/lib/thumb/v7-m/nofp\libg_nano.a(lib_a-ctype_.o)
 .data          0x200003bc        0x0 c:/program files (x86)/gnu arm embedded toolchain/10 2021.10/bin/../lib/gcc/arm-none-eabi/10.3.1/../../../../arm-none-eabi/lib/thumb/v7-m/nofp\libg_nano.a(lib_a-memcpy-stub.o)
 .data          0x200003bc        0x0 c:/program files (x86)/gnu arm embedded toolchain/10 2021.10/bin/../lib/gcc/arm-none-eabi/10.3.1/../../../../arm-none-eabi/lib/thumb/v7-m/nofp\libg_nano.a(lib_a-memset.o)
 .data          0x200003bc        0x0 c:/program files (x86)/gnu arm embedded toolchain/10 2021.10/bin/../lib/gcc/arm-none-eabi/10.3.1/../../../../arm-none-eabi/lib/thumb/v7-m/nofp\libg_nano.a(lib_a-sprintf.o)
 .data          0x200003bc        0x0 c:/program files (x86)/gnu arm embedded toolchain/10 2021.10/bin/../lib/gcc/arm-none-eabi/10.3.1/../../../../arm-none-eabi/lib/thumb/v7-m/nofp\libg_nano.a(lib_a-strcmp.o)
 .data          0x200003bc        0x0 c:/program files (x86)/gnu arm embedded toolchain/10 2021.10/bin/../lib/gcc/arm-none-eabi/10.3.1/../../../../arm-none-eabi/lib/thumb/v7-m/nofp\libg_nano.a(lib_a-strcpy.o)
 .data          0x200003bc        0x0 c:/program files (x86)/gnu arm embedded toolchain/10 2021.10/bin/../lib/gcc/arm-none-eabi/10.3.1/../../../../arm-none-eabi/lib/thumb/v7-m/nofp\libg_nano.a(lib_a-strlen.o)
 .data          0x200003bc        0x0 c:/program files (x86)/gnu arm embedded toolchain/10 2021.10/bin/../lib/gcc/arm-none-eabi/10.3.1/../../../../arm-none-eabi/lib/thumb/v7-m/nofp\libg_nano.a(lib_a-strncpy.o)
 .data          0x200003bc        0x0 c:/program files (x86)/gnu arm embedded toolchain/10 2021.10/bin/../lib/gcc/arm-none-eabi/10.3.1/../../../../arm-none-eabi/lib/thumb/v7-m/nofp\libg_nano.a(lib_a-strtol.o)
 .data          0x200003bc        0x0 c:/program files (x86)/gnu arm embedded toolchain/10 2021.10/bin/../lib/gcc/arm-none-eabi/10.3.1/../../../../arm-none-eabi/lib/thumb/v7-m/nofp\libg_nano.a(lib_a-errno.o)