Archive member included to satisfy reference by file (symbol)

C:\FreeRTOSv202212.01\FreeRTOS\Demo\Common\drivers\LuminaryMicro/arm-none-eabi-gcc/\libdriver.a(gpio.o)
                              ./LocalDemoFiles/osram128x64x4.o (GPIODirModeSet)
C:\FreeRTOSv202212.01\FreeRTOS\Demo\Common\drivers\LuminaryMicro/arm-none-eabi-gcc/\libdriver.a(interrupt.o)
                              C:\FreeRTOSv202212.01\FreeRTOS\Demo\Common\drivers\LuminaryMicro/arm-none-eabi-gcc/\libdriver.a(gpio.o) (IntRegister)
C:\FreeRTOSv202212.01\FreeRTOS\Demo\Common\drivers\LuminaryMicro/arm-none-eabi-gcc/\libdriver.a(ssi.o)
                              ./LocalDemoFiles/osram128x64x4.o (SSIConfigSetExpClk)
C:\FreeRTOSv202212.01\FreeRTOS\Demo\Common\drivers\LuminaryMicro/arm-none-eabi-gcc/\libdriver.a(sysctl.o)
                              ./LocalDemoFiles/osram128x64x4.o (SysCtlPeripheralEnable)
C:\FreeRTOSv202212.01\FreeRTOS\Demo\Common\drivers\LuminaryMicro/arm-none-eabi-gcc/\libdriver.a(uart.o)
                              ./main.o (UARTEnable)
C:\FreeRTOSv202212.01\FreeRTOS\Demo\Common\drivers\LuminaryMicro/arm-none-eabi-gcc/\libdriver.a(cpu.o)
                              C:\FreeRTOSv202212.01\FreeRTOS\Demo\Common\drivers\LuminaryMicro/arm-none-eabi-gcc/\libdriver.a(interrupt.o) (CPUcpsid)
c:/program files (x86)/gnu arm embedded toolchain/10 2021.10/bin/../lib/gcc/arm-none-eabi/10.3.1/../../../../arm-none-eabi/lib/thumb/v7-m/nofp\libg_nano.a(lib_a-atoi.o)
                              ./LocalDemoFiles/serial.o (atoi)
c:/program files (x86)/gnu arm embedded toolchain/10 2021.10/bin/../lib/gcc/arm-none-eabi/10.3.1/../../../../arm-none-eabi/lib/thumb/v7-m/nofp\libg_nano.a(lib_a-ctype_.o)
                              ./LocalDemoFiles/serial.o (_ctype_)
c:/program files (x86)/gnu arm embedded toolchain/10 2021.10/bin/../lib/gcc/arm-none-eabi/10.3.1/../../../../arm-none-eabi/lib/thumb/v7-m/nofp\libg_nano.a(lib_a-memcpy-stub.o)
                              ./FreeRTOS_Source/queue.o (memcpy)
c:/program files (x86)/gnu arm embedded toolchain/10 2021.10/bin/../lib/gcc/arm-none-eabi/10.3.1/../../../../arm-none-eabi/lib/thumb/v7-m/nofp\libg_nano.a(lib_a-memset.o)
                              ./FreeRTOS_Source/portable/MemMang/heap_4.o (memset)
c:/program files (x86)/gnu arm embedded toolchain/10 2021.10/bin/../lib/gcc/arm-none-eabi/10.3.1/../../../../arm-none-eabi/lib/thumb/v7-m/nofp\libg_nano.a(lib_a-sprintf.o)
                              ./LocalDemoFiles/display.o (sprintf)
c:/program files (x86)/gnu arm embedded toolchain/10 2021.10/bin/../lib/gcc/arm-none-eabi/10.3.1/../../../../arm-none-eabi/lib/thumb/v7-m/nofp\libg_nano.a(lib_a-strcmp.o)
                              ./LocalDemoFiles/worker.o (strcmp)
c:/program files (x86)/gnu arm embedded toolchain/10 2021.10/bin/../lib/gcc/arm-none-eabi/10.3.1/../../../../arm-none-eabi/lib/thumb/v7-m/nofp\libg_nano.a(lib_a-strcpy.o)
                              ./FreeRTOS_Source/tasks.o (strcpy)
c:/program files (x86)/gnu arm embedded toolchain/10 2021.10/bin/../lib/gcc/arm-none-eabi/10.3.1/../../../../arm-none-eabi/lib/thumb/v7-m/nofp\libg_nano.a(lib_a-strlen.o)
                              ./FreeRTOS_Source/tasks.o (strlen)
c:/program files (x86)/gnu arm embedded toolchain/10 2021.10/bin/../lib/gcc/arm-none-eabi/10.3.1/../../../../arm-none-eabi/lib/thumb/v7-m/nofp\libg_nano.a(lib_a-strncpy.o)
                              ./LegacyDrivers/ustdlib.o (strncpy)
c:/program files (x86)/gnu arm embedded toolchain/10 2021.10/bin/../lib/gcc/arm-none-eabi/10.3.1/../../../../arm-none-eabi/lib/thumb/v7-m/nofp\libg_nano.a(lib_a-strtol.o)
                              c:/program files (x86)/gnu arm embedded toolchain/10 2021.10/bin/../lib/gcc/arm-none-eabi/10.3.1/../../../../arm-none-eabi/lib/thumb/v7-m/nofp\libg_nano.a(lib_a-atoi.o) (_strtol_r)
c:/program files (x86)/gnu arm embedded toolchain/10 2021.10/bin/../lib/gcc/arm-none-eabi/10.3.1/../../../../arm-none-eabi/lib/thumb/v7-m/nofp\libg_nano.a(lib_a-errno.o)
                              c:/program files (x86)/gnu arm embedded toolchain/10 2021.10/bin/../lib/gcc/arm-none-eabi/10.3.1/../../../../arm-none-eabi/lib/thumb/v7-m/nofp\libg_nano.a(lib_a-strtol.o) (__errno)
c:/program files (x86)/gnu arm embedded toolchain/10 2021.10/bin/../lib/gcc/arm-none-eabi/10.3.1/../../../../arm-none-eabi/lib/thumb/v7-m/nofp\libg_nano.a(lib_a-impure.o)
                              c:/program files (x86)/gnu arm embedded toolchain/10 2021.10/bin/../lib/gcc/arm-none-eabi/10.3.1/../../../../arm-none-eabi/lib/thumb/v7-m/nofp\libg_nano.a(lib_a-sprintf.o) (_impure_ptr)
c:/program files (x86)/gnu arm embedded toolchain/10 2021.10/bin/../lib/gcc/arm-none-eabi/10.3.1/../../../../arm-none-eabi/lib/thumb/v7-m/nofp\libg_nano.a(lib_a-nano-svfprintf.o)
                              c:/program files (x86)/gnu arm embedded toolchain/10 2021.10/bin/../lib/gcc/arm-none-eabi/10.3.1/../../../../arm-none-eabi/lib/thumb/v7-m/nofp\libg_nano.a(lib_a-sprintf.o) (_svfprintf_r)
[...]
Memory Configuration

Name             Origin             Length             Attributes
FLASH            0x00000000         0x00040000         xr
SRAM             0x20000000         0x00010000         xrw
*default*        0x00000000         0xffffffff

Linker script and memory map

LOAD ./LocalDemoFiles/display.o
LOAD ./LocalDemoFiles/globals.o
LOAD ./LocalDemoFiles/osram128x64x4.o
LOAD ./LocalDemoFiles/serial.o
LOAD ./LocalDemoFiles/snake.o
LOAD ./LocalDemoFiles/worker.o
LOAD ./LegacyDrivers/ustdlib.o
LOAD ./FreeRTOS_Source/portable/MemMang/heap_4.o
LOAD ./FreeRTOS_Source/portable/GCC/ARM_CM3/port.o
LOAD ./FreeRTOS_Source/croutine.o
LOAD ./FreeRTOS_Source/event_groups.o
LOAD ./FreeRTOS_Source/list.o
LOAD ./FreeRTOS_Source/queue.o
LOAD ./FreeRTOS_Source/stream_buffer.o
LOAD ./FreeRTOS_Source/tasks.o
LOAD ./FreeRTOS_Source/timers.o
LOAD ./main.o
LOAD ./startup.o
LOAD C:\FreeRTOSv202212.01\FreeRTOS\Demo\Common\drivers\LuminaryMicro/arm-none-eabi-gcc/\libdriver.a
LOAD C:\FreeRTOSv202212.01\FreeRTOS\Demo\Common\drivers\LuminaryMicro/arm-none-eabi-gcc/\libgr.a
START GROUP
LOAD c:/program files (x86)/gnu arm embedded toolchain/10 2021.10/bin/../lib/gcc/arm-none-eabi/10.3.1/thumb/v7-m/nofp\libgcc.a
LOAD c:/program files (x86)/gnu arm embedded toolchain/10 2021.10/bin/../lib/gcc/arm-none-eabi/10.3.1/../../../../arm-none-eabi/lib/thumb/v7-m/nofp\libg_nano.a
LOAD c:/program files (x86)/gnu arm embedded toolchain/10 2021.10/bin/../lib/gcc/arm-none-eabi/10.3.1/../../../../arm-none-eabi/lib/thumb/v7-m/nofp\libc_nano.a
END GROUP
START GROUP
LOAD c:/program files (x86)/gnu arm embedded toolchain/10 2021.10/bin/../lib/gcc/arm-none-eabi/10.3.1/thumb/v7-m/nofp\libgcc.a
LOAD c:/program files (x86)/gnu arm embedded toolchain/10 2021.10/bin/../lib/gcc/arm-none-eabi/10.3.1/../../../../arm-none-eabi/lib/thumb/v7-m/nofp\libc_nano.a
END GROUP

.text           0x00000000     0xae2f
 *(.isr_vector)
 .isr_vector    0x00000000       0xf0 ./startup.o
                0x00000000                g_pfnVectors
 *(.text*)
 .text          0x000000f0        0x0 ./LocalDemoFiles/display.o
 .text.printScreanType
                0x000000f0       0xdc ./LocalDemoFiles/display.o
                0x000000f0                printScreanType
 .text.printMouse
                0x000001cc       0x24 ./LocalDemoFiles/display.o
                0x000001cc                printMouse
 .text.printMenu
                0x000001f0       0x9c ./LocalDemoFiles/display.o
                0x000001f0                printMenu
 .text.printWorkers
                0x0000028c      0x170 ./LocalDemoFiles/display.o
                0x0000028c                printWorkers
 .text.drawSnakeGame
                0x000003fc       0xb4 ./LocalDemoFiles/display.o
                0x000003fc                drawSnakeGame
 .text          0x000004b0        0x0 ./LocalDemoFiles/globals.o
 .text          0x000004b0        0x0 ./LocalDemoFiles/osram128x64x4.o
 .text.OSRAMWriteCommand
                0x000004b0       0x60 ./LocalDemoFiles/osram128x64x4.o
 .text.OSRAMWriteData
                0x00000510       0x60 ./LocalDemoFiles/osram128x64x4.o
 .text.OSRAM128x64x4Clear
                0x00000570       0x64 ./LocalDemoFiles/osram128x64x4.o
                0x00000570                OSRAM128x64x4Clear
 .text.OSRAM128x64x4StringDraw
                0x000005d4      0x1c8 ./LocalDemoFiles/osram128x64x4.o
                0x000005d4                OSRAM128x64x4StringDraw
 .text.OSRAM128x64x4ImageDraw
                0x0000079c      0x118 ./LocalDemoFiles/osram128x64x4.o
                0x0000079c                OSRAM128x64x4ImageDraw
 .text.OSRAM128x64x4PixelDraw
                0x000008b4       0xc8 ./LocalDemoFiles/osram128x64x4.o
                0x000008b4                OSRAM128x64x4PixelDraw
 .text.OSRAM128x64x4RectangleDraw
                0x0000097c      0x19c ./LocalDemoFiles/osram128x64x4.o
                0x0000097c                OSRAM128x64x4RectangleDraw
 .text.OSRAM128x64x4Enable
                0x00000b18       0x70 ./LocalDemoFiles/osram128x64x4.o
                0x00000b18                OSRAM128x64x4Enable
 .text.OSRAM128x64x4Disable
                0x00000b88       0x5c ./LocalDemoFiles/osram128x64x4.o
                0x00000b88                OSRAM128x64x4Disable
 .text.OSRAM128x64x4Init
                0x00000be4       0xd8 ./LocalDemoFiles/osram128x64x4.o
                0x00000be4                OSRAM128x64x4Init
 .text.OSRAM128x64x4DisplayOn
                0x00000cbc       0x4c ./LocalDemoFiles/osram128x64x4.o
                0x00000cbc                OSRAM128x64x4DisplayOn
 .text.OSRAM128x64x4DisplayOff
                0x00000d08       0x14 ./LocalDemoFiles/osram128x64x4.o
                0x00000d08                OSRAM128x64x4DisplayOff
 .text.OSRAM128x64x4SwapBuffer
                0x00000d1c       0x4c ./LocalDemoFiles/osram128x64x4.o
                0x00000d1c                OSRAM128x64x4SwapBuffer
 .text          0x00000d68        0x0 ./LocalDemoFiles/serial.o
 .text.cleanSerial
                0x00000d68       0x58 ./LocalDemoFiles/serial.o
                0x00000d68                cleanSerial
 .text.writeToSerialBuffer
                0x00000dc0       0x4c ./LocalDemoFiles/serial.o
                0x00000dc0                writeToSerialBuffer
 .text.defaultSerial
                0x00000e0c      0x1b4 ./LocalDemoFiles/serial.o
                0x00000e0c                defaultSerial
 .text.getSpecialKey
                0x00000fc0       0xe4 ./LocalDemoFiles/serial.o
                0x00000fc0                getSpecialKey
 .text.moveMouse
                0x000010a4       0xc0 ./LocalDemoFiles/serial.o
                0x000010a4                moveMouse
 .text.interactWorkers
                0x00001164      0x1b0 ./LocalDemoFiles/serial.o
                0x00001164                interactWorkers
 .text.interactMenu
                0x00001314      0x108 ./LocalDemoFiles/serial.o
                0x00001314                interactMenu
 .text.interactSnakeGame
                0x0000141c       0xdc ./LocalDemoFiles/serial.o
                0x0000141c                interactSnakeGame
 .text          0x000014f8        0x0 ./LocalDemoFiles/snake.o
 .text.initSnake
                0x000014f8       0x9c ./LocalDemoFiles/snake.o
                0x000014f8                initSnake
 .text.SnakeTask
                0x00001594      0x274 ./LocalDemoFiles/snake.o
                0x00001594                SnakeTask
 .text.stopSnake
                0x00001808       0x18 ./LocalDemoFiles/snake.o
                0x00001808                stopSnake
 .text          0x00001820        0x0 ./LocalDemoFiles/worker.o
 .text.WorkerTask
                0x00001820       0xf8 ./LocalDemoFiles/worker.o
                0x00001820                WorkerTask
 .text.initWorkers
                0x00001918       0x98 ./LocalDemoFiles/worker.o
                0x00001918                initWorkers
 .text.stopWorkers
                0x000019b0       0x40 ./LocalDemoFiles/worker.o
                0x000019b0                stopWorkers
 .text          0x000019f0        0x0 ./LegacyDrivers/ustdlib.o
 .text.uvsnprintf
                0x000019f0      0x3d0 ./LegacyDrivers/ustdlib.o
                0x000019f0                uvsnprintf
 .text.usprintf
                0x00001dc0       0x30 ./LegacyDrivers/ustdlib.o
                0x00001dc0                usprintf
 .text.usnprintf
                0x00001df0       0x30 ./LegacyDrivers/ustdlib.o
                0x00001df0                usnprintf
 .text          0x00001e20        0x0 ./FreeRTOS_Source/portable/MemMang/heap_4.o
 .text.pvPortMalloc
                0x00001e20      0x15c ./FreeRTOS_Source/portable/MemMang/heap_4.o
                0x00001e20                pvPortMalloc
 .text.vPortFree
                0x00001f7c       0xa4 ./FreeRTOS_Source/portable/MemMang/heap_4.o
                0x00001f7c                vPortFree
 .text.xPortGetFreeHeapSize
                0x00002020       0x14 ./FreeRTOS_Source/portable/MemMang/heap_4.o
                0x00002020                xPortGetFreeHeapSize
 .text.xPortGetMinimumEverFreeHeapSize
                0x00002034       0x14 ./FreeRTOS_Source/portable/MemMang/heap_4.o
                0x00002034                xPortGetMinimumEverFreeHeapSize
 .text.vPortInitialiseBlocks
                0x00002048        0xc ./FreeRTOS_Source/portable/MemMang/heap_4.o
                0x00002048                vPortInitialiseBlocks
 .text.pvPortCalloc
                0x00002054       0x60 ./FreeRTOS_Source/portable/MemMang/heap_4.o
                0x00002054                pvPortCalloc
 .text.prvHeapInit
                0x000020b4       0xb8 ./FreeRTOS_Source/portable/MemMang/heap_4.o
 .text.prvInsertBlockIntoFreeList
                0x0000216c       0xb0 ./FreeRTOS_Source/portable/MemMang/heap_4.o
 .text.vPortGetHeapStats
                0x0000221c       0xbc ./FreeRTOS_Source/portable/MemMang/heap_4.o
                0x0000221c                vPortGetHeapStats
 .text          0x000022d8        0x0 ./FreeRTOS_Source/portable/GCC/ARM_CM3/port.o
 .text.pxPortInitialiseStack
                0x000022d8       0x58 ./FreeRTOS_Source/portable/GCC/ARM_CM3/port.o
                0x000022d8                pxPortInitialiseStack
 .text.prvTaskExitError
                0x00002330       0x4c ./FreeRTOS_Source/portable/GCC/ARM_CM3/port.o
 *fill*         0x0000237c        0x4 
 .text.vPortSVCHandler
                0x00002380       0x28 ./FreeRTOS_Source/portable/GCC/ARM_CM3/port.o
                0x00002380                vPortSVCHandler
 .text.prvPortStartFirstTask
                0x000023a8       0x24 ./FreeRTOS_Source/portable/GCC/ARM_CM3/port.o
 .text.xPortStartScheduler
                0x000023cc       0xc0 ./FreeRTOS_Source/portable/GCC/ARM_CM3/port.o
                0x000023cc                xPortStartScheduler
 .text.vPortEndScheduler
                0x0000248c       0x24 ./FreeRTOS_Source/portable/GCC/ARM_CM3/port.o
                0x0000248c                vPortEndScheduler
 .text.vPortEnterCritical
                0x000024b0       0x54 ./FreeRTOS_Source/portable/GCC/ARM_CM3/port.o
                0x000024b0                vPortEnterCritical
 .text.vPortExitCritical
                0x00002504       0x48 ./FreeRTOS_Source/portable/GCC/ARM_CM3/port.o
                0x00002504                vPortExitCritical
 *fill*         0x0000254c        0x4 
 .text.xPortPendSVHandler
                0x00002550       0x48 ./FreeRTOS_Source/portable/GCC/ARM_CM3/port.o
                0x00002550                xPortPendSVHandler
 .text.xPortSysTickHandler
                0x00002598       0x44 ./FreeRTOS_Source/portable/GCC/ARM_CM3/port.o
                0x00002598                xPortSysTickHandler
 .text.vPortSetupTimerInterrupt
                0x000025dc       0x34 ./FreeRTOS_Source/portable/GCC/ARM_CM3/port.o
                0x000025dc                vPortSetupTimerInterrupt
 .text.vPortValidateInterruptPriority
                0x00002610       0x68 ./FreeRTOS_Source/portable/GCC/ARM_CM3/port.o
                0x00002610                vPortValidateInterruptPriority
 .text          0x00002678        0x0 ./FreeRTOS_Source/croutine.o
 .text          0x00002678        0x0 ./FreeRTOS_Source/event_groups.o
 .text.xEventGroupCreate
                0x00002678       0x2e ./FreeRTOS_Source/event_groups.o
                0x00002678                xEventGroupCreate
 *fill*         0x000026a6        0x2 
 .text.xEventGroupSync
                0x000026a8      0x138 ./FreeRTOS_Source/event_groups.o
                0x000026a8                xEventGroupSync
 .text.xEventGroupWaitBits
                0x000027e0      0x170 ./FreeRTOS_Source/event_groups.o
                0x000027e0                xEventGroupWaitBits
 .text.xEventGroupClearBits
                0x00002950       0x5c ./FreeRTOS_Source/event_groups.o
                0x00002950                xEventGroupClearBits
 .text.xEventGroupClearBitsFromISR
                0x000029ac       0x28 ./FreeRTOS_Source/event_groups.o
                0x000029ac                xEventGroupClearBitsFromISR
 .text.xEventGroupGetBitsFromISR
                0x000029d4       0x46 ./FreeRTOS_Source/event_groups.o
                0x000029d4                xEventGroupGetBitsFromISR
 *fill*         0x00002a1a        0x2 
 .text.xEventGroupSetBits
                0x00002a1c      0x104 ./FreeRTOS_Source/event_groups.o
                0x00002a1c                xEventGroupSetBits
 .text.vEventGroupDelete
                0x00002b20       0x6c ./FreeRTOS_Source/event_groups.o
                0x00002b20                vEventGroupDelete
 .text.vEventGroupSetBitsCallback
                0x00002b8c       0x1a ./FreeRTOS_Source/event_groups.o
                0x00002b8c                vEventGroupSetBitsCallback
 .text.vEventGroupClearBitsCallback
                0x00002ba6       0x1a ./FreeRTOS_Source/event_groups.o
                0x00002ba6                vEventGroupClearBitsCallback
 .text.prvTestWaitCondition
                0x00002bc0       0x42 ./FreeRTOS_Source/event_groups.o
 *fill*         0x00002c02        0x2 
 .text.xEventGroupSetBitsFromISR
                0x00002c04       0x28 ./FreeRTOS_Source/event_groups.o
                0x00002c04                xEventGroupSetBitsFromISR
 .text.uxEventGroupGetNumber
                0x00002c2c       0x2a ./FreeRTOS_Source/event_groups.o
                0x00002c2c                uxEventGroupGetNumber
 .text.vEventGroupSetNumber
                0x00002c56       0x1a ./FreeRTOS_Source/event_groups.o
                0x00002c56                vEventGroupSetNumber
 .text          0x00002c70        0x0 ./FreeRTOS_Source/list.o
 .text.vListInitialise
                0x00002c70       0x3e ./FreeRTOS_Source/list.o
                0x00002c70                vListInitialise
 .text.vListInitialiseItem
                0x00002cae       0x18 ./FreeRTOS_Source/list.o
                0x00002cae                vListInitialiseItem
 .text.vListInsertEnd
                0x00002cc6       0x46 ./FreeRTOS_Source/list.o
                0x00002cc6                vListInsertEnd
 .text.vListInsert
                0x00002d0c       0x70 ./FreeRTOS_Source/list.o
                0x00002d0c                vListInsert
 .text.uxListRemove
                0x00002d7c       0x52 ./FreeRTOS_Source/list.o
                0x00002d7c                uxListRemove
 .text          0x00002dce        0x0 ./FreeRTOS_Source/queue.o
 *fill*         0x00002dce        0x2 
 .text.xQueueGenericReset
                0x00002dd0      0x10c ./FreeRTOS_Source/queue.o
                0x00002dd0                xQueueGenericReset
 .text.xQueueGenericCreate
                0x00002edc       0x94 ./FreeRTOS_Source/queue.o
                0x00002edc                xQueueGenericCreate
 .text.prvInitialiseNewQueue
                0x00002f70       0x4c ./FreeRTOS_Source/queue.o
 .text.prvInitialiseMutex
                0x00002fbc       0x34 ./FreeRTOS_Source/queue.o
 .text.xQueueCreateMutex
                0x00002ff0       0x30 ./FreeRTOS_Source/queue.o
                0x00002ff0                xQueueCreateMutex
 .text.xQueueGetMutexHolder
                0x00003020       0x48 ./FreeRTOS_Source/queue.o
                0x00003020                xQueueGetMutexHolder
 .text.xQueueGetMutexHolderFromISR
                0x00003068       0x3c ./FreeRTOS_Source/queue.o
                0x00003068                xQueueGetMutexHolderFromISR
 .text.xQueueGiveMutexRecursive
                0x000030a4       0x60 ./FreeRTOS_Source/queue.o
                0x000030a4                xQueueGiveMutexRecursive
 .text.xQueueTakeMutexRecursive
                0x00003104       0x64 ./FreeRTOS_Source/queue.o
                0x00003104                xQueueTakeMutexRecursive
 .text.xQueueCreateCountingSemaphore
                0x00003168       0x54 ./FreeRTOS_Source/queue.o
                0x00003168                xQueueCreateCountingSemaphore
 .text.xQueueGenericSend
                0x000031bc      0x208 ./FreeRTOS_Source/queue.o
                0x000031bc                xQueueGenericSend
 .text.xQueueGenericSendFromISR
                0x000033c4      0x168 ./FreeRTOS_Source/queue.o
                0x000033c4                xQueueGenericSendFromISR
 .text.xQueueGiveFromISR
                0x0000352c      0x13c ./FreeRTOS_Source/queue.o
                0x0000352c                xQueueGiveFromISR
 .text.xQueueReceive
                0x00003668      0x1a0 ./FreeRTOS_Source/queue.o
                0x00003668                xQueueReceive
 .text.xQueueSemaphoreTake
                0x00003808      0x1dc ./FreeRTOS_Source/queue.o
                0x00003808                xQueueSemaphoreTake
 .text.xQueuePeek
                0x000039e4      0x1a4 ./FreeRTOS_Source/queue.o
                0x000039e4                xQueuePeek
 .text.xQueueReceiveFromISR
                0x00003b88      0x110 ./FreeRTOS_Source/queue.o
                0x00003b88                xQueueReceiveFromISR
 .text.xQueuePeekFromISR
                0x00003c98       0xb4 ./FreeRTOS_Source/queue.o
                0x00003c98                xQueuePeekFromISR
 .text.uxQueueMessagesWaiting
                0x00003d4c       0x34 ./FreeRTOS_Source/queue.o
                0x00003d4c                uxQueueMessagesWaiting
 .text.uxQueueSpacesAvailable
                0x00003d80       0x40 ./FreeRTOS_Source/queue.o
                0x00003d80                uxQueueSpacesAvailable
 .text.uxQueueMessagesWaitingFromISR
                0x00003dc0       0x30 ./FreeRTOS_Source/queue.o
                0x00003dc0                uxQueueMessagesWaitingFromISR
 .text.vQueueDelete
                0x00003df0       0x34 ./FreeRTOS_Source/queue.o
                0x00003df0                vQueueDelete
 .text.uxQueueGetQueueNumber
                0x00003e24       0x16 ./FreeRTOS_Source/queue.o
                0x00003e24                uxQueueGetQueueNumber
 .text.vQueueSetQueueNumber
                0x00003e3a       0x1a ./FreeRTOS_Source/queue.o
                0x00003e3a                vQueueSetQueueNumber
 .text.ucQueueGetQueueType
                0x00003e54       0x18 ./FreeRTOS_Source/queue.o
                0x00003e54                ucQueueGetQueueType
 .text.prvGetDisinheritPriorityAfterTimeout
                0x00003e6c       0x2e ./FreeRTOS_Source/queue.o
 .text.prvCopyDataToQueue
                0x00003e9a       0xd4 ./FreeRTOS_Source/queue.o
 .text.prvCopyDataFromQueue
                0x00003f6e       0x4c ./FreeRTOS_Source/queue.o
 .text.prvUnlockQueue
                0x00003fba       0xbe ./FreeRTOS_Source/queue.o
 .text.prvIsQueueEmpty
                0x00004078       0x2c ./FreeRTOS_Source/queue.o
 .text.xQueueIsQueueEmptyFromISR
                0x000040a4       0x3c ./FreeRTOS_Source/queue.o
                0x000040a4                xQueueIsQueueEmptyFromISR
 .text.prvIsQueueFull
                0x000040e0       0x30 ./FreeRTOS_Source/queue.o
 .text.xQueueIsQueueFullFromISR
                0x00004110       0x40 ./FreeRTOS_Source/queue.o
                0x00004110                xQueueIsQueueFullFromISR
 .text.vQueueAddToRegistry
                0x00004150       0x90 ./FreeRTOS_Source/queue.o
                0x00004150                vQueueAddToRegistry
 .text.pcQueueGetName
                0x000041e0       0x5c ./FreeRTOS_Source/queue.o
                0x000041e0                pcQueueGetName
 .text.vQueueUnregisterQueue
                0x0000423c       0x64 ./FreeRTOS_Source/queue.o
                0x0000423c                vQueueUnregisterQueue
 .text.vQueueWaitForMessageRestricted
                0x000042a0       0x68 ./FreeRTOS_Source/queue.o
                0x000042a0                vQueueWaitForMessageRestricted
 .text.xQueueCreateSet
                0x00004308       0x1e ./FreeRTOS_Source/queue.o
                0x00004308                xQueueCreateSet
 .text.xQueueAddToSet
                0x00004326       0x42 ./FreeRTOS_Source/queue.o
                0x00004326                xQueueAddToSet
 .text.xQueueRemoveFromSet
                0x00004368       0x48 ./FreeRTOS_Source/queue.o
                0x00004368                xQueueRemoveFromSet
 .text.xQueueSelectFromSet
                0x000043b0       0x26 ./FreeRTOS_Source/queue.o
                0x000043b0                xQueueSelectFromSet
 .text.xQueueSelectFromSetFromISR
                0x000043d6       0x24 ./FreeRTOS_Source/queue.o
                0x000043d6                xQueueSelectFromSetFromISR
 *fill*         0x000043fa        0x2 
 .text.prvNotifyQueueSetContainer
                0x000043fc       0xc0 ./FreeRTOS_Source/queue.o
 .text          0x000044bc        0x0 ./FreeRTOS_Source/stream_buffer.o
 .text.xStreamBufferGenericCreate
                0x000044bc       0xac ./FreeRTOS_Source/stream_buffer.o
                0x000044bc                xStreamBufferGenericCreate
 .text.vStreamBufferDelete
                0x00004568       0x48 ./FreeRTOS_Source/stream_buffer.o
                0x00004568                vStreamBufferDelete
 .text.xStreamBufferReset
                0x000045b0       0x84 ./FreeRTOS_Source/stream_buffer.o
                0x000045b0                xStreamBufferReset
 .text.xStreamBufferSetTriggerLevel
                0x00004634       0x50 ./FreeRTOS_Source/stream_buffer.o
                0x00004634                xStreamBufferSetTriggerLevel
 .text.xStreamBufferSpacesAvailable
                0x00004684       0x6c ./FreeRTOS_Source/stream_buffer.o
                0x00004684                xStreamBufferSpacesAvailable
 .text.xStreamBufferBytesAvailable
                0x000046f0       0x34 ./FreeRTOS_Source/stream_buffer.o
                0x000046f0                xStreamBufferBytesAvailable
 .text.xStreamBufferSend
                0x00004724      0x170 ./FreeRTOS_Source/stream_buffer.o
                0x00004724                xStreamBufferSend
 .text.xStreamBufferSendFromISR
                0x00004894       0xd4 ./FreeRTOS_Source/stream_buffer.o
                0x00004894                xStreamBufferSendFromISR
 .text.prvWriteMessageToBuffer
                0x00004968       0x88 ./FreeRTOS_Source/stream_buffer.o
 .text.xStreamBufferReceive
                0x000049f0      0x110 ./FreeRTOS_Source/stream_buffer.o
                0x000049f0                xStreamBufferReceive
 .text.xStreamBufferNextMessageLengthBytes
                0x00004b00       0x74 ./FreeRTOS_Source/stream_buffer.o
                0x00004b00                xStreamBufferNextMessageLengthBytes
 .text.xStreamBufferReceiveFromISR
                0x00004b74       0xcc ./FreeRTOS_Source/stream_buffer.o
                0x00004b74                xStreamBufferReceiveFromISR
 .text.prvReadMessageFromBuffer
                0x00004c40       0x7a ./FreeRTOS_Source/stream_buffer.o
 *fill*         0x00004cba        0x2 
 .text.xStreamBufferIsEmpty
                0x00004cbc       0x44 ./FreeRTOS_Source/stream_buffer.o
                0x00004cbc                xStreamBufferIsEmpty
 .text.xStreamBufferIsFull
                0x00004d00       0x58 ./FreeRTOS_Source/stream_buffer.o
                0x00004d00                xStreamBufferIsFull
 .text.xStreamBufferSendCompletedFromISR
                0x00004d58       0x84 ./FreeRTOS_Source/stream_buffer.o
                0x00004d58                xStreamBufferSendCompletedFromISR
 .text.xStreamBufferReceiveCompletedFromISR
                0x00004ddc       0x84 ./FreeRTOS_Source/stream_buffer.o
                0x00004ddc                xStreamBufferReceiveCompletedFromISR
 .text.prvWriteBytesToBuffer
                0x00004e60       0xbc ./FreeRTOS_Source/stream_buffer.o
 .text.prvReadBytesFromBuffer
                0x00004f1c       0xb4 ./FreeRTOS_Source/stream_buffer.o
 .text.prvBytesInBuffer
                0x00004fd0       0x3e ./FreeRTOS_Source/stream_buffer.o
 *fill*         0x0000500e        0x2 
 .text.prvInitialiseNewStreamBuffer
                0x00005010       0x60 ./FreeRTOS_Source/stream_buffer.o
 .text.uxStreamBufferGetStreamBufferNumber
                0x00005070       0x16 ./FreeRTOS_Source/stream_buffer.o
                0x00005070                uxStreamBufferGetStreamBufferNumber
 .text.vStreamBufferSetStreamBufferNumber
                0x00005086       0x1a ./FreeRTOS_Source/stream_buffer.o
                0x00005086                vStreamBufferSetStreamBufferNumber
 .text.ucStreamBufferGetStreamBufferType
                0x000050a0       0x1c ./FreeRTOS_Source/stream_buffer.o
                0x000050a0                ucStreamBufferGetStreamBufferType
 .text          0x000050bc        0x0 ./FreeRTOS_Source/tasks.o
 .text.xTaskCreate
                0x000050bc       0x8c ./FreeRTOS_Source/tasks.o
                0x000050bc                xTaskCreate
 .text.prvInitialiseNewTask
                0x00005148      0x10c ./FreeRTOS_Source/tasks.o
 .text.prvAddNewTaskToReadyList
                0x00005254      0x12c ./FreeRTOS_Source/tasks.o
 .text.vTaskDelete
                0x00005380      0x120 ./FreeRTOS_Source/tasks.o
                0x00005380                vTaskDelete
 .text.xTaskDelayUntil
                0x000054a0       0xdc ./FreeRTOS_Source/tasks.o
                0x000054a0                xTaskDelayUntil
 .text.vTaskDelay
                0x0000557c       0x60 ./FreeRTOS_Source/tasks.o
                0x0000557c                vTaskDelay
 .text.eTaskGetState
                0x000055dc       0xdc ./FreeRTOS_Source/tasks.o
                0x000055dc                eTaskGetState
 .text.uxTaskPriorityGet
                0x000056b8       0x34 ./FreeRTOS_Source/tasks.o
                0x000056b8                uxTaskPriorityGet
 .text.uxTaskPriorityGetFromISR
                0x000056ec       0x58 ./FreeRTOS_Source/tasks.o
                0x000056ec                uxTaskPriorityGetFromISR
 .text.vTaskPrioritySet
                0x00005744      0x19c ./FreeRTOS_Source/tasks.o
                0x00005744                vTaskPrioritySet
 .text.vTaskSuspend
                0x000058e0      0x138 ./FreeRTOS_Source/tasks.o
                0x000058e0                vTaskSuspend
 .text.prvTaskIsTaskSuspended
                0x00005a18       0x58 ./FreeRTOS_Source/tasks.o
 .text.vTaskResume
                0x00005a70      0x104 ./FreeRTOS_Source/tasks.o
                0x00005a70                vTaskResume
 .text.xTaskResumeFromISR
                0x00005b74      0x134 ./FreeRTOS_Source/tasks.o
                0x00005b74                xTaskResumeFromISR
 .text.vTaskStartScheduler
                0x00005ca8       0x9c ./FreeRTOS_Source/tasks.o
                0x00005ca8                vTaskStartScheduler
 .text.vTaskEndScheduler
                0x00005d44       0x30 ./FreeRTOS_Source/tasks.o
                0x00005d44                vTaskEndScheduler
 .text.vTaskSuspendAll
                0x00005d74       0x1c ./FreeRTOS_Source/tasks.o
                0x00005d74                vTaskSuspendAll
 .text.xTaskResumeAll
                0x00005d90      0x1f0 ./FreeRTOS_Source/tasks.o
                0x00005d90                xTaskResumeAll
 .text.xTaskGetTickCount
                0x00005f80       0x1c ./FreeRTOS_Source/tasks.o
                0x00005f80                xTaskGetTickCount
 .text.xTaskGetTickCountFromISR
                0x00005f9c       0x24 ./FreeRTOS_Source/tasks.o
                0x00005f9c                xTaskGetTickCountFromISR
 .text.uxTaskGetNumberOfTasks
                0x00005fc0       0x14 ./FreeRTOS_Source/tasks.o
                0x00005fc0                uxTaskGetNumberOfTasks
 .text.pcTaskGetName
                0x00005fd4       0x3c ./FreeRTOS_Source/tasks.o
                0x00005fd4                pcTaskGetName
 .text.uxTaskGetSystemState
                0x00006010      0x11c ./FreeRTOS_Source/tasks.o
                0x00006010                uxTaskGetSystemState
 .text.xTaskGetIdleTaskHandle
                0x0000612c       0x28 ./FreeRTOS_Source/tasks.o
                0x0000612c                xTaskGetIdleTaskHandle
 .text.xTaskCatchUpTicks
                0x00006154       0x50 ./FreeRTOS_Source/tasks.o
                0x00006154                xTaskCatchUpTicks
 .text.xTaskIncrementTick
                0x000061a4      0x234 ./FreeRTOS_Source/tasks.o
                0x000061a4                xTaskIncrementTick
 .text.vTaskSwitchContext
                0x000063d8       0xf8 ./FreeRTOS_Source/tasks.o
                0x000063d8                vTaskSwitchContext
 .text.vTaskPlaceOnEventList
                0x000064d0       0x40 ./FreeRTOS_Source/tasks.o
                0x000064d0                vTaskPlaceOnEventList
 .text.vTaskPlaceOnUnorderedEventList
                0x00006510       0x98 ./FreeRTOS_Source/tasks.o
                0x00006510                vTaskPlaceOnUnorderedEventList
 .text.vTaskPlaceOnEventListRestricted
                0x000065a8       0x84 ./FreeRTOS_Source/tasks.o
                0x000065a8                vTaskPlaceOnEventListRestricted
 .text.xTaskRemoveFromEventList
                0x0000662c      0x1a0 ./FreeRTOS_Source/tasks.o
                0x0000662c                xTaskRemoveFromEventList
 .text.vTaskRemoveFromUnorderedEventList
                0x000067cc      0x168 ./FreeRTOS_Source/tasks.o
                0x000067cc                vTaskRemoveFromUnorderedEventList
 .text.vTaskSetTimeOutState
                0x00006934       0x44 ./FreeRTOS_Source/tasks.o
                0x00006934                vTaskSetTimeOutState
 .text.vTaskInternalSetTimeOutState
                0x00006978       0x2c ./FreeRTOS_Source/tasks.o
                0x00006978                vTaskInternalSetTimeOutState
 .text.xTaskCheckForTimeOut
                0x000069a4       0xb8 ./FreeRTOS_Source/tasks.o
                0x000069a4                xTaskCheckForTimeOut
 .text.vTaskMissedYield
                0x00006a5c       0x18 ./FreeRTOS_Source/tasks.o
                0x00006a5c                vTaskMissedYield
 .text.uxTaskGetTaskNumber
                0x00006a74       0x2a ./FreeRTOS_Source/tasks.o
                0x00006a74                uxTaskGetTaskNumber
 .text.vTaskSetTaskNumber
                0x00006a9e       0x24 ./FreeRTOS_Source/tasks.o
                0x00006a9e                vTaskSetTaskNumber
 .text.prvIdleTask
                0x00006ac2        0xe ./FreeRTOS_Source/tasks.o
 .text.prvInitialiseTaskLists
                0x00006ad0       0x80 ./FreeRTOS_Source/tasks.o
 .text.prvCheckTasksWaitingTermination
                0x00006b50       0x5c ./FreeRTOS_Source/tasks.o
 .text.vTaskGetInfo
                0x00006bac       0xcc ./FreeRTOS_Source/tasks.o
                0x00006bac                vTaskGetInfo
 .text.prvListTasksWithinSingleList
                0x00006c78       0xa4 ./FreeRTOS_Source/tasks.o
 .text.prvTaskCheckFreeStackSpace
                0x00006d1c       0x36 ./FreeRTOS_Source/tasks.o
 *fill*         0x00006d52        0x2 
 .text.uxTaskGetStackHighWaterMark
                0x00006d54       0x38 ./FreeRTOS_Source/tasks.o
                0x00006d54                uxTaskGetStackHighWaterMark
 .text.prvDeleteTCB
                0x00006d8c       0x20 ./FreeRTOS_Source/tasks.o
 .text.prvResetNextTaskUnblockTime
                0x00006dac       0x34 ./FreeRTOS_Source/tasks.o
 .text.xTaskGetCurrentTaskHandle
                0x00006de0       0x1c ./FreeRTOS_Source/tasks.o
                0x00006de0                xTaskGetCurrentTaskHandle
 .text.xTaskGetSchedulerState
                0x00006dfc       0x3c ./FreeRTOS_Source/tasks.o
                0x00006dfc                xTaskGetSchedulerState
 .text.xTaskPriorityInherit
                0x00006e38      0x13c ./FreeRTOS_Source/tasks.o
                0x00006e38                xTaskPriorityInherit
 .text.xTaskPriorityDisinherit
                0x00006f74      0x130 ./FreeRTOS_Source/tasks.o
                0x00006f74                xTaskPriorityDisinherit
 .text.vTaskPriorityDisinheritAfterTimeout
                0x000070a4      0x15c ./FreeRTOS_Source/tasks.o
                0x000070a4                vTaskPriorityDisinheritAfterTimeout
 .text.prvWriteNameToBuffer
                0x00007200       0x4a ./FreeRTOS_Source/tasks.o
 *fill*         0x0000724a        0x2 
 .text.vTaskList
                0x0000724c      0x130 ./FreeRTOS_Source/tasks.o
                0x0000724c                vTaskList
 .text.uxTaskResetEventItemValue
                0x0000737c       0x30 ./FreeRTOS_Source/tasks.o
                0x0000737c                uxTaskResetEventItemValue
 .text.pvTaskIncrementMutexHeldCount
                0x000073ac       0x28 ./FreeRTOS_Source/tasks.o
                0x000073ac                pvTaskIncrementMutexHeldCount
 .text.ulTaskGenericNotifyTake
                0x000073d4       0xc8 ./FreeRTOS_Source/tasks.o
                0x000073d4                ulTaskGenericNotifyTake
 .text.xTaskGenericNotifyWait
                0x0000749c       0xf8 ./FreeRTOS_Source/tasks.o
                0x0000749c                xTaskGenericNotifyWait
 .text.xTaskGenericNotify
                0x00007594      0x218 ./FreeRTOS_Source/tasks.o
                0x00007594                xTaskGenericNotify
 .text.xTaskGenericNotifyFromISR
                0x000077ac      0x28c ./FreeRTOS_Source/tasks.o
                0x000077ac                xTaskGenericNotifyFromISR
 .text.vTaskGenericNotifyGiveFromISR
                0x00007a38      0x1ec ./FreeRTOS_Source/tasks.o
                0x00007a38                vTaskGenericNotifyGiveFromISR
 .text.xTaskGenericNotifyStateClear
                0x00007c24       0x6c ./FreeRTOS_Source/tasks.o
                0x00007c24                xTaskGenericNotifyStateClear
 .text.ulTaskGenericNotifyValueClear
                0x00007c90       0x5c ./FreeRTOS_Source/tasks.o
                0x00007c90                ulTaskGenericNotifyValueClear
 .text.prvAddCurrentTaskToDelayedList
                0x00007cec      0x100 ./FreeRTOS_Source/tasks.o
 .text.getTaskName
                0x00007dec       0x24 ./FreeRTOS_Source/tasks.o
                0x00007dec                getTaskName
 .text          0x00007e10        0x0 ./FreeRTOS_Source/timers.o
 .text.xTimerCreateTimerTask
                0x00007e10       0x5c ./FreeRTOS_Source/timers.o
                0x00007e10                xTimerCreateTimerTask
 .text.xTimerCreate
                0x00007e6c       0x42 ./FreeRTOS_Source/timers.o
                0x00007e6c                xTimerCreate
 *fill*         0x00007eae        0x2 
 .text.prvInitialiseNewTimer
                0x00007eb0       0x68 ./FreeRTOS_Source/timers.o
 .text.xTimerGenericCommand
                0x00007f18       0x94 ./FreeRTOS_Source/timers.o
                0x00007f18                xTimerGenericCommand
 .text.xTimerGetTimerDaemonTaskHandle
                0x00007fac       0x28 ./FreeRTOS_Source/timers.o
                0x00007fac                xTimerGetTimerDaemonTaskHandle
 .text.xTimerGetPeriod
                0x00007fd4       0x2c ./FreeRTOS_Source/timers.o
                0x00007fd4                xTimerGetPeriod
 .text.vTimerSetReloadMode
                0x00008000       0x60 ./FreeRTOS_Source/timers.o
                0x00008000                vTimerSetReloadMode
 .text.xTimerGetReloadMode
                0x00008060       0x4c ./FreeRTOS_Source/timers.o
                0x00008060                xTimerGetReloadMode
 .text.uxTimerGetReloadMode
                0x000080ac       0x18 ./FreeRTOS_Source/timers.o
                0x000080ac                uxTimerGetReloadMode
 .text.xTimerGetExpiryTime
                0x000080c4       0x30 ./FreeRTOS_Source/timers.o
                0x000080c4                xTimerGetExpiryTime
 .text.pcTimerGetName
                0x000080f4       0x2c ./FreeRTOS_Source/timers.o
                0x000080f4                pcTimerGetName
 .text.prvReloadTimer
                0x00008120       0x42 ./FreeRTOS_Source/timers.o
 *fill*         0x00008162        0x2 
 .text.prvProcessExpiredTimer
                0x00008164       0x60 ./FreeRTOS_Source/timers.o
 .text.prvTimerTask
                0x000081c4       0x24 ./FreeRTOS_Source/timers.o
 .text.prvProcessTimerOrBlockTask
                0x000081e8       0x9c ./FreeRTOS_Source/timers.o
 .text.prvGetNextExpireTime
                0x00008284       0x44 ./FreeRTOS_Source/timers.o
 .text.prvSampleTimeNow
                0x000082c8       0x40 ./FreeRTOS_Source/timers.o
 .text.prvInsertTimerInActiveList
                0x00008308       0x84 ./FreeRTOS_Source/timers.o
 .text.prvProcessReceivedCommands
                0x0000838c      0x1a0 ./FreeRTOS_Source/timers.o
 .text.prvSwitchTimerLists
                0x0000852c       0x4c ./FreeRTOS_Source/timers.o
 .text.prvCheckForValidListAndQueue
                0x00008578       0x6c ./FreeRTOS_Source/timers.o
 .text.xTimerIsTimerActive
                0x000085e4       0x4c ./FreeRTOS_Source/timers.o
                0x000085e4                xTimerIsTimerActive
 .text.pvTimerGetTimerID
                0x00008630       0x38 ./FreeRTOS_Source/timers.o
                0x00008630                pvTimerGetTimerID
 .text.vTimerSetTimerID
                0x00008668       0x38 ./FreeRTOS_Source/timers.o
                0x00008668                vTimerSetTimerID
 .text.xTimerPendFunctionCallFromISR
                0x000086a0       0x40 ./FreeRTOS_Source/timers.o
                0x000086a0                xTimerPendFunctionCallFromISR
 .text.xTimerPendFunctionCall
                0x000086e0       0x58 ./FreeRTOS_Source/timers.o
                0x000086e0                xTimerPendFunctionCall
 .text.uxTimerGetTimerNumber
                0x00008738       0x16 ./FreeRTOS_Source/timers.o
                0x00008738                uxTimerGetTimerNumber
 .text.vTimerSetTimerNumber
                0x0000874e       0x1a ./FreeRTOS_Source/timers.o
                0x0000874e                vTimerSetTimerNumber
 .text          0x00008768        0x0 ./main.o
 .text.main     0x00008768       0x48 ./main.o
                0x00008768                main
 .text.prvSetupHardware
                0x000087b0       0x8c ./main.o
 .text.vApplicationTickHook
                0x0000883c        0xc ./main.o
                0x0000883c                vApplicationTickHook
 .text.SerialTask
                0x00008848       0x6c ./main.o
 .text.RefreshDisplayTask
                0x000088b4       0x80 ./main.o
 .text.vApplicationStackOverflowHook
                0x00008934       0x24 ./main.o
                0x00008934                vApplicationStackOverflowHook
 .text.vAssertCalled
                0x00008958       0x26 ./main.o
                0x00008958                vAssertCalled
 *fill*         0x0000897e        0x2 
 .text.vApplicationGetIdleTaskMemory
                0x00008980       0x30 ./main.o
                0x00008980                vApplicationGetIdleTaskMemory
 .text.vApplicationGetTimerTaskMemory
                0x000089b0       0x30 ./main.o
                0x000089b0                vApplicationGetTimerTaskMemory
 .text._sbrk_r  0x000089e0       0x2c ./main.o
                0x000089e0                _sbrk_r
 .text          0x00008a0c        0x0 ./startup.o
 .text.IntDefaultHandler
                0x00008a0c       0x14 ./startup.o
 .text.FaultISR
                0x00008a20       0x14 ./startup.o
 .text.NmiSR    0x00008a34       0x14 ./startup.o
 .text.ResetISR
                0x00008a48       0x50 ./startup.o
                0x00008a48                ResetISR
 .text.uipprintf
                0x00008a98        0x8 ./startup.o
                0x00008a98                uipprintf
 .text          0x00008aa0        0x0 C:\FreeRTOSv202212.01\FreeRTOS\Demo\Common\drivers\LuminaryMicro/arm-none-eabi-gcc/\libdriver.a(gpio.o)
 .text.GPIOGetIntNumber
                0x00008aa0       0xa4 C:\FreeRTOSv202212.01\FreeRTOS\Demo\Common\drivers\LuminaryMicro/arm-none-eabi-gcc/\libdriver.a(gpio.o)
 .text.GPIODirModeSet
                0x00008b44       0x44 C:\FreeRTOSv202212.01\FreeRTOS\Demo\Common\drivers\LuminaryMicro/arm-none-eabi-gcc/\libdriver.a(gpio.o)
                0x00008b44                GPIODirModeSet
 .text.GPIODirModeGet
                0x00008b88       0x20 C:\FreeRTOSv202212.01\FreeRTOS\Demo\Common\drivers\LuminaryMicro/arm-none-eabi-gcc/\libdriver.a(gpio.o)
                0x00008b88                GPIODirModeGet
 .text.GPIOIntTypeSet
                0x00008ba8       0x70 C:\FreeRTOSv202212.01\FreeRTOS\Demo\Common\drivers\LuminaryMicro/arm-none-eabi-gcc/\libdriver.a(gpio.o)
                0x00008ba8                GPIOIntTypeSet
 .text.GPIOIntTypeGet
                0x00008c18       0x30 C:\FreeRTOSv202212.01\FreeRTOS\Demo\Common\drivers\LuminaryMicro/arm-none-eabi-gcc/\libdriver.a(gpio.o)
                0x00008c18                GPIOIntTypeGet
 .text.GPIOPadConfigSet
                0x00008c48      0x130 C:\FreeRTOSv202212.01\FreeRTOS\Demo\Common\drivers\LuminaryMicro/arm-none-eabi-gcc/\libdriver.a(gpio.o)
                0x00008c48                GPIOPadConfigSet
 .text.GPIOPadConfigGet
                0x00008d78       0x78 C:\FreeRTOSv202212.01\FreeRTOS\Demo\Common\drivers\LuminaryMicro/arm-none-eabi-gcc/\libdriver.a(gpio.o)
                0x00008d78                GPIOPadConfigGet
 .text.GPIOPinIntEnable
                0x00008df0        0xc C:\FreeRTOSv202212.01\FreeRTOS\Demo\Common\drivers\LuminaryMicro/arm-none-eabi-gcc/\libdriver.a(gpio.o)
                0x00008df0                GPIOPinIntEnable
 .text.GPIOPinIntDisable
                0x00008dfc       0x10 C:\FreeRTOSv202212.01\FreeRTOS\Demo\Common\drivers\LuminaryMicro/arm-none-eabi-gcc/\libdriver.a(gpio.o)
                0x00008dfc                GPIOPinIntDisable
 .text.GPIOPinIntStatus
                0x00008e0c       0x10 C:\FreeRTOSv202212.01\FreeRTOS\Demo\Common\drivers\LuminaryMicro/arm-none-eabi-gcc/\libdriver.a(gpio.o)
                0x00008e0c                GPIOPinIntStatus
 .text.GPIOPinIntClear
                0x00008e1c        0x8 C:\FreeRTOSv202212.01\FreeRTOS\Demo\Common\drivers\LuminaryMicro/arm-none-eabi-gcc/\libdriver.a(gpio.o)
                0x00008e1c                GPIOPinIntClear
 .text.GPIOPinRead
                0x00008e24        0x8 C:\FreeRTOSv202212.01\FreeRTOS\Demo\Common\drivers\LuminaryMicro/arm-none-eabi-gcc/\libdriver.a(gpio.o)
                0x00008e24                GPIOPinRead
 .text.GPIOPinWrite
                0x00008e2c        0x8 C:\FreeRTOSv202212.01\FreeRTOS\Demo\Common\drivers\LuminaryMicro/arm-none-eabi-gcc/\libdriver.a(gpio.o)
                0x00008e2c                GPIOPinWrite
 .text.GPIOPinTypeADC
                0x00008e34       0x1c C:\FreeRTOSv202212.01\FreeRTOS\Demo\Common\drivers\LuminaryMicro/arm-none-eabi-gcc/\libdriver.a(gpio.o)
                0x00008e34                GPIOPinTypeADC
 .text.GPIOPinTypeCAN
                0x00008e50       0x1c C:\FreeRTOSv202212.01\FreeRTOS\Demo\Common\drivers\LuminaryMicro/arm-none-eabi-gcc/\libdriver.a(gpio.o)
                0x00008e50                GPIOPinTypeCAN
 .text.GPIOPinTypeComparator
                0x00008e6c       0x1c C:\FreeRTOSv202212.01\FreeRTOS\Demo\Common\drivers\LuminaryMicro/arm-none-eabi-gcc/\libdriver.a(gpio.o)
                0x00008e6c                GPIOPinTypeComparator
 .text.GPIOPinTypeGPIOInput
                0x00008e88       0x1c C:\FreeRTOSv202212.01\FreeRTOS\Demo\Common\drivers\LuminaryMicro/arm-none-eabi-gcc/\libdriver.a(gpio.o)
                0x00008e88                GPIOPinTypeGPIOInput
 .text.GPIOPinTypeGPIOOutput
                0x00008ea4       0x1c C:\FreeRTOSv202212.01\FreeRTOS\Demo\Common\drivers\LuminaryMicro/arm-none-eabi-gcc/\libdriver.a(gpio.o)
                0x00008ea4                GPIOPinTypeGPIOOutput
 .text.GPIOPinTypeGPIOOutputOD
                0x00008ec0       0x1c C:\FreeRTOSv202212.01\FreeRTOS\Demo\Common\drivers\LuminaryMicro/arm-none-eabi-gcc/\libdriver.a(gpio.o)
                0x00008ec0                GPIOPinTypeGPIOOutputOD
 .text.GPIOPinTypeI2C
                0x00008edc       0x1c C:\FreeRTOSv202212.01\FreeRTOS\Demo\Common\drivers\LuminaryMicro/arm-none-eabi-gcc/\libdriver.a(gpio.o)
                0x00008edc                GPIOPinTypeI2C
 .text.GPIOPinTypePWM
                0x00008ef8       0x1c C:\FreeRTOSv202212.01\FreeRTOS\Demo\Common\drivers\LuminaryMicro/arm-none-eabi-gcc/\libdriver.a(gpio.o)
                0x00008ef8                GPIOPinTypePWM
 .text.GPIOPinTypeQEI
                0x00008f14       0x1c C:\FreeRTOSv202212.01\FreeRTOS\Demo\Common\drivers\LuminaryMicro/arm-none-eabi-gcc/\libdriver.a(gpio.o)
                0x00008f14                GPIOPinTypeQEI
 .text.GPIOPinTypeSSI
                0x00008f30       0x1c C:\FreeRTOSv202212.01\FreeRTOS\Demo\Common\drivers\LuminaryMicro/arm-none-eabi-gcc/\libdriver.a(gpio.o)
                0x00008f30                GPIOPinTypeSSI
 .text.GPIOPinTypeTimer
                0x00008f4c       0x1c C:\FreeRTOSv202212.01\FreeRTOS\Demo\Common\drivers\LuminaryMicro/arm-none-eabi-gcc/\libdriver.a(gpio.o)
                0x00008f4c                GPIOPinTypeTimer
 .text.GPIOPinTypeUART
                0x00008f68       0x1c C:\FreeRTOSv202212.01\FreeRTOS\Demo\Common\drivers\LuminaryMicro/arm-none-eabi-gcc/\libdriver.a(gpio.o)
                0x00008f68                GPIOPinTypeUART
 .text.GPIOPinTypeUSBDigital
                0x00008f84       0x1c C:\FreeRTOSv202212.01\FreeRTOS\Demo\Common\drivers\LuminaryMicro/arm-none-eabi-gcc/\libdriver.a(gpio.o)
                0x00008f84                GPIOPinTypeUSBDigital
 .text.GPIOPortIntUnregister
                0x00008fa0       0x14 C:\FreeRTOSv202212.01\FreeRTOS\Demo\Common\drivers\LuminaryMicro/arm-none-eabi-gcc/\libdriver.a(gpio.o)
                0x00008fa0                GPIOPortIntUnregister
 .text.GPIOPortIntRegister
                0x00008fb4       0x18 C:\FreeRTOSv202212.01\FreeRTOS\Demo\Common\drivers\LuminaryMicro/arm-none-eabi-gcc/\libdriver.a(gpio.o)
                0x00008fb4                GPIOPortIntRegister
 .text          0x00008fcc        0x0 C:\FreeRTOSv202212.01\FreeRTOS\Demo\Common\drivers\LuminaryMicro/arm-none-eabi-gcc/\libdriver.a(interrupt.o)
 .text.IntDefaultHandler
                0x00008fcc        0x4 C:\FreeRTOSv202212.01\FreeRTOS\Demo\Common\drivers\LuminaryMicro/arm-none-eabi-gcc/\libdriver.a(interrupt.o)
 .text.IntRegister
                0x00008fd0       0x3c C:\FreeRTOSv202212.01\FreeRTOS\Demo\Common\drivers\LuminaryMicro/arm-none-eabi-gcc/\libdriver.a(interrupt.o)
                0x00008fd0                IntRegister
 .text.IntUnregister
                0x0000900c       0x14 C:\FreeRTOSv202212.01\FreeRTOS\Demo\Common\drivers\LuminaryMicro/arm-none-eabi-gcc/\libdriver.a(interrupt.o)
                0x0000900c                IntUnregister
 .text.IntPriorityGroupingSet
                0x00009020       0x1c C:\FreeRTOSv202212.01\FreeRTOS\Demo\Common\drivers\LuminaryMicro/arm-none-eabi-gcc/\libdriver.a(interrupt.o)
                0x00009020                IntPriorityGroupingSet
 .text.IntPriorityGroupingGet
                0x0000903c       0x24 C:\FreeRTOSv202212.01\FreeRTOS\Demo\Common\drivers\LuminaryMicro/arm-none-eabi-gcc/\libdriver.a(interrupt.o)
                0x0000903c                IntPriorityGroupingGet
 .text.IntPrioritySet
                0x00009060       0x28 C:\FreeRTOSv202212.01\FreeRTOS\Demo\Common\drivers\LuminaryMicro/arm-none-eabi-gcc/\libdriver.a(interrupt.o)
                0x00009060                IntPrioritySet
 .text.IntPriorityGet
                0x00009088       0x20 C:\FreeRTOSv202212.01\FreeRTOS\Demo\Common\drivers\LuminaryMicro/arm-none-eabi-gcc/\libdriver.a(interrupt.o)
                0x00009088                IntPriorityGet
 .text.IntEnable
                0x000090a8       0x74 C:\FreeRTOSv202212.01\FreeRTOS\Demo\Common\drivers\LuminaryMicro/arm-none-eabi-gcc/\libdriver.a(interrupt.o)
                0x000090a8                IntEnable
 .text.IntDisable
                0x0000911c       0x74 C:\FreeRTOSv202212.01\FreeRTOS\Demo\Common\drivers\LuminaryMicro/arm-none-eabi-gcc/\libdriver.a(interrupt.o)
                0x0000911c                IntDisable
 .text.IntMasterDisable
                0x00009190        0xc C:\FreeRTOSv202212.01\FreeRTOS\Demo\Common\drivers\LuminaryMicro/arm-none-eabi-gcc/\libdriver.a(interrupt.o)
                0x00009190                IntMasterDisable
 .text.IntMasterEnable
                0x0000919c        0xc C:\FreeRTOSv202212.01\FreeRTOS\Demo\Common\drivers\LuminaryMicro/arm-none-eabi-gcc/\libdriver.a(interrupt.o)
                0x0000919c                IntMasterEnable
 .text          0x000091a8        0x0 C:\FreeRTOSv202212.01\FreeRTOS\Demo\Common\drivers\LuminaryMicro/arm-none-eabi-gcc/\libdriver.a(ssi.o)
 .text.SSIConfigSetExpClk
                0x000091a8       0x48 C:\FreeRTOSv202212.01\FreeRTOS\Demo\Common\drivers\LuminaryMicro/arm-none-eabi-gcc/\libdriver.a(ssi.o)
                0x000091a8                SSIConfigSetExpClk
 .text.SSIEnable
                0x000091f0        0xc C:\FreeRTOSv202212.01\FreeRTOS\Demo\Common\drivers\LuminaryMicro/arm-none-eabi-gcc/\libdriver.a(ssi.o)
                0x000091f0                SSIEnable
 .text.SSIDisable
                0x000091fc        0xc C:\FreeRTOSv202212.01\FreeRTOS\Demo\Common\drivers\LuminaryMicro/arm-none-eabi-gcc/\libdriver.a(ssi.o)
                0x000091fc                SSIDisable
 .text.SSIIntEnable
                0x00009208        0x8 C:\FreeRTOSv202212.01\FreeRTOS\Demo\Common\drivers\LuminaryMicro/arm-none-eabi-gcc/\libdriver.a(ssi.o)
                0x00009208                SSIIntEnable
 .text.SSIIntDisable
                0x00009210        0xc C:\FreeRTOSv202212.01\FreeRTOS\Demo\Common\drivers\LuminaryMicro/arm-none-eabi-gcc/\libdriver.a(ssi.o)
                0x00009210                SSIIntDisable
 .text.SSIIntStatus
                0x0000921c        0xc C:\FreeRTOSv202212.01\FreeRTOS\Demo\Common\drivers\LuminaryMicro/arm-none-eabi-gcc/\libdriver.a(ssi.o)
                0x0000921c                SSIIntStatus
 .text.SSIIntClear
                0x00009228        0x4 C:\FreeRTOSv202212.01\FreeRTOS\Demo\Common\drivers\LuminaryMicro/arm-none-eabi-gcc/\libdriver.a(ssi.o)
                0x00009228                SSIIntClear
 .text.SSIDataPut
                0x0000922c       0x10 C:\FreeRTOSv202212.01\FreeRTOS\Demo\Common\drivers\LuminaryMicro/arm-none-eabi-gcc/\libdriver.a(ssi.o)
                0x0000922c                SSIDataPut
 .text.SSIDataPutNonBlocking
                0x0000923c       0x10 C:\FreeRTOSv202212.01\FreeRTOS\Demo\Common\drivers\LuminaryMicro/arm-none-eabi-gcc/\libdriver.a(ssi.o)
                0x0000923c                SSIDataPutNonBlocking
 .text.SSIDataGet
                0x0000924c       0x14 C:\FreeRTOSv202212.01\FreeRTOS\Demo\Common\drivers\LuminaryMicro/arm-none-eabi-gcc/\libdriver.a(ssi.o)
                0x0000924c                SSIDataGet
 .text.SSIDataGetNonBlocking
                0x00009260       0x14 C:\FreeRTOSv202212.01\FreeRTOS\Demo\Common\drivers\LuminaryMicro/arm-none-eabi-gcc/\libdriver.a(ssi.o)
                0x00009260                SSIDataGetNonBlocking
 .text.SSIDMAEnable
                0x00009274        0x8 C:\FreeRTOSv202212.01\FreeRTOS\Demo\Common\drivers\LuminaryMicro/arm-none-eabi-gcc/\libdriver.a(ssi.o)
                0x00009274                SSIDMAEnable
 .text.SSIDMADisable
                0x0000927c        0xc C:\FreeRTOSv202212.01\FreeRTOS\Demo\Common\drivers\LuminaryMicro/arm-none-eabi-gcc/\libdriver.a(ssi.o)
                0x0000927c                SSIDMADisable
 .text.SSIIntUnregister
                0x00009288       0x20 C:\FreeRTOSv202212.01\FreeRTOS\Demo\Common\drivers\LuminaryMicro/arm-none-eabi-gcc/\libdriver.a(ssi.o)
                0x00009288                SSIIntUnregister
 .text.SSIIntRegister
                0x000092a8       0x20 C:\FreeRTOSv202212.01\FreeRTOS\Demo\Common\drivers\LuminaryMicro/arm-none-eabi-gcc/\libdriver.a(ssi.o)
                0x000092a8                SSIIntRegister
 .text          0x000092c8        0x0 C:\FreeRTOSv202212.01\FreeRTOS\Demo\Common\drivers\LuminaryMicro/arm-none-eabi-gcc/\libdriver.a(sysctl.o)
 .text.SysCtlSRAMSizeGet
                0x000092c8       0x14 C:\FreeRTOSv202212.01\FreeRTOS\Demo\Common\drivers\LuminaryMicro/arm-none-eabi-gcc/\libdriver.a(sysctl.o)
                0x000092c8                SysCtlSRAMSizeGet
 .text.SysCtlFlashSizeGet
                0x000092dc       0x14 C:\FreeRTOSv202212.01\FreeRTOS\Demo\Common\drivers\LuminaryMicro/arm-none-eabi-gcc/\libdriver.a(sysctl.o)
                0x000092dc                SysCtlFlashSizeGet
 .text.SysCtlPinPresent
                0x000092f0       0x14 C:\FreeRTOSv202212.01\FreeRTOS\Demo\Common\drivers\LuminaryMicro/arm-none-eabi-gcc/\libdriver.a(sysctl.o)
                0x000092f0                SysCtlPinPresent
 .text.SysCtlPeripheralPresent
                0x00009304       0x28 C:\FreeRTOSv202212.01\FreeRTOS\Demo\Common\drivers\LuminaryMicro/arm-none-eabi-gcc/\libdriver.a(sysctl.o)
                0x00009304                SysCtlPeripheralPresent
 .text.SysCtlPeripheralReset
                0x0000932c       0x44 C:\FreeRTOSv202212.01\FreeRTOS\Demo\Common\drivers\LuminaryMicro/arm-none-eabi-gcc/\libdriver.a(sysctl.o)
                0x0000932c                SysCtlPeripheralReset
 .text.SysCtlPeripheralEnable
                0x00009370       0x24 C:\FreeRTOSv202212.01\FreeRTOS\Demo\Common\drivers\LuminaryMicro/arm-none-eabi-gcc/\libdriver.a(sysctl.o)
                0x00009370                SysCtlPeripheralEnable
 .text.SysCtlPeripheralDisable
                0x00009394       0x24 C:\FreeRTOSv202212.01\FreeRTOS\Demo\Common\drivers\LuminaryMicro/arm-none-eabi-gcc/\libdriver.a(sysctl.o)
                0x00009394                SysCtlPeripheralDisable
 .text.SysCtlPeripheralSleepEnable
                0x000093b8       0x24 C:\FreeRTOSv202212.01\FreeRTOS\Demo\Common\drivers\LuminaryMicro/arm-none-eabi-gcc/\libdriver.a(sysctl.o)
                0x000093b8                SysCtlPeripheralSleepEnable
 .text.SysCtlPeripheralSleepDisable
                0x000093dc       0x24 C:\FreeRTOSv202212.01\FreeRTOS\Demo\Common\drivers\LuminaryMicro/arm-none-eabi-gcc/\libdriver.a(sysctl.o)
                0x000093dc                SysCtlPeripheralSleepDisable
 .text.SysCtlPeripheralDeepSleepEnable
                0x00009400       0x24 C:\FreeRTOSv202212.01\FreeRTOS\Demo\Common\drivers\LuminaryMicro/arm-none-eabi-gcc/\libdriver.a(sysctl.o)
                0x00009400                SysCtlPeripheralDeepSleepEnable
 .text.SysCtlPeripheralDeepSleepDisable
                0x00009424       0x24 C:\FreeRTOSv202212.01\FreeRTOS\Demo\Common\drivers\LuminaryMicro/arm-none-eabi-gcc/\libdriver.a(sysctl.o)
                0x00009424                SysCtlPeripheralDeepSleepDisable
 .text.SysCtlPeripheralClockGating
                0x00009448       0x20 C:\FreeRTOSv202212.01\FreeRTOS\Demo\Common\drivers\LuminaryMicro/arm-none-eabi-gcc/\libdriver.a(sysctl.o)
                0x00009448                SysCtlPeripheralClockGating
 .text.SysCtlIntEnable
                0x00009468       0x10 C:\FreeRTOSv202212.01\FreeRTOS\Demo\Common\drivers\LuminaryMicro/arm-none-eabi-gcc/\libdriver.a(sysctl.o)
                0x00009468                SysCtlIntEnable
 .text.SysCtlIntDisable
                0x00009478       0x10 C:\FreeRTOSv202212.01\FreeRTOS\Demo\Common\drivers\LuminaryMicro/arm-none-eabi-gcc/\libdriver.a(sysctl.o)
                0x00009478                SysCtlIntDisable
 .text.SysCtlIntClear
                0x00009488        0xc C:\FreeRTOSv202212.01\FreeRTOS\Demo\Common\drivers\LuminaryMicro/arm-none-eabi-gcc/\libdriver.a(sysctl.o)
                0x00009488                SysCtlIntClear
 .text.SysCtlIntStatus
                0x00009494       0x18 C:\FreeRTOSv202212.01\FreeRTOS\Demo\Common\drivers\LuminaryMicro/arm-none-eabi-gcc/\libdriver.a(sysctl.o)
                0x00009494                SysCtlIntStatus
 .text.SysCtlLDOSet
                0x000094ac        0xc C:\FreeRTOSv202212.01\FreeRTOS\Demo\Common\drivers\LuminaryMicro/arm-none-eabi-gcc/\libdriver.a(sysctl.o)
                0x000094ac                SysCtlLDOSet
 .text.SysCtlLDOGet
                0x000094b8        0xc C:\FreeRTOSv202212.01\FreeRTOS\Demo\Common\drivers\LuminaryMicro/arm-none-eabi-gcc/\libdriver.a(sysctl.o)
                0x000094b8                SysCtlLDOGet
 .text.SysCtlLDOConfigSet
                0x000094c4        0xc C:\FreeRTOSv202212.01\FreeRTOS\Demo\Common\drivers\LuminaryMicro/arm-none-eabi-gcc/\libdriver.a(sysctl.o)
                0x000094c4                SysCtlLDOConfigSet
 .text.SysCtlReset
                0x000094d0       0x10 C:\FreeRTOSv202212.01\FreeRTOS\Demo\Common\drivers\LuminaryMicro/arm-none-eabi-gcc/\libdriver.a(sysctl.o)
                0x000094d0                SysCtlReset
 .text.SysCtlResetCauseGet
                0x000094e0        0xc C:\FreeRTOSv202212.01\FreeRTOS\Demo\Common\drivers\LuminaryMicro/arm-none-eabi-gcc/\libdriver.a(sysctl.o)
                0x000094e0                SysCtlResetCauseGet
 .text.SysCtlResetCauseClear
                0x000094ec       0x10 C:\FreeRTOSv202212.01\FreeRTOS\Demo\Common\drivers\LuminaryMicro/arm-none-eabi-gcc/\libdriver.a(sysctl.o)
                0x000094ec                SysCtlResetCauseClear
 .text.SysCtlBrownOutConfigSet
                0x000094fc       0x10 C:\FreeRTOSv202212.01\FreeRTOS\Demo\Common\drivers\LuminaryMicro/arm-none-eabi-gcc/\libdriver.a(sysctl.o)
                0x000094fc                SysCtlBrownOutConfigSet
 .text.SysCtlDelay
                0x0000950c        0x8 C:\FreeRTOSv202212.01\FreeRTOS\Demo\Common\drivers\LuminaryMicro/arm-none-eabi-gcc/\libdriver.a(sysctl.o)
                0x0000950c                SysCtlDelay
 .text.SysCtlClockSet
                0x00009514      0x168 C:\FreeRTOSv202212.01\FreeRTOS\Demo\Common\drivers\LuminaryMicro/arm-none-eabi-gcc/\libdriver.a(sysctl.o)
                0x00009514                SysCtlClockSet
 .text.SysCtlClockGet
                0x0000967c      0x150 C:\FreeRTOSv202212.01\FreeRTOS\Demo\Common\drivers\LuminaryMicro/arm-none-eabi-gcc/\libdriver.a(sysctl.o)
                0x0000967c                SysCtlClockGet
 .text.SysCtlPWMClockSet
                0x000097cc       0x14 C:\FreeRTOSv202212.01\FreeRTOS\Demo\Common\drivers\LuminaryMicro/arm-none-eabi-gcc/\libdriver.a(sysctl.o)
                0x000097cc                SysCtlPWMClockSet
 .text.SysCtlPWMClockGet
                0x000097e0       0x18 C:\FreeRTOSv202212.01\FreeRTOS\Demo\Common\drivers\LuminaryMicro/arm-none-eabi-gcc/\libdriver.a(sysctl.o)
                0x000097e0                SysCtlPWMClockGet
 .text.SysCtlADCSpeedSet
                0x000097f8       0x34 C:\FreeRTOSv202212.01\FreeRTOS\Demo\Common\drivers\LuminaryMicro/arm-none-eabi-gcc/\libdriver.a(sysctl.o)
                0x000097f8                SysCtlADCSpeedSet
 .text.SysCtlADCSpeedGet
                0x0000982c       0x10 C:\FreeRTOSv202212.01\FreeRTOS\Demo\Common\drivers\LuminaryMicro/arm-none-eabi-gcc/\libdriver.a(sysctl.o)
                0x0000982c                SysCtlADCSpeedGet
 .text.SysCtlIOSCVerificationSet
                0x0000983c       0x20 C:\FreeRTOSv202212.01\FreeRTOS\Demo\Common\drivers\LuminaryMicro/arm-none-eabi-gcc/\libdriver.a(sysctl.o)
                0x0000983c                SysCtlIOSCVerificationSet
 .text.SysCtlMOSCVerificationSet
                0x0000985c       0x20 C:\FreeRTOSv202212.01\FreeRTOS\Demo\Common\drivers\LuminaryMicro/arm-none-eabi-gcc/\libdriver.a(sysctl.o)
                0x0000985c                SysCtlMOSCVerificationSet
 .text.SysCtlPLLVerificationSet
                0x0000987c       0x20 C:\FreeRTOSv202212.01\FreeRTOS\Demo\Common\drivers\LuminaryMicro/arm-none-eabi-gcc/\libdriver.a(sysctl.o)
                0x0000987c                SysCtlPLLVerificationSet
 .text.SysCtlClkVerificationClear
                0x0000989c       0x10 C:\FreeRTOSv202212.01\FreeRTOS\Demo\Common\drivers\LuminaryMicro/arm-none-eabi-gcc/\libdriver.a(sysctl.o)
                0x0000989c                SysCtlClkVerificationClear
 .text.SysCtlGPIOAHBEnable
                0x000098ac       0x10 C:\FreeRTOSv202212.01\FreeRTOS\Demo\Common\drivers\LuminaryMicro/arm-none-eabi-gcc/\libdriver.a(sysctl.o)
                0x000098ac                SysCtlGPIOAHBEnable
 .text.SysCtlGPIOAHBDisable
                0x000098bc       0x14 C:\FreeRTOSv202212.01\FreeRTOS\Demo\Common\drivers\LuminaryMicro/arm-none-eabi-gcc/\libdriver.a(sysctl.o)
                0x000098bc                SysCtlGPIOAHBDisable
 .text.SysCtlUSBPLLEnable
                0x000098d0       0x10 C:\FreeRTOSv202212.01\FreeRTOS\Demo\Common\drivers\LuminaryMicro/arm-none-eabi-gcc/\libdriver.a(sysctl.o)
                0x000098d0                SysCtlUSBPLLEnable
 .text.SysCtlUSBPLLDisable
                0x000098e0       0x10 C:\FreeRTOSv202212.01\FreeRTOS\Demo\Common\drivers\LuminaryMicro/arm-none-eabi-gcc/\libdriver.a(sysctl.o)
                0x000098e0                SysCtlUSBPLLDisable
 .text.SysCtlDeepSleep
                0x000098f0       0x20 C:\FreeRTOSv202212.01\FreeRTOS\Demo\Common\drivers\LuminaryMicro/arm-none-eabi-gcc/\libdriver.a(sysctl.o)
                0x000098f0                SysCtlDeepSleep
 .text.SysCtlSleep
                0x00009910        0x8 C:\FreeRTOSv202212.01\FreeRTOS\Demo\Common\drivers\LuminaryMicro/arm-none-eabi-gcc/\libdriver.a(sysctl.o)
                0x00009910                SysCtlSleep
 .text.SysCtlIntUnregister
                0x00009918       0x10 C:\FreeRTOSv202212.01\FreeRTOS\Demo\Common\drivers\LuminaryMicro/arm-none-eabi-gcc/\libdriver.a(sysctl.o)
                0x00009918                SysCtlIntUnregister
 .text.SysCtlIntRegister
                0x00009928       0x14 C:\FreeRTOSv202212.01\FreeRTOS\Demo\Common\drivers\LuminaryMicro/arm-none-eabi-gcc/\libdriver.a(sysctl.o)
                0x00009928                SysCtlIntRegister
 .text          0x0000993c        0x0 C:\FreeRTOSv202212.01\FreeRTOS\Demo\Common\drivers\LuminaryMicro/arm-none-eabi-gcc/\libdriver.a(uart.o)
 .text.UARTParityModeSet
                0x0000993c        0xc C:\FreeRTOSv202212.01\FreeRTOS\Demo\Common\drivers\LuminaryMicro/arm-none-eabi-gcc/\libdriver.a(uart.o)
                0x0000993c                UARTParityModeSet
 .text.UARTParityModeGet
                0x00009948        0x8 C:\FreeRTOSv202212.01\FreeRTOS\Demo\Common\drivers\LuminaryMicro/arm-none-eabi-gcc/\libdriver.a(uart.o)
                0x00009948                UARTParityModeGet
 .text.UARTFIFOLevelSet
                0x00009950        0x8 C:\FreeRTOSv202212.01\FreeRTOS\Demo\Common\drivers\LuminaryMicro/arm-none-eabi-gcc/\libdriver.a(uart.o)
                0x00009950                UARTFIFOLevelSet
 .text.UARTFIFOLevelGet
                0x00009958       0x10 C:\FreeRTOSv202212.01\FreeRTOS\Demo\Common\drivers\LuminaryMicro/arm-none-eabi-gcc/\libdriver.a(uart.o)
                0x00009958                UARTFIFOLevelGet
 .text.UARTConfigGetExpClk
                0x00009968       0x20 C:\FreeRTOSv202212.01\FreeRTOS\Demo\Common\drivers\LuminaryMicro/arm-none-eabi-gcc/\libdriver.a(uart.o)
                0x00009968                UARTConfigGetExpClk
 .text.UARTEnable
                0x00009988       0x18 C:\FreeRTOSv202212.01\FreeRTOS\Demo\Common\drivers\LuminaryMicro/arm-none-eabi-gcc/\libdriver.a(uart.o)
                0x00009988                UARTEnable
 .text.UARTDisable
                0x000099a0       0x24 C:\FreeRTOSv202212.01\FreeRTOS\Demo\Common\drivers\LuminaryMicro/arm-none-eabi-gcc/\libdriver.a(uart.o)
                0x000099a0                UARTDisable
 .text.UARTConfigSetExpClk
                0x000099c4       0x38 C:\FreeRTOSv202212.01\FreeRTOS\Demo\Common\drivers\LuminaryMicro/arm-none-eabi-gcc/\libdriver.a(uart.o)
                0x000099c4                UARTConfigSetExpClk
 .text.UARTEnableSIR
                0x000099fc       0x18 C:\FreeRTOSv202212.01\FreeRTOS\Demo\Common\drivers\LuminaryMicro/arm-none-eabi-gcc/\libdriver.a(uart.o)
                0x000099fc                UARTEnableSIR
 .text.UARTDisableSIR
                0x00009a14        0xc C:\FreeRTOSv202212.01\FreeRTOS\Demo\Common\drivers\LuminaryMicro/arm-none-eabi-gcc/\libdriver.a(uart.o)
                0x00009a14                UARTDisableSIR
 .text.UARTCharsAvail
                0x00009a20       0x10 C:\FreeRTOSv202212.01\FreeRTOS\Demo\Common\drivers\LuminaryMicro/arm-none-eabi-gcc/\libdriver.a(uart.o)
                0x00009a20                UARTCharsAvail
 .text.UARTSpaceAvail
                0x00009a30       0x10 C:\FreeRTOSv202212.01\FreeRTOS\Demo\Common\drivers\LuminaryMicro/arm-none-eabi-gcc/\libdriver.a(uart.o)
                0x00009a30                UARTSpaceAvail
 .text.UARTCharGetNonBlocking
                0x00009a40       0x10 C:\FreeRTOSv202212.01\FreeRTOS\Demo\Common\drivers\LuminaryMicro/arm-none-eabi-gcc/\libdriver.a(uart.o)
                0x00009a40                UARTCharGetNonBlocking
 .text.UARTCharGet
                0x00009a50       0x10 C:\FreeRTOSv202212.01\FreeRTOS\Demo\Common\drivers\LuminaryMicro/arm-none-eabi-gcc/\libdriver.a(uart.o)
                0x00009a50                UARTCharGet
 .text.UARTCharPutNonBlocking
                0x00009a60       0x14 C:\FreeRTOSv202212.01\FreeRTOS\Demo\Common\drivers\LuminaryMicro/arm-none-eabi-gcc/\libdriver.a(uart.o)
                0x00009a60                UARTCharPutNonBlocking
 .text.UARTCharPut
                0x00009a74       0x10 C:\FreeRTOSv202212.01\FreeRTOS\Demo\Common\drivers\LuminaryMicro/arm-none-eabi-gcc/\libdriver.a(uart.o)
                0x00009a74                UARTCharPut
 .text.UARTBreakCtl
                0x00009a84       0x18 C:\FreeRTOSv202212.01\FreeRTOS\Demo\Common\drivers\LuminaryMicro/arm-none-eabi-gcc/\libdriver.a(uart.o)
                0x00009a84                UARTBreakCtl
 .text.UARTIntEnable
                0x00009a9c        0x8 C:\FreeRTOSv202212.01\FreeRTOS\Demo\Common\drivers\LuminaryMicro/arm-none-eabi-gcc/\libdriver.a(uart.o)
                0x00009a9c                UARTIntEnable
 .text.UARTIntDisable
                0x00009aa4        0xc C:\FreeRTOSv202212.01\FreeRTOS\Demo\Common\drivers\LuminaryMicro/arm-none-eabi-gcc/\libdriver.a(uart.o)
                0x00009aa4                UARTIntDisable
 .text.UARTIntStatus
                0x00009ab0        0xc C:\FreeRTOSv202212.01\FreeRTOS\Demo\Common\drivers\LuminaryMicro/arm-none-eabi-gcc/\libdriver.a(uart.o)
                0x00009ab0                UARTIntStatus
 .text.UARTIntClear
                0x00009abc        0x4 C:\FreeRTOSv202212.01\FreeRTOS\Demo\Common\drivers\LuminaryMicro/arm-none-eabi-gcc/\libdriver.a(uart.o)
                0x00009abc                UARTIntClear
 .text.UARTDMAEnable
                0x00009ac0        0x8 C:\FreeRTOSv202212.01\FreeRTOS\Demo\Common\drivers\LuminaryMicro/arm-none-eabi-gcc/\libdriver.a(uart.o)
                0x00009ac0                UARTDMAEnable
 .text.UARTDMADisable
                0x00009ac8        0xc C:\FreeRTOSv202212.01\FreeRTOS\Demo\Common\drivers\LuminaryMicro/arm-none-eabi-gcc/\libdriver.a(uart.o)
                0x00009ac8                UARTDMADisable
 .text.UARTIntUnregister
                0x00009ad4       0x2c C:\FreeRTOSv202212.01\FreeRTOS\Demo\Common\drivers\LuminaryMicro/arm-none-eabi-gcc/\libdriver.a(uart.o)
                0x00009ad4                UARTIntUnregister
 .text.UARTIntRegister
                0x00009b00       0x2c C:\FreeRTOSv202212.01\FreeRTOS\Demo\Common\drivers\LuminaryMicro/arm-none-eabi-gcc/\libdriver.a(uart.o)
                0x00009b00                UARTIntRegister
 .text          0x00009b2c       0x14 C:\FreeRTOSv202212.01\FreeRTOS\Demo\Common\drivers\LuminaryMicro/arm-none-eabi-gcc/\libdriver.a(cpu.o)
                0x00009b2c                CPUcpsid
                0x00009b34                CPUcpsie
                0x00009b3c                CPUwfi
 .text          0x00009b40        0x0 c:/program files (x86)/gnu arm embedded toolchain/10 2021.10/bin/../lib/gcc/arm-none-eabi/10.3.1/../../../../arm-none-eabi/lib/thumb/v7-m/nofp\libg_nano.a(lib_a-atoi.o)
 .text.atoi     0x00009b40        0x8 c:/program files (x86)/gnu arm embedded toolchain/10 2021.10/bin/../lib/gcc/arm-none-eabi/10.3.1/../../../../arm-none-eabi/lib/thumb/v7-m/nofp\libg_nano.a(lib_a-atoi.o)
                0x00009b40                atoi
 .text._atoi_r  0x00009b48        0x8 c:/program files (x86)/gnu arm embedded toolchain/10 2021.10/bin/../lib/gcc/arm-none-eabi/10.3.1/../../../../arm-none-eabi/lib/thumb/v7-m/nofp\libg_nano.a(lib_a-atoi.o)
                0x00009b48                _atoi_r
 .text          0x00009b50        0x0 c:/program files (x86)/gnu arm embedded toolchain/10 2021.10/bin/../lib/gcc/arm-none-eabi/10.3.1/../../../../arm-none-eabi/lib/thumb/v7-m/nofp\libg_nano.a(lib_a-ctype_.o)
 .text          0x00009b50        0x0 c:/program files (x86)/gnu arm embedded toolchain/10 2021.10/bin/../lib/gcc/arm-none-eabi/10.3.1/../../../../arm-none-eabi/lib/thumb/v7-m/nofp\libg_nano.a(lib_a-memcpy-stub.o)
 .text.memcpy   0x00009b50       0x1c c:/program files (x86)/gnu arm embedded toolchain/10 2021.10/bin/../lib/gcc/arm-none-eabi/10.3.1/../../../../arm-none-eabi/lib/thumb/v7-m/nofp\libg_nano.a(lib_a-memcpy-stub.o)
                0x00009b50                memcpy
 .text          0x00009b6c        0x0 c:/program files (x86)/gnu arm embedded toolchain/10 2021.10/bin/../lib/gcc/arm-none-eabi/10.3.1/../../../../arm-none-eabi/lib/thumb/v7-m/nofp\libg_nano.a(lib_a-memset.o)
 .text.memset   0x00009b6c       0x10 c:/program files (x86)/gnu arm embedded toolchain/10 2021.10/bin/../lib/gcc/arm-none-eabi/10.3.1/../../../../arm-none-eabi/lib/thumb/v7-m/nofp\libg_nano.a(lib_a-memset.o)
                0x00009b6c                memset
 .text          0x00009b7c        0x0 c:/program files (x86)/gnu arm embedded toolchain/10 2021.10/bin/../lib/gcc/arm-none-eabi/10.3.1/../../../../arm-none-eabi/lib/thumb/v7-m/nofp\libg_nano.a(lib_a-sprintf.o)
 .text._sprintf_r
                0x00009b7c       0x38 c:/program files (x86)/gnu arm embedded toolchain/10 2021.10/bin/../lib/gcc/arm-none-eabi/10.3.1/../../../../arm-none-eabi/lib/thumb/v7-m/nofp\libg_nano.a(lib_a-sprintf.o)
                0x00009b7c                _sprintf_r
                0x00009b7c                _siprintf_r
 .text.sprintf  0x00009bb4       0x40 c:/program files (x86)/gnu arm embedded toolchain/10 2021.10/bin/../lib/gcc/arm-none-eabi/10.3.1/../../../../arm-none-eabi/lib/thumb/v7-m/nofp\libg_nano.a(lib_a-sprintf.o)
                0x00009bb4                siprintf
                0x00009bb4                sprintf
 .text          0x00009bf4       0x14 c:/program files (x86)/gnu arm embedded toolchain/10 2021.10/bin/../lib/gcc/arm-none-eabi/10.3.1/../../../../arm-none-eabi/lib/thumb/v7-m/nofp\libg_nano.a(lib_a-strcmp.o)
                0x00009bf4                strcmp
 .text          0x00009c08        0x0 c:/program files (x86)/gnu arm embedded toolchain/10 2021.10/bin/../lib/gcc/arm-none-eabi/10.3.1/../../../../arm-none-eabi/lib/thumb/v7-m/nofp\libg_nano.a(lib_a-strcpy.o)
 .text.strcpy   0x00009c08       0x10 c:/program files (x86)/gnu arm embedded toolchain/10 2021.10/bin/../lib/gcc/arm-none-eabi/10.3.1/../../../../arm-none-eabi/lib/thumb/v7-m/nofp\libg_nano.a(lib_a-strcpy.o)
                0x00009c08                strcpy
 .text          0x00009c18       0x10 c:/program files (x86)/gnu arm embedded toolchain/10 2021.10/bin/../lib/gcc/arm-none-eabi/10.3.1/../../../../arm-none-eabi/lib/thumb/v7-m/nofp\libg_nano.a(lib_a-strlen.o)
                0x00009c18                strlen
 .text          0x00009c28        0x0 c:/program files (x86)/gnu arm embedded toolchain/10 2021.10/bin/../lib/gcc/arm-none-eabi/10.3.1/../../../../arm-none-eabi/lib/thumb/v7-m/nofp\libg_nano.a(lib_a-strncpy.o)
 .text.strncpy  0x00009c28       0x26 c:/program files (x86)/gnu arm embedded toolchain/10 2021.10/bin/../lib/gcc/arm-none-eabi/10.3.1/../../../../arm-none-eabi/lib/thumb/v7-m/nofp\libg_nano.a(lib_a-strncpy.o)
                0x00009c28                strncpy
 .text          0x00009c4e        0x0 c:/program files (x86)/gnu arm embedded toolchain/10 2021.10/bin/../lib/gcc/arm-none-eabi/10.3.1/../../../../arm-none-eabi/lib/thumb/v7-m/nofp\libg_nano.a(lib_a-strtol.o)
 *fill*         0x00009c4e        0x2 
 .text._strtol_l.constprop.0
                0x00009c50       0xf8 c:/program files (x86)/gnu arm embedded toolchain/10 2021.10/bin/../lib/gcc/arm-none-eabi/10.3.1/../../../../arm-none-eabi/lib/thumb/v7-m/nofp\libg_nano.a(lib_a-strtol.o)
 .text._strtol_r
                0x00009d48        0x4 c:/program files (x86)/gnu arm embedded toolchain/10 2021.10/bin/../lib/gcc/arm-none-eabi/10.3.1/../../../../arm-none-eabi/lib/thumb/v7-m/nofp\libg_nano.a(lib_a-strtol.o)
                0x00009d48                _strtol_r
 .text.strtol_l
                0x00009d4c       0x14 c:/program files (x86)/gnu arm embedded toolchain/10 2021.10/bin/../lib/gcc/arm-none-eabi/10.3.1/../../../../arm-none-eabi/lib/thumb/v7-m/nofp\libg_nano.a(lib_a-strtol.o)
                0x00009d4c                strtol_l
 .text.strtol   0x00009d60       0x14 c:/program files (x86)/gnu arm embedded toolchain/10 2021.10/bin/../lib/gcc/arm-none-eabi/10.3.1/../../../../arm-none-eabi/lib/thumb/v7-m/nofp\libg_nano.a(lib_a-strtol.o)
                0x00009d60                strtol
 .text          0x00009d74        0x0 c:/program files (x86)/gnu arm embedded toolchain/10 2021.10/bin/../lib/gcc/arm-none-eabi/10.3.1/../../../../arm-none-eabi/lib/thumb/v7-m/nofp\libg_nano.a(lib_a-errno.o)
 .text.__errno  0x00009d74        0xc c:/program files (x86)/gnu arm embedded toolchain/10 2021.10/bin/../lib/gcc/arm-none-eabi/10.3.1/../../../../arm-none-eabi/lib/thumb/v7-m/nofp\libg_nano.a(lib_a-errno.o)
                0x00009d74                __errno
 .text          0x00009d80        0x0 c:/program files (x86)/gnu arm embedded toolchain/10 2021.10/bin/../lib/gcc/arm-none-eabi/10.3.1/../../../../arm-none-eabi/lib/thumb/v7-m/nofp\libg_nano.a(lib_a-impure.o)
 .text          0x00009d80        0x0 c:/program files (x86)/gnu arm embedded toolchain/10 2021.10/bin/../lib/gcc/arm-none-eabi/10.3.1/../../../../arm-none-eabi/lib/thumb/v7-m/nofp\libg_nano.a(lib_a-nano-svfprintf.o)
 .text.__ssputs_r
                0x00009d80       0xb6 c:/program files (x86)/gnu arm embedded toolchain/10 2021.10/bin/../lib/gcc/arm-none-eabi/10.3.1/../../../../arm-none-eabi/lib/thumb/v7-m/nofp\libg_nano.a(lib_a-nano-svfprintf.o)
                0x00009d80                __ssputs_r
 .text.__ssprint_r
                0x00009e36       0xf6 c:/program files (x86)/gnu arm embedded toolchain/10 2021.10/bin/../lib/gcc/arm-none-eabi/10.3.1/../../../../arm-none-eabi/lib/thumb/v7-m/nofp\libg_nano.a(lib_a-nano-svfprintf.o)
                0x00009e36                __ssprint_r
 .text._svfprintf_r
                0x00009f2c      0x200 c:/program files (x86)/gnu arm embedded toolchain/10 2021.10/bin/../lib/gcc/arm-none-eabi/10.3.1/../../../../arm-none-eabi/lib/thumb/v7-m/nofp\libg_nano.a(lib_a-nano-svfprintf.o)
                0x00009f2c                _svfiprintf_r
                0x00009f2c                _svfprintf_r
 .text          0x0000a12c        0x0 c:/program files (x86)/gnu arm embedded toolchain/10 2021.10/bin/../lib/gcc/arm-none-eabi/10.3.1/../../../../arm-none-eabi/lib/thumb/v7-m/nofp\libg_nano.a(lib_a-nano-vfprintf_i.o)
 .text._printf_common
                0x0000a12c       0xde c:/program files (x86)/gnu arm embedded toolchain/10 2021.10/bin/../lib/gcc/arm-none-eabi/10.3.1/../../../../arm-none-eabi/lib/thumb/v7-m/nofp\libg_nano.a(lib_a-nano-vfprintf_i.o)
                0x0000a12c                _printf_common
 *fill*         0x0000a20a        0x2 
 .text._printf_i
                0x0000a20c      0x24c c:/program files (x86)/gnu arm embedded toolchain/10 2021.10/bin/../lib/gcc/arm-none-eabi/10.3.1/../../../../arm-none-eabi/lib/thumb/v7-m/nofp\libg_nano.a(lib_a-nano-vfprintf_i.o)
                0x0000a20c                _printf_i
 .text          0x0000a458        0x0 c:/program files (x86)/gnu arm embedded toolchain/10 2021.10/bin/../lib/gcc/arm-none-eabi/10.3.1/../../../../arm-none-eabi/lib/thumb/v7-m/nofp\libg_nano.a(lib_a-memchr-stub.o)
 .text.memchr   0x0000a458       0x1c c:/program files (x86)/gnu arm embedded toolchain/10 2021.10/bin/../lib/gcc/arm-none-eabi/10.3.1/../../../../arm-none-eabi/lib/thumb/v7-m/nofp\libg_nano.a(lib_a-memchr-stub.o)
                0x0000a458                memchr
 .text          0x0000a474        0x0 c:/program files (x86)/gnu arm embedded toolchain/10 2021.10/bin/../lib/gcc/arm-none-eabi/10.3.1/../../../../arm-none-eabi/lib/thumb/v7-m/nofp\libg_nano.a(lib_a-memmove.o)
 .text.memmove  0x0000a474       0x34 c:/program files (x86)/gnu arm embedded toolchain/10 2021.10/bin/../lib/gcc/arm-none-eabi/10.3.1/../../../../arm-none-eabi/lib/thumb/v7-m/nofp\libg_nano.a(lib_a-memmove.o)
                0x0000a474                memmove
 .text          0x0000a4a8        0x0 c:/program files (x86)/gnu arm embedded toolchain/10 2021.10/bin/../lib/gcc/arm-none-eabi/10.3.1/../../../../arm-none-eabi/lib/thumb/v7-m/nofp\libg_nano.a(lib_a-nano-freer.o)
 .text._free_r  0x0000a4a8       0x90 c:/program files (x86)/gnu arm embedded toolchain/10 2021.10/bin/../lib/gcc/arm-none-eabi/10.3.1/../../../../arm-none-eabi/lib/thumb/v7-m/nofp\libg_nano.a(lib_a-nano-freer.o)
                0x0000a4a8                _free_r
 .text          0x0000a538        0x0 c:/program files (x86)/gnu arm embedded toolchain/10 2021.10/bin/../lib/gcc/arm-none-eabi/10.3.1/../../../../arm-none-eabi/lib/thumb/v7-m/nofp\libg_nano.a(lib_a-nano-mallocr.o)
 .text.sbrk_aligned
                0x0000a538       0x40 c:/program files (x86)/gnu arm embedded toolchain/10 2021.10/bin/../lib/gcc/arm-none-eabi/10.3.1/../../../../arm-none-eabi/lib/thumb/v7-m/nofp\libg_nano.a(lib_a-nano-mallocr.o)
 .text._malloc_r
                0x0000a578       0xe8 c:/program files (x86)/gnu arm embedded toolchain/10 2021.10/bin/../lib/gcc/arm-none-eabi/10.3.1/../../../../arm-none-eabi/lib/thumb/v7-m/nofp\libg_nano.a(lib_a-nano-mallocr.o)
                0x0000a578                _malloc_r
 .text          0x0000a660        0x0 c:/program files (x86)/gnu arm embedded toolchain/10 2021.10/bin/../lib/gcc/arm-none-eabi/10.3.1/../../../../arm-none-eabi/lib/thumb/v7-m/nofp\libg_nano.a(lib_a-nano-reallocr.o)
 .text._realloc_r
                0x0000a660       0x5e c:/program files (x86)/gnu arm embedded toolchain/10 2021.10/bin/../lib/gcc/arm-none-eabi/10.3.1/../../../../arm-none-eabi/lib/thumb/v7-m/nofp\libg_nano.a(lib_a-nano-reallocr.o)
                0x0000a660                _realloc_r
 .text          0x0000a6be        0x0 c:/program files (x86)/gnu arm embedded toolchain/10 2021.10/bin/../lib/gcc/arm-none-eabi/10.3.1/../../../../arm-none-eabi/lib/thumb/v7-m/nofp\libg_nano.a(lib_a-mlock.o)
 *fill*         0x0000a6be        0x2 
 .text.__malloc_lock
                0x0000a6c0        0xc c:/program files (x86)/gnu arm embedded toolchain/10 2021.10/bin/../lib/gcc/arm-none-eabi/10.3.1/../../../../arm-none-eabi/lib/thumb/v7-m/nofp\libg_nano.a(lib_a-mlock.o)
                0x0000a6c0                __malloc_lock
 .text.__malloc_unlock
                0x0000a6cc        0xc c:/program files (x86)/gnu arm embedded toolchain/10 2021.10/bin/../lib/gcc/arm-none-eabi/10.3.1/../../../../arm-none-eabi/lib/thumb/v7-m/nofp\libg_nano.a(lib_a-mlock.o)
                0x0000a6cc                __malloc_unlock
 .text          0x0000a6d8        0x0 c:/program files (x86)/gnu arm embedded toolchain/10 2021.10/bin/../lib/gcc/arm-none-eabi/10.3.1/../../../../arm-none-eabi/lib/thumb/v7-m/nofp\libg_nano.a(lib_a-nano-msizer.o)
 .text._malloc_usable_size_r
                0x0000a6d8       0x10 c:/program files (x86)/gnu arm embedded toolchain/10 2021.10/bin/../lib/gcc/arm-none-eabi/10.3.1/../../../../arm-none-eabi/lib/thumb/v7-m/nofp\libg_nano.a(lib_a-nano-msizer.o)
                0x0000a6d8                _malloc_usable_size_r
 .text          0x0000a6e8        0x0 c:/program files (x86)/gnu arm embedded toolchain/10 2021.10/bin/../lib/gcc/arm-none-eabi/10.3.1/../../../../arm-none-eabi/lib/thumb/v7-m/nofp\libg_nano.a(lib_a-lock.o)
 .text.__retarget_lock_init
                0x0000a6e8        0x2 c:/program files (x86)/gnu arm embedded toolchain/10 2021.10/bin/../lib/gcc/arm-none-eabi/10.3.1/../../../../arm-none-eabi/lib/thumb/v7-m/nofp\libg_nano.a(lib_a-lock.o)
                0x0000a6e8                __retarget_lock_init
 .text.__retarget_lock_init_recursive
                0x0000a6ea        0x2 c:/program files (x86)/gnu arm embedded toolchain/10 2021.10/bin/../lib/gcc/arm-none-eabi/10.3.1/../../../../arm-none-eabi/lib/thumb/v7-m/nofp\libg_nano.a(lib_a-lock.o)
                0x0000a6ea                __retarget_lock_init_recursive
 .text.__retarget_lock_close
                0x0000a6ec        0x2 c:/program files (x86)/gnu arm embedded toolchain/10 2021.10/bin/../lib/gcc/arm-none-eabi/10.3.1/../../../../arm-none-eabi/lib/thumb/v7-m/nofp\libg_nano.a(lib_a-lock.o)
                0x0000a6ec                __retarget_lock_close
 .text.__retarget_lock_close_recursive
                0x0000a6ee        0x2 c:/program files (x86)/gnu arm embedded toolchain/10 2021.10/bin/../lib/gcc/arm-none-eabi/10.3.1/../../../../arm-none-eabi/lib/thumb/v7-m/nofp\libg_nano.a(lib_a-lock.o)
                0x0000a6ee                __retarget_lock_close_recursive
 .text.__retarget_lock_acquire
                0x0000a6f0        0x2 c:/program files (x86)/gnu arm embedded toolchain/10 2021.10/bin/../lib/gcc/arm-none-eabi/10.3.1/../../../../arm-none-eabi/lib/thumb/v7-m/nofp\libg_nano.a(lib_a-lock.o)
                0x0000a6f0                __retarget_lock_acquire
 .text.__retarget_lock_acquire_recursive
                0x0000a6f2        0x2 c:/program files (x86)/gnu arm embedded toolchain/10 2021.10/bin/../lib/gcc/arm-none-eabi/10.3.1/../../../../arm-none-eabi/lib/thumb/v7-m/nofp\libg_nano.a(lib_a-lock.o)
                0x0000a6f2                __retarget_lock_acquire_recursive
 .text.__retarget_lock_try_acquire
                0x0000a6f4        0x4 c:/program files (x86)/gnu arm embedded toolchain/10 2021.10/bin/../lib/gcc/arm-none-eabi/10.3.1/../../../../arm-none-eabi/lib/thumb/v7-m/nofp\libg_nano.a(lib_a-lock.o)
                0x0000a6f4                __retarget_lock_try_acquire
 .text.__retarget_lock_try_acquire_recursive
                0x0000a6f8        0x4 c:/program files (x86)/gnu arm embedded toolchain/10 2021.10/bin/../lib/gcc/arm-none-eabi/10.3.1/../../../../arm-none-eabi/lib/thumb/v7-m/nofp\libg_nano.a(lib_a-lock.o)
                0x0000a6f8                __retarget_lock_try_acquire_recursive
 .text.__retarget_lock_release
                0x0000a6fc        0x2 c:/program files (x86)/gnu arm embedded toolchain/10 2021.10/bin/../lib/gcc/arm-none-eabi/10.3.1/../../../../arm-none-eabi/lib/thumb/v7-m/nofp\libg_nano.a(lib_a-lock.o)
                0x0000a6fc                __retarget_lock_release
 .text.__retarget_lock_release_recursive
                0x0000a6fe        0x2 c:/program files (x86)/gnu arm embedded toolchain/10 2021.10/bin/../lib/gcc/arm-none-eabi/10.3.1/../../../../arm-none-eabi/lib/thumb/v7-m/nofp\libg_nano.a(lib_a-lock.o)
                0x0000a6fe                __retarget_lock_release_recursive
 *(.rodata*)
 .rodata        0x0000a700       0x89 ./LocalDemoFiles/display.o
 *fill*         0x0000a789        0x3 
 .rodata.g_pucOSRAM128x64x4VerticalInc
                0x0000a78c        0x2 ./LocalDemoFiles/osram128x64x4.o
 *fill*         0x0000a78e        0x2 
 .rodata.g_pucOSRAM128x64x4HorizontalInc
                0x0000a790        0x2 ./LocalDemoFiles/osram128x64x4.o
 *fill*         0x0000a792        0x2 
 .rodata.g_pucFont
                0x0000a794      0x1e0 ./LocalDemoFiles/osram128x64x4.o
 .rodata.g_pucOSRAM128x64x4Init
                0x0000a974       0x4e ./LocalDemoFiles/osram128x64x4.o
 *fill*         0x0000a9c2        0x2 
 .rodata.pucCommand1.7
                0x0000a9c4        0x3 ./LocalDemoFiles/osram128x64x4.o
 *fill*         0x0000a9c7        0x1 
 .rodata.pucCommand2.6
                0x0000a9c8        0x3 ./LocalDemoFiles/osram128x64x4.o
 *fill*         0x0000a9cb        0x1 
 .rodata.pucCommand1.0
                0x0000a9cc        0x3 ./LocalDemoFiles/osram128x64x4.o
 *fill*         0x0000a9cf        0x1 
 .rodata        0x0000a9d0        0x6 ./LocalDemoFiles/snake.o
 *fill*         0x0000a9d6        0x2 
 .rodata        0x0000a9d8       0x18 ./LocalDemoFiles/worker.o
 .rodata        0x0000a9f0       0x1a ./LegacyDrivers/ustdlib.o
 *fill*         0x0000aa0a        0x2 
 .rodata.g_pcHex
                0x0000aa0c        0x4 ./LegacyDrivers/ustdlib.o
 .rodata.xHeapStructSize
                0x0000aa10        0x4 ./FreeRTOS_Source/portable/MemMang/heap_4.o
 .rodata        0x0000aa14       0x40 ./FreeRTOS_Source/portable/MemMang/heap_4.o
 .rodata.pcInterruptPriorityRegisters
                0x0000aa54        0x4 ./FreeRTOS_Source/portable/GCC/ARM_CM3/port.o
 .rodata        0x0000aa58       0x42 ./FreeRTOS_Source/portable/GCC/ARM_CM3/port.o
 *fill*         0x0000aa9a        0x2 
 .rodata        0x0000aa9c       0x35 ./FreeRTOS_Source/event_groups.o
 *fill*         0x0000aad1        0x3 
 .rodata        0x0000aad4       0x2e ./FreeRTOS_Source/queue.o
 *fill*         0x0000ab02        0x2 
 .rodata        0x0000ab04       0x36 ./FreeRTOS_Source/stream_buffer.o
 *fill*         0x0000ab3a        0x2 
 .rodata        0x0000ab3c       0x47 ./FreeRTOS_Source/tasks.o
 *fill*         0x0000ab83        0x1 
 .rodata        0x0000ab84       0x3d ./FreeRTOS_Source/timers.o
 *fill*         0x0000abc1        0x3 
 .rodata        0x0000abc4       0x22 ./main.o
 *fill*         0x0000abe6        0x2 
 .rodata.IntDefaultHandler.str1.4
                0x0000abe8        0xd ./startup.o
 *fill*         0x0000abf5        0x3 
 .rodata.g_pulPriority
                0x0000abf8       0x20 C:\FreeRTOSv202212.01\FreeRTOS\Demo\Common\drivers\LuminaryMicro/arm-none-eabi-gcc/\libdriver.a(interrupt.o)
 .rodata.g_pulRegs
                0x0000ac18       0x40 C:\FreeRTOSv202212.01\FreeRTOS\Demo\Common\drivers\LuminaryMicro/arm-none-eabi-gcc/\libdriver.a(interrupt.o)
 .rodata.g_pulDCRegs
                0x0000ac58       0x10 C:\FreeRTOSv202212.01\FreeRTOS\Demo\Common\drivers\LuminaryMicro/arm-none-eabi-gcc/\libdriver.a(sysctl.o)
 .rodata.g_pulXtals
                0x0000ac68       0x5c C:\FreeRTOSv202212.01\FreeRTOS\Demo\Common\drivers\LuminaryMicro/arm-none-eabi-gcc/\libdriver.a(sysctl.o)
 .rodata.g_pulDCGCRegs
                0x0000acc4        0xc C:\FreeRTOSv202212.01\FreeRTOS\Demo\Common\drivers\LuminaryMicro/arm-none-eabi-gcc/\libdriver.a(sysctl.o)
 .rodata.g_pulRCGCRegs
                0x0000acd0        0xc C:\FreeRTOSv202212.01\FreeRTOS\Demo\Common\drivers\LuminaryMicro/arm-none-eabi-gcc/\libdriver.a(sysctl.o)
 .rodata.g_pulSCGCRegs
                0x0000acdc        0xc C:\FreeRTOSv202212.01\FreeRTOS\Demo\Common\drivers\LuminaryMicro/arm-none-eabi-gcc/\libdriver.a(sysctl.o)
 .rodata.g_pulSRCRRegs
                0x0000ace8        0xc C:\FreeRTOSv202212.01\FreeRTOS\Demo\Common\drivers\LuminaryMicro/arm-none-eabi-gcc/\libdriver.a(sysctl.o)
 .rodata._ctype_
                0x0000acf4      0x101 c:/program files (x86)/gnu arm embedded toolchain/10 2021.10/bin/../lib/gcc/arm-none-eabi/10.3.1/../../../../arm-none-eabi/lib/thumb/v7-m/nofp\libg_nano.a(lib_a-ctype_.o)
                0x0000acf4                _ctype_
 *fill*         0x0000adf5        0x3 
 .rodata._global_impure_ptr
                0x0000adf8        0x4 c:/program files (x86)/gnu arm embedded toolchain/10 2021.10/bin/../lib/gcc/arm-none-eabi/10.3.1/../../../../arm-none-eabi/lib/thumb/v7-m/nofp\libg_nano.a(lib_a-impure.o)
                0x0000adf8                _global_impure_ptr
 .rodata._svfprintf_r.str1.1
                0x0000adfc       0x11 c:/program files (x86)/gnu arm embedded toolchain/10 2021.10/bin/../lib/gcc/arm-none-eabi/10.3.1/../../../../arm-none-eabi/lib/thumb/v7-m/nofp\libg_nano.a(lib_a-nano-svfprintf.o)
 .rodata._printf_i.str1.1
                0x0000ae0d       0x22 c:/program files (x86)/gnu arm embedded toolchain/10 2021.10/bin/../lib/gcc/arm-none-eabi/10.3.1/../../../../arm-none-eabi/lib/thumb/v7-m/nofp\libg_nano.a(lib_a-nano-vfprintf_i.o)
                0x0000ae2f                _etext = .

.glue_7         0x0000ae30        0x0
 .glue_7        0x0000ae30        0x0 linker stubs

.glue_7t        0x0000ae30        0x0
 .glue_7t       0x0000ae30        0x0 linker stubs

.vfp11_veneer   0x0000ae30        0x0
 .vfp11_veneer  0x0000ae30        0x0 linker stubs

.v4_bx          0x0000ae30        0x0
 .v4_bx         0x0000ae30        0x0 linker stubs

.iplt           0x0000ae30        0x0
 .iplt          0x0000ae30        0x0 ./LocalDemoFiles/display.o

.rel.dyn        0x0000ae30        0x0
 .rel.iplt      0x0000ae30        0x0 ./LocalDemoFiles/display.o

.data           0x20000000      0x420 load address 0x0000ae2f
                0x20000000                _data = .
 *(vtable)
 vtable         0x20000000      0x100 C:\FreeRTOSv202212.01\FreeRTOS\Demo\Common\drivers\LuminaryMicro/arm-none-eabi-gcc/\libdriver.a(interrupt.o)
 *(.data*)
 .data          0x20000100        0x0 ./LocalDemoFiles/display.o
 .data          0x20000100        0x0 ./LocalDemoFiles/globals.o
 .data.serialBuffer
                0x20000100       0xa9 ./LocalDemoFiles/globals.o
                0x20000100                serialBuffer
 .data.numberOfMenuStates
                0x200001a9        0x1 ./LocalDemoFiles/globals.o
                0x200001a9                numberOfMenuStates
 *fill*         0x200001aa        0x2 
 .data.snake    0x200001ac      0x208 ./LocalDemoFiles/globals.o
                0x200001ac                snake
 .data          0x200003b4        0x0 ./LocalDemoFiles/osram128x64x4.o
 .data          0x200003b4        0x0 ./LocalDemoFiles/serial.o
 .data          0x200003b4        0x0 ./LocalDemoFiles/snake.o
 .data          0x200003b4        0x0 ./LocalDemoFiles/worker.o
 .data          0x200003b4        0x0 ./LegacyDrivers/ustdlib.o
 .data          0x200003b4        0x0 ./FreeRTOS_Source/portable/MemMang/heap_4.o
 .data          0x200003b4        0x0 ./FreeRTOS_Source/portable/GCC/ARM_CM3/port.o
 .data.uxCriticalNesting
                0x200003b4        0x4 ./FreeRTOS_Source/portable/GCC/ARM_CM3/port.o
 .data          0x200003b8        0x0 ./FreeRTOS_Source/croutine.o
 .data          0x200003b8        0x0 ./FreeRTOS_Source/event_groups.o
 .data          0x200003b8        0x0 ./FreeRTOS_Source/list.o
 .data          0x200003b8        0x0 ./FreeRTOS_Source/queue.o
 .data          0x200003b8        0x0 ./FreeRTOS_Source/stream_buffer.o
 .data          0x200003b8        0x0 ./FreeRTOS_Source/tasks.o
 .data.uxTopUsedPriority
                0x200003b8        0x4 ./FreeRTOS_Source/tasks.o
                0x200003b8                uxTopUsedPriority
 .data          0x200003bc        0x0 ./FreeRTOS_Source/timers.o
 .data          0x200003bc        0x0 ./main.o
 .data          0x200003bc        0x0 ./startup.o
 .data          0x200003bc        0x0 C:\FreeRTOSv202212.01\FreeRTOS\Demo\Common\drivers\LuminaryMicro/arm-none-eabi-gcc/\libdriver.a(gpio.o)
 .data          0x200003bc        0x0 C:\FreeRTOSv202212.01\FreeRTOS\Demo\Common\drivers\LuminaryMicro/arm-none-eabi-gcc/\libdriver.a(interrupt.o)
 .data          0x200003bc        0x0 C:\FreeRTOSv202212.01\FreeRTOS\Demo\Common\drivers\LuminaryMicro/arm-none-eabi-gcc/\libdriver.a(ssi.o)
 .data          0x200003bc        0x0 C:\FreeRTOSv202212.01\FreeRTOS\Demo\Common\drivers\LuminaryMicro/arm-none-eabi-gcc/\libdriver.a(sysctl.o)
 .data          0x200003bc        0x0 C:\FreeRTOSv202212.01\FreeRTOS\Demo\Common\drivers\LuminaryMicro/arm-none-eabi-gcc/\libdriver.a(uart.o)
 .data          0x200003bc        0x0 C:\FreeRTOSv202212.01\FreeRTOS\Demo\Common\drivers\LuminaryMicro/arm-none-eabi-gcc/\libdriver.a(cpu.o)
 .data          0x200003bc        0x0 c:/program files (x86)/gnu arm embedded toolchain/10 2021.10/bin/../lib/gcc/arm-none-eabi/10.3.1/../../../../arm-none-eabi/lib/thumb/v7-m/nofp\libg_nano.a(lib_a-atoi.o)
 .data          0x200003bc        0x0 c:/program files (x86)/gnu arm embedded toolchain/10 2021.10/bin/../lib/gcc/arm-none-eabi/10.3.1/../../../../arm-none-eabi/lib/thumb/v7-m/nofp\libg_nano.a(lib_a-ctype_.o)
 .data          0x200003bc        0x0 c:/program files (x86)/gnu arm embedded toolchain/10 2021.10/bin/../lib/gcc/arm-none-eabi/10.3.1/../../../../arm-none-eabi/lib/thumb/v7-m/nofp\libg_nano.a(lib_a-memcpy-stub.o)
 .data          0x200003bc        0x0 c:/program files (x86)/gnu arm embedded toolchain/10 2021.10/bin/../lib/gcc/arm-none-eabi/10.3.1/../../../../arm-none-eabi/lib/thumb/v7-m/nofp\libg_nano.a(lib_a-memset.o)
 .data          0x200003bc        0x0 c:/program files (x86)/gnu arm embedded toolchain/10 2021.10/bin/../lib/gcc/arm-none-eabi/10.3.1/../../../../arm-none-eabi/lib/thumb/v7-m/nofp\libg_nano.a(lib_a-sprintf.o)
 .data          0x200003bc        0x0 c:/program files (x86)/gnu arm embedded toolchain/10 2021.10/bin/../lib/gcc/arm-none-eabi/10.3.1/../../../../arm-none-eabi/lib/thumb/v7-m/nofp\libg_nano.a(lib_a-strcmp.o)
 .data          0x200003bc        0x0 c:/program files (x86)/gnu arm embedded toolchain/10 2021.10/bin/../lib/gcc/arm-none-eabi/10.3.1/../../../../arm-none-eabi/lib/thumb/v7-m/nofp\libg_nano.a(lib_a-strcpy.o)
 .data          0x200003bc        0x0 c:/program files (x86)/gnu arm embedded toolchain/10 2021.10/bin/../lib/gcc/arm-none-eabi/10.3.1/../../../../arm-none-eabi/lib/thumb/v7-m/nofp\libg_nano.a(lib_a-strlen.o)
 .data          0x200003bc        0x0 c:/program files (x86)/gnu arm embedded toolchain/10 2021.10/bin/../lib/gcc/arm-none-eabi/10.3.1/../../../../arm-none-eabi/lib/thumb/v7-m/nofp\libg_nano.a(lib_a-strncpy.o)
 .data          0x200003bc        0x0 c:/program files (x86)/gnu arm embedded toolchain/10 2021.10/bin/../lib/gcc/arm-none-eabi/10.3.1/../../../../arm-none-eabi/lib/thumb/v7-m/nofp\libg_nano.a(lib_a-strtol.o)
 .data          0x200003bc        0x0 c:/program files (x86)/gnu arm embedded toolchain/10 2021.10/bin/../lib/gcc/arm-none-eabi/10.3.1/../../../../arm-none-eabi/lib/thumb/v7-m/nofp\libg_nano.a(lib_a-errno.o)
 .data          0x200003bc        0x0 c:/program files (x86)/gnu arm embedded toolchain/10 2021.10/bin/../lib/gcc/arm-none-eabi/10.3.1/../../../../arm-none-eabi/lib/thumb/v7-m/nofp\libg_nano.a(lib_a-impure.o)
 .data._impure_ptr
                0x200003bc        0x4 c:/program files (x86)/gnu arm embedded toolchain/10 2021.10/bin/../lib/gcc/arm-none-eabi/10.3.1/../../../../arm-none-eabi/lib/thumb/v7-m/nofp\libg_nano.a(lib_a-impure.o)
                0x200003bc                _impure_ptr
 .data.impure_data