Archive member included to satisfy reference by file (symbol)

C:\FreeRTOSv202212.01\FreeRTOS\Demo\Common\drivers\LuminaryMicro/arm-none-eabi-gcc/\libdriver.a(gpio.o)
                              ./LocalDemoFiles/osram128x64x4.o (GPIODirModeSet)
C:\FreeRTOSv202212.01\FreeRTOS\Demo\Common\drivers\LuminaryMicro/arm-none-eabi-gcc/\libdriver.a(interrupt.o)
                              C:\FreeRTOSv202212.01\FreeRTOS\Demo\Common\drivers\LuminaryMicro/arm-none-eabi-gcc/\libdriver.a(gpio.o) (IntRegister)
C:\FreeRTOSv202212.01\FreeRTOS\Demo\Common\drivers\LuminaryMicro/arm-none-eabi-gcc/\libdriver.a(ssi.o)
                              ./LocalDemoFiles/osram128x64x4.o (SSIConfigSetExpClk)
C:\FreeRTOSv202212.01\FreeRTOS\Demo\Common\drivers\LuminaryMicro/arm-none-eabi-gcc/\libdriver.a(sysctl.o)
                              ./LocalDemoFiles/osram128x64x4.o (SysCtlPeripheralEnable)
C:\FreeRTOSv202212.01\FreeRTOS\Demo\Common\drivers\LuminaryMicro/arm-none-eabi-gcc/\libdriver.a(uart.o)
                              ./main.o (UARTEnable)
C:\FreeRTOSv202212.01\FreeRTOS\Demo\Common\drivers\LuminaryMicro/arm-none-eabi-gcc/\libdriver.a(cpu.o)
                              C:\FreeRTOSv202212.01\FreeRTOS\Demo\Common\drivers\LuminaryMicro/arm-none-eabi-gcc/\libdriver.a(interrupt.o) (CPUcpsid)
c:/program files (x86)/gnu arm embedded toolchain/10 2021.10/bin/../lib/gcc/arm-none-eabi/10.3.1/../../../../arm-none-eabi/lib/thumb/v7-m/nofp\libg_nano.a(lib_a-memcpy-stub.o)
                              ./FreeRTOS_Source/queue.o (memcpy)
c:/program files (x86)/gnu arm embedded toolchain/10 2021.10/bin/../lib/gcc/arm-none-eabi/10.3.1/../../../../arm-none-eabi/lib/thumb/v7-m/nofp\libg_nano.a(lib_a-memset.o)
                              ./FreeRTOS_Source/portable/MemMang/heap_4.o (memset)
c:/program files (x86)/gnu arm embedded toolchain/10 2021.10/bin/../lib/gcc/arm-none-eabi/10.3.1/../../../../arm-none-eabi/lib/thumb/v7-m/nofp\libg_nano.a(lib_a-sprintf.o)
                              ./FreeRTOS_Source/tasks.o (sprintf)
c:/program files (x86)/gnu arm embedded toolchain/10 2021.10/bin/../lib/gcc/arm-none-eabi/10.3.1/../../../../arm-none-eabi/lib/thumb/v7-m/nofp\libg_nano.a(lib_a-strcpy.o)
                              ./FreeRTOS_Source/tasks.o (strcpy)
c:/program files (x86)/gnu arm embedded toolchain/10 2021.10/bin/../lib/gcc/arm-none-eabi/10.3.1/../../../../arm-none-eabi/lib/thumb/v7-m/nofp\libg_nano.a(lib_a-strlen.o)
                              ./FreeRTOS_Source/tasks.o (strlen)
c:/program files (x86)/gnu arm embedded toolchain/10 2021.10/bin/../lib/gcc/arm-none-eabi/10.3.1/../../../../arm-none-eabi/lib/thumb/v7-m/nofp\libg_nano.a(lib_a-strncpy.o)
                              ./LegacyDrivers/ustdlib.o (strncpy)
c:/program files (x86)/gnu arm embedded toolchain/10 2021.10/bin/../lib/gcc/arm-none-eabi/10.3.1/../../../../arm-none-eabi/lib/thumb/v7-m/nofp\libg_nano.a(lib_a-impure.o)
                              c:/program files (x86)/gnu arm embedded toolchain/10 2021.10/bin/../lib/gcc/arm-none-eabi/10.3.1/../../../../arm-none-eabi/lib/thumb/v7-m/nofp\libg_nano.a(lib_a-sprintf.o) (_impure_ptr)
c:/program files (x86)/gnu arm embedded toolchain/10 2021.10/bin/../lib/gcc/arm-none-eabi/10.3.1/../../../../arm-none-eabi/lib/thumb/v7-m/nofp\libg_nano.a(lib_a-nano-svfprintf.o)
                              c:/program files (x86)/gnu arm embedded toolchain/10 2021.10/bin/../lib/gcc/arm-none-eabi/10.3.1/../../../../arm-none-eabi/lib/thumb/v7-m/nofp\libg_nano.a(lib_a-sprintf.o) (_svfprintf_r)
c:/program files (x86)/gnu arm embedded toolchain/10 2021.10/bin/../lib/gcc/arm-none-eabi/10.3.1/../../../../arm-none-eabi/lib/thumb/v7-m/nofp\libg_nano.a(lib_a-nano-vfprintf_i.o)
                              c:/program files (x86)/gnu arm embedded toolchain/10 2021.10/bin/../lib/gcc/arm-none-eabi/10.3.1/../../../../arm-none-eabi/lib/thumb/v7-m/nofp\libg_nano.a(lib_a-nano-svfprintf.o) (_printf_i)
c:/program files (x86)/gnu arm embedded toolchain/10 2021.10/bin/../lib/gcc/arm-none-eabi/10.3.1/../../../../arm-none-eabi/lib/thumb/v7-m/nofp\libg_nano.a(lib_a-memchr-stub.o)
                              c:/program files (x86)/gnu arm embedded toolchain/10 2021.10/bin/../lib/gcc/arm-none-eabi/10.3.1/../../../../arm-none-eabi/lib/thumb/v7-m/nofp\libg_nano.a(lib_a-nano-svfprintf.o) (memchr)
c:/program files (x86)/gnu arm embedded toolchain/10 2021.10/bin/../lib/gcc/arm-none-eabi/10.3.1/../../../../arm-none-eabi/lib/thumb/v7-m/nofp\libg_nano.a(lib_a-memmove.o)
                              c:/program files (x86)/gnu arm embedded toolchain/10 2021.10/bin/../lib/gcc/arm-none-eabi/10.3.1/../../../../arm-none-eabi/lib/thumb/v7-m/nofp\libg_nano.a(lib_a-nano-svfprintf.o) (memmove)
c:/program files (x86)/gnu arm embedded toolchain/10 2021.10/bin/../lib/gcc/arm-none-eabi/10.3.1/../../../../arm-none-eabi/lib/thumb/v7-m/nofp\libg_nano.a(lib_a-nano-freer.o)
[...]
Memory Configuration

Name             Origin             Length             Attributes
FLASH            0x00000000         0x00040000         xr
SRAM             0x20000000         0x00010000         xrw
*default*        0x00000000         0xffffffff

Linker script and memory map

LOAD ./LocalDemoFiles/display.o
LOAD ./LocalDemoFiles/globals.o
LOAD ./LocalDemoFiles/osram128x64x4.o
LOAD ./LocalDemoFiles/serial.o
LOAD ./LocalDemoFiles/state.o
LOAD ./LegacyDrivers/ustdlib.o
LOAD ./FreeRTOS_Source/portable/MemMang/heap_4.o
LOAD ./FreeRTOS_Source/portable/GCC/ARM_CM3/port.o
LOAD ./FreeRTOS_Source/croutine.o
LOAD ./FreeRTOS_Source/event_groups.o
LOAD ./FreeRTOS_Source/list.o
LOAD ./FreeRTOS_Source/queue.o
LOAD ./FreeRTOS_Source/stream_buffer.o
LOAD ./FreeRTOS_Source/tasks.o
LOAD ./FreeRTOS_Source/timers.o
LOAD ./main.o
LOAD ./startup.o
LOAD C:\FreeRTOSv202212.01\FreeRTOS\Demo\Common\drivers\LuminaryMicro/arm-none-eabi-gcc/\libdriver.a
LOAD C:\FreeRTOSv202212.01\FreeRTOS\Demo\Common\drivers\LuminaryMicro/arm-none-eabi-gcc/\libgr.a
START GROUP
LOAD c:/program files (x86)/gnu arm embedded toolchain/10 2021.10/bin/../lib/gcc/arm-none-eabi/10.3.1/thumb/v7-m/nofp\libgcc.a
LOAD c:/program files (x86)/gnu arm embedded toolchain/10 2021.10/bin/../lib/gcc/arm-none-eabi/10.3.1/../../../../arm-none-eabi/lib/thumb/v7-m/nofp\libg_nano.a
LOAD c:/program files (x86)/gnu arm embedded toolchain/10 2021.10/bin/../lib/gcc/arm-none-eabi/10.3.1/../../../../arm-none-eabi/lib/thumb/v7-m/nofp\libc_nano.a
END GROUP
START GROUP
LOAD c:/program files (x86)/gnu arm embedded toolchain/10 2021.10/bin/../lib/gcc/arm-none-eabi/10.3.1/thumb/v7-m/nofp\libgcc.a
LOAD c:/program files (x86)/gnu arm embedded toolchain/10 2021.10/bin/../lib/gcc/arm-none-eabi/10.3.1/../../../../arm-none-eabi/lib/thumb/v7-m/nofp\libc_nano.a
END GROUP

.text           0x00000000     0xa25b
 *(.isr_vector)
 .isr_vector    0x00000000       0xf0 ./startup.o
                0x00000000                g_pfnVectors
 *(.text*)
 .text          0x000000f0        0x0 ./LocalDemoFiles/display.o
 .text.printScreanType
                0x000000f0       0x58 ./LocalDemoFiles/display.o
                0x000000f0                printScreanType
 .text.printMouse
                0x00000148       0x24 ./LocalDemoFiles/display.o
                0x00000148                printMouse
 .text.printMenu
                0x0000016c       0x4c ./LocalDemoFiles/display.o
                0x0000016c                printMenu
 .text          0x000001b8        0x0 ./LocalDemoFiles/globals.o
 .text          0x000001b8        0x0 ./LocalDemoFiles/osram128x64x4.o
 .text.OSRAMWriteCommand
                0x000001b8       0x60 ./LocalDemoFiles/osram128x64x4.o
 .text.OSRAMWriteData
                0x00000218       0x60 ./LocalDemoFiles/osram128x64x4.o
 .text.OSRAM128x64x4Clear
                0x00000278       0x64 ./LocalDemoFiles/osram128x64x4.o
                0x00000278                OSRAM128x64x4Clear
 .text.OSRAM128x64x4StringDraw
                0x000002dc      0x1c8 ./LocalDemoFiles/osram128x64x4.o
                0x000002dc                OSRAM128x64x4StringDraw
 .text.OSRAM128x64x4ImageDraw
                0x000004a4      0x118 ./LocalDemoFiles/osram128x64x4.o
                0x000004a4                OSRAM128x64x4ImageDraw
 .text.OSRAM128x64x4PixelDraw
                0x000005bc       0xc8 ./LocalDemoFiles/osram128x64x4.o
                0x000005bc                OSRAM128x64x4PixelDraw
 .text.OSRAM128x64x4RectangleDraw
                0x00000684      0x19c ./LocalDemoFiles/osram128x64x4.o
                0x00000684                OSRAM128x64x4RectangleDraw
 .text.OSRAM128x64x4Enable
                0x00000820       0x70 ./LocalDemoFiles/osram128x64x4.o
                0x00000820                OSRAM128x64x4Enable
 .text.OSRAM128x64x4Disable
                0x00000890       0x5c ./LocalDemoFiles/osram128x64x4.o
                0x00000890                OSRAM128x64x4Disable
 .text.OSRAM128x64x4Init
                0x000008ec       0xd8 ./LocalDemoFiles/osram128x64x4.o
                0x000008ec                OSRAM128x64x4Init
 .text.OSRAM128x64x4DisplayOn
                0x000009c4       0x4c ./LocalDemoFiles/osram128x64x4.o
                0x000009c4                OSRAM128x64x4DisplayOn
 .text.OSRAM128x64x4DisplayOff
                0x00000a10       0x14 ./LocalDemoFiles/osram128x64x4.o
                0x00000a10                OSRAM128x64x4DisplayOff
 .text.OSRAM128x64x4SwapBuffer
                0x00000a24       0x4c ./LocalDemoFiles/osram128x64x4.o
                0x00000a24                OSRAM128x64x4SwapBuffer
 .text          0x00000a70        0x0 ./LocalDemoFiles/serial.o
 .text.printSerial
                0x00000a70       0xe4 ./LocalDemoFiles/serial.o
                0x00000a70                printSerial
 .text.getSpecialKey
                0x00000b54       0xe0 ./LocalDemoFiles/serial.o
                0x00000b54                getSpecialKey
 .text.moveMouse
                0x00000c34       0x94 ./LocalDemoFiles/serial.o
                0x00000c34                moveMouse
 .text.interactMenu
                0x00000cc8       0x98 ./LocalDemoFiles/serial.o
                0x00000cc8                interactMenu
 .text          0x00000d60        0x0 ./LocalDemoFiles/state.o
 .text          0x00000d60        0x0 ./LegacyDrivers/ustdlib.o
 .text.uvsnprintf
                0x00000d60      0x3d0 ./LegacyDrivers/ustdlib.o
                0x00000d60                uvsnprintf
 .text.usprintf
                0x00001130       0x30 ./LegacyDrivers/ustdlib.o
                0x00001130                usprintf
 .text.usnprintf
                0x00001160       0x30 ./LegacyDrivers/ustdlib.o
                0x00001160                usnprintf
 .text          0x00001190        0x0 ./FreeRTOS_Source/portable/MemMang/heap_4.o
 .text.pvPortMalloc
                0x00001190      0x15c ./FreeRTOS_Source/portable/MemMang/heap_4.o
                0x00001190                pvPortMalloc
 .text.vPortFree
                0x000012ec       0xa4 ./FreeRTOS_Source/portable/MemMang/heap_4.o
                0x000012ec                vPortFree
 .text.xPortGetFreeHeapSize
                0x00001390       0x14 ./FreeRTOS_Source/portable/MemMang/heap_4.o
                0x00001390                xPortGetFreeHeapSize
 .text.xPortGetMinimumEverFreeHeapSize
                0x000013a4       0x14 ./FreeRTOS_Source/portable/MemMang/heap_4.o
                0x000013a4                xPortGetMinimumEverFreeHeapSize
 .text.vPortInitialiseBlocks
                0x000013b8        0xc ./FreeRTOS_Source/portable/MemMang/heap_4.o
                0x000013b8                vPortInitialiseBlocks
 .text.pvPortCalloc
                0x000013c4       0x60 ./FreeRTOS_Source/portable/MemMang/heap_4.o
                0x000013c4                pvPortCalloc
 .text.prvHeapInit
                0x00001424       0xb8 ./FreeRTOS_Source/portable/MemMang/heap_4.o
 .text.prvInsertBlockIntoFreeList
                0x000014dc       0xb0 ./FreeRTOS_Source/portable/MemMang/heap_4.o
 .text.vPortGetHeapStats
                0x0000158c       0xbc ./FreeRTOS_Source/portable/MemMang/heap_4.o
                0x0000158c                vPortGetHeapStats
 .text          0x00001648        0x0 ./FreeRTOS_Source/portable/GCC/ARM_CM3/port.o
 .text.pxPortInitialiseStack
                0x00001648       0x58 ./FreeRTOS_Source/portable/GCC/ARM_CM3/port.o
                0x00001648                pxPortInitialiseStack
 .text.prvTaskExitError
                0x000016a0       0x4c ./FreeRTOS_Source/portable/GCC/ARM_CM3/port.o
 *fill*         0x000016ec        0x4 
 .text.vPortSVCHandler
                0x000016f0       0x28 ./FreeRTOS_Source/portable/GCC/ARM_CM3/port.o
                0x000016f0                vPortSVCHandler
 .text.prvPortStartFirstTask
                0x00001718       0x24 ./FreeRTOS_Source/portable/GCC/ARM_CM3/port.o
 .text.xPortStartScheduler
                0x0000173c       0xc0 ./FreeRTOS_Source/portable/GCC/ARM_CM3/port.o
                0x0000173c                xPortStartScheduler
 .text.vPortEndScheduler
                0x000017fc       0x24 ./FreeRTOS_Source/portable/GCC/ARM_CM3/port.o
                0x000017fc                vPortEndScheduler
 .text.vPortEnterCritical
                0x00001820       0x54 ./FreeRTOS_Source/portable/GCC/ARM_CM3/port.o
                0x00001820                vPortEnterCritical
 .text.vPortExitCritical
                0x00001874       0x48 ./FreeRTOS_Source/portable/GCC/ARM_CM3/port.o
                0x00001874                vPortExitCritical
 *fill*         0x000018bc        0x4 
 .text.xPortPendSVHandler
                0x000018c0       0x48 ./FreeRTOS_Source/portable/GCC/ARM_CM3/port.o
                0x000018c0                xPortPendSVHandler
 .text.xPortSysTickHandler
                0x00001908       0x44 ./FreeRTOS_Source/portable/GCC/ARM_CM3/port.o
                0x00001908                xPortSysTickHandler
 .text.vPortSetupTimerInterrupt
                0x0000194c       0x34 ./FreeRTOS_Source/portable/GCC/ARM_CM3/port.o
                0x0000194c                vPortSetupTimerInterrupt
 .text.vPortValidateInterruptPriority
                0x00001980       0x68 ./FreeRTOS_Source/portable/GCC/ARM_CM3/port.o
                0x00001980                vPortValidateInterruptPriority
 .text          0x000019e8        0x0 ./FreeRTOS_Source/croutine.o
 .text          0x000019e8        0x0 ./FreeRTOS_Source/event_groups.o
 .text.xEventGroupCreateStatic
                0x000019e8       0x58 ./FreeRTOS_Source/event_groups.o
                0x000019e8                xEventGroupCreateStatic
 .text.xEventGroupCreate
                0x00001a40       0x34 ./FreeRTOS_Source/event_groups.o
                0x00001a40                xEventGroupCreate
 .text.xEventGroupSync
                0x00001a74      0x138 ./FreeRTOS_Source/event_groups.o
                0x00001a74                xEventGroupSync
 .text.xEventGroupWaitBits
                0x00001bac      0x170 ./FreeRTOS_Source/event_groups.o
                0x00001bac                xEventGroupWaitBits
 .text.xEventGroupClearBits
                0x00001d1c       0x5c ./FreeRTOS_Source/event_groups.o
                0x00001d1c                xEventGroupClearBits
 .text.xEventGroupClearBitsFromISR
                0x00001d78       0x28 ./FreeRTOS_Source/event_groups.o
                0x00001d78                xEventGroupClearBitsFromISR
 .text.xEventGroupGetBitsFromISR
                0x00001da0       0x46 ./FreeRTOS_Source/event_groups.o
                0x00001da0                xEventGroupGetBitsFromISR
 *fill*         0x00001de6        0x2 
 .text.xEventGroupSetBits
                0x00001de8      0x104 ./FreeRTOS_Source/event_groups.o
                0x00001de8                xEventGroupSetBits
 .text.vEventGroupDelete
                0x00001eec       0x74 ./FreeRTOS_Source/event_groups.o
                0x00001eec                vEventGroupDelete
 .text.vEventGroupSetBitsCallback
                0x00001f60       0x1a ./FreeRTOS_Source/event_groups.o
                0x00001f60                vEventGroupSetBitsCallback
 .text.vEventGroupClearBitsCallback
                0x00001f7a       0x1a ./FreeRTOS_Source/event_groups.o
                0x00001f7a                vEventGroupClearBitsCallback
 .text.prvTestWaitCondition
                0x00001f94       0x42 ./FreeRTOS_Source/event_groups.o
 *fill*         0x00001fd6        0x2 
 .text.xEventGroupSetBitsFromISR
                0x00001fd8       0x28 ./FreeRTOS_Source/event_groups.o
                0x00001fd8                xEventGroupSetBitsFromISR
 .text.uxEventGroupGetNumber
                0x00002000       0x2a ./FreeRTOS_Source/event_groups.o
                0x00002000                uxEventGroupGetNumber
 .text.vEventGroupSetNumber
                0x0000202a       0x1a ./FreeRTOS_Source/event_groups.o
                0x0000202a                vEventGroupSetNumber
 .text          0x00002044        0x0 ./FreeRTOS_Source/list.o
 .text.vListInitialise
                0x00002044       0x3e ./FreeRTOS_Source/list.o
                0x00002044                vListInitialise
 .text.vListInitialiseItem
                0x00002082       0x18 ./FreeRTOS_Source/list.o
                0x00002082                vListInitialiseItem
 .text.vListInsertEnd
                0x0000209a       0x46 ./FreeRTOS_Source/list.o
                0x0000209a                vListInsertEnd
 .text.vListInsert
                0x000020e0       0x70 ./FreeRTOS_Source/list.o
                0x000020e0                vListInsert
 .text.uxListRemove
                0x00002150       0x52 ./FreeRTOS_Source/list.o
                0x00002150                uxListRemove
 .text          0x000021a2        0x0 ./FreeRTOS_Source/queue.o
 *fill*         0x000021a2        0x2 
 .text.xQueueGenericReset
                0x000021a4      0x10c ./FreeRTOS_Source/queue.o
                0x000021a4                xQueueGenericReset
 .text.xQueueGenericCreateStatic
                0x000022b0       0x9c ./FreeRTOS_Source/queue.o
                0x000022b0                xQueueGenericCreateStatic
 .text.xQueueGenericCreate
                0x0000234c       0x9c ./FreeRTOS_Source/queue.o
                0x0000234c                xQueueGenericCreate
 .text.prvInitialiseNewQueue
                0x000023e8       0x4c ./FreeRTOS_Source/queue.o
 .text.prvInitialiseMutex
                0x00002434       0x34 ./FreeRTOS_Source/queue.o
 .text.xQueueCreateMutex
                0x00002468       0x30 ./FreeRTOS_Source/queue.o
                0x00002468                xQueueCreateMutex
 .text.xQueueCreateMutexStatic
                0x00002498       0x36 ./FreeRTOS_Source/queue.o
                0x00002498                xQueueCreateMutexStatic
 *fill*         0x000024ce        0x2 
 .text.xQueueGetMutexHolder
                0x000024d0       0x48 ./FreeRTOS_Source/queue.o
                0x000024d0                xQueueGetMutexHolder
 .text.xQueueGetMutexHolderFromISR
                0x00002518       0x3c ./FreeRTOS_Source/queue.o
                0x00002518                xQueueGetMutexHolderFromISR
 .text.xQueueGiveMutexRecursive
                0x00002554       0x60 ./FreeRTOS_Source/queue.o
                0x00002554                xQueueGiveMutexRecursive
 .text.xQueueTakeMutexRecursive
                0x000025b4       0x64 ./FreeRTOS_Source/queue.o
                0x000025b4                xQueueTakeMutexRecursive
 .text.xQueueCreateCountingSemaphoreStatic
                0x00002618       0x5c ./FreeRTOS_Source/queue.o
                0x00002618                xQueueCreateCountingSemaphoreStatic
 .text.xQueueCreateCountingSemaphore
                0x00002674       0x54 ./FreeRTOS_Source/queue.o
                0x00002674                xQueueCreateCountingSemaphore
 .text.xQueueGenericSend
                0x000026c8      0x208 ./FreeRTOS_Source/queue.o
                0x000026c8                xQueueGenericSend
 .text.xQueueGenericSendFromISR
                0x000028d0      0x168 ./FreeRTOS_Source/queue.o
                0x000028d0                xQueueGenericSendFromISR
 .text.xQueueGiveFromISR
                0x00002a38      0x13c ./FreeRTOS_Source/queue.o
                0x00002a38                xQueueGiveFromISR
 .text.xQueueReceive
                0x00002b74      0x1a0 ./FreeRTOS_Source/queue.o
                0x00002b74                xQueueReceive
 .text.xQueueSemaphoreTake
                0x00002d14      0x1dc ./FreeRTOS_Source/queue.o
                0x00002d14                xQueueSemaphoreTake
 .text.xQueuePeek
                0x00002ef0      0x1a4 ./FreeRTOS_Source/queue.o
                0x00002ef0                xQueuePeek
 .text.xQueueReceiveFromISR
                0x00003094      0x110 ./FreeRTOS_Source/queue.o
                0x00003094                xQueueReceiveFromISR
 .text.xQueuePeekFromISR
                0x000031a4       0xb4 ./FreeRTOS_Source/queue.o
                0x000031a4                xQueuePeekFromISR
 .text.uxQueueMessagesWaiting
                0x00003258       0x34 ./FreeRTOS_Source/queue.o
                0x00003258                uxQueueMessagesWaiting
 .text.uxQueueSpacesAvailable
                0x0000328c       0x40 ./FreeRTOS_Source/queue.o
                0x0000328c                uxQueueSpacesAvailable
 .text.uxQueueMessagesWaitingFromISR
                0x000032cc       0x30 ./FreeRTOS_Source/queue.o
                0x000032cc                uxQueueMessagesWaitingFromISR
 .text.vQueueDelete
                0x000032fc       0x40 ./FreeRTOS_Source/queue.o
                0x000032fc                vQueueDelete
 .text.uxQueueGetQueueNumber
                0x0000333c       0x16 ./FreeRTOS_Source/queue.o
                0x0000333c                uxQueueGetQueueNumber
 .text.vQueueSetQueueNumber
                0x00003352       0x1a ./FreeRTOS_Source/queue.o
                0x00003352                vQueueSetQueueNumber
 .text.ucQueueGetQueueType
                0x0000336c       0x18 ./FreeRTOS_Source/queue.o
                0x0000336c                ucQueueGetQueueType
 .text.prvGetDisinheritPriorityAfterTimeout
                0x00003384       0x2e ./FreeRTOS_Source/queue.o
 .text.prvCopyDataToQueue
                0x000033b2       0xd4 ./FreeRTOS_Source/queue.o
 .text.prvCopyDataFromQueue
                0x00003486       0x4c ./FreeRTOS_Source/queue.o
 .text.prvUnlockQueue
                0x000034d2       0xbe ./FreeRTOS_Source/queue.o
 .text.prvIsQueueEmpty
                0x00003590       0x2c ./FreeRTOS_Source/queue.o
 .text.xQueueIsQueueEmptyFromISR
                0x000035bc       0x3c ./FreeRTOS_Source/queue.o
                0x000035bc                xQueueIsQueueEmptyFromISR
 .text.prvIsQueueFull
                0x000035f8       0x30 ./FreeRTOS_Source/queue.o
 .text.xQueueIsQueueFullFromISR
                0x00003628       0x40 ./FreeRTOS_Source/queue.o
                0x00003628                xQueueIsQueueFullFromISR
 .text.vQueueAddToRegistry
                0x00003668       0x90 ./FreeRTOS_Source/queue.o
                0x00003668                vQueueAddToRegistry
 .text.pcQueueGetName
                0x000036f8       0x5c ./FreeRTOS_Source/queue.o
                0x000036f8                pcQueueGetName
 .text.vQueueUnregisterQueue
                0x00003754       0x64 ./FreeRTOS_Source/queue.o
                0x00003754                vQueueUnregisterQueue
 .text.vQueueWaitForMessageRestricted
                0x000037b8       0x68 ./FreeRTOS_Source/queue.o
                0x000037b8                vQueueWaitForMessageRestricted
 .text.xQueueCreateSet
                0x00003820       0x1e ./FreeRTOS_Source/queue.o
                0x00003820                xQueueCreateSet
 .text.xQueueAddToSet
                0x0000383e       0x42 ./FreeRTOS_Source/queue.o
                0x0000383e                xQueueAddToSet
 .text.xQueueRemoveFromSet
                0x00003880       0x48 ./FreeRTOS_Source/queue.o
                0x00003880                xQueueRemoveFromSet
 .text.xQueueSelectFromSet
                0x000038c8       0x26 ./FreeRTOS_Source/queue.o
                0x000038c8                xQueueSelectFromSet
 .text.xQueueSelectFromSetFromISR
                0x000038ee       0x24 ./FreeRTOS_Source/queue.o
                0x000038ee                xQueueSelectFromSetFromISR
 *fill*         0x00003912        0x2 
 .text.prvNotifyQueueSetContainer
                0x00003914       0xc0 ./FreeRTOS_Source/queue.o
 .text          0x000039d4        0x0 ./FreeRTOS_Source/stream_buffer.o
 .text.xStreamBufferGenericCreate
                0x000039d4       0xac ./FreeRTOS_Source/stream_buffer.o
                0x000039d4                xStreamBufferGenericCreate
 .text.xStreamBufferGenericCreateStatic
                0x00003a80       0xcc ./FreeRTOS_Source/stream_buffer.o
                0x00003a80                xStreamBufferGenericCreateStatic
 .text.vStreamBufferDelete
                0x00003b4c       0x48 ./FreeRTOS_Source/stream_buffer.o
                0x00003b4c                vStreamBufferDelete
 .text.xStreamBufferReset
                0x00003b94       0x84 ./FreeRTOS_Source/stream_buffer.o
                0x00003b94                xStreamBufferReset
 .text.xStreamBufferSetTriggerLevel
                0x00003c18       0x50 ./FreeRTOS_Source/stream_buffer.o
                0x00003c18                xStreamBufferSetTriggerLevel
 .text.xStreamBufferSpacesAvailable
                0x00003c68       0x6c ./FreeRTOS_Source/stream_buffer.o
                0x00003c68                xStreamBufferSpacesAvailable
 .text.xStreamBufferBytesAvailable
                0x00003cd4       0x34 ./FreeRTOS_Source/stream_buffer.o
                0x00003cd4                xStreamBufferBytesAvailable
 .text.xStreamBufferSend
                0x00003d08      0x170 ./FreeRTOS_Source/stream_buffer.o
                0x00003d08                xStreamBufferSend
 .text.xStreamBufferSendFromISR
                0x00003e78       0xd4 ./FreeRTOS_Source/stream_buffer.o
                0x00003e78                xStreamBufferSendFromISR
 .text.prvWriteMessageToBuffer
                0x00003f4c       0x88 ./FreeRTOS_Source/stream_buffer.o
 .text.xStreamBufferReceive
                0x00003fd4      0x110 ./FreeRTOS_Source/stream_buffer.o
                0x00003fd4                xStreamBufferReceive
 .text.xStreamBufferNextMessageLengthBytes
                0x000040e4       0x74 ./FreeRTOS_Source/stream_buffer.o
                0x000040e4                xStreamBufferNextMessageLengthBytes
 .text.xStreamBufferReceiveFromISR
                0x00004158       0xcc ./FreeRTOS_Source/stream_buffer.o
                0x00004158                xStreamBufferReceiveFromISR
 .text.prvReadMessageFromBuffer
                0x00004224       0x7a ./FreeRTOS_Source/stream_buffer.o
 *fill*         0x0000429e        0x2 
 .text.xStreamBufferIsEmpty
                0x000042a0       0x44 ./FreeRTOS_Source/stream_buffer.o
                0x000042a0                xStreamBufferIsEmpty
 .text.xStreamBufferIsFull
                0x000042e4       0x58 ./FreeRTOS_Source/stream_buffer.o
                0x000042e4                xStreamBufferIsFull
 .text.xStreamBufferSendCompletedFromISR
                0x0000433c       0x84 ./FreeRTOS_Source/stream_buffer.o
                0x0000433c                xStreamBufferSendCompletedFromISR
 .text.xStreamBufferReceiveCompletedFromISR
                0x000043c0       0x84 ./FreeRTOS_Source/stream_buffer.o
                0x000043c0                xStreamBufferReceiveCompletedFromISR
 .text.prvWriteBytesToBuffer
                0x00004444       0xbc ./FreeRTOS_Source/stream_buffer.o
 .text.prvReadBytesFromBuffer
                0x00004500       0xb4 ./FreeRTOS_Source/stream_buffer.o
 .text.prvBytesInBuffer
                0x000045b4       0x3e ./FreeRTOS_Source/stream_buffer.o
 *fill*         0x000045f2        0x2 
 .text.prvInitialiseNewStreamBuffer
                0x000045f4       0x60 ./FreeRTOS_Source/stream_buffer.o
 .text.uxStreamBufferGetStreamBufferNumber
                0x00004654       0x16 ./FreeRTOS_Source/stream_buffer.o
                0x00004654                uxStreamBufferGetStreamBufferNumber
 .text.vStreamBufferSetStreamBufferNumber
                0x0000466a       0x1a ./FreeRTOS_Source/stream_buffer.o
                0x0000466a                vStreamBufferSetStreamBufferNumber
 .text.ucStreamBufferGetStreamBufferType
                0x00004684       0x1c ./FreeRTOS_Source/stream_buffer.o
                0x00004684                ucStreamBufferGetStreamBufferType
 .text          0x000046a0        0x0 ./FreeRTOS_Source/tasks.o
 .text.xTaskCreateStatic
                0x000046a0       0xa4 ./FreeRTOS_Source/tasks.o
                0x000046a0                xTaskCreateStatic
 .text.xTaskCreate
                0x00004744       0x94 ./FreeRTOS_Source/tasks.o
                0x00004744                xTaskCreate
 .text.prvInitialiseNewTask
                0x000047d8      0x10c ./FreeRTOS_Source/tasks.o
 .text.prvAddNewTaskToReadyList
                0x000048e4      0x12c ./FreeRTOS_Source/tasks.o
 .text.vTaskDelete
                0x00004a10      0x120 ./FreeRTOS_Source/tasks.o
                0x00004a10                vTaskDelete
 .text.xTaskDelayUntil
                0x00004b30       0xdc ./FreeRTOS_Source/tasks.o
                0x00004b30                xTaskDelayUntil
 .text.vTaskDelay
                0x00004c0c       0x60 ./FreeRTOS_Source/tasks.o
                0x00004c0c                vTaskDelay
 .text.eTaskGetState
                0x00004c6c       0xdc ./FreeRTOS_Source/tasks.o
                0x00004c6c                eTaskGetState
 .text.uxTaskPriorityGet
                0x00004d48       0x34 ./FreeRTOS_Source/tasks.o
                0x00004d48                uxTaskPriorityGet
 .text.uxTaskPriorityGetFromISR
                0x00004d7c       0x58 ./FreeRTOS_Source/tasks.o
                0x00004d7c                uxTaskPriorityGetFromISR
 .text.vTaskPrioritySet
                0x00004dd4      0x19c ./FreeRTOS_Source/tasks.o
                0x00004dd4                vTaskPrioritySet
 .text.vTaskSuspend
                0x00004f70      0x138 ./FreeRTOS_Source/tasks.o
                0x00004f70                vTaskSuspend
 .text.prvTaskIsTaskSuspended
                0x000050a8       0x58 ./FreeRTOS_Source/tasks.o
 .text.vTaskResume
                0x00005100      0x104 ./FreeRTOS_Source/tasks.o
                0x00005100                vTaskResume
 .text.xTaskResumeFromISR
                0x00005204      0x134 ./FreeRTOS_Source/tasks.o
                0x00005204                xTaskResumeFromISR
 .text.vTaskStartScheduler
                0x00005338       0xd0 ./FreeRTOS_Source/tasks.o
                0x00005338                vTaskStartScheduler
 .text.vTaskEndScheduler
                0x00005408       0x30 ./FreeRTOS_Source/tasks.o
                0x00005408                vTaskEndScheduler
 .text.vTaskSuspendAll
                0x00005438       0x1c ./FreeRTOS_Source/tasks.o
                0x00005438                vTaskSuspendAll
 .text.xTaskResumeAll
                0x00005454      0x1f0 ./FreeRTOS_Source/tasks.o
                0x00005454                xTaskResumeAll
 .text.xTaskGetTickCount
                0x00005644       0x1c ./FreeRTOS_Source/tasks.o
                0x00005644                xTaskGetTickCount
 .text.xTaskGetTickCountFromISR
                0x00005660       0x24 ./FreeRTOS_Source/tasks.o
                0x00005660                xTaskGetTickCountFromISR
 .text.uxTaskGetNumberOfTasks
                0x00005684       0x14 ./FreeRTOS_Source/tasks.o
                0x00005684                uxTaskGetNumberOfTasks
 .text.pcTaskGetName
                0x00005698       0x3c ./FreeRTOS_Source/tasks.o
                0x00005698                pcTaskGetName
 .text.uxTaskGetSystemState
                0x000056d4      0x11c ./FreeRTOS_Source/tasks.o
                0x000056d4                uxTaskGetSystemState
 .text.xTaskGetIdleTaskHandle
                0x000057f0       0x28 ./FreeRTOS_Source/tasks.o
                0x000057f0                xTaskGetIdleTaskHandle
 .text.xTaskCatchUpTicks
                0x00005818       0x50 ./FreeRTOS_Source/tasks.o
                0x00005818                xTaskCatchUpTicks
 .text.xTaskIncrementTick
                0x00005868      0x234 ./FreeRTOS_Source/tasks.o
                0x00005868                xTaskIncrementTick
 .text.vTaskSwitchContext
                0x00005a9c       0xf8 ./FreeRTOS_Source/tasks.o
                0x00005a9c                vTaskSwitchContext
 .text.vTaskPlaceOnEventList
                0x00005b94       0x40 ./FreeRTOS_Source/tasks.o
                0x00005b94                vTaskPlaceOnEventList
 .text.vTaskPlaceOnUnorderedEventList
                0x00005bd4       0x98 ./FreeRTOS_Source/tasks.o
                0x00005bd4                vTaskPlaceOnUnorderedEventList
 .text.vTaskPlaceOnEventListRestricted
                0x00005c6c       0x84 ./FreeRTOS_Source/tasks.o
                0x00005c6c                vTaskPlaceOnEventListRestricted
 .text.xTaskRemoveFromEventList
                0x00005cf0      0x1a0 ./FreeRTOS_Source/tasks.o
                0x00005cf0                xTaskRemoveFromEventList
 .text.vTaskRemoveFromUnorderedEventList
                0x00005e90      0x168 ./FreeRTOS_Source/tasks.o
                0x00005e90                vTaskRemoveFromUnorderedEventList
 .text.vTaskSetTimeOutState
                0x00005ff8       0x44 ./FreeRTOS_Source/tasks.o
                0x00005ff8                vTaskSetTimeOutState
 .text.vTaskInternalSetTimeOutState
                0x0000603c       0x2c ./FreeRTOS_Source/tasks.o
                0x0000603c                vTaskInternalSetTimeOutState
 .text.xTaskCheckForTimeOut
                0x00006068       0xb8 ./FreeRTOS_Source/tasks.o
                0x00006068                xTaskCheckForTimeOut
 .text.vTaskMissedYield
                0x00006120       0x18 ./FreeRTOS_Source/tasks.o
                0x00006120                vTaskMissedYield
 .text.uxTaskGetTaskNumber
                0x00006138       0x2a ./FreeRTOS_Source/tasks.o
                0x00006138                uxTaskGetTaskNumber
 .text.vTaskSetTaskNumber
                0x00006162       0x24 ./FreeRTOS_Source/tasks.o
                0x00006162                vTaskSetTaskNumber
 .text.prvIdleTask
                0x00006186        0xe ./FreeRTOS_Source/tasks.o
 .text.prvInitialiseTaskLists
                0x00006194       0x80 ./FreeRTOS_Source/tasks.o
 .text.prvCheckTasksWaitingTermination
                0x00006214       0x5c ./FreeRTOS_Source/tasks.o
 .text.vTaskGetInfo
                0x00006270       0xcc ./FreeRTOS_Source/tasks.o
                0x00006270                vTaskGetInfo
 .text.prvListTasksWithinSingleList
                0x0000633c       0xa4 ./FreeRTOS_Source/tasks.o
 .text.prvTaskCheckFreeStackSpace
                0x000063e0       0x36 ./FreeRTOS_Source/tasks.o
 *fill*         0x00006416        0x2 
 .text.uxTaskGetStackHighWaterMark
                0x00006418       0x38 ./FreeRTOS_Source/tasks.o
                0x00006418                uxTaskGetStackHighWaterMark
 .text.prvDeleteTCB
                0x00006450       0x58 ./FreeRTOS_Source/tasks.o
 .text.prvResetNextTaskUnblockTime
                0x000064a8       0x34 ./FreeRTOS_Source/tasks.o
 .text.xTaskGetCurrentTaskHandle
                0x000064dc       0x1c ./FreeRTOS_Source/tasks.o
                0x000064dc                xTaskGetCurrentTaskHandle
 .text.xTaskGetSchedulerState
                0x000064f8       0x3c ./FreeRTOS_Source/tasks.o
                0x000064f8                xTaskGetSchedulerState
 .text.xTaskPriorityInherit
                0x00006534      0x13c ./FreeRTOS_Source/tasks.o
                0x00006534                xTaskPriorityInherit
 .text.xTaskPriorityDisinherit
                0x00006670      0x130 ./FreeRTOS_Source/tasks.o
                0x00006670                xTaskPriorityDisinherit
 .text.vTaskPriorityDisinheritAfterTimeout
                0x000067a0      0x15c ./FreeRTOS_Source/tasks.o
                0x000067a0                vTaskPriorityDisinheritAfterTimeout
 .text.prvWriteNameToBuffer
                0x000068fc       0x4a ./FreeRTOS_Source/tasks.o
 *fill*         0x00006946        0x2 
 .text.vTaskList
                0x00006948      0x130 ./FreeRTOS_Source/tasks.o
                0x00006948                vTaskList
 .text.uxTaskResetEventItemValue
                0x00006a78       0x30 ./FreeRTOS_Source/tasks.o
                0x00006a78                uxTaskResetEventItemValue
 .text.pvTaskIncrementMutexHeldCount
                0x00006aa8       0x28 ./FreeRTOS_Source/tasks.o
                0x00006aa8                pvTaskIncrementMutexHeldCount
 .text.ulTaskGenericNotifyTake
                0x00006ad0       0xc8 ./FreeRTOS_Source/tasks.o
                0x00006ad0                ulTaskGenericNotifyTake
 .text.xTaskGenericNotifyWait
                0x00006b98       0xf8 ./FreeRTOS_Source/tasks.o
                0x00006b98                xTaskGenericNotifyWait
 .text.xTaskGenericNotify
                0x00006c90      0x218 ./FreeRTOS_Source/tasks.o
                0x00006c90                xTaskGenericNotify
 .text.xTaskGenericNotifyFromISR
                0x00006ea8      0x28c ./FreeRTOS_Source/tasks.o
                0x00006ea8                xTaskGenericNotifyFromISR
 .text.vTaskGenericNotifyGiveFromISR
                0x00007134      0x1ec ./FreeRTOS_Source/tasks.o
                0x00007134                vTaskGenericNotifyGiveFromISR
 .text.xTaskGenericNotifyStateClear
                0x00007320       0x6c ./FreeRTOS_Source/tasks.o
                0x00007320                xTaskGenericNotifyStateClear
 .text.ulTaskGenericNotifyValueClear
                0x0000738c       0x5c ./FreeRTOS_Source/tasks.o
                0x0000738c                ulTaskGenericNotifyValueClear
 .text.prvAddCurrentTaskToDelayedList
                0x000073e8      0x100 ./FreeRTOS_Source/tasks.o
 .text          0x000074e8        0x0 ./FreeRTOS_Source/timers.o
 .text.xTimerCreateTimerTask
                0x000074e8       0x88 ./FreeRTOS_Source/timers.o
                0x000074e8                xTimerCreateTimerTask
 .text.xTimerCreate
                0x00007570       0x42 ./FreeRTOS_Source/timers.o
                0x00007570                xTimerCreate
 *fill*         0x000075b2        0x2 
 .text.xTimerCreateStatic
                0x000075b4       0x68 ./FreeRTOS_Source/timers.o
                0x000075b4                xTimerCreateStatic
 .text.prvInitialiseNewTimer
                0x0000761c       0x68 ./FreeRTOS_Source/timers.o
 .text.xTimerGenericCommand
                0x00007684       0x94 ./FreeRTOS_Source/timers.o
                0x00007684                xTimerGenericCommand
 .text.xTimerGetTimerDaemonTaskHandle
                0x00007718       0x28 ./FreeRTOS_Source/timers.o
                0x00007718                xTimerGetTimerDaemonTaskHandle
 .text.xTimerGetPeriod
                0x00007740       0x2c ./FreeRTOS_Source/timers.o
                0x00007740                xTimerGetPeriod
 .text.vTimerSetReloadMode
                0x0000776c       0x60 ./FreeRTOS_Source/timers.o
                0x0000776c                vTimerSetReloadMode
 .text.xTimerGetReloadMode
                0x000077cc       0x4c ./FreeRTOS_Source/timers.o
                0x000077cc                xTimerGetReloadMode
 .text.uxTimerGetReloadMode
                0x00007818       0x18 ./FreeRTOS_Source/timers.o
                0x00007818                uxTimerGetReloadMode
 .text.xTimerGetExpiryTime
                0x00007830       0x30 ./FreeRTOS_Source/timers.o
                0x00007830                xTimerGetExpiryTime
 .text.pcTimerGetName
                0x00007860       0x2c ./FreeRTOS_Source/timers.o
                0x00007860                pcTimerGetName
 .text.prvReloadTimer
                0x0000788c       0x42 ./FreeRTOS_Source/timers.o
 *fill*         0x000078ce        0x2 
 .text.prvProcessExpiredTimer
                0x000078d0       0x60 ./FreeRTOS_Source/timers.o
 .text.prvTimerTask
                0x00007930       0x24 ./FreeRTOS_Source/timers.o
 .text.prvProcessTimerOrBlockTask
                0x00007954       0x9c ./FreeRTOS_Source/timers.o
 .text.prvGetNextExpireTime
                0x000079f0       0x44 ./FreeRTOS_Source/timers.o
 .text.prvSampleTimeNow
                0x00007a34       0x40 ./FreeRTOS_Source/timers.o
 .text.prvInsertTimerInActiveList
                0x00007a74       0x84 ./FreeRTOS_Source/timers.o
 .text.prvProcessReceivedCommands
                0x00007af8      0x1a0 ./FreeRTOS_Source/timers.o
 .text.prvSwitchTimerLists
                0x00007c98       0x4c ./FreeRTOS_Source/timers.o
 .text.prvCheckForValidListAndQueue
                0x00007ce4       0x80 ./FreeRTOS_Source/timers.o
 .text.xTimerIsTimerActive
                0x00007d64       0x4c ./FreeRTOS_Source/timers.o
                0x00007d64                xTimerIsTimerActive
 .text.pvTimerGetTimerID
                0x00007db0       0x38 ./FreeRTOS_Source/timers.o
                0x00007db0                pvTimerGetTimerID
 .text.vTimerSetTimerID
                0x00007de8       0x38 ./FreeRTOS_Source/timers.o
                0x00007de8                vTimerSetTimerID
 .text.xTimerPendFunctionCallFromISR
                0x00007e20       0x40 ./FreeRTOS_Source/timers.o
                0x00007e20                xTimerPendFunctionCallFromISR
 .text.xTimerPendFunctionCall
                0x00007e60       0x58 ./FreeRTOS_Source/timers.o
                0x00007e60                xTimerPendFunctionCall
 .text.uxTimerGetTimerNumber
                0x00007eb8       0x16 ./FreeRTOS_Source/timers.o
                0x00007eb8                uxTimerGetTimerNumber
 .text.vTimerSetTimerNumber
                0x00007ece       0x1a ./FreeRTOS_Source/timers.o
                0x00007ece                vTimerSetTimerNumber
 .text          0x00007ee8        0x0 ./main.o
 .text.main     0x00007ee8       0x48 ./main.o
                0x00007ee8                main
 .text.prvSetupHardware
                0x00007f30       0x64 ./main.o
 .text.vApplicationTickHook
                0x00007f94        0xc ./main.o
                0x00007f94                vApplicationTickHook
 .text.SerialTask
                0x00007fa0       0x50 ./main.o
 .text.RefreshDisplayTask
                0x00007ff0       0x54 ./main.o
 .text.vApplicationStackOverflowHook
                0x00008044       0x24 ./main.o
                0x00008044                vApplicationStackOverflowHook
 .text.vAssertCalled
                0x00008068       0x26 ./main.o
                0x00008068                vAssertCalled
 *fill*         0x0000808e        0x2 
 .text.vApplicationGetIdleTaskMemory
                0x00008090       0x30 ./main.o
                0x00008090                vApplicationGetIdleTaskMemory
 .text.vApplicationGetTimerTaskMemory
                0x000080c0       0x30 ./main.o
                0x000080c0                vApplicationGetTimerTaskMemory
 .text._sbrk_r  0x000080f0       0x2c ./main.o
                0x000080f0                _sbrk_r
 .text          0x0000811c        0x0 ./startup.o
 .text.IntDefaultHandler
                0x0000811c       0x14 ./startup.o
 .text.FaultISR
                0x00008130       0x14 ./startup.o
 .text.NmiSR    0x00008144       0x14 ./startup.o
 .text.ResetISR
                0x00008158       0x50 ./startup.o
                0x00008158                ResetISR
 .text.uipprintf
                0x000081a8        0x8 ./startup.o
                0x000081a8                uipprintf
 .text          0x000081b0        0x0 C:\FreeRTOSv202212.01\FreeRTOS\Demo\Common\drivers\LuminaryMicro/arm-none-eabi-gcc/\libdriver.a(gpio.o)
 .text.GPIOGetIntNumber
                0x000081b0       0xa4 C:\FreeRTOSv202212.01\FreeRTOS\Demo\Common\drivers\LuminaryMicro/arm-none-eabi-gcc/\libdriver.a(gpio.o)
 .text.GPIODirModeSet
                0x00008254       0x44 C:\FreeRTOSv202212.01\FreeRTOS\Demo\Common\drivers\LuminaryMicro/arm-none-eabi-gcc/\libdriver.a(gpio.o)
                0x00008254                GPIODirModeSet
 .text.GPIODirModeGet
                0x00008298       0x20 C:\FreeRTOSv202212.01\FreeRTOS\Demo\Common\drivers\LuminaryMicro/arm-none-eabi-gcc/\libdriver.a(gpio.o)
                0x00008298                GPIODirModeGet
 .text.GPIOIntTypeSet
                0x000082b8       0x70 C:\FreeRTOSv202212.01\FreeRTOS\Demo\Common\drivers\LuminaryMicro/arm-none-eabi-gcc/\libdriver.a(gpio.o)
                0x000082b8                GPIOIntTypeSet
 .text.GPIOIntTypeGet
                0x00008328       0x30 C:\FreeRTOSv202212.01\FreeRTOS\Demo\Common\drivers\LuminaryMicro/arm-none-eabi-gcc/\libdriver.a(gpio.o)
                0x00008328                GPIOIntTypeGet
 .text.GPIOPadConfigSet
                0x00008358      0x130 C:\FreeRTOSv202212.01\FreeRTOS\Demo\Common\drivers\LuminaryMicro/arm-none-eabi-gcc/\libdriver.a(gpio.o)
                0x00008358                GPIOPadConfigSet
 .text.GPIOPadConfigGet
                0x00008488       0x78 C:\FreeRTOSv202212.01\FreeRTOS\Demo\Common\drivers\LuminaryMicro/arm-none-eabi-gcc/\libdriver.a(gpio.o)
                0x00008488                GPIOPadConfigGet
 .text.GPIOPinIntEnable
                0x00008500        0xc C:\FreeRTOSv202212.01\FreeRTOS\Demo\Common\drivers\LuminaryMicro/arm-none-eabi-gcc/\libdriver.a(gpio.o)
                0x00008500                GPIOPinIntEnable
 .text.GPIOPinIntDisable
                0x0000850c       0x10 C:\FreeRTOSv202212.01\FreeRTOS\Demo\Common\drivers\LuminaryMicro/arm-none-eabi-gcc/\libdriver.a(gpio.o)
                0x0000850c                GPIOPinIntDisable
 .text.GPIOPinIntStatus
                0x0000851c       0x10 C:\FreeRTOSv202212.01\FreeRTOS\Demo\Common\drivers\LuminaryMicro/arm-none-eabi-gcc/\libdriver.a(gpio.o)
                0x0000851c                GPIOPinIntStatus
 .text.GPIOPinIntClear
                0x0000852c        0x8 C:\FreeRTOSv202212.01\FreeRTOS\Demo\Common\drivers\LuminaryMicro/arm-none-eabi-gcc/\libdriver.a(gpio.o)
                0x0000852c                GPIOPinIntClear
 .text.GPIOPinRead
                0x00008534        0x8 C:\FreeRTOSv202212.01\FreeRTOS\Demo\Common\drivers\LuminaryMicro/arm-none-eabi-gcc/\libdriver.a(gpio.o)
                0x00008534                GPIOPinRead
 .text.GPIOPinWrite
                0x0000853c        0x8 C:\FreeRTOSv202212.01\FreeRTOS\Demo\Common\drivers\LuminaryMicro/arm-none-eabi-gcc/\libdriver.a(gpio.o)
                0x0000853c                GPIOPinWrite
 .text.GPIOPinTypeADC
                0x00008544       0x1c C:\FreeRTOSv202212.01\FreeRTOS\Demo\Common\drivers\LuminaryMicro/arm-none-eabi-gcc/\libdriver.a(gpio.o)
                0x00008544                GPIOPinTypeADC
 .text.GPIOPinTypeCAN
                0x00008560       0x1c C:\FreeRTOSv202212.01\FreeRTOS\Demo\Common\drivers\LuminaryMicro/arm-none-eabi-gcc/\libdriver.a(gpio.o)
                0x00008560                GPIOPinTypeCAN
 .text.GPIOPinTypeComparator
                0x0000857c       0x1c C:\FreeRTOSv202212.01\FreeRTOS\Demo\Common\drivers\LuminaryMicro/arm-none-eabi-gcc/\libdriver.a(gpio.o)
                0x0000857c                GPIOPinTypeComparator
 .text.GPIOPinTypeGPIOInput
                0x00008598       0x1c C:\FreeRTOSv202212.01\FreeRTOS\Demo\Common\drivers\LuminaryMicro/arm-none-eabi-gcc/\libdriver.a(gpio.o)
                0x00008598                GPIOPinTypeGPIOInput
 .text.GPIOPinTypeGPIOOutput
                0x000085b4       0x1c C:\FreeRTOSv202212.01\FreeRTOS\Demo\Common\drivers\LuminaryMicro/arm-none-eabi-gcc/\libdriver.a(gpio.o)
                0x000085b4                GPIOPinTypeGPIOOutput
 .text.GPIOPinTypeGPIOOutputOD
                0x000085d0       0x1c C:\FreeRTOSv202212.01\FreeRTOS\Demo\Common\drivers\LuminaryMicro/arm-none-eabi-gcc/\libdriver.a(gpio.o)
                0x000085d0                GPIOPinTypeGPIOOutputOD
 .text.GPIOPinTypeI2C
                0x000085ec       0x1c C:\FreeRTOSv202212.01\FreeRTOS\Demo\Common\drivers\LuminaryMicro/arm-none-eabi-gcc/\libdriver.a(gpio.o)
                0x000085ec                GPIOPinTypeI2C
 .text.GPIOPinTypePWM
                0x00008608       0x1c C:\FreeRTOSv202212.01\FreeRTOS\Demo\Common\drivers\LuminaryMicro/arm-none-eabi-gcc/\libdriver.a(gpio.o)
                0x00008608                GPIOPinTypePWM
 .text.GPIOPinTypeQEI
                0x00008624       0x1c C:\FreeRTOSv202212.01\FreeRTOS\Demo\Common\drivers\LuminaryMicro/arm-none-eabi-gcc/\libdriver.a(gpio.o)
                0x00008624                GPIOPinTypeQEI
 .text.GPIOPinTypeSSI
                0x00008640       0x1c C:\FreeRTOSv202212.01\FreeRTOS\Demo\Common\drivers\LuminaryMicro/arm-none-eabi-gcc/\libdriver.a(gpio.o)
                0x00008640                GPIOPinTypeSSI
 .text.GPIOPinTypeTimer
                0x0000865c       0x1c C:\FreeRTOSv202212.01\FreeRTOS\Demo\Common\drivers\LuminaryMicro/arm-none-eabi-gcc/\libdriver.a(gpio.o)
                0x0000865c                GPIOPinTypeTimer
 .text.GPIOPinTypeUART
                0x00008678       0x1c C:\FreeRTOSv202212.01\FreeRTOS\Demo\Common\drivers\LuminaryMicro/arm-none-eabi-gcc/\libdriver.a(gpio.o)
                0x00008678                GPIOPinTypeUART
 .text.GPIOPinTypeUSBDigital
                0x00008694       0x1c C:\FreeRTOSv202212.01\FreeRTOS\Demo\Common\drivers\LuminaryMicro/arm-none-eabi-gcc/\libdriver.a(gpio.o)
                0x00008694                GPIOPinTypeUSBDigital
 .text.GPIOPortIntUnregister
                0x000086b0       0x14 C:\FreeRTOSv202212.01\FreeRTOS\Demo\Common\drivers\LuminaryMicro/arm-none-eabi-gcc/\libdriver.a(gpio.o)
                0x000086b0                GPIOPortIntUnregister
 .text.GPIOPortIntRegister
                0x000086c4       0x18 C:\FreeRTOSv202212.01\FreeRTOS\Demo\Common\drivers\LuminaryMicro/arm-none-eabi-gcc/\libdriver.a(gpio.o)
                0x000086c4                GPIOPortIntRegister
 .text          0x000086dc        0x0 C:\FreeRTOSv202212.01\FreeRTOS\Demo\Common\drivers\LuminaryMicro/arm-none-eabi-gcc/\libdriver.a(interrupt.o)
 .text.IntDefaultHandler
                0x000086dc        0x4 C:\FreeRTOSv202212.01\FreeRTOS\Demo\Common\drivers\LuminaryMicro/arm-none-eabi-gcc/\libdriver.a(interrupt.o)
 .text.IntRegister
                0x000086e0       0x3c C:\FreeRTOSv202212.01\FreeRTOS\Demo\Common\drivers\LuminaryMicro/arm-none-eabi-gcc/\libdriver.a(interrupt.o)
                0x000086e0                IntRegister
 .text.IntUnregister
                0x0000871c       0x14 C:\FreeRTOSv202212.01\FreeRTOS\Demo\Common\drivers\LuminaryMicro/arm-none-eabi-gcc/\libdriver.a(interrupt.o)
                0x0000871c                IntUnregister
 .text.IntPriorityGroupingSet
                0x00008730       0x1c C:\FreeRTOSv202212.01\FreeRTOS\Demo\Common\drivers\LuminaryMicro/arm-none-eabi-gcc/\libdriver.a(interrupt.o)
                0x00008730                IntPriorityGroupingSet
 .text.IntPriorityGroupingGet
                0x0000874c       0x24 C:\FreeRTOSv202212.01\FreeRTOS\Demo\Common\drivers\LuminaryMicro/arm-none-eabi-gcc/\libdriver.a(interrupt.o)
                0x0000874c                IntPriorityGroupingGet
 .text.IntPrioritySet
                0x00008770       0x28 C:\FreeRTOSv202212.01\FreeRTOS\Demo\Common\drivers\LuminaryMicro/arm-none-eabi-gcc/\libdriver.a(interrupt.o)
                0x00008770                IntPrioritySet
 .text.IntPriorityGet
                0x00008798       0x20 C:\FreeRTOSv202212.01\FreeRTOS\Demo\Common\drivers\LuminaryMicro/arm-none-eabi-gcc/\libdriver.a(interrupt.o)
                0x00008798                IntPriorityGet
 .text.IntEnable
                0x000087b8       0x74 C:\FreeRTOSv202212.01\FreeRTOS\Demo\Common\drivers\LuminaryMicro/arm-none-eabi-gcc/\libdriver.a(interrupt.o)
                0x000087b8                IntEnable
 .text.IntDisable
                0x0000882c       0x74 C:\FreeRTOSv202212.01\FreeRTOS\Demo\Common\drivers\LuminaryMicro/arm-none-eabi-gcc/\libdriver.a(interrupt.o)
                0x0000882c                IntDisable
 .text.IntMasterDisable
                0x000088a0        0xc C:\FreeRTOSv202212.01\FreeRTOS\Demo\Common\drivers\LuminaryMicro/arm-none-eabi-gcc/\libdriver.a(interrupt.o)
                0x000088a0                IntMasterDisable
 .text.IntMasterEnable
                0x000088ac        0xc C:\FreeRTOSv202212.01\FreeRTOS\Demo\Common\drivers\LuminaryMicro/arm-none-eabi-gcc/\libdriver.a(interrupt.o)
                0x000088ac                IntMasterEnable
 .text          0x000088b8        0x0 C:\FreeRTOSv202212.01\FreeRTOS\Demo\Common\drivers\LuminaryMicro/arm-none-eabi-gcc/\libdriver.a(ssi.o)
 .text.SSIConfigSetExpClk
                0x000088b8       0x48 C:\FreeRTOSv202212.01\FreeRTOS\Demo\Common\drivers\LuminaryMicro/arm-none-eabi-gcc/\libdriver.a(ssi.o)
                0x000088b8                SSIConfigSetExpClk
 .text.SSIEnable
                0x00008900        0xc C:\FreeRTOSv202212.01\FreeRTOS\Demo\Common\drivers\LuminaryMicro/arm-none-eabi-gcc/\libdriver.a(ssi.o)
                0x00008900                SSIEnable
 .text.SSIDisable
                0x0000890c        0xc C:\FreeRTOSv202212.01\FreeRTOS\Demo\Common\drivers\LuminaryMicro/arm-none-eabi-gcc/\libdriver.a(ssi.o)
                0x0000890c                SSIDisable
 .text.SSIIntEnable
                0x00008918        0x8 C:\FreeRTOSv202212.01\FreeRTOS\Demo\Common\drivers\LuminaryMicro/arm-none-eabi-gcc/\libdriver.a(ssi.o)
                0x00008918                SSIIntEnable
 .text.SSIIntDisable
                0x00008920        0xc C:\FreeRTOSv202212.01\FreeRTOS\Demo\Common\drivers\LuminaryMicro/arm-none-eabi-gcc/\libdriver.a(ssi.o)
                0x00008920                SSIIntDisable
 .text.SSIIntStatus
                0x0000892c        0xc C:\FreeRTOSv202212.01\FreeRTOS\Demo\Common\drivers\LuminaryMicro/arm-none-eabi-gcc/\libdriver.a(ssi.o)
                0x0000892c                SSIIntStatus
 .text.SSIIntClear
                0x00008938        0x4 C:\FreeRTOSv202212.01\FreeRTOS\Demo\Common\drivers\LuminaryMicro/arm-none-eabi-gcc/\libdriver.a(ssi.o)
                0x00008938                SSIIntClear
 .text.SSIDataPut
                0x0000893c       0x10 C:\FreeRTOSv202212.01\FreeRTOS\Demo\Common\drivers\LuminaryMicro/arm-none-eabi-gcc/\libdriver.a(ssi.o)
                0x0000893c                SSIDataPut
 .text.SSIDataPutNonBlocking
                0x0000894c       0x10 C:\FreeRTOSv202212.01\FreeRTOS\Demo\Common\drivers\LuminaryMicro/arm-none-eabi-gcc/\libdriver.a(ssi.o)
                0x0000894c                SSIDataPutNonBlocking
 .text.SSIDataGet
                0x0000895c       0x14 C:\FreeRTOSv202212.01\FreeRTOS\Demo\Common\drivers\LuminaryMicro/arm-none-eabi-gcc/\libdriver.a(ssi.o)
                0x0000895c                SSIDataGet
 .text.SSIDataGetNonBlocking
                0x00008970       0x14 C:\FreeRTOSv202212.01\FreeRTOS\Demo\Common\drivers\LuminaryMicro/arm-none-eabi-gcc/\libdriver.a(ssi.o)
                0x00008970                SSIDataGetNonBlocking
 .text.SSIDMAEnable
                0x00008984        0x8 C:\FreeRTOSv202212.01\FreeRTOS\Demo\Common\drivers\LuminaryMicro/arm-none-eabi-gcc/\libdriver.a(ssi.o)
                0x00008984                SSIDMAEnable
 .text.SSIDMADisable
                0x0000898c        0xc C:\FreeRTOSv202212.01\FreeRTOS\Demo\Common\drivers\LuminaryMicro/arm-none-eabi-gcc/\libdriver.a(ssi.o)
                0x0000898c                SSIDMADisable
 .text.SSIIntUnregister
                0x00008998       0x20 C:\FreeRTOSv202212.01\FreeRTOS\Demo\Common\drivers\LuminaryMicro/arm-none-eabi-gcc/\libdriver.a(ssi.o)
                0x00008998                SSIIntUnregister
 .text.SSIIntRegister
                0x000089b8       0x20 C:\FreeRTOSv202212.01\FreeRTOS\Demo\Common\drivers\LuminaryMicro/arm-none-eabi-gcc/\libdriver.a(ssi.o)
                0x000089b8                SSIIntRegister
 .text          0x000089d8        0x0 C:\FreeRTOSv202212.01\FreeRTOS\Demo\Common\drivers\LuminaryMicro/arm-none-eabi-gcc/\libdriver.a(sysctl.o)
 .text.SysCtlSRAMSizeGet
                0x000089d8       0x14 C:\FreeRTOSv202212.01\FreeRTOS\Demo\Common\drivers\LuminaryMicro/arm-none-eabi-gcc/\libdriver.a(sysctl.o)
                0x000089d8                SysCtlSRAMSizeGet
 .text.SysCtlFlashSizeGet
                0x000089ec       0x14 C:\FreeRTOSv202212.01\FreeRTOS\Demo\Common\drivers\LuminaryMicro/arm-none-eabi-gcc/\libdriver.a(sysctl.o)
                0x000089ec                SysCtlFlashSizeGet
 .text.SysCtlPinPresent
                0x00008a00       0x14 C:\FreeRTOSv202212.01\FreeRTOS\Demo\Common\drivers\LuminaryMicro/arm-none-eabi-gcc/\libdriver.a(sysctl.o)
                0x00008a00                SysCtlPinPresent
 .text.SysCtlPeripheralPresent
                0x00008a14       0x28 C:\FreeRTOSv202212.01\FreeRTOS\Demo\Common\drivers\LuminaryMicro/arm-none-eabi-gcc/\libdriver.a(sysctl.o)
                0x00008a14                SysCtlPeripheralPresent
 .text.SysCtlPeripheralReset
                0x00008a3c       0x44 C:\FreeRTOSv202212.01\FreeRTOS\Demo\Common\drivers\LuminaryMicro/arm-none-eabi-gcc/\libdriver.a(sysctl.o)
                0x00008a3c                SysCtlPeripheralReset
 .text.SysCtlPeripheralEnable
                0x00008a80       0x24 C:\FreeRTOSv202212.01\FreeRTOS\Demo\Common\drivers\LuminaryMicro/arm-none-eabi-gcc/\libdriver.a(sysctl.o)
                0x00008a80                SysCtlPeripheralEnable
 .text.SysCtlPeripheralDisable
                0x00008aa4       0x24 C:\FreeRTOSv202212.01\FreeRTOS\Demo\Common\drivers\LuminaryMicro/arm-none-eabi-gcc/\libdriver.a(sysctl.o)
                0x00008aa4                SysCtlPeripheralDisable
 .text.SysCtlPeripheralSleepEnable
                0x00008ac8       0x24 C:\FreeRTOSv202212.01\FreeRTOS\Demo\Common\drivers\LuminaryMicro/arm-none-eabi-gcc/\libdriver.a(sysctl.o)
                0x00008ac8                SysCtlPeripheralSleepEnable
 .text.SysCtlPeripheralSleepDisable
                0x00008aec       0x24 C:\FreeRTOSv202212.01\FreeRTOS\Demo\Common\drivers\LuminaryMicro/arm-none-eabi-gcc/\libdriver.a(sysctl.o)
                0x00008aec                SysCtlPeripheralSleepDisable
 .text.SysCtlPeripheralDeepSleepEnable
                0x00008b10       0x24 C:\FreeRTOSv202212.01\FreeRTOS\Demo\Common\drivers\LuminaryMicro/arm-none-eabi-gcc/\libdriver.a(sysctl.o)
                0x00008b10                SysCtlPeripheralDeepSleepEnable
 .text.SysCtlPeripheralDeepSleepDisable
                0x00008b34       0x24 C:\FreeRTOSv202212.01\FreeRTOS\Demo\Common\drivers\LuminaryMicro/arm-none-eabi-gcc/\libdriver.a(sysctl.o)
                0x00008b34                SysCtlPeripheralDeepSleepDisable
 .text.SysCtlPeripheralClockGating
                0x00008b58       0x20 C:\FreeRTOSv202212.01\FreeRTOS\Demo\Common\drivers\LuminaryMicro/arm-none-eabi-gcc/\libdriver.a(sysctl.o)
                0x00008b58                SysCtlPeripheralClockGating
 .text.SysCtlIntEnable
                0x00008b78       0x10 C:\FreeRTOSv202212.01\FreeRTOS\Demo\Common\drivers\LuminaryMicro/arm-none-eabi-gcc/\libdriver.a(sysctl.o)
                0x00008b78                SysCtlIntEnable
 .text.SysCtlIntDisable
                0x00008b88       0x10 C:\FreeRTOSv202212.01\FreeRTOS\Demo\Common\drivers\LuminaryMicro/arm-none-eabi-gcc/\libdriver.a(sysctl.o)
                0x00008b88                SysCtlIntDisable
 .text.SysCtlIntClear
                0x00008b98        0xc C:\FreeRTOSv202212.01\FreeRTOS\Demo\Common\drivers\LuminaryMicro/arm-none-eabi-gcc/\libdriver.a(sysctl.o)
                0x00008b98                SysCtlIntClear
 .text.SysCtlIntStatus
                0x00008ba4       0x18 C:\FreeRTOSv202212.01\FreeRTOS\Demo\Common\drivers\LuminaryMicro/arm-none-eabi-gcc/\libdriver.a(sysctl.o)
                0x00008ba4                SysCtlIntStatus
 .text.SysCtlLDOSet
                0x00008bbc        0xc C:\FreeRTOSv202212.01\FreeRTOS\Demo\Common\drivers\LuminaryMicro/arm-none-eabi-gcc/\libdriver.a(sysctl.o)
                0x00008bbc                SysCtlLDOSet
 .text.SysCtlLDOGet
                0x00008bc8        0xc C:\FreeRTOSv202212.01\FreeRTOS\Demo\Common\drivers\LuminaryMicro/arm-none-eabi-gcc/\libdriver.a(sysctl.o)
                0x00008bc8                SysCtlLDOGet
 .text.SysCtlLDOConfigSet
                0x00008bd4        0xc C:\FreeRTOSv202212.01\FreeRTOS\Demo\Common\drivers\LuminaryMicro/arm-none-eabi-gcc/\libdriver.a(sysctl.o)
                0x00008bd4                SysCtlLDOConfigSet
 .text.SysCtlReset
                0x00008be0       0x10 C:\FreeRTOSv202212.01\FreeRTOS\Demo\Common\drivers\LuminaryMicro/arm-none-eabi-gcc/\libdriver.a(sysctl.o)
                0x00008be0                SysCtlReset
 .text.SysCtlResetCauseGet
                0x00008bf0        0xc C:\FreeRTOSv202212.01\FreeRTOS\Demo\Common\drivers\LuminaryMicro/arm-none-eabi-gcc/\libdriver.a(sysctl.o)
                0x00008bf0                SysCtlResetCauseGet
 .text.SysCtlResetCauseClear
                0x00008bfc       0x10 C:\FreeRTOSv202212.01\FreeRTOS\Demo\Common\drivers\LuminaryMicro/arm-none-eabi-gcc/\libdriver.a(sysctl.o)
                0x00008bfc                SysCtlResetCauseClear
 .text.SysCtlBrownOutConfigSet
                0x00008c0c       0x10 C:\FreeRTOSv202212.01\FreeRTOS\Demo\Common\drivers\LuminaryMicro/arm-none-eabi-gcc/\libdriver.a(sysctl.o)
                0x00008c0c                SysCtlBrownOutConfigSet
 .text.SysCtlDelay
                0x00008c1c        0x8 C:\FreeRTOSv202212.01\FreeRTOS\Demo\Common\drivers\LuminaryMicro/arm-none-eabi-gcc/\libdriver.a(sysctl.o)
                0x00008c1c                SysCtlDelay
 .text.SysCtlClockSet
                0x00008c24      0x168 C:\FreeRTOSv202212.01\FreeRTOS\Demo\Common\drivers\LuminaryMicro/arm-none-eabi-gcc/\libdriver.a(sysctl.o)
                0x00008c24                SysCtlClockSet
 .text.SysCtlClockGet
                0x00008d8c      0x150 C:\FreeRTOSv202212.01\FreeRTOS\Demo\Common\drivers\LuminaryMicro/arm-none-eabi-gcc/\libdriver.a(sysctl.o)
                0x00008d8c                SysCtlClockGet
 .text.SysCtlPWMClockSet
                0x00008edc       0x14 C:\FreeRTOSv202212.01\FreeRTOS\Demo\Common\drivers\LuminaryMicro/arm-none-eabi-gcc/\libdriver.a(sysctl.o)
                0x00008edc                SysCtlPWMClockSet
 .text.SysCtlPWMClockGet
                0x00008ef0       0x18 C:\FreeRTOSv202212.01\FreeRTOS\Demo\Common\drivers\LuminaryMicro/arm-none-eabi-gcc/\libdriver.a(sysctl.o)
                0x00008ef0                SysCtlPWMClockGet
 .text.SysCtlADCSpeedSet
                0x00008f08       0x34 C:\FreeRTOSv202212.01\FreeRTOS\Demo\Common\drivers\LuminaryMicro/arm-none-eabi-gcc/\libdriver.a(sysctl.o)
                0x00008f08                SysCtlADCSpeedSet
 .text.SysCtlADCSpeedGet
                0x00008f3c       0x10 C:\FreeRTOSv202212.01\FreeRTOS\Demo\Common\drivers\LuminaryMicro/arm-none-eabi-gcc/\libdriver.a(sysctl.o)
                0x00008f3c                SysCtlADCSpeedGet
 .text.SysCtlIOSCVerificationSet
                0x00008f4c       0x20 C:\FreeRTOSv202212.01\FreeRTOS\Demo\Common\drivers\LuminaryMicro/arm-none-eabi-gcc/\libdriver.a(sysctl.o)
                0x00008f4c                SysCtlIOSCVerificationSet
 .text.SysCtlMOSCVerificationSet
                0x00008f6c       0x20 C:\FreeRTOSv202212.01\FreeRTOS\Demo\Common\drivers\LuminaryMicro/arm-none-eabi-gcc/\libdriver.a(sysctl.o)
                0x00008f6c                SysCtlMOSCVerificationSet
 .text.SysCtlPLLVerificationSet
                0x00008f8c       0x20 C:\FreeRTOSv202212.01\FreeRTOS\Demo\Common\drivers\LuminaryMicro/arm-none-eabi-gcc/\libdriver.a(sysctl.o)
                0x00008f8c                SysCtlPLLVerificationSet
 .text.SysCtlClkVerificationClear
                0x00008fac       0x10 C:\FreeRTOSv202212.01\FreeRTOS\Demo\Common\drivers\LuminaryMicro/arm-none-eabi-gcc/\libdriver.a(sysctl.o)
                0x00008fac                SysCtlClkVerificationClear
 .text.SysCtlGPIOAHBEnable
                0x00008fbc       0x10 C:\FreeRTOSv202212.01\FreeRTOS\Demo\Common\drivers\LuminaryMicro/arm-none-eabi-gcc/\libdriver.a(sysctl.o)
                0x00008fbc                SysCtlGPIOAHBEnable
 .text.SysCtlGPIOAHBDisable
                0x00008fcc       0x14 C:\FreeRTOSv202212.01\FreeRTOS\Demo\Common\drivers\LuminaryMicro/arm-none-eabi-gcc/\libdriver.a(sysctl.o)
                0x00008fcc                SysCtlGPIOAHBDisable
 .text.SysCtlUSBPLLEnable
                0x00008fe0       0x10 C:\FreeRTOSv202212.01\FreeRTOS\Demo\Common\drivers\LuminaryMicro/arm-none-eabi-gcc/\libdriver.a(sysctl.o)
                0x00008fe0                SysCtlUSBPLLEnable
 .text.SysCtlUSBPLLDisable
                0x00008ff0       0x10 C:\FreeRTOSv202212.01\FreeRTOS\Demo\Common\drivers\LuminaryMicro/arm-none-eabi-gcc/\libdriver.a(sysctl.o)
                0x00008ff0                SysCtlUSBPLLDisable
 .text.SysCtlDeepSleep
                0x00009000       0x20 C:\FreeRTOSv202212.01\FreeRTOS\Demo\Common\drivers\LuminaryMicro/arm-none-eabi-gcc/\libdriver.a(sysctl.o)
                0x00009000                SysCtlDeepSleep
 .text.SysCtlSleep
                0x00009020        0x8 C:\FreeRTOSv202212.01\FreeRTOS\Demo\Common\drivers\LuminaryMicro/arm-none-eabi-gcc/\libdriver.a(sysctl.o)
                0x00009020                SysCtlSleep
 .text.SysCtlIntUnregister
                0x00009028       0x10 C:\FreeRTOSv202212.01\FreeRTOS\Demo\Common\drivers\LuminaryMicro/arm-none-eabi-gcc/\libdriver.a(sysctl.o)
                0x00009028                SysCtlIntUnregister
 .text.SysCtlIntRegister
                0x00009038       0x14 C:\FreeRTOSv202212.01\FreeRTOS\Demo\Common\drivers\LuminaryMicro/arm-none-eabi-gcc/\libdriver.a(sysctl.o)
                0x00009038                SysCtlIntRegister
 .text          0x0000904c        0x0 C:\FreeRTOSv202212.01\FreeRTOS\Demo\Common\drivers\LuminaryMicro/arm-none-eabi-gcc/\libdriver.a(uart.o)
 .text.UARTParityModeSet
                0x0000904c        0xc C:\FreeRTOSv202212.01\FreeRTOS\Demo\Common\drivers\LuminaryMicro/arm-none-eabi-gcc/\libdriver.a(uart.o)
                0x0000904c                UARTParityModeSet
 .text.UARTParityModeGet
                0x00009058        0x8 C:\FreeRTOSv202212.01\FreeRTOS\Demo\Common\drivers\LuminaryMicro/arm-none-eabi-gcc/\libdriver.a(uart.o)
                0x00009058                UARTParityModeGet
 .text.UARTFIFOLevelSet
                0x00009060        0x8 C:\FreeRTOSv202212.01\FreeRTOS\Demo\Common\drivers\LuminaryMicro/arm-none-eabi-gcc/\libdriver.a(uart.o)
                0x00009060                UARTFIFOLevelSet
 .text.UARTFIFOLevelGet
                0x00009068       0x10 C:\FreeRTOSv202212.01\FreeRTOS\Demo\Common\drivers\LuminaryMicro/arm-none-eabi-gcc/\libdriver.a(uart.o)
                0x00009068                UARTFIFOLevelGet
 .text.UARTConfigGetExpClk
                0x00009078       0x20 C:\FreeRTOSv202212.01\FreeRTOS\Demo\Common\drivers\LuminaryMicro/arm-none-eabi-gcc/\libdriver.a(uart.o)
                0x00009078                UARTConfigGetExpClk
 .text.UARTEnable
                0x00009098       0x18 C:\FreeRTOSv202212.01\FreeRTOS\Demo\Common\drivers\LuminaryMicro/arm-none-eabi-gcc/\libdriver.a(uart.o)
                0x00009098                UARTEnable
 .text.UARTDisable
                0x000090b0       0x24 C:\FreeRTOSv202212.01\FreeRTOS\Demo\Common\drivers\LuminaryMicro/arm-none-eabi-gcc/\libdriver.a(uart.o)
                0x000090b0                UARTDisable
 .text.UARTConfigSetExpClk
                0x000090d4       0x38 C:\FreeRTOSv202212.01\FreeRTOS\Demo\Common\drivers\LuminaryMicro/arm-none-eabi-gcc/\libdriver.a(uart.o)
                0x000090d4                UARTConfigSetExpClk
 .text.UARTEnableSIR
                0x0000910c       0x18 C:\FreeRTOSv202212.01\FreeRTOS\Demo\Common\drivers\LuminaryMicro/arm-none-eabi-gcc/\libdriver.a(uart.o)
                0x0000910c                UARTEnableSIR
 .text.UARTDisableSIR
                0x00009124        0xc C:\FreeRTOSv202212.01\FreeRTOS\Demo\Common\drivers\LuminaryMicro/arm-none-eabi-gcc/\libdriver.a(uart.o)
                0x00009124                UARTDisableSIR
 .text.UARTCharsAvail
                0x00009130       0x10 C:\FreeRTOSv202212.01\FreeRTOS\Demo\Common\drivers\LuminaryMicro/arm-none-eabi-gcc/\libdriver.a(uart.o)
                0x00009130                UARTCharsAvail
 .text.UARTSpaceAvail
                0x00009140       0x10 C:\FreeRTOSv202212.01\FreeRTOS\Demo\Common\drivers\LuminaryMicro/arm-none-eabi-gcc/\libdriver.a(uart.o)
                0x00009140                UARTSpaceAvail
 .text.UARTCharGetNonBlocking
                0x00009150       0x10 C:\FreeRTOSv202212.01\FreeRTOS\Demo\Common\drivers\LuminaryMicro/arm-none-eabi-gcc/\libdriver.a(uart.o)
                0x00009150                UARTCharGetNonBlocking
 .text.UARTCharGet
                0x00009160       0x10 C:\FreeRTOSv202212.01\FreeRTOS\Demo\Common\drivers\LuminaryMicro/arm-none-eabi-gcc/\libdriver.a(uart.o)
                0x00009160                UARTCharGet
 .text.UARTCharPutNonBlocking
                0x00009170       0x14 C:\FreeRTOSv202212.01\FreeRTOS\Demo\Common\drivers\LuminaryMicro/arm-none-eabi-gcc/\libdriver.a(uart.o)
                0x00009170                UARTCharPutNonBlocking
 .text.UARTCharPut
                0x00009184       0x10 C:\FreeRTOSv202212.01\FreeRTOS\Demo\Common\drivers\LuminaryMicro/arm-none-eabi-gcc/\libdriver.a(uart.o)
                0x00009184                UARTCharPut
 .text.UARTBreakCtl
                0x00009194       0x18 C:\FreeRTOSv202212.01\FreeRTOS\Demo\Common\drivers\LuminaryMicro/arm-none-eabi-gcc/\libdriver.a(uart.o)
                0x00009194                UARTBreakCtl
 .text.UARTIntEnable
                0x000091ac        0x8 C:\FreeRTOSv202212.01\FreeRTOS\Demo\Common\drivers\LuminaryMicro/arm-none-eabi-gcc/\libdriver.a(uart.o)
                0x000091ac                UARTIntEnable
 .text.UARTIntDisable
                0x000091b4        0xc C:\FreeRTOSv202212.01\FreeRTOS\Demo\Common\drivers\LuminaryMicro/arm-none-eabi-gcc/\libdriver.a(uart.o)
                0x000091b4                UARTIntDisable
 .text.UARTIntStatus
                0x000091c0        0xc C:\FreeRTOSv202212.01\FreeRTOS\Demo\Common\drivers\LuminaryMicro/arm-none-eabi-gcc/\libdriver.a(uart.o)
                0x000091c0                UARTIntStatus
 .text.UARTIntClear
                0x000091cc        0x4 C:\FreeRTOSv202212.01\FreeRTOS\Demo\Common\drivers\LuminaryMicro/arm-none-eabi-gcc/\libdriver.a(uart.o)
                0x000091cc                UARTIntClear
 .text.UARTDMAEnable
                0x000091d0        0x8 C:\FreeRTOSv202212.01\FreeRTOS\Demo\Common\drivers\LuminaryMicro/arm-none-eabi-gcc/\libdriver.a(uart.o)
                0x000091d0                UARTDMAEnable
 .text.UARTDMADisable
                0x000091d8        0xc C:\FreeRTOSv202212.01\FreeRTOS\Demo\Common\drivers\LuminaryMicro/arm-none-eabi-gcc/\libdriver.a(uart.o)
                0x000091d8                UARTDMADisable
 .text.UARTIntUnregister
                0x000091e4       0x2c C:\FreeRTOSv202212.01\FreeRTOS\Demo\Common\drivers\LuminaryMicro/arm-none-eabi-gcc/\libdriver.a(uart.o)
                0x000091e4                UARTIntUnregister
 .text.UARTIntRegister
                0x00009210       0x2c C:\FreeRTOSv202212.01\FreeRTOS\Demo\Common\drivers\LuminaryMicro/arm-none-eabi-gcc/\libdriver.a(uart.o)
                0x00009210                UARTIntRegister
 .text          0x0000923c       0x14 C:\FreeRTOSv202212.01\FreeRTOS\Demo\Common\drivers\LuminaryMicro/arm-none-eabi-gcc/\libdriver.a(cpu.o)
                0x0000923c                CPUcpsid
                0x00009244                CPUcpsie
                0x0000924c                CPUwfi
 .text          0x00009250        0x0 c:/program files (x86)/gnu arm embedded toolchain/10 2021.10/bin/../lib/gcc/arm-none-eabi/10.3.1/../../../../arm-none-eabi/lib/thumb/v7-m/nofp\libg_nano.a(lib_a-memcpy-stub.o)
 .text.memcpy   0x00009250       0x1c c:/program files (x86)/gnu arm embedded toolchain/10 2021.10/bin/../lib/gcc/arm-none-eabi/10.3.1/../../../../arm-none-eabi/lib/thumb/v7-m/nofp\libg_nano.a(lib_a-memcpy-stub.o)
                0x00009250                memcpy
 .text          0x0000926c        0x0 c:/program files (x86)/gnu arm embedded toolchain/10 2021.10/bin/../lib/gcc/arm-none-eabi/10.3.1/../../../../arm-none-eabi/lib/thumb/v7-m/nofp\libg_nano.a(lib_a-memset.o)
 .text.memset   0x0000926c       0x10 c:/program files (x86)/gnu arm embedded toolchain/10 2021.10/bin/../lib/gcc/arm-none-eabi/10.3.1/../../../../arm-none-eabi/lib/thumb/v7-m/nofp\libg_nano.a(lib_a-memset.o)
                0x0000926c                memset
 .text          0x0000927c        0x0 c:/program files (x86)/gnu arm embedded toolchain/10 2021.10/bin/../lib/gcc/arm-none-eabi/10.3.1/../../../../arm-none-eabi/lib/thumb/v7-m/nofp\libg_nano.a(lib_a-sprintf.o)
 .text._sprintf_r
                0x0000927c       0x38 c:/program files (x86)/gnu arm embedded toolchain/10 2021.10/bin/../lib/gcc/arm-none-eabi/10.3.1/../../../../arm-none-eabi/lib/thumb/v7-m/nofp\libg_nano.a(lib_a-sprintf.o)
                0x0000927c                _sprintf_r
                0x0000927c                _siprintf_r
 .text.sprintf  0x000092b4       0x40 c:/program files (x86)/gnu arm embedded toolchain/10 2021.10/bin/../lib/gcc/arm-none-eabi/10.3.1/../../../../arm-none-eabi/lib/thumb/v7-m/nofp\libg_nano.a(lib_a-sprintf.o)
                0x000092b4                siprintf
                0x000092b4                sprintf
 .text          0x000092f4        0x0 c:/program files (x86)/gnu arm embedded toolchain/10 2021.10/bin/../lib/gcc/arm-none-eabi/10.3.1/../../../../arm-none-eabi/lib/thumb/v7-m/nofp\libg_nano.a(lib_a-strcpy.o)
 .text.strcpy   0x000092f4       0x10 c:/program files (x86)/gnu arm embedded toolchain/10 2021.10/bin/../lib/gcc/arm-none-eabi/10.3.1/../../../../arm-none-eabi/lib/thumb/v7-m/nofp\libg_nano.a(lib_a-strcpy.o)
                0x000092f4                strcpy
 .text          0x00009304       0x10 c:/program files (x86)/gnu arm embedded toolchain/10 2021.10/bin/../lib/gcc/arm-none-eabi/10.3.1/../../../../arm-none-eabi/lib/thumb/v7-m/nofp\libg_nano.a(lib_a-strlen.o)
                0x00009304                strlen
 .text          0x00009314        0x0 c:/program files (x86)/gnu arm embedded toolchain/10 2021.10/bin/../lib/gcc/arm-none-eabi/10.3.1/../../../../arm-none-eabi/lib/thumb/v7-m/nofp\libg_nano.a(lib_a-strncpy.o)
 .text.strncpy  0x00009314       0x26 c:/program files (x86)/gnu arm embedded toolchain/10 2021.10/bin/../lib/gcc/arm-none-eabi/10.3.1/../../../../arm-none-eabi/lib/thumb/v7-m/nofp\libg_nano.a(lib_a-strncpy.o)
                0x00009314                strncpy
 .text          0x0000933a        0x0 c:/program files (x86)/gnu arm embedded toolchain/10 2021.10/bin/../lib/gcc/arm-none-eabi/10.3.1/../../../../arm-none-eabi/lib/thumb/v7-m/nofp\libg_nano.a(lib_a-impure.o)
 .text          0x0000933a        0x0 c:/program files (x86)/gnu arm embedded toolchain/10 2021.10/bin/../lib/gcc/arm-none-eabi/10.3.1/../../../../arm-none-eabi/lib/thumb/v7-m/nofp\libg_nano.a(lib_a-nano-svfprintf.o)
 .text.__ssputs_r
                0x0000933a       0xb6 c:/program files (x86)/gnu arm embedded toolchain/10 2021.10/bin/../lib/gcc/arm-none-eabi/10.3.1/../../../../arm-none-eabi/lib/thumb/v7-m/nofp\libg_nano.a(lib_a-nano-svfprintf.o)
                0x0000933a                __ssputs_r
 .text.__ssprint_r
                0x000093f0       0xf6 c:/program files (x86)/gnu arm embedded toolchain/10 2021.10/bin/../lib/gcc/arm-none-eabi/10.3.1/../../../../arm-none-eabi/lib/thumb/v7-m/nofp\libg_nano.a(lib_a-nano-svfprintf.o)
                0x000093f0                __ssprint_r
 *fill*         0x000094e6        0x2 
 .text._svfprintf_r
                0x000094e8      0x200 c:/program files (x86)/gnu arm embedded toolchain/10 2021.10/bin/../lib/gcc/arm-none-eabi/10.3.1/../../../../arm-none-eabi/lib/thumb/v7-m/nofp\libg_nano.a(lib_a-nano-svfprintf.o)
                0x000094e8                _svfiprintf_r
                0x000094e8                _svfprintf_r
 .text          0x000096e8        0x0 c:/program files (x86)/gnu arm embedded toolchain/10 2021.10/bin/../lib/gcc/arm-none-eabi/10.3.1/../../../../arm-none-eabi/lib/thumb/v7-m/nofp\libg_nano.a(lib_a-nano-vfprintf_i.o)
 .text._printf_common
                0x000096e8       0xde c:/program files (x86)/gnu arm embedded toolchain/10 2021.10/bin/../lib/gcc/arm-none-eabi/10.3.1/../../../../arm-none-eabi/lib/thumb/v7-m/nofp\libg_nano.a(lib_a-nano-vfprintf_i.o)
                0x000096e8                _printf_common
 *fill*         0x000097c6        0x2 
 .text._printf_i
                0x000097c8      0x24c c:/program files (x86)/gnu arm embedded toolchain/10 2021.10/bin/../lib/gcc/arm-none-eabi/10.3.1/../../../../arm-none-eabi/lib/thumb/v7-m/nofp\libg_nano.a(lib_a-nano-vfprintf_i.o)
                0x000097c8                _printf_i
 .text          0x00009a14        0x0 c:/program files (x86)/gnu arm embedded toolchain/10 2021.10/bin/../lib/gcc/arm-none-eabi/10.3.1/../../../../arm-none-eabi/lib/thumb/v7-m/nofp\libg_nano.a(lib_a-memchr-stub.o)
 .text.memchr   0x00009a14       0x1c c:/program files (x86)/gnu arm embedded toolchain/10 2021.10/bin/../lib/gcc/arm-none-eabi/10.3.1/../../../../arm-none-eabi/lib/thumb/v7-m/nofp\libg_nano.a(lib_a-memchr-stub.o)
                0x00009a14                memchr
 .text          0x00009a30        0x0 c:/program files (x86)/gnu arm embedded toolchain/10 2021.10/bin/../lib/gcc/arm-none-eabi/10.3.1/../../../../arm-none-eabi/lib/thumb/v7-m/nofp\libg_nano.a(lib_a-memmove.o)
 .text.memmove  0x00009a30       0x34 c:/program files (x86)/gnu arm embedded toolchain/10 2021.10/bin/../lib/gcc/arm-none-eabi/10.3.1/../../../../arm-none-eabi/lib/thumb/v7-m/nofp\libg_nano.a(lib_a-memmove.o)
                0x00009a30                memmove
 .text          0x00009a64        0x0 c:/program files (x86)/gnu arm embedded toolchain/10 2021.10/bin/../lib/gcc/arm-none-eabi/10.3.1/../../../../arm-none-eabi/lib/thumb/v7-m/nofp\libg_nano.a(lib_a-nano-freer.o)
 .text._free_r  0x00009a64       0x90 c:/program files (x86)/gnu arm embedded toolchain/10 2021.10/bin/../lib/gcc/arm-none-eabi/10.3.1/../../../../arm-none-eabi/lib/thumb/v7-m/nofp\libg_nano.a(lib_a-nano-freer.o)
                0x00009a64                _free_r
 .text          0x00009af4        0x0 c:/program files (x86)/gnu arm embedded toolchain/10 2021.10/bin/../lib/gcc/arm-none-eabi/10.3.1/../../../../arm-none-eabi/lib/thumb/v7-m/nofp\libg_nano.a(lib_a-nano-mallocr.o)
 .text.sbrk_aligned
                0x00009af4       0x40 c:/program files (x86)/gnu arm embedded toolchain/10 2021.10/bin/../lib/gcc/arm-none-eabi/10.3.1/../../../../arm-none-eabi/lib/thumb/v7-m/nofp\libg_nano.a(lib_a-nano-mallocr.o)
 .text._malloc_r
                0x00009b34       0xe8 c:/program files (x86)/gnu arm embedded toolchain/10 2021.10/bin/../lib/gcc/arm-none-eabi/10.3.1/../../../../arm-none-eabi/lib/thumb/v7-m/nofp\libg_nano.a(lib_a-nano-mallocr.o)
                0x00009b34                _malloc_r
 .text          0x00009c1c        0x0 c:/program files (x86)/gnu arm embedded toolchain/10 2021.10/bin/../lib/gcc/arm-none-eabi/10.3.1/../../../../arm-none-eabi/lib/thumb/v7-m/nofp\libg_nano.a(lib_a-nano-reallocr.o)
 .text._realloc_r
                0x00009c1c       0x5e c:/program files (x86)/gnu arm embedded toolchain/10 2021.10/bin/../lib/gcc/arm-none-eabi/10.3.1/../../../../arm-none-eabi/lib/thumb/v7-m/nofp\libg_nano.a(lib_a-nano-reallocr.o)
                0x00009c1c                _realloc_r
 .text          0x00009c7a        0x0 c:/program files (x86)/gnu arm embedded toolchain/10 2021.10/bin/../lib/gcc/arm-none-eabi/10.3.1/../../../../arm-none-eabi/lib/thumb/v7-m/nofp\libg_nano.a(lib_a-mlock.o)
 *fill*         0x00009c7a        0x2 
 .text.__malloc_lock
                0x00009c7c        0xc c:/program files (x86)/gnu arm embedded toolchain/10 2021.10/bin/../lib/gcc/arm-none-eabi/10.3.1/../../../../arm-none-eabi/lib/thumb/v7-m/nofp\libg_nano.a(lib_a-mlock.o)
                0x00009c7c                __malloc_lock
 .text.__malloc_unlock
                0x00009c88        0xc c:/program files (x86)/gnu arm embedded toolchain/10 2021.10/bin/../lib/gcc/arm-none-eabi/10.3.1/../../../../arm-none-eabi/lib/thumb/v7-m/nofp\libg_nano.a(lib_a-mlock.o)
                0x00009c88                __malloc_unlock
 .text          0x00009c94        0x0 c:/program files (x86)/gnu arm embedded toolchain/10 2021.10/bin/../lib/gcc/arm-none-eabi/10.3.1/../../../../arm-none-eabi/lib/thumb/v7-m/nofp\libg_nano.a(lib_a-nano-msizer.o)
 .text._malloc_usable_size_r
                0x00009c94       0x10 c:/program files (x86)/gnu arm embedded toolchain/10 2021.10/bin/../lib/gcc/arm-none-eabi/10.3.1/../../../../arm-none-eabi/lib/thumb/v7-m/nofp\libg_nano.a(lib_a-nano-msizer.o)
                0x00009c94                _malloc_usable_size_r
 .text          0x00009ca4        0x0 c:/program files (x86)/gnu arm embedded toolchain/10 2021.10/bin/../lib/gcc/arm-none-eabi/10.3.1/../../../../arm-none-eabi/lib/thumb/v7-m/nofp\libg_nano.a(lib_a-lock.o)
 .text.__retarget_lock_init
                0x00009ca4        0x2 c:/program files (x86)/gnu arm embedded toolchain/10 2021.10/bin/../lib/gcc/arm-none-eabi/10.3.1/../../../../arm-none-eabi/lib/thumb/v7-m/nofp\libg_nano.a(lib_a-lock.o)
                0x00009ca4                __retarget_lock_init
 .text.__retarget_lock_init_recursive
                0x00009ca6        0x2 c:/program files (x86)/gnu arm embedded toolchain/10 2021.10/bin/../lib/gcc/arm-none-eabi/10.3.1/../../../../arm-none-eabi/lib/thumb/v7-m/nofp\libg_nano.a(lib_a-lock.o)
                0x00009ca6                __retarget_lock_init_recursive
 .text.__retarget_lock_close
                0x00009ca8        0x2 c:/program files (x86)/gnu arm embedded toolchain/10 2021.10/bin/../lib/gcc/arm-none-eabi/10.3.1/../../../../arm-none-eabi/lib/thumb/v7-m/nofp\libg_nano.a(lib_a-lock.o)
                0x00009ca8                __retarget_lock_close
 .text.__retarget_lock_close_recursive
                0x00009caa        0x2 c:/program files (x86)/gnu arm embedded toolchain/10 2021.10/bin/../lib/gcc/arm-none-eabi/10.3.1/../../../../arm-none-eabi/lib/thumb/v7-m/nofp\libg_nano.a(lib_a-lock.o)
                0x00009caa                __retarget_lock_close_recursive
 .text.__retarget_lock_acquire
                0x00009cac        0x2 c:/program files (x86)/gnu arm embedded toolchain/10 2021.10/bin/../lib/gcc/arm-none-eabi/10.3.1/../../../../arm-none-eabi/lib/thumb/v7-m/nofp\libg_nano.a(lib_a-lock.o)
                0x00009cac                __retarget_lock_acquire
 .text.__retarget_lock_acquire_recursive
                0x00009cae        0x2 c:/program files (x86)/gnu arm embedded toolchain/10 2021.10/bin/../lib/gcc/arm-none-eabi/10.3.1/../../../../arm-none-eabi/lib/thumb/v7-m/nofp\libg_nano.a(lib_a-lock.o)
                0x00009cae                __retarget_lock_acquire_recursive
 .text.__retarget_lock_try_acquire
                0x00009cb0        0x4 c:/program files (x86)/gnu arm embedded toolchain/10 2021.10/bin/../lib/gcc/arm-none-eabi/10.3.1/../../../../arm-none-eabi/lib/thumb/v7-m/nofp\libg_nano.a(lib_a-lock.o)
                0x00009cb0                __retarget_lock_try_acquire
 .text.__retarget_lock_try_acquire_recursive
                0x00009cb4        0x4 c:/program files (x86)/gnu arm embedded toolchain/10 2021.10/bin/../lib/gcc/arm-none-eabi/10.3.1/../../../../arm-none-eabi/lib/thumb/v7-m/nofp\libg_nano.a(lib_a-lock.o)
                0x00009cb4                __retarget_lock_try_acquire_recursive
 .text.__retarget_lock_release
                0x00009cb8        0x2 c:/program files (x86)/gnu arm embedded toolchain/10 2021.10/bin/../lib/gcc/arm-none-eabi/10.3.1/../../../../arm-none-eabi/lib/thumb/v7-m/nofp\libg_nano.a(lib_a-lock.o)
                0x00009cb8                __retarget_lock_release
 .text.__retarget_lock_release_recursive
                0x00009cba        0x2 c:/program files (x86)/gnu arm embedded toolchain/10 2021.10/bin/../lib/gcc/arm-none-eabi/10.3.1/../../../../arm-none-eabi/lib/thumb/v7-m/nofp\libg_nano.a(lib_a-lock.o)
                0x00009cba                __retarget_lock_release_recursive
 *(.rodata*)
 .rodata        0x00009cbc       0x1f ./LocalDemoFiles/display.o
 *fill*         0x00009cdb        0x1 
 .rodata.g_pucOSRAM128x64x4VerticalInc
                0x00009cdc        0x2 ./LocalDemoFiles/osram128x64x4.o
 *fill*         0x00009cde        0x2 
 .rodata.g_pucOSRAM128x64x4HorizontalInc
                0x00009ce0        0x2 ./LocalDemoFiles/osram128x64x4.o
 *fill*         0x00009ce2        0x2 
 .rodata.g_pucFont
                0x00009ce4      0x1e0 ./LocalDemoFiles/osram128x64x4.o
 .rodata.g_pucOSRAM128x64x4Init
                0x00009ec4       0x4e ./LocalDemoFiles/osram128x64x4.o
 *fill*         0x00009f12        0x2 
 .rodata.pucCommand1.7
                0x00009f14        0x3 ./LocalDemoFiles/osram128x64x4.o
 *fill*         0x00009f17        0x1 
 .rodata.pucCommand2.6
                0x00009f18        0x3 ./LocalDemoFiles/osram128x64x4.o
 *fill*         0x00009f1b        0x1 
 .rodata.pucCommand1.0
                0x00009f1c        0x3 ./LocalDemoFiles/osram128x64x4.o
 *fill*         0x00009f1f        0x1 
 .rodata        0x00009f20       0x1a ./LegacyDrivers/ustdlib.o
 *fill*         0x00009f3a        0x2 
 .rodata.g_pcHex
                0x00009f3c        0x4 ./LegacyDrivers/ustdlib.o
 .rodata.xHeapStructSize
                0x00009f40        0x4 ./FreeRTOS_Source/portable/MemMang/heap_4.o
 .rodata        0x00009f44       0x40 ./FreeRTOS_Source/portable/MemMang/heap_4.o
 .rodata.pcInterruptPriorityRegisters
                0x00009f84        0x4 ./FreeRTOS_Source/portable/GCC/ARM_CM3/port.o
 .rodata        0x00009f88       0x42 ./FreeRTOS_Source/portable/GCC/ARM_CM3/port.o
 *fill*         0x00009fca        0x2 
 .rodata        0x00009fcc       0x35 ./FreeRTOS_Source/event_groups.o
 *fill*         0x0000a001        0x3 
 .rodata        0x0000a004       0x2e ./FreeRTOS_Source/queue.o
 *fill*         0x0000a032        0x2 
 .rodata        0x0000a034       0x36 ./FreeRTOS_Source/stream_buffer.o
 *fill*         0x0000a06a        0x2 
 .rodata        0x0000a06c       0x47 ./FreeRTOS_Source/tasks.o
 *fill*         0x0000a0b3        0x1 
 .rodata        0x0000a0b4       0x3d ./FreeRTOS_Source/timers.o
 *fill*         0x0000a0f1        0x3 
 .rodata        0x0000a0f4       0x22 ./main.o
 *fill*         0x0000a116        0x2 
 .rodata.IntDefaultHandler.str1.4
                0x0000a118        0xd ./startup.o
 *fill*         0x0000a125        0x3 
 .rodata.g_pulPriority
                0x0000a128       0x20 C:\FreeRTOSv202212.01\FreeRTOS\Demo\Common\drivers\LuminaryMicro/arm-none-eabi-gcc/\libdriver.a(interrupt.o)
 .rodata.g_pulRegs
                0x0000a148       0x40 C:\FreeRTOSv202212.01\FreeRTOS\Demo\Common\drivers\LuminaryMicro/arm-none-eabi-gcc/\libdriver.a(interrupt.o)
 .rodata.g_pulDCRegs
                0x0000a188       0x10 C:\FreeRTOSv202212.01\FreeRTOS\Demo\Common\drivers\LuminaryMicro/arm-none-eabi-gcc/\libdriver.a(sysctl.o)
 .rodata.g_pulXtals
                0x0000a198       0x5c C:\FreeRTOSv202212.01\FreeRTOS\Demo\Common\drivers\LuminaryMicro/arm-none-eabi-gcc/\libdriver.a(sysctl.o)
 .rodata.g_pulDCGCRegs
                0x0000a1f4        0xc C:\FreeRTOSv202212.01\FreeRTOS\Demo\Common\drivers\LuminaryMicro/arm-none-eabi-gcc/\libdriver.a(sysctl.o)
 .rodata.g_pulRCGCRegs
                0x0000a200        0xc C:\FreeRTOSv202212.01\FreeRTOS\Demo\Common\drivers\LuminaryMicro/arm-none-eabi-gcc/\libdriver.a(sysctl.o)
 .rodata.g_pulSCGCRegs
                0x0000a20c        0xc C:\FreeRTOSv202212.01\FreeRTOS\Demo\Common\drivers\LuminaryMicro/arm-none-eabi-gcc/\libdriver.a(sysctl.o)
 .rodata.g_pulSRCRRegs
                0x0000a218        0xc C:\FreeRTOSv202212.01\FreeRTOS\Demo\Common\drivers\LuminaryMicro/arm-none-eabi-gcc/\libdriver.a(sysctl.o)
 .rodata._global_impure_ptr
                0x0000a224        0x4 c:/program files (x86)/gnu arm embedded toolchain/10 2021.10/bin/../lib/gcc/arm-none-eabi/10.3.1/../../../../arm-none-eabi/lib/thumb/v7-m/nofp\libg_nano.a(lib_a-impure.o)
                0x0000a224                _global_impure_ptr
 .rodata._svfprintf_r.str1.1
                0x0000a228       0x11 c:/program files (x86)/gnu arm embedded toolchain/10 2021.10/bin/../lib/gcc/arm-none-eabi/10.3.1/../../../../arm-none-eabi/lib/thumb/v7-m/nofp\libg_nano.a(lib_a-nano-svfprintf.o)
 .rodata._printf_i.str1.1
                0x0000a239       0x22 c:/program files (x86)/gnu arm embedded toolchain/10 2021.10/bin/../lib/gcc/arm-none-eabi/10.3.1/../../../../arm-none-eabi/lib/thumb/v7-m/nofp\libg_nano.a(lib_a-nano-vfprintf_i.o)
                0x0000a25b                _etext = .

.glue_7         0x0000a25c        0x0
 .glue_7        0x0000a25c        0x0 linker stubs

.glue_7t        0x0000a25c        0x0
 .glue_7t       0x0000a25c        0x0 linker stubs

.vfp11_veneer   0x0000a25c        0x0
 .vfp11_veneer  0x0000a25c        0x0 linker stubs

.v4_bx          0x0000a25c        0x0
 .v4_bx         0x0000a25c        0x0 linker stubs

.iplt           0x0000a25c        0x0
 .iplt          0x0000a25c        0x0 ./LocalDemoFiles/display.o

.rel.dyn        0x0000a25c        0x0
 .rel.iplt      0x0000a25c        0x0 ./LocalDemoFiles/display.o

.data           0x20000000      0x16c load address 0x0000a25b
                0x20000000                _data = .
 *(vtable)
 vtable         0x20000000      0x100 C:\FreeRTOSv202212.01\FreeRTOS\Demo\Common\drivers\LuminaryMicro/arm-none-eabi-gcc/\libdriver.a(interrupt.o)
 *(.data*)
 .data          0x20000100        0x0 ./LocalDemoFiles/display.o
 .data          0x20000100        0x0 ./LocalDemoFiles/globals.o
 .data          0x20000100        0x0 ./LocalDemoFiles/osram128x64x4.o
 .data          0x20000100        0x0 ./LocalDemoFiles/serial.o
 .data          0x20000100        0x0 ./LocalDemoFiles/state.o
 .data          0x20000100        0x0 ./LegacyDrivers/ustdlib.o
 .data          0x20000100        0x0 ./FreeRTOS_Source/portable/MemMang/heap_4.o
 .data          0x20000100        0x0 ./FreeRTOS_Source/portable/GCC/ARM_CM3/port.o
 .data.uxCriticalNesting
                0x20000100        0x4 ./FreeRTOS_Source/portable/GCC/ARM_CM3/port.o
 .data          0x20000104        0x0 ./FreeRTOS_Source/croutine.o
 .data          0x20000104        0x0 ./FreeRTOS_Source/event_groups.o
 .data          0x20000104        0x0 ./FreeRTOS_Source/list.o
 .data          0x20000104        0x0 ./FreeRTOS_Source/queue.o
 .data          0x20000104        0x0 ./FreeRTOS_Source/stream_buffer.o
 .data          0x20000104        0x0 ./FreeRTOS_Source/tasks.o
 .data.uxTopUsedPriority
                0x20000104        0x4 ./FreeRTOS_Source/tasks.o
                0x20000104                uxTopUsedPriority
 .data          0x20000108        0x0 ./FreeRTOS_Source/timers.o
 .data          0x20000108        0x0 ./main.o
 .data          0x20000108        0x0 ./startup.o
 .data          0x20000108        0x0 C:\FreeRTOSv202212.01\FreeRTOS\Demo\Common\drivers\LuminaryMicro/arm-none-eabi-gcc/\libdriver.a(gpio.o)
 .data          0x20000108        0x0 C:\FreeRTOSv202212.01\FreeRTOS\Demo\Common\drivers\LuminaryMicro/arm-none-eabi-gcc/\libdriver.a(interrupt.o)
 .data          0x20000108        0x0 C:\FreeRTOSv202212.01\FreeRTOS\Demo\Common\drivers\LuminaryMicro/arm-none-eabi-gcc/\libdriver.a(ssi.o)
 .data          0x20000108        0x0 C:\FreeRTOSv202212.01\FreeRTOS\Demo\Common\drivers\LuminaryMicro/arm-none-eabi-gcc/\libdriver.a(sysctl.o)
 .data          0x20000108        0x0 C:\FreeRTOSv202212.01\FreeRTOS\Demo\Common\drivers\LuminaryMicro/arm-none-eabi-gcc/\libdriver.a(uart.o)
 .data          0x20000108        0x0 C:\FreeRTOSv202212.01\FreeRTOS\Demo\Common\drivers\LuminaryMicro/arm-none-eabi-gcc/\libdriver.a(cpu.o)
 .data          0x20000108        0x0 c:/program files (x86)/gnu arm embedded toolchain/10 2021.10/bin/../lib/gcc/arm-none-eabi/10.3.1/../../../../arm-none-eabi/lib/thumb/v7-m/nofp\libg_nano.a(lib_a-memcpy-stub.o)
 .data          0x20000108        0x0 c:/program files (x86)/gnu arm embedded toolchain/10 2021.10/bin/../lib/gcc/arm-none-eabi/10.3.1/../../../../arm-none-eabi/lib/thumb/v7-m/nofp\libg_nano.a(lib_a-memset.o)
 .data          0x20000108        0x0 c:/program files (x86)/gnu arm embedded toolchain/10 2021.10/bin/../lib/gcc/arm-none-eabi/10.3.1/../../../../arm-none-eabi/lib/thumb/v7-m/nofp\libg_nano.a(lib_a-sprintf.o)
 .data          0x20000108        0x0 c:/program files (x86)/gnu arm embedded toolchain/10 2021.10/bin/../lib/gcc/arm-none-eabi/10.3.1/../../../../arm-none-eabi/lib/thumb/v7-m/nofp\libg_nano.a(lib_a-strcpy.o)
 .data          0x20000108        0x0 c:/program files (x86)/gnu arm embedded toolchain/10 2021.10/bin/../lib/gcc/arm-none-eabi/10.3.1/../../../../arm-none-eabi/lib/thumb/v7-m/nofp\libg_nano.a(lib_a-strlen.o)
 .data          0x20000108        0x0 c:/program files (x86)/gnu arm embedded toolchain/10 2021.10/bin/../lib/gcc/arm-none-eabi/10.3.1/../../../../arm-none-eabi/lib/thumb/v7-m/nofp\libg_nano.a(lib_a-strncpy.o)
 .data          0x20000108        0x0 c:/program files (x86)/gnu arm embedded toolchain/10 2021.10/bin/../lib/gcc/arm-none-eabi/10.3.1/../../../../arm-none-eabi/lib/thumb/v7-m/nofp\libg_nano.a(lib_a-impure.o)
 .data._impure_ptr
                0x20000108        0x4 c:/program files (x86)/gnu arm embedded toolchain/10 2021.10/bin/../lib/gcc/arm-none-eabi/10.3.1/../../../../arm-none-eabi/lib/thumb/v7-m/nofp\libg_nano.a(lib_a-impure.o)
                0x20000108                _impure_ptr
 .data.impure_data
                0x2000010c       0x60 c:/program files (x86)/gnu arm embedded toolchain/10 2021.10/bin/../lib/gcc/arm-none-eabi/10.3.1/../../../../arm-none-eabi/lib/thumb/v7-m/nofp\libg_nano.a(lib_a-impure.o)
 .data          0x2000016c        0x0 c:/program files (x86)/gnu arm embedded toolchain/10 2021.10/bin/../lib/gcc/arm-none-eabi/10.3.1/../../../../arm-none-eabi/lib/thumb/v7-m/nofp\libg_nano.a(lib_a-nano-svfprintf.o)
 .data          0x2000016c        0x0 c:/program files (x86)/gnu arm embedded toolchain/10 2021.10/bin/../lib/gcc/arm-none-eabi/10.3.1/../../../../arm-none-eabi/lib/thumb/v7-m/nofp\libg_nano.a(lib_a-nano-vfprintf_i.o)
 .data          0x2000016c        0x0 c:/program files (x86)/gnu arm embedded toolchain/10 2021.10/bin/../lib/gcc/arm-none-eabi/10.3.1/../../../../arm-none-eabi/lib/thumb/v7-m/nofp\libg_nano.a(lib_a-memchr-stub.o)
 .data          0x2000016c        0x0 c:/program files (x86)/gnu arm embedded toolchain/10 2021.10/bin/../lib/gcc/arm-none-eabi/10.3.1/../../../../arm-none-eabi/lib/thumb/v7-m/nofp\libg_nano.a(lib_a-memmove.o)
 .data          0x2000016c        0x0 c:/program files (x86)/gnu arm embedded toolchain/10 2021.10/bin/../lib/gcc/arm-none-eabi/10.3.1/../../../../arm-none-eabi/lib/thumb/v7-m/nofp\libg_nano.a(lib_a-nano-freer.o)
 .data          0x2000016c        0x0 c:/program files (x86)/gnu arm embedded toolchain/10 2021.10/bin/../lib/gcc/arm-none-eabi/10.3.1/../../../../arm-none-eabi/lib/thumb/v7-m/nofp\libg_nano.a(lib_a-nano-mallocr.o)
 .data          0x2000016c        0x0 c:/program files (x86)/gnu arm embedded toolchain/10 2021.10/bin/../lib/gcc/arm-none-eabi/10.3.1/../../../../arm-none-eabi/lib/thumb/v7-m/nofp\libg_nano.a(lib_a-nano-reallocr.o)
 .data          0x2000016c        0x0 c:/program files (x86)/gnu arm embedded toolchain/10 2021.10/bin/../lib/gcc/arm-none-eabi/10.3.1/../../../../arm-none-eabi/lib/thumb/v7-m/nofp\libg_nano.a(lib_a-mlock.o)
 .data          0x2000016c        0x0 c:/program files (x86)/gnu arm embedded toolchain/10 2021.10/bin/../lib/gcc/arm-none-eabi/10.3.1/../../../../arm-none-eabi/lib/thumb/v7-m/nofp\libg_nano.a(lib_a-nano-msizer.o)
 .data          0x2000016c        0x0 c:/program files (x86)/gnu arm embedded toolchain/10 2021.10/bin/../lib/gcc/arm-none-eabi/10.3.1/../../../../arm-none-eabi/lib/thumb/v7-m/nofp\libg_nano.a(lib_a-lock.o)
                0x2000016c                _edata = .

.igot.plt       0x2000016c        0x0 load address 0x0000a3c8
 .igot.plt      0x2000016c        0x0 ./LocalDemoFiles/display.o

.bss            0x2000016c     0xe90d load address 0x0000a3c8
                0x2000016c                _bss = .
 *(.bss*)
 .bss           0x2000016c        0x0 ./LocalDemoFiles/display.o
 .bss           0x2000016c        0x0 ./LocalDemoFiles/globals.o
 .bss.serialBuffer
                0x2000016c      0x400 ./LocalDemoFiles/globals.o
                0x2000016c                serialBuffer
 .bss.mouse     0x2000056c        0x2 ./LocalDemoFiles/globals.o
                0x2000056c                mouse
 .bss.menu      0x2000056e        0x1 ./LocalDemoFiles/globals.o
                0x2000056e                menu
 .bss           0x2000056f        0x0 ./LocalDemoFiles/osram128x64x4.o
 *fill*         0x2000056f        0x1 
 .bss.buffer    0x20000570     0x1400 ./LocalDemoFiles/osram128x64x4.o
 .bss.g_bSSIEnabled
                0x20001970        0x1 ./LocalDemoFiles/osram128x64x4.o
 *fill*         0x20001971        0x3 
 .bss.pucZeroBuffer.5
                0x20001974        0x8 ./LocalDemoFiles/osram128x64x4.o
 .bss.pucBuffer.4
                0x2000197c        0x8 ./LocalDemoFiles/osram128x64x4.o
 .bss.pucBuffer.3
                0x20001984        0x8 ./LocalDemoFiles/osram128x64x4.o
 .bss.pucBuffer.2
                0x2000198c        0x8 ./LocalDemoFiles/osram128x64x4.o
 .bss.pucBuffer.1
                0x20001994        0x8 ./LocalDemoFiles/osram128x64x4.o
 .bss           0x2000199c        0x0 ./LocalDemoFiles/serial.o
 .bss.c.2       0x2000199c        0x1 ./LocalDemoFiles/serial.o
 *fill*         0x2000199d        0x3 
 .bss.i.1       0x200019a0        0x4 ./LocalDemoFiles/serial.o
 .bss.c.0       0x200019a4        0x1 ./LocalDemoFiles/serial.o
 .bss           0x200019a5        0x0 ./LocalDemoFiles/state.o
 .bss.state     0x200019a5        0x1 ./LocalDemoFiles/state.o
                0x200019a5                state
 .bss           0x200019a6        0x0 ./LegacyDrivers/ustdlib.o
 .bss           0x200019a6        0x0 ./FreeRTOS_Source/portable/MemMang/heap_4.o
 *fill*         0x200019a6        0x2 
 .bss.ucHeap    0x200019a8     0xc800 ./FreeRTOS_Source/portable/MemMang/heap_4.o
 .bss.xStart    0x2000e1a8        0x8 ./FreeRTOS_Source/portable/MemMang/heap_4.o
 .bss.pxEnd     0x2000e1b0        0x4 ./FreeRTOS_Source/portable/MemMang/heap_4.o
 .bss.xFreeBytesRemaining
                0x2000e1b4        0x4 ./FreeRTOS_Source/portable/MemMang/heap_4.o
 .bss.xMinimumEverFreeBytesRemaining
                0x2000e1b8        0x4 ./FreeRTOS_Source/portable/MemMang/heap_4.o
 .bss.xNumberOfSuccessfulAllocations
                0x2000e1bc        0x4 ./FreeRTOS_Source/portable/MemMang/heap_4.o
 .bss.xNumberOfSuccessfulFrees
                0x2000e1c0        0x4 ./FreeRTOS_Source/portable/MemMang/heap_4.o
 .bss           0x2000e1c4        0x0 ./FreeRTOS_Source/portable/GCC/ARM_CM3/port.o
 .bss.ucMaxSysCallPriority
                0x2000e1c4        0x1 ./FreeRTOS_Source/portable/GCC/ARM_CM3/port.o
 *fill*         0x2000e1c5        0x3 
 .bss.ulMaxPRIGROUPValue
                0x2000e1c8        0x4 ./FreeRTOS_Source/portable/GCC/ARM_CM3/port.o
 .bss           0x2000e1cc        0x0 ./FreeRTOS_Source/croutine.o
 .bss           0x2000e1cc        0x0 ./FreeRTOS_Source/event_groups.o