Archive member included to satisfy reference by file (symbol)

C:\FreeRTOSv202212.01\FreeRTOS\Demo\Common\drivers\LuminaryMicro/arm-none-eabi-gcc/\libdriver.a(gpio.o)
                              ./LocalDemoFiles/osram128x64x4.o (GPIODirModeSet)
C:\FreeRTOSv202212.01\FreeRTOS\Demo\Common\drivers\LuminaryMicro/arm-none-eabi-gcc/\libdriver.a(interrupt.o)
                              C:\FreeRTOSv202212.01\FreeRTOS\Demo\Common\drivers\LuminaryMicro/arm-none-eabi-gcc/\libdriver.a(gpio.o) (IntRegister)
C:\FreeRTOSv202212.01\FreeRTOS\Demo\Common\drivers\LuminaryMicro/arm-none-eabi-gcc/\libdriver.a(ssi.o)
                              ./LocalDemoFiles/osram128x64x4.o (SSIConfigSetExpClk)
C:\FreeRTOSv202212.01\FreeRTOS\Demo\Common\drivers\LuminaryMicro/arm-none-eabi-gcc/\libdriver.a(sysctl.o)
                              ./LocalDemoFiles/osram128x64x4.o (SysCtlPeripheralEnable)
C:\FreeRTOSv202212.01\FreeRTOS\Demo\Common\drivers\LuminaryMicro/arm-none-eabi-gcc/\libdriver.a(uart.o)
                              ./main.o (UARTEnable)
C:\FreeRTOSv202212.01\FreeRTOS\Demo\Common\drivers\LuminaryMicro/arm-none-eabi-gcc/\libdriver.a(cpu.o)
                              C:\FreeRTOSv202212.01\FreeRTOS\Demo\Common\drivers\LuminaryMicro/arm-none-eabi-gcc/\libdriver.a(interrupt.o) (CPUcpsid)
c:/program files (x86)/gnu arm embedded toolchain/10 2021.10/bin/../lib/gcc/arm-none-eabi/10.3.1/thumb/v7-m/nofp\libgcc.a(_arm_muldf3.o)
                              ./LocalDemoFiles/func.o (__aeabi_dmul)
c:/program files (x86)/gnu arm embedded toolchain/10 2021.10/bin/../lib/gcc/arm-none-eabi/10.3.1/thumb/v7-m/nofp\libgcc.a(_arm_addsubdf3.o)
                              ./LocalDemoFiles/func.o (__aeabi_dsub)
c:/program files (x86)/gnu arm embedded toolchain/10 2021.10/bin/../lib/gcc/arm-none-eabi/10.3.1/thumb/v7-m/nofp\libgcc.a(_arm_muldivdf3.o)
                              ./LocalDemoFiles/func.o (__aeabi_ddiv)
c:/program files (x86)/gnu arm embedded toolchain/10 2021.10/bin/../lib/gcc/arm-none-eabi/10.3.1/thumb/v7-m/nofp\libgcc.a(_arm_cmpdf2.o)
                              ./LocalDemoFiles/func.o (__aeabi_dcmpge)
c:/program files (x86)/gnu arm embedded toolchain/10 2021.10/bin/../lib/gcc/arm-none-eabi/10.3.1/thumb/v7-m/nofp\libgcc.a(_arm_fixdfsi.o)
                              ./LocalDemoFiles/func.o (__aeabi_d2iz)
c:/program files (x86)/gnu arm embedded toolchain/10 2021.10/bin/../lib/gcc/arm-none-eabi/10.3.1/../../../../arm-none-eabi/lib/thumb/v7-m/nofp\libg_nano.a(lib_a-atoi.o)
                              ./LocalDemoFiles/serial.o (atoi)
c:/program files (x86)/gnu arm embedded toolchain/10 2021.10/bin/../lib/gcc/arm-none-eabi/10.3.1/../../../../arm-none-eabi/lib/thumb/v7-m/nofp\libg_nano.a(lib_a-ctype_.o)
                              ./LocalDemoFiles/serial.o (_ctype_)
c:/program files (x86)/gnu arm embedded toolchain/10 2021.10/bin/../lib/gcc/arm-none-eabi/10.3.1/../../../../arm-none-eabi/lib/thumb/v7-m/nofp\libg_nano.a(lib_a-memcpy-stub.o)
                              ./FreeRTOS_Source/queue.o (memcpy)
c:/program files (x86)/gnu arm embedded toolchain/10 2021.10/bin/../lib/gcc/arm-none-eabi/10.3.1/../../../../arm-none-eabi/lib/thumb/v7-m/nofp\libg_nano.a(lib_a-memset.o)
                              ./FreeRTOS_Source/portable/MemMang/heap_4.o (memset)
c:/program files (x86)/gnu arm embedded toolchain/10 2021.10/bin/../lib/gcc/arm-none-eabi/10.3.1/../../../../arm-none-eabi/lib/thumb/v7-m/nofp\libg_nano.a(lib_a-sprintf.o)
                              ./LocalDemoFiles/display.o (sprintf)
c:/program files (x86)/gnu arm embedded toolchain/10 2021.10/bin/../lib/gcc/arm-none-eabi/10.3.1/../../../../arm-none-eabi/lib/thumb/v7-m/nofp\libg_nano.a(lib_a-strcmp.o)
                              ./LocalDemoFiles/worker.o (strcmp)
c:/program files (x86)/gnu arm embedded toolchain/10 2021.10/bin/../lib/gcc/arm-none-eabi/10.3.1/../../../../arm-none-eabi/lib/thumb/v7-m/nofp\libg_nano.a(lib_a-strcpy.o)
                              ./FreeRTOS_Source/tasks.o (strcpy)
c:/program files (x86)/gnu arm embedded toolchain/10 2021.10/bin/../lib/gcc/arm-none-eabi/10.3.1/../../../../arm-none-eabi/lib/thumb/v7-m/nofp\libg_nano.a(lib_a-strlen.o)
                              ./FreeRTOS_Source/tasks.o (strlen)
c:/program files (x86)/gnu arm embedded toolchain/10 2021.10/bin/../lib/gcc/arm-none-eabi/10.3.1/../../../../arm-none-eabi/lib/thumb/v7-m/nofp\libg_nano.a(lib_a-strncpy.o)
                              ./LegacyDrivers/ustdlib.o (strncpy)
c:/program files (x86)/gnu arm embedded toolchain/10 2021.10/bin/../lib/gcc/arm-none-eabi/10.3.1/../../../../arm-none-eabi/lib/thumb/v7-m/nofp\libg_nano.a(lib_a-strtol.o)
                              c:/program files (x86)/gnu arm embedded toolchain/10 2021.10/bin/../lib/gcc/arm-none-eabi/10.3.1/../../../../arm-none-eabi/lib/thumb/v7-m/nofp\libg_nano.a(lib_a-atoi.o) (_strtol_r)
[...]
Memory Configuration

Name             Origin             Length             Attributes
FLASH            0x00000000         0x00040000         xr
SRAM             0x20000000         0x00010000         xrw
*default*        0x00000000         0xffffffff

Linker script and memory map

LOAD ./LocalDemoFiles/display.o
LOAD ./LocalDemoFiles/func.o
LOAD ./LocalDemoFiles/globals.o
LOAD ./LocalDemoFiles/osram128x64x4.o
LOAD ./LocalDemoFiles/serial.o
LOAD ./LocalDemoFiles/snake.o
LOAD ./LocalDemoFiles/worker.o
LOAD ./LegacyDrivers/ustdlib.o
LOAD ./FreeRTOS_Source/portable/MemMang/heap_4.o
LOAD ./FreeRTOS_Source/portable/GCC/ARM_CM3/port.o
LOAD ./FreeRTOS_Source/croutine.o
LOAD ./FreeRTOS_Source/event_groups.o
LOAD ./FreeRTOS_Source/list.o
LOAD ./FreeRTOS_Source/queue.o
LOAD ./FreeRTOS_Source/stream_buffer.o
LOAD ./FreeRTOS_Source/tasks.o
LOAD ./FreeRTOS_Source/timers.o
LOAD ./main.o
LOAD ./startup.o
LOAD C:\FreeRTOSv202212.01\FreeRTOS\Demo\Common\drivers\LuminaryMicro/arm-none-eabi-gcc/\libdriver.a
LOAD C:\FreeRTOSv202212.01\FreeRTOS\Demo\Common\drivers\LuminaryMicro/arm-none-eabi-gcc/\libgr.a
START GROUP
LOAD c:/program files (x86)/gnu arm embedded toolchain/10 2021.10/bin/../lib/gcc/arm-none-eabi/10.3.1/thumb/v7-m/nofp\libgcc.a
LOAD c:/program files (x86)/gnu arm embedded toolchain/10 2021.10/bin/../lib/gcc/arm-none-eabi/10.3.1/../../../../arm-none-eabi/lib/thumb/v7-m/nofp\libg_nano.a
LOAD c:/program files (x86)/gnu arm embedded toolchain/10 2021.10/bin/../lib/gcc/arm-none-eabi/10.3.1/../../../../arm-none-eabi/lib/thumb/v7-m/nofp\libc_nano.a
END GROUP
START GROUP
LOAD c:/program files (x86)/gnu arm embedded toolchain/10 2021.10/bin/../lib/gcc/arm-none-eabi/10.3.1/thumb/v7-m/nofp\libgcc.a
LOAD c:/program files (x86)/gnu arm embedded toolchain/10 2021.10/bin/../lib/gcc/arm-none-eabi/10.3.1/../../../../arm-none-eabi/lib/thumb/v7-m/nofp\libc_nano.a
END GROUP

.text           0x00000000    0x3f853
 *(.isr_vector)
 .isr_vector    0x00000000       0xf0 ./startup.o
                0x00000000                g_pfnVectors
 *(.text*)
 .text          0x000000f0        0x0 ./LocalDemoFiles/display.o
 .text.printScreanType
                0x000000f0       0xbc ./LocalDemoFiles/display.o
                0x000000f0                printScreanType
 .text.printMouse
                0x000001ac       0x24 ./LocalDemoFiles/display.o
                0x000001ac                printMouse
 .text.printMenu
                0x000001d0      0x11c ./LocalDemoFiles/display.o
                0x000001d0                printMenu
 .text.printWorkers
                0x000002ec      0x150 ./LocalDemoFiles/display.o
                0x000002ec                printWorkers
 .text.drawSnakeGame
                0x0000043c       0xb4 ./LocalDemoFiles/display.o
                0x0000043c                drawSnakeGame
 .text.drawVideo
                0x000004f0      0x190 ./LocalDemoFiles/display.o
                0x000004f0                drawVideo
 .text.drawFunc
                0x00000680      0x134 ./LocalDemoFiles/display.o
                0x00000680                drawFunc
 .text.FlashCursorTask
                0x000007b4       0x8c ./LocalDemoFiles/display.o
                0x000007b4                FlashCursorTask
 .text.startFlashCursor
                0x00000840       0x2c ./LocalDemoFiles/display.o
                0x00000840                startFlashCursor
 .text.stopFlashCursor
                0x0000086c       0x18 ./LocalDemoFiles/display.o
                0x0000086c                stopFlashCursor
 .text.clockTask
                0x00000884       0x58 ./LocalDemoFiles/display.o
                0x00000884                clockTask
 .text          0x000008dc        0x0 ./LocalDemoFiles/func.o
 *fill*         0x000008dc        0x4 
 .text.mysin    0x000008e0      0x1f0 ./LocalDemoFiles/func.o
                0x000008e0                mysin
 .text.FuncTask
                0x00000ad0      0x2d4 ./LocalDemoFiles/func.o
                0x00000ad0                FuncTask
 .text.startFunc
                0x00000da4       0x54 ./LocalDemoFiles/func.o
                0x00000da4                startFunc
 .text.stopFunc
                0x00000df8       0x38 ./LocalDemoFiles/func.o
                0x00000df8                stopFunc
 .text          0x00000e30        0x0 ./LocalDemoFiles/globals.o
 .text          0x00000e30        0x0 ./LocalDemoFiles/osram128x64x4.o
 .text.OSRAMWriteCommand
                0x00000e30       0x60 ./LocalDemoFiles/osram128x64x4.o
 .text.OSRAMWriteData
                0x00000e90       0x60 ./LocalDemoFiles/osram128x64x4.o
 .text.OSRAM128x64x4Clear
                0x00000ef0       0x64 ./LocalDemoFiles/osram128x64x4.o
                0x00000ef0                OSRAM128x64x4Clear
 .text.OSRAM128x64x4StringDraw
                0x00000f54      0x1c8 ./LocalDemoFiles/osram128x64x4.o
                0x00000f54                OSRAM128x64x4StringDraw
 .text.OSRAM128x64x4ImageDraw
                0x0000111c      0x174 ./LocalDemoFiles/osram128x64x4.o
                0x0000111c                OSRAM128x64x4ImageDraw
 .text.OSRAM128x64x4PixelDraw
                0x00001290       0xc8 ./LocalDemoFiles/osram128x64x4.o
                0x00001290                OSRAM128x64x4PixelDraw
 .text.OSRAM128x64x4RectangleDraw
                0x00001358      0x19c ./LocalDemoFiles/osram128x64x4.o
                0x00001358                OSRAM128x64x4RectangleDraw
 .text.OSRAM128x64x4Enable
                0x000014f4       0x70 ./LocalDemoFiles/osram128x64x4.o
                0x000014f4                OSRAM128x64x4Enable
 .text.OSRAM128x64x4Disable
                0x00001564       0x5c ./LocalDemoFiles/osram128x64x4.o
                0x00001564                OSRAM128x64x4Disable
 .text.OSRAM128x64x4Init
                0x000015c0       0xd8 ./LocalDemoFiles/osram128x64x4.o
                0x000015c0                OSRAM128x64x4Init
 .text.OSRAM128x64x4DisplayOn
                0x00001698       0x4c ./LocalDemoFiles/osram128x64x4.o
                0x00001698                OSRAM128x64x4DisplayOn
 .text.OSRAM128x64x4DisplayOff
                0x000016e4       0x14 ./LocalDemoFiles/osram128x64x4.o
                0x000016e4                OSRAM128x64x4DisplayOff
 .text.OSRAM128x64x4SwapBuffer
                0x000016f8       0x50 ./LocalDemoFiles/osram128x64x4.o
                0x000016f8                OSRAM128x64x4SwapBuffer
 .text          0x00001748        0x0 ./LocalDemoFiles/serial.o
 .text.cleanSerial
                0x00001748       0x58 ./LocalDemoFiles/serial.o
                0x00001748                cleanSerial
 .text.writeToSerialBuffer
                0x000017a0       0x4c ./LocalDemoFiles/serial.o
                0x000017a0                writeToSerialBuffer
 .text.defaultSerial
                0x000017ec      0x1c4 ./LocalDemoFiles/serial.o
                0x000017ec                defaultSerial
 .text.getSpecialKey
                0x000019b0       0xe4 ./LocalDemoFiles/serial.o
                0x000019b0                getSpecialKey
 .text.moveMouse
                0x00001a94       0xc0 ./LocalDemoFiles/serial.o
                0x00001a94                moveMouse
 .text.interactWorkers
                0x00001b54      0x1bc ./LocalDemoFiles/serial.o
                0x00001b54                interactWorkers
 .text.interactMenu
                0x00001d10      0x1d4 ./LocalDemoFiles/serial.o
                0x00001d10                interactMenu
 .text.interactSnakeGame
                0x00001ee4       0xdc ./LocalDemoFiles/serial.o
                0x00001ee4                interactSnakeGame
 .text.interactVideo
                0x00001fc0       0xfc ./LocalDemoFiles/serial.o
                0x00001fc0                interactVideo
 .text.interactFunc
                0x000020bc      0x220 ./LocalDemoFiles/serial.o
                0x000020bc                interactFunc
 .text          0x000022dc        0x0 ./LocalDemoFiles/snake.o
 .text.initSnake
                0x000022dc       0x9c ./LocalDemoFiles/snake.o
                0x000022dc                initSnake
 .text.SnakeTask
                0x00002378      0x274 ./LocalDemoFiles/snake.o
                0x00002378                SnakeTask
 .text.stopSnake
                0x000025ec       0x18 ./LocalDemoFiles/snake.o
                0x000025ec                stopSnake
 .text          0x00002604        0x0 ./LocalDemoFiles/worker.o
 .text.WorkerTask
                0x00002604       0xd4 ./LocalDemoFiles/worker.o
                0x00002604                WorkerTask
 .text.initWorkers
                0x000026d8       0x98 ./LocalDemoFiles/worker.o
                0x000026d8                initWorkers
 .text.stopWorkers
                0x00002770       0x40 ./LocalDemoFiles/worker.o
                0x00002770                stopWorkers
 .text          0x000027b0        0x0 ./LegacyDrivers/ustdlib.o
 .text.uvsnprintf
                0x000027b0      0x3d0 ./LegacyDrivers/ustdlib.o
                0x000027b0                uvsnprintf
 .text.usprintf
                0x00002b80       0x30 ./LegacyDrivers/ustdlib.o
                0x00002b80                usprintf
 .text.usnprintf
                0x00002bb0       0x30 ./LegacyDrivers/ustdlib.o
                0x00002bb0                usnprintf
 .text          0x00002be0        0x0 ./FreeRTOS_Source/portable/MemMang/heap_4.o
 .text.pvPortMalloc
                0x00002be0      0x15c ./FreeRTOS_Source/portable/MemMang/heap_4.o
                0x00002be0                pvPortMalloc
 .text.vPortFree
                0x00002d3c       0xa4 ./FreeRTOS_Source/portable/MemMang/heap_4.o
                0x00002d3c                vPortFree
 .text.xPortGetFreeHeapSize
                0x00002de0       0x14 ./FreeRTOS_Source/portable/MemMang/heap_4.o
                0x00002de0                xPortGetFreeHeapSize
 .text.xPortGetMinimumEverFreeHeapSize
                0x00002df4       0x14 ./FreeRTOS_Source/portable/MemMang/heap_4.o
                0x00002df4                xPortGetMinimumEverFreeHeapSize
 .text.vPortInitialiseBlocks
                0x00002e08        0xc ./FreeRTOS_Source/portable/MemMang/heap_4.o
                0x00002e08                vPortInitialiseBlocks
 .text.pvPortCalloc
                0x00002e14       0x60 ./FreeRTOS_Source/portable/MemMang/heap_4.o
                0x00002e14                pvPortCalloc
 .text.prvHeapInit
                0x00002e74       0xb8 ./FreeRTOS_Source/portable/MemMang/heap_4.o
 .text.prvInsertBlockIntoFreeList
                0x00002f2c       0xb0 ./FreeRTOS_Source/portable/MemMang/heap_4.o
 .text.vPortGetHeapStats
                0x00002fdc       0xbc ./FreeRTOS_Source/portable/MemMang/heap_4.o
                0x00002fdc                vPortGetHeapStats
 .text          0x00003098        0x0 ./FreeRTOS_Source/portable/GCC/ARM_CM3/port.o
 .text.pxPortInitialiseStack
                0x00003098       0x58 ./FreeRTOS_Source/portable/GCC/ARM_CM3/port.o
                0x00003098                pxPortInitialiseStack
 .text.prvTaskExitError
                0x000030f0       0x4c ./FreeRTOS_Source/portable/GCC/ARM_CM3/port.o
 *fill*         0x0000313c        0x4 
 .text.vPortSVCHandler
                0x00003140       0x28 ./FreeRTOS_Source/portable/GCC/ARM_CM3/port.o
                0x00003140                vPortSVCHandler
 .text.prvPortStartFirstTask
                0x00003168       0x24 ./FreeRTOS_Source/portable/GCC/ARM_CM3/port.o
 .text.xPortStartScheduler
                0x0000318c       0xc0 ./FreeRTOS_Source/portable/GCC/ARM_CM3/port.o
                0x0000318c                xPortStartScheduler
 .text.vPortEndScheduler
                0x0000324c       0x24 ./FreeRTOS_Source/portable/GCC/ARM_CM3/port.o
                0x0000324c                vPortEndScheduler
 .text.vPortEnterCritical
                0x00003270       0x54 ./FreeRTOS_Source/portable/GCC/ARM_CM3/port.o
                0x00003270                vPortEnterCritical
 .text.vPortExitCritical
                0x000032c4       0x48 ./FreeRTOS_Source/portable/GCC/ARM_CM3/port.o
                0x000032c4                vPortExitCritical
 *fill*         0x0000330c        0x4 
 .text.xPortPendSVHandler
                0x00003310       0x48 ./FreeRTOS_Source/portable/GCC/ARM_CM3/port.o
                0x00003310                xPortPendSVHandler
 .text.xPortSysTickHandler
                0x00003358       0x44 ./FreeRTOS_Source/portable/GCC/ARM_CM3/port.o
                0x00003358                xPortSysTickHandler
 .text.vPortSetupTimerInterrupt
                0x0000339c       0x34 ./FreeRTOS_Source/portable/GCC/ARM_CM3/port.o
                0x0000339c                vPortSetupTimerInterrupt
 .text.vPortValidateInterruptPriority
                0x000033d0       0x68 ./FreeRTOS_Source/portable/GCC/ARM_CM3/port.o
                0x000033d0                vPortValidateInterruptPriority
 .text          0x00003438        0x0 ./FreeRTOS_Source/croutine.o
 .text          0x00003438        0x0 ./FreeRTOS_Source/event_groups.o
 .text.xEventGroupCreate
                0x00003438       0x2e ./FreeRTOS_Source/event_groups.o
                0x00003438                xEventGroupCreate
 *fill*         0x00003466        0x2 
 .text.xEventGroupSync
                0x00003468      0x138 ./FreeRTOS_Source/event_groups.o
                0x00003468                xEventGroupSync
 .text.xEventGroupWaitBits
                0x000035a0      0x170 ./FreeRTOS_Source/event_groups.o
                0x000035a0                xEventGroupWaitBits
 .text.xEventGroupClearBits
                0x00003710       0x5c ./FreeRTOS_Source/event_groups.o
                0x00003710                xEventGroupClearBits
 .text.xEventGroupClearBitsFromISR
                0x0000376c       0x28 ./FreeRTOS_Source/event_groups.o
                0x0000376c                xEventGroupClearBitsFromISR
 .text.xEventGroupGetBitsFromISR
                0x00003794       0x46 ./FreeRTOS_Source/event_groups.o
                0x00003794                xEventGroupGetBitsFromISR
 *fill*         0x000037da        0x2 
 .text.xEventGroupSetBits
                0x000037dc      0x104 ./FreeRTOS_Source/event_groups.o
                0x000037dc                xEventGroupSetBits
 .text.vEventGroupDelete
                0x000038e0       0x6c ./FreeRTOS_Source/event_groups.o
                0x000038e0                vEventGroupDelete
 .text.vEventGroupSetBitsCallback
                0x0000394c       0x1a ./FreeRTOS_Source/event_groups.o
                0x0000394c                vEventGroupSetBitsCallback
 .text.vEventGroupClearBitsCallback
                0x00003966       0x1a ./FreeRTOS_Source/event_groups.o
                0x00003966                vEventGroupClearBitsCallback
 .text.prvTestWaitCondition
                0x00003980       0x42 ./FreeRTOS_Source/event_groups.o
 *fill*         0x000039c2        0x2 
 .text.xEventGroupSetBitsFromISR
                0x000039c4       0x28 ./FreeRTOS_Source/event_groups.o
                0x000039c4                xEventGroupSetBitsFromISR
 .text.uxEventGroupGetNumber
                0x000039ec       0x2a ./FreeRTOS_Source/event_groups.o
                0x000039ec                uxEventGroupGetNumber
 .text.vEventGroupSetNumber
                0x00003a16       0x1a ./FreeRTOS_Source/event_groups.o
                0x00003a16                vEventGroupSetNumber
 .text          0x00003a30        0x0 ./FreeRTOS_Source/list.o
 .text.vListInitialise
                0x00003a30       0x3e ./FreeRTOS_Source/list.o
                0x00003a30                vListInitialise
 .text.vListInitialiseItem
                0x00003a6e       0x18 ./FreeRTOS_Source/list.o
                0x00003a6e                vListInitialiseItem
 .text.vListInsertEnd
                0x00003a86       0x46 ./FreeRTOS_Source/list.o
                0x00003a86                vListInsertEnd
 .text.vListInsert
                0x00003acc       0x70 ./FreeRTOS_Source/list.o
                0x00003acc                vListInsert
 .text.uxListRemove
                0x00003b3c       0x52 ./FreeRTOS_Source/list.o
                0x00003b3c                uxListRemove
 .text          0x00003b8e        0x0 ./FreeRTOS_Source/queue.o
 *fill*         0x00003b8e        0x2 
 .text.xQueueGenericReset
                0x00003b90      0x10c ./FreeRTOS_Source/queue.o
                0x00003b90                xQueueGenericReset
 .text.xQueueGenericCreate
                0x00003c9c       0x94 ./FreeRTOS_Source/queue.o
                0x00003c9c                xQueueGenericCreate
 .text.prvInitialiseNewQueue
                0x00003d30       0x4c ./FreeRTOS_Source/queue.o
 .text.prvInitialiseMutex
                0x00003d7c       0x34 ./FreeRTOS_Source/queue.o
 .text.xQueueCreateMutex
                0x00003db0       0x30 ./FreeRTOS_Source/queue.o
                0x00003db0                xQueueCreateMutex
 .text.xQueueGetMutexHolder
                0x00003de0       0x48 ./FreeRTOS_Source/queue.o
                0x00003de0                xQueueGetMutexHolder
 .text.xQueueGetMutexHolderFromISR
                0x00003e28       0x3c ./FreeRTOS_Source/queue.o
                0x00003e28                xQueueGetMutexHolderFromISR
 .text.xQueueGiveMutexRecursive
                0x00003e64       0x60 ./FreeRTOS_Source/queue.o
                0x00003e64                xQueueGiveMutexRecursive
 .text.xQueueTakeMutexRecursive
                0x00003ec4       0x64 ./FreeRTOS_Source/queue.o
                0x00003ec4                xQueueTakeMutexRecursive
 .text.xQueueCreateCountingSemaphore
                0x00003f28       0x54 ./FreeRTOS_Source/queue.o
                0x00003f28                xQueueCreateCountingSemaphore
 .text.xQueueGenericSend
                0x00003f7c      0x208 ./FreeRTOS_Source/queue.o
                0x00003f7c                xQueueGenericSend
 .text.xQueueGenericSendFromISR
                0x00004184      0x168 ./FreeRTOS_Source/queue.o
                0x00004184                xQueueGenericSendFromISR
 .text.xQueueGiveFromISR
                0x000042ec      0x13c ./FreeRTOS_Source/queue.o
                0x000042ec                xQueueGiveFromISR
 .text.xQueueReceive
                0x00004428      0x1a0 ./FreeRTOS_Source/queue.o
                0x00004428                xQueueReceive
 .text.xQueueSemaphoreTake
                0x000045c8      0x1dc ./FreeRTOS_Source/queue.o
                0x000045c8                xQueueSemaphoreTake
 .text.xQueuePeek
                0x000047a4      0x1a4 ./FreeRTOS_Source/queue.o
                0x000047a4                xQueuePeek
 .text.xQueueReceiveFromISR
                0x00004948      0x110 ./FreeRTOS_Source/queue.o
                0x00004948                xQueueReceiveFromISR
 .text.xQueuePeekFromISR
                0x00004a58       0xb4 ./FreeRTOS_Source/queue.o
                0x00004a58                xQueuePeekFromISR
 .text.uxQueueMessagesWaiting
                0x00004b0c       0x34 ./FreeRTOS_Source/queue.o
                0x00004b0c                uxQueueMessagesWaiting
 .text.uxQueueSpacesAvailable
                0x00004b40       0x40 ./FreeRTOS_Source/queue.o
                0x00004b40                uxQueueSpacesAvailable
 .text.uxQueueMessagesWaitingFromISR
                0x00004b80       0x30 ./FreeRTOS_Source/queue.o
                0x00004b80                uxQueueMessagesWaitingFromISR
 .text.vQueueDelete
                0x00004bb0       0x34 ./FreeRTOS_Source/queue.o
                0x00004bb0                vQueueDelete
 .text.uxQueueGetQueueNumber
                0x00004be4       0x16 ./FreeRTOS_Source/queue.o
                0x00004be4                uxQueueGetQueueNumber
 .text.vQueueSetQueueNumber
                0x00004bfa       0x1a ./FreeRTOS_Source/queue.o
                0x00004bfa                vQueueSetQueueNumber
 .text.ucQueueGetQueueType
                0x00004c14       0x18 ./FreeRTOS_Source/queue.o
                0x00004c14                ucQueueGetQueueType
 .text.prvGetDisinheritPriorityAfterTimeout
                0x00004c2c       0x2e ./FreeRTOS_Source/queue.o
 .text.prvCopyDataToQueue
                0x00004c5a       0xd4 ./FreeRTOS_Source/queue.o
 .text.prvCopyDataFromQueue
                0x00004d2e       0x4c ./FreeRTOS_Source/queue.o
 .text.prvUnlockQueue
                0x00004d7a       0xbe ./FreeRTOS_Source/queue.o
 .text.prvIsQueueEmpty
                0x00004e38       0x2c ./FreeRTOS_Source/queue.o
 .text.xQueueIsQueueEmptyFromISR
                0x00004e64       0x3c ./FreeRTOS_Source/queue.o
                0x00004e64                xQueueIsQueueEmptyFromISR
 .text.prvIsQueueFull
                0x00004ea0       0x30 ./FreeRTOS_Source/queue.o
 .text.xQueueIsQueueFullFromISR
                0x00004ed0       0x40 ./FreeRTOS_Source/queue.o
                0x00004ed0                xQueueIsQueueFullFromISR
 .text.vQueueAddToRegistry
                0x00004f10       0x90 ./FreeRTOS_Source/queue.o
                0x00004f10                vQueueAddToRegistry
 .text.pcQueueGetName
                0x00004fa0       0x5c ./FreeRTOS_Source/queue.o
                0x00004fa0                pcQueueGetName
 .text.vQueueUnregisterQueue
                0x00004ffc       0x64 ./FreeRTOS_Source/queue.o
                0x00004ffc                vQueueUnregisterQueue
 .text.vQueueWaitForMessageRestricted
                0x00005060       0x68 ./FreeRTOS_Source/queue.o
                0x00005060                vQueueWaitForMessageRestricted
 .text.xQueueCreateSet
                0x000050c8       0x1e ./FreeRTOS_Source/queue.o
                0x000050c8                xQueueCreateSet
 .text.xQueueAddToSet
                0x000050e6       0x42 ./FreeRTOS_Source/queue.o
                0x000050e6                xQueueAddToSet
 .text.xQueueRemoveFromSet
                0x00005128       0x48 ./FreeRTOS_Source/queue.o
                0x00005128                xQueueRemoveFromSet
 .text.xQueueSelectFromSet
                0x00005170       0x26 ./FreeRTOS_Source/queue.o
                0x00005170                xQueueSelectFromSet
 .text.xQueueSelectFromSetFromISR
                0x00005196       0x24 ./FreeRTOS_Source/queue.o
                0x00005196                xQueueSelectFromSetFromISR
 *fill*         0x000051ba        0x2 
 .text.prvNotifyQueueSetContainer
                0x000051bc       0xc0 ./FreeRTOS_Source/queue.o
 .text          0x0000527c        0x0 ./FreeRTOS_Source/stream_buffer.o
 .text.xStreamBufferGenericCreate
                0x0000527c       0xac ./FreeRTOS_Source/stream_buffer.o
                0x0000527c                xStreamBufferGenericCreate
 .text.vStreamBufferDelete
                0x00005328       0x48 ./FreeRTOS_Source/stream_buffer.o
                0x00005328                vStreamBufferDelete
 .text.xStreamBufferReset
                0x00005370       0x84 ./FreeRTOS_Source/stream_buffer.o
                0x00005370                xStreamBufferReset
 .text.xStreamBufferSetTriggerLevel
                0x000053f4       0x50 ./FreeRTOS_Source/stream_buffer.o
                0x000053f4                xStreamBufferSetTriggerLevel
 .text.xStreamBufferSpacesAvailable
                0x00005444       0x6c ./FreeRTOS_Source/stream_buffer.o
                0x00005444                xStreamBufferSpacesAvailable
 .text.xStreamBufferBytesAvailable
                0x000054b0       0x34 ./FreeRTOS_Source/stream_buffer.o
                0x000054b0                xStreamBufferBytesAvailable
 .text.xStreamBufferSend
                0x000054e4      0x170 ./FreeRTOS_Source/stream_buffer.o
                0x000054e4                xStreamBufferSend
 .text.xStreamBufferSendFromISR
                0x00005654       0xd4 ./FreeRTOS_Source/stream_buffer.o
                0x00005654                xStreamBufferSendFromISR
 .text.prvWriteMessageToBuffer
                0x00005728       0x88 ./FreeRTOS_Source/stream_buffer.o
 .text.xStreamBufferReceive
                0x000057b0      0x110 ./FreeRTOS_Source/stream_buffer.o
                0x000057b0                xStreamBufferReceive
 .text.xStreamBufferNextMessageLengthBytes
                0x000058c0       0x74 ./FreeRTOS_Source/stream_buffer.o
                0x000058c0                xStreamBufferNextMessageLengthBytes
 .text.xStreamBufferReceiveFromISR
                0x00005934       0xcc ./FreeRTOS_Source/stream_buffer.o
                0x00005934                xStreamBufferReceiveFromISR
 .text.prvReadMessageFromBuffer
                0x00005a00       0x7a ./FreeRTOS_Source/stream_buffer.o
 *fill*         0x00005a7a        0x2 
 .text.xStreamBufferIsEmpty
                0x00005a7c       0x44 ./FreeRTOS_Source/stream_buffer.o
                0x00005a7c                xStreamBufferIsEmpty
 .text.xStreamBufferIsFull
                0x00005ac0       0x58 ./FreeRTOS_Source/stream_buffer.o
                0x00005ac0                xStreamBufferIsFull
 .text.xStreamBufferSendCompletedFromISR
                0x00005b18       0x84 ./FreeRTOS_Source/stream_buffer.o
                0x00005b18                xStreamBufferSendCompletedFromISR
 .text.xStreamBufferReceiveCompletedFromISR
                0x00005b9c       0x84 ./FreeRTOS_Source/stream_buffer.o
                0x00005b9c                xStreamBufferReceiveCompletedFromISR
 .text.prvWriteBytesToBuffer
                0x00005c20       0xbc ./FreeRTOS_Source/stream_buffer.o
 .text.prvReadBytesFromBuffer
                0x00005cdc       0xb4 ./FreeRTOS_Source/stream_buffer.o
 .text.prvBytesInBuffer
                0x00005d90       0x3e ./FreeRTOS_Source/stream_buffer.o
 *fill*         0x00005dce        0x2 
 .text.prvInitialiseNewStreamBuffer
                0x00005dd0       0x60 ./FreeRTOS_Source/stream_buffer.o
 .text.uxStreamBufferGetStreamBufferNumber
                0x00005e30       0x16 ./FreeRTOS_Source/stream_buffer.o
                0x00005e30                uxStreamBufferGetStreamBufferNumber
 .text.vStreamBufferSetStreamBufferNumber
                0x00005e46       0x1a ./FreeRTOS_Source/stream_buffer.o
                0x00005e46                vStreamBufferSetStreamBufferNumber
 .text.ucStreamBufferGetStreamBufferType
                0x00005e60       0x1c ./FreeRTOS_Source/stream_buffer.o
                0x00005e60                ucStreamBufferGetStreamBufferType
 .text          0x00005e7c        0x0 ./FreeRTOS_Source/tasks.o
 .text.xTaskCreate
                0x00005e7c       0x8c ./FreeRTOS_Source/tasks.o
                0x00005e7c                xTaskCreate
 .text.prvInitialiseNewTask
                0x00005f08      0x10c ./FreeRTOS_Source/tasks.o
 .text.prvAddNewTaskToReadyList
                0x00006014      0x12c ./FreeRTOS_Source/tasks.o
 .text.vTaskDelete
                0x00006140      0x120 ./FreeRTOS_Source/tasks.o
                0x00006140                vTaskDelete
 .text.xTaskDelayUntil
                0x00006260       0xdc ./FreeRTOS_Source/tasks.o
                0x00006260                xTaskDelayUntil
 .text.vTaskDelay
                0x0000633c       0x60 ./FreeRTOS_Source/tasks.o
                0x0000633c                vTaskDelay
 .text.eTaskGetState
                0x0000639c       0xdc ./FreeRTOS_Source/tasks.o
                0x0000639c                eTaskGetState
 .text.uxTaskPriorityGet
                0x00006478       0x34 ./FreeRTOS_Source/tasks.o
                0x00006478                uxTaskPriorityGet
 .text.uxTaskPriorityGetFromISR
                0x000064ac       0x58 ./FreeRTOS_Source/tasks.o
                0x000064ac                uxTaskPriorityGetFromISR
 .text.vTaskPrioritySet
                0x00006504      0x19c ./FreeRTOS_Source/tasks.o
                0x00006504                vTaskPrioritySet
 .text.vTaskSuspend
                0x000066a0      0x138 ./FreeRTOS_Source/tasks.o
                0x000066a0                vTaskSuspend
 .text.prvTaskIsTaskSuspended
                0x000067d8       0x58 ./FreeRTOS_Source/tasks.o
 .text.vTaskResume
                0x00006830      0x104 ./FreeRTOS_Source/tasks.o
                0x00006830                vTaskResume
 .text.xTaskResumeFromISR
                0x00006934      0x134 ./FreeRTOS_Source/tasks.o
                0x00006934                xTaskResumeFromISR
 .text.vTaskStartScheduler
                0x00006a68       0x9c ./FreeRTOS_Source/tasks.o
                0x00006a68                vTaskStartScheduler
 .text.vTaskEndScheduler
                0x00006b04       0x30 ./FreeRTOS_Source/tasks.o
                0x00006b04                vTaskEndScheduler
 .text.vTaskSuspendAll
                0x00006b34       0x1c ./FreeRTOS_Source/tasks.o
                0x00006b34                vTaskSuspendAll
 .text.xTaskResumeAll
                0x00006b50      0x1f0 ./FreeRTOS_Source/tasks.o
                0x00006b50                xTaskResumeAll
 .text.xTaskGetTickCount
                0x00006d40       0x1c ./FreeRTOS_Source/tasks.o
                0x00006d40                xTaskGetTickCount
 .text.xTaskGetTickCountFromISR
                0x00006d5c       0x24 ./FreeRTOS_Source/tasks.o
                0x00006d5c                xTaskGetTickCountFromISR
 .text.uxTaskGetNumberOfTasks
                0x00006d80       0x14 ./FreeRTOS_Source/tasks.o
                0x00006d80                uxTaskGetNumberOfTasks
 .text.pcTaskGetName
                0x00006d94       0x3c ./FreeRTOS_Source/tasks.o
                0x00006d94                pcTaskGetName
 .text.uxTaskGetSystemState
                0x00006dd0      0x11c ./FreeRTOS_Source/tasks.o
                0x00006dd0                uxTaskGetSystemState
 .text.xTaskGetIdleTaskHandle
                0x00006eec       0x28 ./FreeRTOS_Source/tasks.o
                0x00006eec                xTaskGetIdleTaskHandle
 .text.xTaskCatchUpTicks
                0x00006f14       0x50 ./FreeRTOS_Source/tasks.o
                0x00006f14                xTaskCatchUpTicks
 .text.xTaskIncrementTick
                0x00006f64      0x234 ./FreeRTOS_Source/tasks.o
                0x00006f64                xTaskIncrementTick
 .text.vTaskSwitchContext
                0x00007198       0xf8 ./FreeRTOS_Source/tasks.o
                0x00007198                vTaskSwitchContext
 .text.vTaskPlaceOnEventList
                0x00007290       0x40 ./FreeRTOS_Source/tasks.o
                0x00007290                vTaskPlaceOnEventList
 .text.vTaskPlaceOnUnorderedEventList
                0x000072d0       0x98 ./FreeRTOS_Source/tasks.o
                0x000072d0                vTaskPlaceOnUnorderedEventList
 .text.vTaskPlaceOnEventListRestricted
                0x00007368       0x84 ./FreeRTOS_Source/tasks.o
                0x00007368                vTaskPlaceOnEventListRestricted
 .text.xTaskRemoveFromEventList
                0x000073ec      0x1a0 ./FreeRTOS_Source/tasks.o
                0x000073ec                xTaskRemoveFromEventList
 .text.vTaskRemoveFromUnorderedEventList
                0x0000758c      0x168 ./FreeRTOS_Source/tasks.o
                0x0000758c                vTaskRemoveFromUnorderedEventList
 .text.vTaskSetTimeOutState
                0x000076f4       0x44 ./FreeRTOS_Source/tasks.o
                0x000076f4                vTaskSetTimeOutState
 .text.vTaskInternalSetTimeOutState
                0x00007738       0x2c ./FreeRTOS_Source/tasks.o
                0x00007738                vTaskInternalSetTimeOutState
 .text.xTaskCheckForTimeOut
                0x00007764       0xb8 ./FreeRTOS_Source/tasks.o
                0x00007764                xTaskCheckForTimeOut
 .text.vTaskMissedYield
                0x0000781c       0x18 ./FreeRTOS_Source/tasks.o
                0x0000781c                vTaskMissedYield
 .text.uxTaskGetTaskNumber
                0x00007834       0x2a ./FreeRTOS_Source/tasks.o
                0x00007834                uxTaskGetTaskNumber
 .text.vTaskSetTaskNumber
                0x0000785e       0x24 ./FreeRTOS_Source/tasks.o
                0x0000785e                vTaskSetTaskNumber
 .text.prvIdleTask
                0x00007882        0xe ./FreeRTOS_Source/tasks.o
 .text.prvInitialiseTaskLists
                0x00007890       0x80 ./FreeRTOS_Source/tasks.o
 .text.prvCheckTasksWaitingTermination
                0x00007910       0x5c ./FreeRTOS_Source/tasks.o
 .text.vTaskGetInfo
                0x0000796c       0xcc ./FreeRTOS_Source/tasks.o
                0x0000796c                vTaskGetInfo
 .text.prvListTasksWithinSingleList
                0x00007a38       0xa4 ./FreeRTOS_Source/tasks.o
 .text.prvTaskCheckFreeStackSpace
                0x00007adc       0x36 ./FreeRTOS_Source/tasks.o
 *fill*         0x00007b12        0x2 
 .text.uxTaskGetStackHighWaterMark
                0x00007b14       0x38 ./FreeRTOS_Source/tasks.o
                0x00007b14                uxTaskGetStackHighWaterMark
 .text.prvDeleteTCB
                0x00007b4c       0x20 ./FreeRTOS_Source/tasks.o
 .text.prvResetNextTaskUnblockTime
                0x00007b6c       0x34 ./FreeRTOS_Source/tasks.o
 .text.xTaskGetCurrentTaskHandle
                0x00007ba0       0x1c ./FreeRTOS_Source/tasks.o
                0x00007ba0                xTaskGetCurrentTaskHandle
 .text.xTaskGetSchedulerState
                0x00007bbc       0x3c ./FreeRTOS_Source/tasks.o
                0x00007bbc                xTaskGetSchedulerState
 .text.xTaskPriorityInherit
                0x00007bf8      0x13c ./FreeRTOS_Source/tasks.o
                0x00007bf8                xTaskPriorityInherit
 .text.xTaskPriorityDisinherit
                0x00007d34      0x130 ./FreeRTOS_Source/tasks.o
                0x00007d34                xTaskPriorityDisinherit
 .text.vTaskPriorityDisinheritAfterTimeout
                0x00007e64      0x15c ./FreeRTOS_Source/tasks.o
                0x00007e64                vTaskPriorityDisinheritAfterTimeout
 .text.prvWriteNameToBuffer
                0x00007fc0       0x4a ./FreeRTOS_Source/tasks.o
 *fill*         0x0000800a        0x2 
 .text.vTaskList
                0x0000800c      0x130 ./FreeRTOS_Source/tasks.o
                0x0000800c                vTaskList
 .text.uxTaskResetEventItemValue
                0x0000813c       0x30 ./FreeRTOS_Source/tasks.o
                0x0000813c                uxTaskResetEventItemValue
 .text.pvTaskIncrementMutexHeldCount
                0x0000816c       0x28 ./FreeRTOS_Source/tasks.o
                0x0000816c                pvTaskIncrementMutexHeldCount
 .text.ulTaskGenericNotifyTake
                0x00008194       0xc8 ./FreeRTOS_Source/tasks.o
                0x00008194                ulTaskGenericNotifyTake
 .text.xTaskGenericNotifyWait
                0x0000825c       0xf8 ./FreeRTOS_Source/tasks.o
                0x0000825c                xTaskGenericNotifyWait
 .text.xTaskGenericNotify
                0x00008354      0x218 ./FreeRTOS_Source/tasks.o
                0x00008354                xTaskGenericNotify
 .text.xTaskGenericNotifyFromISR
                0x0000856c      0x28c ./FreeRTOS_Source/tasks.o
                0x0000856c                xTaskGenericNotifyFromISR
 .text.vTaskGenericNotifyGiveFromISR
                0x000087f8      0x1ec ./FreeRTOS_Source/tasks.o
                0x000087f8                vTaskGenericNotifyGiveFromISR
 .text.xTaskGenericNotifyStateClear
                0x000089e4       0x6c ./FreeRTOS_Source/tasks.o
                0x000089e4                xTaskGenericNotifyStateClear
 .text.ulTaskGenericNotifyValueClear
                0x00008a50       0x5c ./FreeRTOS_Source/tasks.o
                0x00008a50                ulTaskGenericNotifyValueClear
 .text.prvAddCurrentTaskToDelayedList
                0x00008aac      0x100 ./FreeRTOS_Source/tasks.o
 .text.getTaskName
                0x00008bac       0x24 ./FreeRTOS_Source/tasks.o
                0x00008bac                getTaskName
 .text          0x00008bd0        0x0 ./FreeRTOS_Source/timers.o
 .text.xTimerCreateTimerTask
                0x00008bd0       0x5c ./FreeRTOS_Source/timers.o
                0x00008bd0                xTimerCreateTimerTask
 .text.xTimerCreate
                0x00008c2c       0x42 ./FreeRTOS_Source/timers.o
                0x00008c2c                xTimerCreate
 *fill*         0x00008c6e        0x2 
 .text.prvInitialiseNewTimer
                0x00008c70       0x68 ./FreeRTOS_Source/timers.o
 .text.xTimerGenericCommand
                0x00008cd8       0x94 ./FreeRTOS_Source/timers.o
                0x00008cd8                xTimerGenericCommand
 .text.xTimerGetTimerDaemonTaskHandle
                0x00008d6c       0x28 ./FreeRTOS_Source/timers.o
                0x00008d6c                xTimerGetTimerDaemonTaskHandle
 .text.xTimerGetPeriod
                0x00008d94       0x2c ./FreeRTOS_Source/timers.o
                0x00008d94                xTimerGetPeriod
 .text.vTimerSetReloadMode
                0x00008dc0       0x60 ./FreeRTOS_Source/timers.o
                0x00008dc0                vTimerSetReloadMode
 .text.xTimerGetReloadMode
                0x00008e20       0x4c ./FreeRTOS_Source/timers.o
                0x00008e20                xTimerGetReloadMode
 .text.uxTimerGetReloadMode
                0x00008e6c       0x18 ./FreeRTOS_Source/timers.o
                0x00008e6c                uxTimerGetReloadMode
 .text.xTimerGetExpiryTime
                0x00008e84       0x30 ./FreeRTOS_Source/timers.o
                0x00008e84                xTimerGetExpiryTime
 .text.pcTimerGetName
                0x00008eb4       0x2c ./FreeRTOS_Source/timers.o
                0x00008eb4                pcTimerGetName
 .text.prvReloadTimer
                0x00008ee0       0x42 ./FreeRTOS_Source/timers.o
 *fill*         0x00008f22        0x2 
 .text.prvProcessExpiredTimer
                0x00008f24       0x60 ./FreeRTOS_Source/timers.o
 .text.prvTimerTask
                0x00008f84       0x24 ./FreeRTOS_Source/timers.o
 .text.prvProcessTimerOrBlockTask
                0x00008fa8       0x9c ./FreeRTOS_Source/timers.o
 .text.prvGetNextExpireTime
                0x00009044       0x44 ./FreeRTOS_Source/timers.o
 .text.prvSampleTimeNow
                0x00009088       0x40 ./FreeRTOS_Source/timers.o
 .text.prvInsertTimerInActiveList
                0x000090c8       0x84 ./FreeRTOS_Source/timers.o
 .text.prvProcessReceivedCommands
                0x0000914c      0x1a0 ./FreeRTOS_Source/timers.o
 .text.prvSwitchTimerLists
                0x000092ec       0x4c ./FreeRTOS_Source/timers.o
 .text.prvCheckForValidListAndQueue
                0x00009338       0x6c ./FreeRTOS_Source/timers.o
 .text.xTimerIsTimerActive
                0x000093a4       0x4c ./FreeRTOS_Source/timers.o
                0x000093a4                xTimerIsTimerActive
 .text.pvTimerGetTimerID
                0x000093f0       0x38 ./FreeRTOS_Source/timers.o
                0x000093f0                pvTimerGetTimerID
 .text.vTimerSetTimerID
                0x00009428       0x38 ./FreeRTOS_Source/timers.o
                0x00009428                vTimerSetTimerID
 .text.xTimerPendFunctionCallFromISR
                0x00009460       0x40 ./FreeRTOS_Source/timers.o
                0x00009460                xTimerPendFunctionCallFromISR
 .text.xTimerPendFunctionCall
                0x000094a0       0x58 ./FreeRTOS_Source/timers.o
                0x000094a0                xTimerPendFunctionCall
 .text.uxTimerGetTimerNumber
                0x000094f8       0x16 ./FreeRTOS_Source/timers.o
                0x000094f8                uxTimerGetTimerNumber
 .text.vTimerSetTimerNumber
                0x0000950e       0x1a ./FreeRTOS_Source/timers.o
                0x0000950e                vTimerSetTimerNumber
 .text          0x00009528        0x0 ./main.o
 .text.main     0x00009528       0x74 ./main.o
                0x00009528                main
 .text.prvSetupHardware
                0x0000959c       0x8c ./main.o
 .text.vApplicationTickHook
                0x00009628        0xc ./main.o
                0x00009628                vApplicationTickHook
 .text.SerialTask
                0x00009634       0x88 ./main.o
 .text.RefreshDisplayTask
                0x000096bc       0xb0 ./main.o
 .text.vApplicationStackOverflowHook
                0x0000976c       0x24 ./main.o
                0x0000976c                vApplicationStackOverflowHook
 .text.vAssertCalled
                0x00009790       0x26 ./main.o
                0x00009790                vAssertCalled
 *fill*         0x000097b6        0x2 
 .text.vApplicationGetIdleTaskMemory
                0x000097b8       0x30 ./main.o
                0x000097b8                vApplicationGetIdleTaskMemory
 .text.vApplicationGetTimerTaskMemory
                0x000097e8       0x30 ./main.o
                0x000097e8                vApplicationGetTimerTaskMemory
 .text._sbrk_r  0x00009818       0x2c ./main.o
                0x00009818                _sbrk_r
 .text          0x00009844        0x0 ./startup.o
 .text.IntDefaultHandler
                0x00009844       0x14 ./startup.o
 .text.FaultISR
                0x00009858       0x14 ./startup.o
 .text.NmiSR    0x0000986c       0x14 ./startup.o
 .text.ResetISR
                0x00009880       0x50 ./startup.o
                0x00009880                ResetISR
 .text.uipprintf
                0x000098d0        0x8 ./startup.o
                0x000098d0                uipprintf
 .text          0x000098d8        0x0 C:\FreeRTOSv202212.01\FreeRTOS\Demo\Common\drivers\LuminaryMicro/arm-none-eabi-gcc/\libdriver.a(gpio.o)
 .text.GPIOGetIntNumber
                0x000098d8       0xa4 C:\FreeRTOSv202212.01\FreeRTOS\Demo\Common\drivers\LuminaryMicro/arm-none-eabi-gcc/\libdriver.a(gpio.o)
 .text.GPIODirModeSet
                0x0000997c       0x44 C:\FreeRTOSv202212.01\FreeRTOS\Demo\Common\drivers\LuminaryMicro/arm-none-eabi-gcc/\libdriver.a(gpio.o)
                0x0000997c                GPIODirModeSet
 .text.GPIODirModeGet
                0x000099c0       0x20 C:\FreeRTOSv202212.01\FreeRTOS\Demo\Common\drivers\LuminaryMicro/arm-none-eabi-gcc/\libdriver.a(gpio.o)
                0x000099c0                GPIODirModeGet
 .text.GPIOIntTypeSet
                0x000099e0       0x70 C:\FreeRTOSv202212.01\FreeRTOS\Demo\Common\drivers\LuminaryMicro/arm-none-eabi-gcc/\libdriver.a(gpio.o)
                0x000099e0                GPIOIntTypeSet
 .text.GPIOIntTypeGet
                0x00009a50       0x30 C:\FreeRTOSv202212.01\FreeRTOS\Demo\Common\drivers\LuminaryMicro/arm-none-eabi-gcc/\libdriver.a(gpio.o)
                0x00009a50                GPIOIntTypeGet
 .text.GPIOPadConfigSet
                0x00009a80      0x130 C:\FreeRTOSv202212.01\FreeRTOS\Demo\Common\drivers\LuminaryMicro/arm-none-eabi-gcc/\libdriver.a(gpio.o)
                0x00009a80                GPIOPadConfigSet
 .text.GPIOPadConfigGet
                0x00009bb0       0x78 C:\FreeRTOSv202212.01\FreeRTOS\Demo\Common\drivers\LuminaryMicro/arm-none-eabi-gcc/\libdriver.a(gpio.o)
                0x00009bb0                GPIOPadConfigGet
 .text.GPIOPinIntEnable
                0x00009c28        0xc C:\FreeRTOSv202212.01\FreeRTOS\Demo\Common\drivers\LuminaryMicro/arm-none-eabi-gcc/\libdriver.a(gpio.o)
                0x00009c28                GPIOPinIntEnable
 .text.GPIOPinIntDisable
                0x00009c34       0x10 C:\FreeRTOSv202212.01\FreeRTOS\Demo\Common\drivers\LuminaryMicro/arm-none-eabi-gcc/\libdriver.a(gpio.o)
                0x00009c34                GPIOPinIntDisable
 .text.GPIOPinIntStatus
                0x00009c44       0x10 C:\FreeRTOSv202212.01\FreeRTOS\Demo\Common\drivers\LuminaryMicro/arm-none-eabi-gcc/\libdriver.a(gpio.o)
                0x00009c44                GPIOPinIntStatus
 .text.GPIOPinIntClear
                0x00009c54        0x8 C:\FreeRTOSv202212.01\FreeRTOS\Demo\Common\drivers\LuminaryMicro/arm-none-eabi-gcc/\libdriver.a(gpio.o)
                0x00009c54                GPIOPinIntClear
 .text.GPIOPinRead
                0x00009c5c        0x8 C:\FreeRTOSv202212.01\FreeRTOS\Demo\Common\drivers\LuminaryMicro/arm-none-eabi-gcc/\libdriver.a(gpio.o)
                0x00009c5c                GPIOPinRead
 .text.GPIOPinWrite
                0x00009c64        0x8 C:\FreeRTOSv202212.01\FreeRTOS\Demo\Common\drivers\LuminaryMicro/arm-none-eabi-gcc/\libdriver.a(gpio.o)
                0x00009c64                GPIOPinWrite
 .text.GPIOPinTypeADC
                0x00009c6c       0x1c C:\FreeRTOSv202212.01\FreeRTOS\Demo\Common\drivers\LuminaryMicro/arm-none-eabi-gcc/\libdriver.a(gpio.o)
                0x00009c6c                GPIOPinTypeADC
 .text.GPIOPinTypeCAN
                0x00009c88       0x1c C:\FreeRTOSv202212.01\FreeRTOS\Demo\Common\drivers\LuminaryMicro/arm-none-eabi-gcc/\libdriver.a(gpio.o)
                0x00009c88                GPIOPinTypeCAN
 .text.GPIOPinTypeComparator
                0x00009ca4       0x1c C:\FreeRTOSv202212.01\FreeRTOS\Demo\Common\drivers\LuminaryMicro/arm-none-eabi-gcc/\libdriver.a(gpio.o)
                0x00009ca4                GPIOPinTypeComparator
 .text.GPIOPinTypeGPIOInput
                0x00009cc0       0x1c C:\FreeRTOSv202212.01\FreeRTOS\Demo\Common\drivers\LuminaryMicro/arm-none-eabi-gcc/\libdriver.a(gpio.o)
                0x00009cc0                GPIOPinTypeGPIOInput
 .text.GPIOPinTypeGPIOOutput
                0x00009cdc       0x1c C:\FreeRTOSv202212.01\FreeRTOS\Demo\Common\drivers\LuminaryMicro/arm-none-eabi-gcc/\libdriver.a(gpio.o)
                0x00009cdc                GPIOPinTypeGPIOOutput
 .text.GPIOPinTypeGPIOOutputOD
                0x00009cf8       0x1c C:\FreeRTOSv202212.01\FreeRTOS\Demo\Common\drivers\LuminaryMicro/arm-none-eabi-gcc/\libdriver.a(gpio.o)
                0x00009cf8                GPIOPinTypeGPIOOutputOD
 .text.GPIOPinTypeI2C
                0x00009d14       0x1c C:\FreeRTOSv202212.01\FreeRTOS\Demo\Common\drivers\LuminaryMicro/arm-none-eabi-gcc/\libdriver.a(gpio.o)
                0x00009d14                GPIOPinTypeI2C
 .text.GPIOPinTypePWM
                0x00009d30       0x1c C:\FreeRTOSv202212.01\FreeRTOS\Demo\Common\drivers\LuminaryMicro/arm-none-eabi-gcc/\libdriver.a(gpio.o)
                0x00009d30                GPIOPinTypePWM
 .text.GPIOPinTypeQEI
                0x00009d4c       0x1c C:\FreeRTOSv202212.01\FreeRTOS\Demo\Common\drivers\LuminaryMicro/arm-none-eabi-gcc/\libdriver.a(gpio.o)
                0x00009d4c                GPIOPinTypeQEI
 .text.GPIOPinTypeSSI
                0x00009d68       0x1c C:\FreeRTOSv202212.01\FreeRTOS\Demo\Common\drivers\LuminaryMicro/arm-none-eabi-gcc/\libdriver.a(gpio.o)
                0x00009d68                GPIOPinTypeSSI
 .text.GPIOPinTypeTimer
                0x00009d84       0x1c C:\FreeRTOSv202212.01\FreeRTOS\Demo\Common\drivers\LuminaryMicro/arm-none-eabi-gcc/\libdriver.a(gpio.o)
                0x00009d84                GPIOPinTypeTimer
 .text.GPIOPinTypeUART
                0x00009da0       0x1c C:\FreeRTOSv202212.01\FreeRTOS\Demo\Common\drivers\LuminaryMicro/arm-none-eabi-gcc/\libdriver.a(gpio.o)
                0x00009da0                GPIOPinTypeUART
 .text.GPIOPinTypeUSBDigital
                0x00009dbc       0x1c C:\FreeRTOSv202212.01\FreeRTOS\Demo\Common\drivers\LuminaryMicro/arm-none-eabi-gcc/\libdriver.a(gpio.o)
                0x00009dbc                GPIOPinTypeUSBDigital
 .text.GPIOPortIntUnregister
                0x00009dd8       0x14 C:\FreeRTOSv202212.01\FreeRTOS\Demo\Common\drivers\LuminaryMicro/arm-none-eabi-gcc/\libdriver.a(gpio.o)
                0x00009dd8                GPIOPortIntUnregister
 .text.GPIOPortIntRegister
                0x00009dec       0x18 C:\FreeRTOSv202212.01\FreeRTOS\Demo\Common\drivers\LuminaryMicro/arm-none-eabi-gcc/\libdriver.a(gpio.o)
                0x00009dec                GPIOPortIntRegister
 .text          0x00009e04        0x0 C:\FreeRTOSv202212.01\FreeRTOS\Demo\Common\drivers\LuminaryMicro/arm-none-eabi-gcc/\libdriver.a(interrupt.o)
 .text.IntDefaultHandler
                0x00009e04        0x4 C:\FreeRTOSv202212.01\FreeRTOS\Demo\Common\drivers\LuminaryMicro/arm-none-eabi-gcc/\libdriver.a(interrupt.o)
 .text.IntRegister
                0x00009e08       0x3c C:\FreeRTOSv202212.01\FreeRTOS\Demo\Common\drivers\LuminaryMicro/arm-none-eabi-gcc/\libdriver.a(interrupt.o)
                0x00009e08                IntRegister
 .text.IntUnregister
                0x00009e44       0x14 C:\FreeRTOSv202212.01\FreeRTOS\Demo\Common\drivers\LuminaryMicro/arm-none-eabi-gcc/\libdriver.a(interrupt.o)
                0x00009e44                IntUnregister
 .text.IntPriorityGroupingSet
                0x00009e58       0x1c C:\FreeRTOSv202212.01\FreeRTOS\Demo\Common\drivers\LuminaryMicro/arm-none-eabi-gcc/\libdriver.a(interrupt.o)
                0x00009e58                IntPriorityGroupingSet
 .text.IntPriorityGroupingGet
                0x00009e74       0x24 C:\FreeRTOSv202212.01\FreeRTOS\Demo\Common\drivers\LuminaryMicro/arm-none-eabi-gcc/\libdriver.a(interrupt.o)
                0x00009e74                IntPriorityGroupingGet
 .text.IntPrioritySet
                0x00009e98       0x28 C:\FreeRTOSv202212.01\FreeRTOS\Demo\Common\drivers\LuminaryMicro/arm-none-eabi-gcc/\libdriver.a(interrupt.o)
                0x00009e98                IntPrioritySet
 .text.IntPriorityGet
                0x00009ec0       0x20 C:\FreeRTOSv202212.01\FreeRTOS\Demo\Common\drivers\LuminaryMicro/arm-none-eabi-gcc/\libdriver.a(interrupt.o)
                0x00009ec0                IntPriorityGet
 .text.IntEnable
                0x00009ee0       0x74 C:\FreeRTOSv202212.01\FreeRTOS\Demo\Common\drivers\LuminaryMicro/arm-none-eabi-gcc/\libdriver.a(interrupt.o)
                0x00009ee0                IntEnable
 .text.IntDisable
                0x00009f54       0x74 C:\FreeRTOSv202212.01\FreeRTOS\Demo\Common\drivers\LuminaryMicro/arm-none-eabi-gcc/\libdriver.a(interrupt.o)
                0x00009f54                IntDisable
 .text.IntMasterDisable
                0x00009fc8        0xc C:\FreeRTOSv202212.01\FreeRTOS\Demo\Common\drivers\LuminaryMicro/arm-none-eabi-gcc/\libdriver.a(interrupt.o)
                0x00009fc8                IntMasterDisable
 .text.IntMasterEnable
                0x00009fd4        0xc C:\FreeRTOSv202212.01\FreeRTOS\Demo\Common\drivers\LuminaryMicro/arm-none-eabi-gcc/\libdriver.a(interrupt.o)
                0x00009fd4                IntMasterEnable
 .text          0x00009fe0        0x0 C:\FreeRTOSv202212.01\FreeRTOS\Demo\Common\drivers\LuminaryMicro/arm-none-eabi-gcc/\libdriver.a(ssi.o)
 .text.SSIConfigSetExpClk
                0x00009fe0       0x48 C:\FreeRTOSv202212.01\FreeRTOS\Demo\Common\drivers\LuminaryMicro/arm-none-eabi-gcc/\libdriver.a(ssi.o)
                0x00009fe0                SSIConfigSetExpClk
 .text.SSIEnable
                0x0000a028        0xc C:\FreeRTOSv202212.01\FreeRTOS\Demo\Common\drivers\LuminaryMicro/arm-none-eabi-gcc/\libdriver.a(ssi.o)
                0x0000a028                SSIEnable
 .text.SSIDisable
                0x0000a034        0xc C:\FreeRTOSv202212.01\FreeRTOS\Demo\Common\drivers\LuminaryMicro/arm-none-eabi-gcc/\libdriver.a(ssi.o)
                0x0000a034                SSIDisable
 .text.SSIIntEnable
                0x0000a040        0x8 C:\FreeRTOSv202212.01\FreeRTOS\Demo\Common\drivers\LuminaryMicro/arm-none-eabi-gcc/\libdriver.a(ssi.o)
                0x0000a040                SSIIntEnable
 .text.SSIIntDisable
                0x0000a048        0xc C:\FreeRTOSv202212.01\FreeRTOS\Demo\Common\drivers\LuminaryMicro/arm-none-eabi-gcc/\libdriver.a(ssi.o)
                0x0000a048                SSIIntDisable
 .text.SSIIntStatus
                0x0000a054        0xc C:\FreeRTOSv202212.01\FreeRTOS\Demo\Common\drivers\LuminaryMicro/arm-none-eabi-gcc/\libdriver.a(ssi.o)
                0x0000a054                SSIIntStatus
 .text.SSIIntClear
                0x0000a060        0x4 C:\FreeRTOSv202212.01\FreeRTOS\Demo\Common\drivers\LuminaryMicro/arm-none-eabi-gcc/\libdriver.a(ssi.o)
                0x0000a060                SSIIntClear
 .text.SSIDataPut
                0x0000a064       0x10 C:\FreeRTOSv202212.01\FreeRTOS\Demo\Common\drivers\LuminaryMicro/arm-none-eabi-gcc/\libdriver.a(ssi.o)
                0x0000a064                SSIDataPut
 .text.SSIDataPutNonBlocking
                0x0000a074       0x10 C:\FreeRTOSv202212.01\FreeRTOS\Demo\Common\drivers\LuminaryMicro/arm-none-eabi-gcc/\libdriver.a(ssi.o)
                0x0000a074                SSIDataPutNonBlocking
 .text.SSIDataGet
                0x0000a084       0x14 C:\FreeRTOSv202212.01\FreeRTOS\Demo\Common\drivers\LuminaryMicro/arm-none-eabi-gcc/\libdriver.a(ssi.o)
                0x0000a084                SSIDataGet
 .text.SSIDataGetNonBlocking
                0x0000a098       0x14 C:\FreeRTOSv202212.01\FreeRTOS\Demo\Common\drivers\LuminaryMicro/arm-none-eabi-gcc/\libdriver.a(ssi.o)
                0x0000a098                SSIDataGetNonBlocking
 .text.SSIDMAEnable
                0x0000a0ac        0x8 C:\FreeRTOSv202212.01\FreeRTOS\Demo\Common\drivers\LuminaryMicro/arm-none-eabi-gcc/\libdriver.a(ssi.o)
                0x0000a0ac                SSIDMAEnable
 .text.SSIDMADisable
                0x0000a0b4        0xc C:\FreeRTOSv202212.01\FreeRTOS\Demo\Common\drivers\LuminaryMicro/arm-none-eabi-gcc/\libdriver.a(ssi.o)
                0x0000a0b4                SSIDMADisable
 .text.SSIIntUnregister
                0x0000a0c0       0x20 C:\FreeRTOSv202212.01\FreeRTOS\Demo\Common\drivers\LuminaryMicro/arm-none-eabi-gcc/\libdriver.a(ssi.o)
                0x0000a0c0                SSIIntUnregister
 .text.SSIIntRegister
                0x0000a0e0       0x20 C:\FreeRTOSv202212.01\FreeRTOS\Demo\Common\drivers\LuminaryMicro/arm-none-eabi-gcc/\libdriver.a(ssi.o)
                0x0000a0e0                SSIIntRegister
 .text          0x0000a100        0x0 C:\FreeRTOSv202212.01\FreeRTOS\Demo\Common\drivers\LuminaryMicro/arm-none-eabi-gcc/\libdriver.a(sysctl.o)
 .text.SysCtlSRAMSizeGet
                0x0000a100       0x14 C:\FreeRTOSv202212.01\FreeRTOS\Demo\Common\drivers\LuminaryMicro/arm-none-eabi-gcc/\libdriver.a(sysctl.o)
                0x0000a100                SysCtlSRAMSizeGet
 .text.SysCtlFlashSizeGet
                0x0000a114       0x14 C:\FreeRTOSv202212.01\FreeRTOS\Demo\Common\drivers\LuminaryMicro/arm-none-eabi-gcc/\libdriver.a(sysctl.o)
                0x0000a114                SysCtlFlashSizeGet
 .text.SysCtlPinPresent
                0x0000a128       0x14 C:\FreeRTOSv202212.01\FreeRTOS\Demo\Common\drivers\LuminaryMicro/arm-none-eabi-gcc/\libdriver.a(sysctl.o)
                0x0000a128                SysCtlPinPresent
 .text.SysCtlPeripheralPresent
                0x0000a13c       0x28 C:\FreeRTOSv202212.01\FreeRTOS\Demo\Common\drivers\LuminaryMicro/arm-none-eabi-gcc/\libdriver.a(sysctl.o)
                0x0000a13c                SysCtlPeripheralPresent
 .text.SysCtlPeripheralReset
                0x0000a164       0x44 C:\FreeRTOSv202212.01\FreeRTOS\Demo\Common\drivers\LuminaryMicro/arm-none-eabi-gcc/\libdriver.a(sysctl.o)
                0x0000a164                SysCtlPeripheralReset
 .text.SysCtlPeripheralEnable
                0x0000a1a8       0x24 C:\FreeRTOSv202212.01\FreeRTOS\Demo\Common\drivers\LuminaryMicro/arm-none-eabi-gcc/\libdriver.a(sysctl.o)
                0x0000a1a8                SysCtlPeripheralEnable
 .text.SysCtlPeripheralDisable
                0x0000a1cc       0x24 C:\FreeRTOSv202212.01\FreeRTOS\Demo\Common\drivers\LuminaryMicro/arm-none-eabi-gcc/\libdriver.a(sysctl.o)
                0x0000a1cc                SysCtlPeripheralDisable
 .text.SysCtlPeripheralSleepEnable
                0x0000a1f0       0x24 C:\FreeRTOSv202212.01\FreeRTOS\Demo\Common\drivers\LuminaryMicro/arm-none-eabi-gcc/\libdriver.a(sysctl.o)
                0x0000a1f0                SysCtlPeripheralSleepEnable
 .text.SysCtlPeripheralSleepDisable
                0x0000a214       0x24 C:\FreeRTOSv202212.01\FreeRTOS\Demo\Common\drivers\LuminaryMicro/arm-none-eabi-gcc/\libdriver.a(sysctl.o)
                0x0000a214                SysCtlPeripheralSleepDisable
 .text.SysCtlPeripheralDeepSleepEnable
                0x0000a238       0x24 C:\FreeRTOSv202212.01\FreeRTOS\Demo\Common\drivers\LuminaryMicro/arm-none-eabi-gcc/\libdriver.a(sysctl.o)
                0x0000a238                SysCtlPeripheralDeepSleepEnable
 .text.SysCtlPeripheralDeepSleepDisable
                0x0000a25c       0x24 C:\FreeRTOSv202212.01\FreeRTOS\Demo\Common\drivers\LuminaryMicro/arm-none-eabi-gcc/\libdriver.a(sysctl.o)
                0x0000a25c                SysCtlPeripheralDeepSleepDisable
 .text.SysCtlPeripheralClockGating
                0x0000a280       0x20 C:\FreeRTOSv202212.01\FreeRTOS\Demo\Common\drivers\LuminaryMicro/arm-none-eabi-gcc/\libdriver.a(sysctl.o)
                0x0000a280                SysCtlPeripheralClockGating
 .text.SysCtlIntEnable
                0x0000a2a0       0x10 C:\FreeRTOSv202212.01\FreeRTOS\Demo\Common\drivers\LuminaryMicro/arm-none-eabi-gcc/\libdriver.a(sysctl.o)
                0x0000a2a0                SysCtlIntEnable
 .text.SysCtlIntDisable
                0x0000a2b0       0x10 C:\FreeRTOSv202212.01\FreeRTOS\Demo\Common\drivers\LuminaryMicro/arm-none-eabi-gcc/\libdriver.a(sysctl.o)
                0x0000a2b0                SysCtlIntDisable
 .text.SysCtlIntClear
                0x0000a2c0        0xc C:\FreeRTOSv202212.01\FreeRTOS\Demo\Common\drivers\LuminaryMicro/arm-none-eabi-gcc/\libdriver.a(sysctl.o)
                0x0000a2c0                SysCtlIntClear
 .text.SysCtlIntStatus
                0x0000a2cc       0x18 C:\FreeRTOSv202212.01\FreeRTOS\Demo\Common\drivers\LuminaryMicro/arm-none-eabi-gcc/\libdriver.a(sysctl.o)
                0x0000a2cc                SysCtlIntStatus
 .text.SysCtlLDOSet
                0x0000a2e4        0xc C:\FreeRTOSv202212.01\FreeRTOS\Demo\Common\drivers\LuminaryMicro/arm-none-eabi-gcc/\libdriver.a(sysctl.o)
                0x0000a2e4                SysCtlLDOSet
 .text.SysCtlLDOGet
                0x0000a2f0        0xc C:\FreeRTOSv202212.01\FreeRTOS\Demo\Common\drivers\LuminaryMicro/arm-none-eabi-gcc/\libdriver.a(sysctl.o)
                0x0000a2f0                SysCtlLDOGet
 .text.SysCtlLDOConfigSet
                0x0000a2fc        0xc C:\FreeRTOSv202212.01\FreeRTOS\Demo\Common\drivers\LuminaryMicro/arm-none-eabi-gcc/\libdriver.a(sysctl.o)
                0x0000a2fc                SysCtlLDOConfigSet
 .text.SysCtlReset
                0x0000a308       0x10 C:\FreeRTOSv202212.01\FreeRTOS\Demo\Common\drivers\LuminaryMicro/arm-none-eabi-gcc/\libdriver.a(sysctl.o)
                0x0000a308                SysCtlReset
 .text.SysCtlResetCauseGet
                0x0000a318        0xc C:\FreeRTOSv202212.01\FreeRTOS\Demo\Common\drivers\LuminaryMicro/arm-none-eabi-gcc/\libdriver.a(sysctl.o)
                0x0000a318                SysCtlResetCauseGet
 .text.SysCtlResetCauseClear
                0x0000a324       0x10 C:\FreeRTOSv202212.01\FreeRTOS\Demo\Common\drivers\LuminaryMicro/arm-none-eabi-gcc/\libdriver.a(sysctl.o)
                0x0000a324                SysCtlResetCauseClear
 .text.SysCtlBrownOutConfigSet
                0x0000a334       0x10 C:\FreeRTOSv202212.01\FreeRTOS\Demo\Common\drivers\LuminaryMicro/arm-none-eabi-gcc/\libdriver.a(sysctl.o)
                0x0000a334                SysCtlBrownOutConfigSet
 .text.SysCtlDelay
                0x0000a344        0x8 C:\FreeRTOSv202212.01\FreeRTOS\Demo\Common\drivers\LuminaryMicro/arm-none-eabi-gcc/\libdriver.a(sysctl.o)
                0x0000a344                SysCtlDelay
 .text.SysCtlClockSet
                0x0000a34c      0x168 C:\FreeRTOSv202212.01\FreeRTOS\Demo\Common\drivers\LuminaryMicro/arm-none-eabi-gcc/\libdriver.a(sysctl.o)
                0x0000a34c                SysCtlClockSet
 .text.SysCtlClockGet
                0x0000a4b4      0x150 C:\FreeRTOSv202212.01\FreeRTOS\Demo\Common\drivers\LuminaryMicro/arm-none-eabi-gcc/\libdriver.a(sysctl.o)
                0x0000a4b4                SysCtlClockGet
 .text.SysCtlPWMClockSet
                0x0000a604       0x14 C:\FreeRTOSv202212.01\FreeRTOS\Demo\Common\drivers\LuminaryMicro/arm-none-eabi-gcc/\libdriver.a(sysctl.o)
                0x0000a604                SysCtlPWMClockSet
 .text.SysCtlPWMClockGet
                0x0000a618       0x18 C:\FreeRTOSv202212.01\FreeRTOS\Demo\Common\drivers\LuminaryMicro/arm-none-eabi-gcc/\libdriver.a(sysctl.o)
                0x0000a618                SysCtlPWMClockGet
 .text.SysCtlADCSpeedSet
                0x0000a630       0x34 C:\FreeRTOSv202212.01\FreeRTOS\Demo\Common\drivers\LuminaryMicro/arm-none-eabi-gcc/\libdriver.a(sysctl.o)
                0x0000a630                SysCtlADCSpeedSet
 .text.SysCtlADCSpeedGet
                0x0000a664       0x10 C:\FreeRTOSv202212.01\FreeRTOS\Demo\Common\drivers\LuminaryMicro/arm-none-eabi-gcc/\libdriver.a(sysctl.o)
                0x0000a664                SysCtlADCSpeedGet
 .text.SysCtlIOSCVerificationSet
                0x0000a674       0x20 C:\FreeRTOSv202212.01\FreeRTOS\Demo\Common\drivers\LuminaryMicro/arm-none-eabi-gcc/\libdriver.a(sysctl.o)
                0x0000a674                SysCtlIOSCVerificationSet
 .text.SysCtlMOSCVerificationSet
                0x0000a694       0x20 C:\FreeRTOSv202212.01\FreeRTOS\Demo\Common\drivers\LuminaryMicro/arm-none-eabi-gcc/\libdriver.a(sysctl.o)
                0x0000a694                SysCtlMOSCVerificationSet
 .text.SysCtlPLLVerificationSet
                0x0000a6b4       0x20 C:\FreeRTOSv202212.01\FreeRTOS\Demo\Common\drivers\LuminaryMicro/arm-none-eabi-gcc/\libdriver.a(sysctl.o)
                0x0000a6b4                SysCtlPLLVerificationSet
 .text.SysCtlClkVerificationClear
                0x0000a6d4       0x10 C:\FreeRTOSv202212.01\FreeRTOS\Demo\Common\drivers\LuminaryMicro/arm-none-eabi-gcc/\libdriver.a(sysctl.o)
                0x0000a6d4                SysCtlClkVerificationClear
 .text.SysCtlGPIOAHBEnable
                0x0000a6e4       0x10 C:\FreeRTOSv202212.01\FreeRTOS\Demo\Common\drivers\LuminaryMicro/arm-none-eabi-gcc/\libdriver.a(sysctl.o)
                0x0000a6e4                SysCtlGPIOAHBEnable
 .text.SysCtlGPIOAHBDisable
                0x0000a6f4       0x14 C:\FreeRTOSv202212.01\FreeRTOS\Demo\Common\drivers\LuminaryMicro/arm-none-eabi-gcc/\libdriver.a(sysctl.o)
                0x0000a6f4                SysCtlGPIOAHBDisable
 .text.SysCtlUSBPLLEnable
                0x0000a708       0x10 C:\FreeRTOSv202212.01\FreeRTOS\Demo\Common\drivers\LuminaryMicro/arm-none-eabi-gcc/\libdriver.a(sysctl.o)
                0x0000a708                SysCtlUSBPLLEnable
 .text.SysCtlUSBPLLDisable
                0x0000a718       0x10 C:\FreeRTOSv202212.01\FreeRTOS\Demo\Common\drivers\LuminaryMicro/arm-none-eabi-gcc/\libdriver.a(sysctl.o)
                0x0000a718                SysCtlUSBPLLDisable
 .text.SysCtlDeepSleep
                0x0000a728       0x20 C:\FreeRTOSv202212.01\FreeRTOS\Demo\Common\drivers\LuminaryMicro/arm-none-eabi-gcc/\libdriver.a(sysctl.o)
                0x0000a728                SysCtlDeepSleep
 .text.SysCtlSleep
                0x0000a748        0x8 C:\FreeRTOSv202212.01\FreeRTOS\Demo\Common\drivers\LuminaryMicro/arm-none-eabi-gcc/\libdriver.a(sysctl.o)
                0x0000a748                SysCtlSleep
 .text.SysCtlIntUnregister
                0x0000a750       0x10 C:\FreeRTOSv202212.01\FreeRTOS\Demo\Common\drivers\LuminaryMicro/arm-none-eabi-gcc/\libdriver.a(sysctl.o)
                0x0000a750                SysCtlIntUnregister
 .text.SysCtlIntRegister
                0x0000a760       0x14 C:\FreeRTOSv202212.01\FreeRTOS\Demo\Common\drivers\LuminaryMicro/arm-none-eabi-gcc/\libdriver.a(sysctl.o)
                0x0000a760                SysCtlIntRegister
 .text          0x0000a774        0x0 C:\FreeRTOSv202212.01\FreeRTOS\Demo\Common\drivers\LuminaryMicro/arm-none-eabi-gcc/\libdriver.a(uart.o)
 .text.UARTParityModeSet
                0x0000a774        0xc C:\FreeRTOSv202212.01\FreeRTOS\Demo\Common\drivers\LuminaryMicro/arm-none-eabi-gcc/\libdriver.a(uart.o)
                0x0000a774                UARTParityModeSet
 .text.UARTParityModeGet
                0x0000a780        0x8 C:\FreeRTOSv202212.01\FreeRTOS\Demo\Common\drivers\LuminaryMicro/arm-none-eabi-gcc/\libdriver.a(uart.o)
                0x0000a780                UARTParityModeGet
 .text.UARTFIFOLevelSet
                0x0000a788        0x8 C:\FreeRTOSv202212.01\FreeRTOS\Demo\Common\drivers\LuminaryMicro/arm-none-eabi-gcc/\libdriver.a(uart.o)
                0x0000a788                UARTFIFOLevelSet
 .text.UARTFIFOLevelGet
                0x0000a790       0x10 C:\FreeRTOSv202212.01\FreeRTOS\Demo\Common\drivers\LuminaryMicro/arm-none-eabi-gcc/\libdriver.a(uart.o)
                0x0000a790                UARTFIFOLevelGet
 .text.UARTConfigGetExpClk
                0x0000a7a0       0x20 C:\FreeRTOSv202212.01\FreeRTOS\Demo\Common\drivers\LuminaryMicro/arm-none-eabi-gcc/\libdriver.a(uart.o)
                0x0000a7a0                UARTConfigGetExpClk
 .text.UARTEnable
                0x0000a7c0       0x18 C:\FreeRTOSv202212.01\FreeRTOS\Demo\Common\drivers\LuminaryMicro/arm-none-eabi-gcc/\libdriver.a(uart.o)
                0x0000a7c0                UARTEnable
 .text.UARTDisable
                0x0000a7d8       0x24 C:\FreeRTOSv202212.01\FreeRTOS\Demo\Common\drivers\LuminaryMicro/arm-none-eabi-gcc/\libdriver.a(uart.o)
                0x0000a7d8                UARTDisable
 .text.UARTConfigSetExpClk
                0x0000a7fc       0x38 C:\FreeRTOSv202212.01\FreeRTOS\Demo\Common\drivers\LuminaryMicro/arm-none-eabi-gcc/\libdriver.a(uart.o)
                0x0000a7fc                UARTConfigSetExpClk
 .text.UARTEnableSIR
                0x0000a834       0x18 C:\FreeRTOSv202212.01\FreeRTOS\Demo\Common\drivers\LuminaryMicro/arm-none-eabi-gcc/\libdriver.a(uart.o)
                0x0000a834                UARTEnableSIR
 .text.UARTDisableSIR
                0x0000a84c        0xc C:\FreeRTOSv202212.01\FreeRTOS\Demo\Common\drivers\LuminaryMicro/arm-none-eabi-gcc/\libdriver.a(uart.o)
                0x0000a84c                UARTDisableSIR
 .text.UARTCharsAvail
                0x0000a858       0x10 C:\FreeRTOSv202212.01\FreeRTOS\Demo\Common\drivers\LuminaryMicro/arm-none-eabi-gcc/\libdriver.a(uart.o)
                0x0000a858                UARTCharsAvail
 .text.UARTSpaceAvail
                0x0000a868       0x10 C:\FreeRTOSv202212.01\FreeRTOS\Demo\Common\drivers\LuminaryMicro/arm-none-eabi-gcc/\libdriver.a(uart.o)
                0x0000a868                UARTSpaceAvail
 .text.UARTCharGetNonBlocking
                0x0000a878       0x10 C:\FreeRTOSv202212.01\FreeRTOS\Demo\Common\drivers\LuminaryMicro/arm-none-eabi-gcc/\libdriver.a(uart.o)
                0x0000a878                UARTCharGetNonBlocking
 .text.UARTCharGet
                0x0000a888       0x10 C:\FreeRTOSv202212.01\FreeRTOS\Demo\Common\drivers\LuminaryMicro/arm-none-eabi-gcc/\libdriver.a(uart.o)
                0x0000a888                UARTCharGet
 .text.UARTCharPutNonBlocking
                0x0000a898       0x14 C:\FreeRTOSv202212.01\FreeRTOS\Demo\Common\drivers\LuminaryMicro/arm-none-eabi-gcc/\libdriver.a(uart.o)
                0x0000a898                UARTCharPutNonBlocking
 .text.UARTCharPut
                0x0000a8ac       0x10 C:\FreeRTOSv202212.01\FreeRTOS\Demo\Common\drivers\LuminaryMicro/arm-none-eabi-gcc/\libdriver.a(uart.o)
                0x0000a8ac                UARTCharPut
 .text.UARTBreakCtl
                0x0000a8bc       0x18 C:\FreeRTOSv202212.01\FreeRTOS\Demo\Common\drivers\LuminaryMicro/arm-none-eabi-gcc/\libdriver.a(uart.o)
                0x0000a8bc                UARTBreakCtl
 .text.UARTIntEnable
                0x0000a8d4        0x8 C:\FreeRTOSv202212.01\FreeRTOS\Demo\Common\drivers\LuminaryMicro/arm-none-eabi-gcc/\libdriver.a(uart.o)
                0x0000a8d4                UARTIntEnable
 .text.UARTIntDisable
                0x0000a8dc        0xc C:\FreeRTOSv202212.01\FreeRTOS\Demo\Common\drivers\LuminaryMicro/arm-none-eabi-gcc/\libdriver.a(uart.o)
                0x0000a8dc                UARTIntDisable
 .text.UARTIntStatus
                0x0000a8e8        0xc C:\FreeRTOSv202212.01\FreeRTOS\Demo\Common\drivers\LuminaryMicro/arm-none-eabi-gcc/\libdriver.a(uart.o)
                0x0000a8e8                UARTIntStatus
 .text.UARTIntClear
                0x0000a8f4        0x4 C:\FreeRTOSv202212.01\FreeRTOS\Demo\Common\drivers\LuminaryMicro/arm-none-eabi-gcc/\libdriver.a(uart.o)
                0x0000a8f4                UARTIntClear
 .text.UARTDMAEnable
                0x0000a8f8        0x8 C:\FreeRTOSv202212.01\FreeRTOS\Demo\Common\drivers\LuminaryMicro/arm-none-eabi-gcc/\libdriver.a(uart.o)
                0x0000a8f8                UARTDMAEnable
 .text.UARTDMADisable
                0x0000a900        0xc C:\FreeRTOSv202212.01\FreeRTOS\Demo\Common\drivers\LuminaryMicro/arm-none-eabi-gcc/\libdriver.a(uart.o)
                0x0000a900                UARTDMADisable
 .text.UARTIntUnregister
                0x0000a90c       0x2c C:\FreeRTOSv202212.01\FreeRTOS\Demo\Common\drivers\LuminaryMicro/arm-none-eabi-gcc/\libdriver.a(uart.o)
                0x0000a90c                UARTIntUnregister
 .text.UARTIntRegister
                0x0000a938       0x2c C:\FreeRTOSv202212.01\FreeRTOS\Demo\Common\drivers\LuminaryMicro/arm-none-eabi-gcc/\libdriver.a(uart.o)
                0x0000a938                UARTIntRegister
 .text          0x0000a964       0x14 C:\FreeRTOSv202212.01\FreeRTOS\Demo\Common\drivers\LuminaryMicro/arm-none-eabi-gcc/\libdriver.a(cpu.o)
                0x0000a964                CPUcpsid
                0x0000a96c                CPUcpsie
                0x0000a974                CPUwfi
 .text          0x0000a978      0x254 c:/program files (x86)/gnu arm embedded toolchain/10 2021.10/bin/../lib/gcc/arm-none-eabi/10.3.1/thumb/v7-m/nofp\libgcc.a(_arm_muldf3.o)
 .text          0x0000abcc      0x378 c:/program files (x86)/gnu arm embedded toolchain/10 2021.10/bin/../lib/gcc/arm-none-eabi/10.3.1/thumb/v7-m/nofp\libgcc.a(_arm_addsubdf3.o)
                0x0000abcc                __aeabi_drsub
                0x0000abd4                __aeabi_dsub
                0x0000abd4                __subdf3
                0x0000abd8                __aeabi_dadd
                0x0000abd8                __adddf3
                0x0000ae50                __floatunsidf
                0x0000ae50                __aeabi_ui2d
                0x0000ae70                __floatsidf
                0x0000ae70                __aeabi_i2d
                0x0000ae94                __aeabi_f2d
                0x0000ae94                __extendsfdf2
                0x0000aed8                __floatundidf
                0x0000aed8                __aeabi_ul2d
                0x0000aee8                __floatdidf
                0x0000aee8                __aeabi_l2d
 .text          0x0000af44      0x424 c:/program files (x86)/gnu arm embedded toolchain/10 2021.10/bin/../lib/gcc/arm-none-eabi/10.3.1/thumb/v7-m/nofp\libgcc.a(_arm_muldivdf3.o)
                0x0000af44                __aeabi_dmul
                0x0000af44                __muldf3
                0x0000b198                __divdf3
                0x0000b198                __aeabi_ddiv
 .text          0x0000b368      0x110 c:/program files (x86)/gnu arm embedded toolchain/10 2021.10/bin/../lib/gcc/arm-none-eabi/10.3.1/thumb/v7-m/nofp\libgcc.a(_arm_cmpdf2.o)
                0x0000b368                __gtdf2
                0x0000b368                __gedf2
                0x0000b370                __ltdf2
                0x0000b370                __ledf2
                0x0000b378                __nedf2
                0x0000b378                __eqdf2
                0x0000b378                __cmpdf2
                0x0000b3f4                __aeabi_cdrcmple
                0x0000b404                __aeabi_cdcmpeq
                0x0000b404                __aeabi_cdcmple
                0x0000b414                __aeabi_dcmpeq
                0x0000b428                __aeabi_dcmplt
                0x0000b43c                __aeabi_dcmple
                0x0000b450                __aeabi_dcmpge
                0x0000b464                __aeabi_dcmpgt
 .text          0x0000b478       0x50 c:/program files (x86)/gnu arm embedded toolchain/10 2021.10/bin/../lib/gcc/arm-none-eabi/10.3.1/thumb/v7-m/nofp\libgcc.a(_arm_fixdfsi.o)
                0x0000b478                __aeabi_d2iz
                0x0000b478                __fixdfsi
 .text          0x0000b4c8        0x0 c:/program files (x86)/gnu arm embedded toolchain/10 2021.10/bin/../lib/gcc/arm-none-eabi/10.3.1/../../../../arm-none-eabi/lib/thumb/v7-m/nofp\libg_nano.a(lib_a-atoi.o)
 .text.atoi     0x0000b4c8        0x8 c:/program files (x86)/gnu arm embedded toolchain/10 2021.10/bin/../lib/gcc/arm-none-eabi/10.3.1/../../../../arm-none-eabi/lib/thumb/v7-m/nofp\libg_nano.a(lib_a-atoi.o)
                0x0000b4c8                atoi
 .text._atoi_r  0x0000b4d0        0x8 c:/program files (x86)/gnu arm embedded toolchain/10 2021.10/bin/../lib/gcc/arm-none-eabi/10.3.1/../../../../arm-none-eabi/lib/thumb/v7-m/nofp\libg_nano.a(lib_a-atoi.o)
                0x0000b4d0                _atoi_r
 .text          0x0000b4d8        0x0 c:/program files (x86)/gnu arm embedded toolchain/10 2021.10/bin/../lib/gcc/arm-none-eabi/10.3.1/../../../../arm-none-eabi/lib/thumb/v7-m/nofp\libg_nano.a(lib_a-ctype_.o)
 .text          0x0000b4d8        0x0 c:/program files (x86)/gnu arm embedded toolchain/10 2021.10/bin/../lib/gcc/arm-none-eabi/10.3.1/../../../../arm-none-eabi/lib/thumb/v7-m/nofp\libg_nano.a(lib_a-memcpy-stub.o)
 .text.memcpy   0x0000b4d8       0x1c c:/program files (x86)/gnu arm embedded toolchain/10 2021.10/bin/../lib/gcc/arm-none-eabi/10.3.1/../../../../arm-none-eabi/lib/thumb/v7-m/nofp\libg_nano.a(lib_a-memcpy-stub.o)
                0x0000b4d8                memcpy
 .text          0x0000b4f4        0x0 c:/program files (x86)/gnu arm embedded toolchain/10 2021.10/bin/../lib/gcc/arm-none-eabi/10.3.1/../../../../arm-none-eabi/lib/thumb/v7-m/nofp\libg_nano.a(lib_a-memset.o)
 .text.memset   0x0000b4f4       0x10 c:/program files (x86)/gnu arm embedded toolchain/10 2021.10/bin/../lib/gcc/arm-none-eabi/10.3.1/../../../../arm-none-eabi/lib/thumb/v7-m/nofp\libg_nano.a(lib_a-memset.o)
                0x0000b4f4                memset
 .text          0x0000b504        0x0 c:/program files (x86)/gnu arm embedded toolchain/10 2021.10/bin/../lib/gcc/arm-none-eabi/10.3.1/../../../../arm-none-eabi/lib/thumb/v7-m/nofp\libg_nano.a(lib_a-sprintf.o)
 .text._sprintf_r
                0x0000b504       0x38 c:/program files (x86)/gnu arm embedded toolchain/10 2021.10/bin/../lib/gcc/arm-none-eabi/10.3.1/../../../../arm-none-eabi/lib/thumb/v7-m/nofp\libg_nano.a(lib_a-sprintf.o)
                0x0000b504                _sprintf_r
                0x0000b504                _siprintf_r
 .text.sprintf  0x0000b53c       0x40 c:/program files (x86)/gnu arm embedded toolchain/10 2021.10/bin/../lib/gcc/arm-none-eabi/10.3.1/../../../../arm-none-eabi/lib/thumb/v7-m/nofp\libg_nano.a(lib_a-sprintf.o)
                0x0000b53c                siprintf
                0x0000b53c                sprintf
 .text          0x0000b57c       0x14 c:/program files (x86)/gnu arm embedded toolchain/10 2021.10/bin/../lib/gcc/arm-none-eabi/10.3.1/../../../../arm-none-eabi/lib/thumb/v7-m/nofp\libg_nano.a(lib_a-strcmp.o)
                0x0000b57c                strcmp
 .text          0x0000b590        0x0 c:/program files (x86)/gnu arm embedded toolchain/10 2021.10/bin/../lib/gcc/arm-none-eabi/10.3.1/../../../../arm-none-eabi/lib/thumb/v7-m/nofp\libg_nano.a(lib_a-strcpy.o)
 .text.strcpy   0x0000b590       0x10 c:/program files (x86)/gnu arm embedded toolchain/10 2021.10/bin/../lib/gcc/arm-none-eabi/10.3.1/../../../../arm-none-eabi/lib/thumb/v7-m/nofp\libg_nano.a(lib_a-strcpy.o)
                0x0000b590                strcpy
 .text          0x0000b5a0       0x10 c:/program files (x86)/gnu arm embedded toolchain/10 2021.10/bin/../lib/gcc/arm-none-eabi/10.3.1/../../../../arm-none-eabi/lib/thumb/v7-m/nofp\libg_nano.a(lib_a-strlen.o)
                0x0000b5a0                strlen
 .text          0x0000b5b0        0x0 c:/program files (x86)/gnu arm embedded toolchain/10 2021.10/bin/../lib/gcc/arm-none-eabi/10.3.1/../../../../arm-none-eabi/lib/thumb/v7-m/nofp\libg_nano.a(lib_a-strncpy.o)
 .text.strncpy  0x0000b5b0       0x26 c:/program files (x86)/gnu arm embedded toolchain/10 2021.10/bin/../lib/gcc/arm-none-eabi/10.3.1/../../../../arm-none-eabi/lib/thumb/v7-m/nofp\libg_nano.a(lib_a-strncpy.o)
                0x0000b5b0                strncpy
 .text          0x0000b5d6        0x0 c:/program files (x86)/gnu arm embedded toolchain/10 2021.10/bin/../lib/gcc/arm-none-eabi/10.3.1/../../../../arm-none-eabi/lib/thumb/v7-m/nofp\libg_nano.a(lib_a-strtol.o)
 *fill*         0x0000b5d6        0x2 
 .text._strtol_l.constprop.0
                0x0000b5d8       0xf8 c:/program files (x86)/gnu arm embedded toolchain/10 2021.10/bin/../lib/gcc/arm-none-eabi/10.3.1/../../../../arm-none-eabi/lib/thumb/v7-m/nofp\libg_nano.a(lib_a-strtol.o)
 .text._strtol_r
                0x0000b6d0        0x4 c:/program files (x86)/gnu arm embedded toolchain/10 2021.10/bin/../lib/gcc/arm-none-eabi/10.3.1/../../../../arm-none-eabi/lib/thumb/v7-m/nofp\libg_nano.a(lib_a-strtol.o)
                0x0000b6d0                _strtol_r
 .text.strtol_l
                0x0000b6d4       0x14 c:/program files (x86)/gnu arm embedded toolchain/10 2021.10/bin/../lib/gcc/arm-none-eabi/10.3.1/../../../../arm-none-eabi/lib/thumb/v7-m/nofp\libg_nano.a(lib_a-strtol.o)
                0x0000b6d4                strtol_l
 .text.strtol   0x0000b6e8       0x14 c:/program files (x86)/gnu arm embedded toolchain/10 2021.10/bin/../lib/gcc/arm-none-eabi/10.3.1/../../../../arm-none-eabi/lib/thumb/v7-m/nofp\libg_nano.a(lib_a-strtol.o)
                0x0000b6e8                strtol
 .text          0x0000b6fc        0x0 c:/program files (x86)/gnu arm embedded toolchain/10 2021.10/bin/../lib/gcc/arm-none-eabi/10.3.1/../../../../arm-none-eabi/lib/thumb/v7-m/nofp\libg_nano.a(lib_a-errno.o)
 .text.__errno  0x0000b6fc        0xc c:/program files (x86)/gnu arm embedded toolchain/10 2021.10/bin/../lib/gcc/arm-none-eabi/10.3.1/../../../../arm-none-eabi/lib/thumb/v7-m/nofp\libg_nano.a(lib_a-errno.o)
                0x0000b6fc                __errno
 .text          0x0000b708        0x0 c:/program files (x86)/gnu arm embedded toolchain/10 2021.10/bin/../lib/gcc/arm-none-eabi/10.3.1/../../../../arm-none-eabi/lib/thumb/v7-m/nofp\libg_nano.a(lib_a-impure.o)
 .text          0x0000b708        0x0 c:/program files (x86)/gnu arm embedded toolchain/10 2021.10/bin/../lib/gcc/arm-none-eabi/10.3.1/../../../../arm-none-eabi/lib/thumb/v7-m/nofp\libg_nano.a(lib_a-nano-svfprintf.o)
 .text.__ssputs_r
                0x0000b708       0xb6 c:/program files (x86)/gnu arm embedded toolchain/10 2021.10/bin/../lib/gcc/arm-none-eabi/10.3.1/../../../../arm-none-eabi/lib/thumb/v7-m/nofp\libg_nano.a(lib_a-nano-svfprintf.o)
                0x0000b708                __ssputs_r
 .text.__ssprint_r
                0x0000b7be       0xf6 c:/program files (x86)/gnu arm embedded toolchain/10 2021.10/bin/../lib/gcc/arm-none-eabi/10.3.1/../../../../arm-none-eabi/lib/thumb/v7-m/nofp\libg_nano.a(lib_a-nano-svfprintf.o)
                0x0000b7be                __ssprint_r
 .text._svfprintf_r
                0x0000b8b4      0x200 c:/program files (x86)/gnu arm embedded toolchain/10 2021.10/bin/../lib/gcc/arm-none-eabi/10.3.1/../../../../arm-none-eabi/lib/thumb/v7-m/nofp\libg_nano.a(lib_a-nano-svfprintf.o)
                0x0000b8b4                _svfiprintf_r
                0x0000b8b4                _svfprintf_r
 .text          0x0000bab4        0x0 c:/program files (x86)/gnu arm embedded toolchain/10 2021.10/bin/../lib/gcc/arm-none-eabi/10.3.1/../../../../arm-none-eabi/lib/thumb/v7-m/nofp\libg_nano.a(lib_a-nano-vfprintf_i.o)
 .text._printf_common
                0x0000bab4       0xde c:/program files (x86)/gnu arm embedded toolchain/10 2021.10/bin/../lib/gcc/arm-none-eabi/10.3.1/../../../../arm-none-eabi/lib/thumb/v7-m/nofp\libg_nano.a(lib_a-nano-vfprintf_i.o)
                0x0000bab4                _printf_common
 *fill*         0x0000bb92        0x2 
 .text._printf_i
                0x0000bb94      0x24c c:/program files (x86)/gnu arm embedded toolchain/10 2021.10/bin/../lib/gcc/arm-none-eabi/10.3.1/../../../../arm-none-eabi/lib/thumb/v7-m/nofp\libg_nano.a(lib_a-nano-vfprintf_i.o)
                0x0000bb94                _printf_i
 .text          0x0000bde0        0x0 c:/program files (x86)/gnu arm embedded toolchain/10 2021.10/bin/../lib/gcc/arm-none-eabi/10.3.1/../../../../arm-none-eabi/lib/thumb/v7-m/nofp\libg_nano.a(lib_a-memchr-stub.o)
 .text.memchr   0x0000bde0       0x1c c:/program files (x86)/gnu arm embedded toolchain/10 2021.10/bin/../lib/gcc/arm-none-eabi/10.3.1/../../../../arm-none-eabi/lib/thumb/v7-m/nofp\libg_nano.a(lib_a-memchr-stub.o)
                0x0000bde0                memchr
 .text          0x0000bdfc        0x0 c:/program files (x86)/gnu arm embedded toolchain/10 2021.10/bin/../lib/gcc/arm-none-eabi/10.3.1/../../../../arm-none-eabi/lib/thumb/v7-m/nofp\libg_nano.a(lib_a-memmove.o)
 .text.memmove  0x0000bdfc       0x34 c:/program files (x86)/gnu arm embedded toolchain/10 2021.10/bin/../lib/gcc/arm-none-eabi/10.3.1/../../../../arm-none-eabi/lib/thumb/v7-m/nofp\libg_nano.a(lib_a-memmove.o)
                0x0000bdfc                memmove
 .text          0x0000be30        0x0 c:/program files (x86)/gnu arm embedded toolchain/10 2021.10/bin/../lib/gcc/arm-none-eabi/10.3.1/../../../../arm-none-eabi/lib/thumb/v7-m/nofp\libg_nano.a(lib_a-nano-freer.o)
 .text._free_r  0x0000be30       0x90 c:/program files (x86)/gnu arm embedded toolchain/10 2021.10/bin/../lib/gcc/arm-none-eabi/10.3.1/../../../../arm-none-eabi/lib/thumb/v7-m/nofp\libg_nano.a(lib_a-nano-freer.o)
                0x0000be30                _free_r
 .text          0x0000bec0        0x0 c:/program files (x86)/gnu arm embedded toolchain/10 2021.10/bin/../lib/gcc/arm-none-eabi/10.3.1/../../../../arm-none-eabi/lib/thumb/v7-m/nofp\libg_nano.a(lib_a-nano-mallocr.o)
 .text.sbrk_aligned
                0x0000bec0       0x40 c:/program files (x86)/gnu arm embedded toolchain/10 2021.10/bin/../lib/gcc/arm-none-eabi/10.3.1/../../../../arm-none-eabi/lib/thumb/v7-m/nofp\libg_nano.a(lib_a-nano-mallocr.o)
 .text._malloc_r
                0x0000bf00       0xe8 c:/program files (x86)/gnu arm embedded toolchain/10 2021.10/bin/../lib/gcc/arm-none-eabi/10.3.1/../../../../arm-none-eabi/lib/thumb/v7-m/nofp\libg_nano.a(lib_a-nano-mallocr.o)
                0x0000bf00                _malloc_r
 .text          0x0000bfe8        0x0 c:/program files (x86)/gnu arm embedded toolchain/10 2021.10/bin/../lib/gcc/arm-none-eabi/10.3.1/../../../../arm-none-eabi/lib/thumb/v7-m/nofp\libg_nano.a(lib_a-nano-reallocr.o)
 .text._realloc_r
                0x0000bfe8       0x5e c:/program files (x86)/gnu arm embedded toolchain/10 2021.10/bin/../lib/gcc/arm-none-eabi/10.3.1/../../../../arm-none-eabi/lib/thumb/v7-m/nofp\libg_nano.a(lib_a-nano-reallocr.o)
                0x0000bfe8                _realloc_r
 .text          0x0000c046        0x0 c:/program files (x86)/gnu arm embedded toolchain/10 2021.10/bin/../lib/gcc/arm-none-eabi/10.3.1/../../../../arm-none-eabi/lib/thumb/v7-m/nofp\libg_nano.a(lib_a-mlock.o)
 *fill*         0x0000c046        0x2 
 .text.__malloc_lock
                0x0000c048        0xc c:/program files (x86)/gnu arm embedded toolchain/10 2021.10/bin/../lib/gcc/arm-none-eabi/10.3.1/../../../../arm-none-eabi/lib/thumb/v7-m/nofp\libg_nano.a(lib_a-mlock.o)
                0x0000c048                __malloc_lock
 .text.__malloc_unlock
                0x0000c054        0xc c:/program files (x86)/gnu arm embedded toolchain/10 2021.10/bin/../lib/gcc/arm-none-eabi/10.3.1/../../../../arm-none-eabi/lib/thumb/v7-m/nofp\libg_nano.a(lib_a-mlock.o)
                0x0000c054                __malloc_unlock
 .text          0x0000c060        0x0 c:/program files (x86)/gnu arm embedded toolchain/10 2021.10/bin/../lib/gcc/arm-none-eabi/10.3.1/../../../../arm-none-eabi/lib/thumb/v7-m/nofp\libg_nano.a(lib_a-nano-msizer.o)
 .text._malloc_usable_size_r
                0x0000c060       0x10 c:/program files (x86)/gnu arm embedded toolchain/10 2021.10/bin/../lib/gcc/arm-none-eabi/10.3.1/../../../../arm-none-eabi/lib/thumb/v7-m/nofp\libg_nano.a(lib_a-nano-msizer.o)
                0x0000c060                _malloc_usable_size_r
 .text          0x0000c070        0x0 c:/program files (x86)/gnu arm embedded toolchain/10 2021.10/bin/../lib/gcc/arm-none-eabi/10.3.1/../../../../arm-none-eabi/lib/thumb/v7-m/nofp\libg_nano.a(lib_a-lock.o)
 .text.__retarget_lock_init
                0x0000c070        0x2 c:/program files (x86)/gnu arm embedded toolchain/10 2021.10/bin/../lib/gcc/arm-none-eabi/10.3.1/../../../../arm-none-eabi/lib/thumb/v7-m/nofp\libg_nano.a(lib_a-lock.o)
                0x0000c070                __retarget_lock_init
 .text.__retarget_lock_init_recursive
                0x0000c072        0x2 c:/program files (x86)/gnu arm embedded toolchain/10 2021.10/bin/../lib/gcc/arm-none-eabi/10.3.1/../../../../arm-none-eabi/lib/thumb/v7-m/nofp\libg_nano.a(lib_a-lock.o)
                0x0000c072                __retarget_lock_init_recursive
 .text.__retarget_lock_close
                0x0000c074        0x2 c:/program files (x86)/gnu arm embedded toolchain/10 2021.10/bin/../lib/gcc/arm-none-eabi/10.3.1/../../../../arm-none-eabi/lib/thumb/v7-m/nofp\libg_nano.a(lib_a-lock.o)
                0x0000c074                __retarget_lock_close
 .text.__retarget_lock_close_recursive
                0x0000c076        0x2 c:/program files (x86)/gnu arm embedded toolchain/10 2021.10/bin/../lib/gcc/arm-none-eabi/10.3.1/../../../../arm-none-eabi/lib/thumb/v7-m/nofp\libg_nano.a(lib_a-lock.o)
                0x0000c076                __retarget_lock_close_recursive
 .text.__retarget_lock_acquire
                0x0000c078        0x2 c:/program files (x86)/gnu arm embedded toolchain/10 2021.10/bin/../lib/gcc/arm-none-eabi/10.3.1/../../../../arm-none-eabi/lib/thumb/v7-m/nofp\libg_nano.a(lib_a-lock.o)
                0x0000c078                __retarget_lock_acquire
 .text.__retarget_lock_acquire_recursive
                0x0000c07a        0x2 c:/program files (x86)/gnu arm embedded toolchain/10 2021.10/bin/../lib/gcc/arm-none-eabi/10.3.1/../../../../arm-none-eabi/lib/thumb/v7-m/nofp\libg_nano.a(lib_a-lock.o)
                0x0000c07a                __retarget_lock_acquire_recursive
 .text.__retarget_lock_try_acquire
                0x0000c07c        0x4 c:/program files (x86)/gnu arm embedded toolchain/10 2021.10/bin/../lib/gcc/arm-none-eabi/10.3.1/../../../../arm-none-eabi/lib/thumb/v7-m/nofp\libg_nano.a(lib_a-lock.o)
                0x0000c07c                __retarget_lock_try_acquire
 .text.__retarget_lock_try_acquire_recursive
                0x0000c080        0x4 c:/program files (x86)/gnu arm embedded toolchain/10 2021.10/bin/../lib/gcc/arm-none-eabi/10.3.1/../../../../arm-none-eabi/lib/thumb/v7-m/nofp\libg_nano.a(lib_a-lock.o)
                0x0000c080                __retarget_lock_try_acquire_recursive
 .text.__retarget_lock_release
                0x0000c084        0x2 c:/program files (x86)/gnu arm embedded toolchain/10 2021.10/bin/../lib/gcc/arm-none-eabi/10.3.1/../../../../arm-none-eabi/lib/thumb/v7-m/nofp\libg_nano.a(lib_a-lock.o)
                0x0000c084                __retarget_lock_release
 .text.__retarget_lock_release_recursive
                0x0000c086        0x2 c:/program files (x86)/gnu arm embedded toolchain/10 2021.10/bin/../lib/gcc/arm-none-eabi/10.3.1/../../../../arm-none-eabi/lib/thumb/v7-m/nofp\libg_nano.a(lib_a-lock.o)
                0x0000c086                __retarget_lock_release_recursive
 *(.rodata*)
 .rodata.video  0x0000c088    0x33040 ./LocalDemoFiles/display.o
 .rodata        0x0003f0c8       0xd4 ./LocalDemoFiles/display.o
 .rodata        0x0003f19c        0x5 ./LocalDemoFiles/func.o
 *fill*         0x0003f1a1        0x3 
 .rodata.g_pucOSRAM128x64x4VerticalInc
                0x0003f1a4        0x2 ./LocalDemoFiles/osram128x64x4.o
 *fill*         0x0003f1a6        0x2 
 .rodata.g_pucOSRAM128x64x4HorizontalInc
                0x0003f1a8        0x2 ./LocalDemoFiles/osram128x64x4.o
 *fill*         0x0003f1aa        0x2 
 .rodata.g_pucFont
                0x0003f1ac      0x1e0 ./LocalDemoFiles/osram128x64x4.o
 .rodata.g_pucOSRAM128x64x4Init
                0x0003f38c       0x4e ./LocalDemoFiles/osram128x64x4.o
 *fill*         0x0003f3da        0x2 
 .rodata.pucCommand1.7
                0x0003f3dc        0x3 ./LocalDemoFiles/osram128x64x4.o
 *fill*         0x0003f3df        0x1 
 .rodata.pucCommand2.6
                0x0003f3e0        0x3 ./LocalDemoFiles/osram128x64x4.o
 *fill*         0x0003f3e3        0x1 
 .rodata.pucCommand1.0
                0x0003f3e4        0x3 ./LocalDemoFiles/osram128x64x4.o
 *fill*         0x0003f3e7        0x1 
 .rodata        0x0003f3e8        0x6 ./LocalDemoFiles/snake.o
 *fill*         0x0003f3ee        0x2 
 .rodata        0x0003f3f0       0x18 ./LocalDemoFiles/worker.o
 .rodata        0x0003f408       0x1a ./LegacyDrivers/ustdlib.o
 *fill*         0x0003f422        0x2 
 .rodata.g_pcHex
                0x0003f424        0x4 ./LegacyDrivers/ustdlib.o
 .rodata.xHeapStructSize
                0x0003f428        0x4 ./FreeRTOS_Source/portable/MemMang/heap_4.o
 .rodata        0x0003f42c       0x40 ./FreeRTOS_Source/portable/MemMang/heap_4.o
 .rodata.pcInterruptPriorityRegisters
                0x0003f46c        0x4 ./FreeRTOS_Source/portable/GCC/ARM_CM3/port.o
 .rodata        0x0003f470       0x42 ./FreeRTOS_Source/portable/GCC/ARM_CM3/port.o
 *fill*         0x0003f4b2        0x2 
 .rodata        0x0003f4b4       0x35 ./FreeRTOS_Source/event_groups.o
 *fill*         0x0003f4e9        0x3 
 .rodata        0x0003f4ec       0x2e ./FreeRTOS_Source/queue.o
 *fill*         0x0003f51a        0x2 
 .rodata        0x0003f51c       0x36 ./FreeRTOS_Source/stream_buffer.o
 *fill*         0x0003f552        0x2 
 .rodata        0x0003f554       0x47 ./FreeRTOS_Source/tasks.o
 *fill*         0x0003f59b        0x1 
 .rodata        0x0003f59c       0x3d ./FreeRTOS_Source/timers.o
 *fill*         0x0003f5d9        0x3 
 .rodata        0x0003f5dc       0x2e ./main.o
 *fill*         0x0003f60a        0x2 
 .rodata.IntDefaultHandler.str1.4
                0x0003f60c        0xd ./startup.o
 *fill*         0x0003f619        0x3 
 .rodata.g_pulPriority
                0x0003f61c       0x20 C:\FreeRTOSv202212.01\FreeRTOS\Demo\Common\drivers\LuminaryMicro/arm-none-eabi-gcc/\libdriver.a(interrupt.o)
 .rodata.g_pulRegs
                0x0003f63c       0x40 C:\FreeRTOSv202212.01\FreeRTOS\Demo\Common\drivers\LuminaryMicro/arm-none-eabi-gcc/\libdriver.a(interrupt.o)
 .rodata.g_pulDCRegs
                0x0003f67c       0x10 C:\FreeRTOSv202212.01\FreeRTOS\Demo\Common\drivers\LuminaryMicro/arm-none-eabi-gcc/\libdriver.a(sysctl.o)
 .rodata.g_pulXtals
                0x0003f68c       0x5c C:\FreeRTOSv202212.01\FreeRTOS\Demo\Common\drivers\LuminaryMicro/arm-none-eabi-gcc/\libdriver.a(sysctl.o)
 .rodata.g_pulDCGCRegs
                0x0003f6e8        0xc C:\FreeRTOSv202212.01\FreeRTOS\Demo\Common\drivers\LuminaryMicro/arm-none-eabi-gcc/\libdriver.a(sysctl.o)
 .rodata.g_pulRCGCRegs
                0x0003f6f4        0xc C:\FreeRTOSv202212.01\FreeRTOS\Demo\Common\drivers\LuminaryMicro/arm-none-eabi-gcc/\libdriver.a(sysctl.o)
 .rodata.g_pulSCGCRegs
                0x0003f700        0xc C:\FreeRTOSv202212.01\FreeRTOS\Demo\Common\drivers\LuminaryMicro/arm-none-eabi-gcc/\libdriver.a(sysctl.o)
 .rodata.g_pulSRCRRegs
                0x0003f70c        0xc C:\FreeRTOSv202212.01\FreeRTOS\Demo\Common\drivers\LuminaryMicro/arm-none-eabi-gcc/\libdriver.a(sysctl.o)
 .rodata._ctype_
                0x0003f718      0x101 c:/program files (x86)/gnu arm embedded toolchain/10 2021.10/bin/../lib/gcc/arm-none-eabi/10.3.1/../../../../arm-none-eabi/lib/thumb/v7-m/nofp\libg_nano.a(lib_a-ctype_.o)
                0x0003f718                _ctype_
 *fill*         0x0003f819        0x3 
 .rodata._global_impure_ptr
                0x0003f81c        0x4 c:/program files (x86)/gnu arm embedded toolchain/10 2021.10/bin/../lib/gcc/arm-none-eabi/10.3.1/../../../../arm-none-eabi/lib/thumb/v7-m/nofp\libg_nano.a(lib_a-impure.o)
                0x0003f81c                _global_impure_ptr
 .rodata._svfprintf_r.str1.1
                0x0003f820       0x11 c:/program files (x86)/gnu arm embedded toolchain/10 2021.10/bin/../lib/gcc/arm-none-eabi/10.3.1/../../../../arm-none-eabi/lib/thumb/v7-m/nofp\libg_nano.a(lib_a-nano-svfprintf.o)
 .rodata._printf_i.str1.1
                0x0003f831       0x22 c:/program files (x86)/gnu arm embedded toolchain/10 2021.10/bin/../lib/gcc/arm-none-eabi/10.3.1/../../../../arm-none-eabi/lib/thumb/v7-m/nofp\libg_nano.a(lib_a-nano-vfprintf_i.o)
                0x0003f853                _etext = .

.glue_7         0x0003f854        0x0
 .glue_7        0x0003f854        0x0 linker stubs

.glue_7t        0x0003f854        0x0
 .glue_7t       0x0003f854        0x0 linker stubs

.vfp11_veneer   0x0003f854        0x0
 .vfp11_veneer  0x0003f854        0x0 linker stubs

.v4_bx          0x0003f854        0x0
 .v4_bx         0x0003f854        0x0 linker stubs

.iplt           0x0003f854        0x0
 .iplt          0x0003f854        0x0 ./LocalDemoFiles/display.o

.rel.dyn        0x0003f854        0x0
 .rel.iplt      0x0003f854        0x0 ./LocalDemoFiles/display.o

.data           0x20000000      0x43c load address 0x0003f853
                0x20000000                _data = .
 *(vtable)
 vtable         0x20000000      0x100 C:\FreeRTOSv202212.01\FreeRTOS\Demo\Common\drivers\LuminaryMicro/arm-none-eabi-gcc/\libdriver.a(interrupt.o)
 *(.data*)
 .data          0x20000100        0x0 ./LocalDemoFiles/display.o
 .data.totalVideoFrames
                0x20000100        0x4 ./LocalDemoFiles/display.o
 .data          0x20000104        0x0 ./LocalDemoFiles/func.o
 .data.totalVideoFrames
                0x20000104        0x4 ./LocalDemoFiles/func.o
 .data          0x20000108        0x0 ./LocalDemoFiles/globals.o
 .data.totalVideoFrames
                0x20000108        0x4 ./LocalDemoFiles/globals.o
 .data.serialBuffer
                0x2000010c       0xa9 ./LocalDemoFiles/globals.o
                0x2000010c                serialBuffer
 .data.flash_cursor
                0x200001b5        0x1 ./LocalDemoFiles/globals.o
                0x200001b5                flash_cursor
 .data.numberOfMenuStates
                0x200001b6        0x1 ./LocalDemoFiles/globals.o
                0x200001b6                numberOfMenuStates
 *fill*         0x200001b7        0x1 