Archive member included to satisfy reference by file (symbol)

C:\FreeRTOSv202212.01\FreeRTOS\Demo\Common\drivers\LuminaryMicro/arm-none-eabi-gcc/\libdriver.a(gpio.o)
                              ./LocalDemoFiles/osram128x64x4.o (GPIODirModeSet)
C:\FreeRTOSv202212.01\FreeRTOS\Demo\Common\drivers\LuminaryMicro/arm-none-eabi-gcc/\libdriver.a(interrupt.o)
                              C:\FreeRTOSv202212.01\FreeRTOS\Demo\Common\drivers\LuminaryMicro/arm-none-eabi-gcc/\libdriver.a(gpio.o) (IntRegister)
C:\FreeRTOSv202212.01\FreeRTOS\Demo\Common\drivers\LuminaryMicro/arm-none-eabi-gcc/\libdriver.a(ssi.o)
                              ./LocalDemoFiles/osram128x64x4.o (SSIConfigSetExpClk)
C:\FreeRTOSv202212.01\FreeRTOS\Demo\Common\drivers\LuminaryMicro/arm-none-eabi-gcc/\libdriver.a(sysctl.o)
                              ./LocalDemoFiles/osram128x64x4.o (SysCtlPeripheralEnable)
C:\FreeRTOSv202212.01\FreeRTOS\Demo\Common\drivers\LuminaryMicro/arm-none-eabi-gcc/\libdriver.a(uart.o)
                              ./main.o (UARTEnable)
C:\FreeRTOSv202212.01\FreeRTOS\Demo\Common\drivers\LuminaryMicro/arm-none-eabi-gcc/\libdriver.a(cpu.o)
                              C:\FreeRTOSv202212.01\FreeRTOS\Demo\Common\drivers\LuminaryMicro/arm-none-eabi-gcc/\libdriver.a(interrupt.o) (CPUcpsid)
c:/program files (x86)/gnu arm embedded toolchain/10 2021.10/bin/../lib/gcc/arm-none-eabi/10.3.1/thumb/v7-m/nofp\libgcc.a(_arm_muldf3.o)
                              ./LocalDemoFiles/func.o (__aeabi_dmul)
c:/program files (x86)/gnu arm embedded toolchain/10 2021.10/bin/../lib/gcc/arm-none-eabi/10.3.1/thumb/v7-m/nofp\libgcc.a(_arm_addsubdf3.o)
                              ./LocalDemoFiles/func.o (__aeabi_dsub)
c:/program files (x86)/gnu arm embedded toolchain/10 2021.10/bin/../lib/gcc/arm-none-eabi/10.3.1/thumb/v7-m/nofp\libgcc.a(_arm_muldivdf3.o)
                              ./LocalDemoFiles/func.o (__aeabi_ddiv)
c:/program files (x86)/gnu arm embedded toolchain/10 2021.10/bin/../lib/gcc/arm-none-eabi/10.3.1/thumb/v7-m/nofp\libgcc.a(_arm_cmpdf2.o)
                              ./LocalDemoFiles/func.o (__aeabi_dcmpge)
c:/program files (x86)/gnu arm embedded toolchain/10 2021.10/bin/../lib/gcc/arm-none-eabi/10.3.1/thumb/v7-m/nofp\libgcc.a(_arm_fixdfsi.o)
                              ./LocalDemoFiles/func.o (__aeabi_d2iz)
c:/program files (x86)/gnu arm embedded toolchain/10 2021.10/bin/../lib/gcc/arm-none-eabi/10.3.1/../../../../arm-none-eabi/lib/thumb/v7-m/nofp\libg_nano.a(lib_a-atoi.o)
                              ./LocalDemoFiles/serial.o (atoi)
c:/program files (x86)/gnu arm embedded toolchain/10 2021.10/bin/../lib/gcc/arm-none-eabi/10.3.1/../../../../arm-none-eabi/lib/thumb/v7-m/nofp\libg_nano.a(lib_a-ctype_.o)
                              ./LocalDemoFiles/serial.o (_ctype_)
c:/program files (x86)/gnu arm embedded toolchain/10 2021.10/bin/../lib/gcc/arm-none-eabi/10.3.1/../../../../arm-none-eabi/lib/thumb/v7-m/nofp\libg_nano.a(lib_a-memcpy-stub.o)
                              ./FreeRTOS_Source/queue.o (memcpy)
c:/program files (x86)/gnu arm embedded toolchain/10 2021.10/bin/../lib/gcc/arm-none-eabi/10.3.1/../../../../arm-none-eabi/lib/thumb/v7-m/nofp\libg_nano.a(lib_a-memset.o)
                              ./FreeRTOS_Source/portable/MemMang/heap_4.o (memset)
c:/program files (x86)/gnu arm embedded toolchain/10 2021.10/bin/../lib/gcc/arm-none-eabi/10.3.1/../../../../arm-none-eabi/lib/thumb/v7-m/nofp\libg_nano.a(lib_a-sprintf.o)
                              ./LocalDemoFiles/display.o (sprintf)
c:/program files (x86)/gnu arm embedded toolchain/10 2021.10/bin/../lib/gcc/arm-none-eabi/10.3.1/../../../../arm-none-eabi/lib/thumb/v7-m/nofp\libg_nano.a(lib_a-strcmp.o)
                              ./LocalDemoFiles/worker.o (strcmp)
c:/program files (x86)/gnu arm embedded toolchain/10 2021.10/bin/../lib/gcc/arm-none-eabi/10.3.1/../../../../arm-none-eabi/lib/thumb/v7-m/nofp\libg_nano.a(lib_a-strcpy.o)
                              ./FreeRTOS_Source/tasks.o (strcpy)
c:/program files (x86)/gnu arm embedded toolchain/10 2021.10/bin/../lib/gcc/arm-none-eabi/10.3.1/../../../../arm-none-eabi/lib/thumb/v7-m/nofp\libg_nano.a(lib_a-strlen.o)
                              ./FreeRTOS_Source/tasks.o (strlen)
c:/program files (x86)/gnu arm embedded toolchain/10 2021.10/bin/../lib/gcc/arm-none-eabi/10.3.1/../../../../arm-none-eabi/lib/thumb/v7-m/nofp\libg_nano.a(lib_a-strncpy.o)
                              ./LegacyDrivers/ustdlib.o (strncpy)
c:/program files (x86)/gnu arm embedded toolchain/10 2021.10/bin/../lib/gcc/arm-none-eabi/10.3.1/../../../../arm-none-eabi/lib/thumb/v7-m/nofp\libg_nano.a(lib_a-strtol.o)
                              c:/program files (x86)/gnu arm embedded toolchain/10 2021.10/bin/../lib/gcc/arm-none-eabi/10.3.1/../../../../arm-none-eabi/lib/thumb/v7-m/nofp\libg_nano.a(lib_a-atoi.o) (_strtol_r)
[...]
Memory Configuration

Name             Origin             Length             Attributes
FLASH            0x00000000         0x00040000         xr
SRAM             0x20000000         0x00010000         xrw
*default*        0x00000000         0xffffffff

Linker script and memory map

LOAD ./LocalDemoFiles/display.o
LOAD ./LocalDemoFiles/func.o
LOAD ./LocalDemoFiles/globals.o
LOAD ./LocalDemoFiles/osram128x64x4.o
LOAD ./LocalDemoFiles/serial.o
LOAD ./LocalDemoFiles/snake.o
LOAD ./LocalDemoFiles/worker.o
LOAD ./LegacyDrivers/ustdlib.o
LOAD ./FreeRTOS_Source/portable/MemMang/heap_4.o
LOAD ./FreeRTOS_Source/portable/GCC/ARM_CM3/port.o
LOAD ./FreeRTOS_Source/croutine.o
LOAD ./FreeRTOS_Source/event_groups.o
LOAD ./FreeRTOS_Source/list.o
LOAD ./FreeRTOS_Source/queue.o
LOAD ./FreeRTOS_Source/stream_buffer.o
LOAD ./FreeRTOS_Source/tasks.o
LOAD ./FreeRTOS_Source/timers.o
LOAD ./main.o
LOAD ./startup.o
LOAD C:\FreeRTOSv202212.01\FreeRTOS\Demo\Common\drivers\LuminaryMicro/arm-none-eabi-gcc/\libdriver.a
LOAD C:\FreeRTOSv202212.01\FreeRTOS\Demo\Common\drivers\LuminaryMicro/arm-none-eabi-gcc/\libgr.a
START GROUP
LOAD c:/program files (x86)/gnu arm embedded toolchain/10 2021.10/bin/../lib/gcc/arm-none-eabi/10.3.1/thumb/v7-m/nofp\libgcc.a
LOAD c:/program files (x86)/gnu arm embedded toolchain/10 2021.10/bin/../lib/gcc/arm-none-eabi/10.3.1/../../../../arm-none-eabi/lib/thumb/v7-m/nofp\libg_nano.a
LOAD c:/program files (x86)/gnu arm embedded toolchain/10 2021.10/bin/../lib/gcc/arm-none-eabi/10.3.1/../../../../arm-none-eabi/lib/thumb/v7-m/nofp\libc_nano.a
END GROUP
START GROUP
LOAD c:/program files (x86)/gnu arm embedded toolchain/10 2021.10/bin/../lib/gcc/arm-none-eabi/10.3.1/thumb/v7-m/nofp\libgcc.a
LOAD c:/program files (x86)/gnu arm embedded toolchain/10 2021.10/bin/../lib/gcc/arm-none-eabi/10.3.1/../../../../arm-none-eabi/lib/thumb/v7-m/nofp\libc_nano.a
END GROUP

.text           0x00000000    0x3f92b
 *(.isr_vector)
 .isr_vector    0x00000000       0xf0 ./startup.o
                0x00000000                g_pfnVectors
 *(.text*)
 .text          0x000000f0        0x0 ./LocalDemoFiles/display.o
 .text.printScreanType
                0x000000f0       0xbc ./LocalDemoFiles/display.o
                0x000000f0                printScreanType
 .text.printMouse
                0x000001ac       0x24 ./LocalDemoFiles/display.o
                0x000001ac                printMouse
 .text.printMenu
                0x000001d0      0x11c ./LocalDemoFiles/display.o
                0x000001d0                printMenu
 .text.printWorkers
                0x000002ec      0x150 ./LocalDemoFiles/display.o
                0x000002ec                printWorkers
 .text.drawSnakeGame
                0x0000043c       0xb4 ./LocalDemoFiles/display.o
                0x0000043c                drawSnakeGame
 .text.drawVideo
                0x000004f0      0x190 ./LocalDemoFiles/display.o
                0x000004f0                drawVideo
 .text.drawFunc
                0x00000680      0x154 ./LocalDemoFiles/display.o
                0x00000680                drawFunc
 .text.FlashCursorTask
                0x000007d4       0x8c ./LocalDemoFiles/display.o
                0x000007d4                FlashCursorTask
 .text.startFlashCursor
                0x00000860       0x2c ./LocalDemoFiles/display.o
                0x00000860                startFlashCursor
 .text.stopFlashCursor
                0x0000088c       0x18 ./LocalDemoFiles/display.o
                0x0000088c                stopFlashCursor
 .text.clockTask
                0x000008a4       0x58 ./LocalDemoFiles/display.o
                0x000008a4                clockTask
 .text          0x000008fc        0x0 ./LocalDemoFiles/func.o
 *fill*         0x000008fc        0x4 
 .text.mysin    0x00000900      0x1f0 ./LocalDemoFiles/func.o
                0x00000900                mysin
 .text.FuncTask
                0x00000af0      0x370 ./LocalDemoFiles/func.o
                0x00000af0                FuncTask
 .text.startFunc
                0x00000e60       0x54 ./LocalDemoFiles/func.o
                0x00000e60                startFunc
 .text.stopFunc
                0x00000eb4       0x24 ./LocalDemoFiles/func.o
                0x00000eb4                stopFunc
 .text          0x00000ed8        0x0 ./LocalDemoFiles/globals.o
 .text          0x00000ed8        0x0 ./LocalDemoFiles/osram128x64x4.o
 .text.OSRAMWriteCommand
                0x00000ed8       0x60 ./LocalDemoFiles/osram128x64x4.o
 .text.OSRAMWriteData
                0x00000f38       0x60 ./LocalDemoFiles/osram128x64x4.o
 .text.OSRAM128x64x4Clear
                0x00000f98       0x64 ./LocalDemoFiles/osram128x64x4.o
                0x00000f98                OSRAM128x64x4Clear
 .text.OSRAM128x64x4StringDraw
                0x00000ffc      0x1c8 ./LocalDemoFiles/osram128x64x4.o
                0x00000ffc                OSRAM128x64x4StringDraw
 .text.OSRAM128x64x4ImageDraw
                0x000011c4      0x174 ./LocalDemoFiles/osram128x64x4.o
                0x000011c4                OSRAM128x64x4ImageDraw
 .text.OSRAM128x64x4PixelDraw
                0x00001338       0xc8 ./LocalDemoFiles/osram128x64x4.o
                0x00001338                OSRAM128x64x4PixelDraw
 .text.OSRAM128x64x4RectangleDraw
                0x00001400      0x19c ./LocalDemoFiles/osram128x64x4.o
                0x00001400                OSRAM128x64x4RectangleDraw
 .text.OSRAM128x64x4Enable
                0x0000159c       0x70 ./LocalDemoFiles/osram128x64x4.o
                0x0000159c                OSRAM128x64x4Enable
 .text.OSRAM128x64x4Disable
                0x0000160c       0x5c ./LocalDemoFiles/osram128x64x4.o
                0x0000160c                OSRAM128x64x4Disable
 .text.OSRAM128x64x4Init
                0x00001668       0xd8 ./LocalDemoFiles/osram128x64x4.o
                0x00001668                OSRAM128x64x4Init
 .text.OSRAM128x64x4DisplayOn
                0x00001740       0x4c ./LocalDemoFiles/osram128x64x4.o
                0x00001740                OSRAM128x64x4DisplayOn
 .text.OSRAM128x64x4DisplayOff
                0x0000178c       0x14 ./LocalDemoFiles/osram128x64x4.o
                0x0000178c                OSRAM128x64x4DisplayOff
 .text.OSRAM128x64x4SwapBuffer
                0x000017a0       0x50 ./LocalDemoFiles/osram128x64x4.o
                0x000017a0                OSRAM128x64x4SwapBuffer
 .text          0x000017f0        0x0 ./LocalDemoFiles/serial.o
 .text.cleanSerial
                0x000017f0       0x58 ./LocalDemoFiles/serial.o
                0x000017f0                cleanSerial
 .text.writeToSerialBuffer
                0x00001848       0x4c ./LocalDemoFiles/serial.o
                0x00001848                writeToSerialBuffer
 .text.defaultSerial
                0x00001894      0x1c4 ./LocalDemoFiles/serial.o
                0x00001894                defaultSerial
 .text.getSpecialKey
                0x00001a58       0xe4 ./LocalDemoFiles/serial.o
                0x00001a58                getSpecialKey
 .text.moveMouse
                0x00001b3c       0xc0 ./LocalDemoFiles/serial.o
                0x00001b3c                moveMouse
 .text.interactWorkers
                0x00001bfc      0x1bc ./LocalDemoFiles/serial.o
                0x00001bfc                interactWorkers
 .text.interactMenu
                0x00001db8      0x1d4 ./LocalDemoFiles/serial.o
                0x00001db8                interactMenu
 .text.interactSnakeGame
                0x00001f8c       0xdc ./LocalDemoFiles/serial.o
                0x00001f8c                interactSnakeGame
 .text.interactVideo
                0x00002068       0xfc ./LocalDemoFiles/serial.o
                0x00002068                interactVideo
 .text.interactFunc
                0x00002164      0x248 ./LocalDemoFiles/serial.o
                0x00002164                interactFunc
 .text          0x000023ac        0x0 ./LocalDemoFiles/snake.o
 .text.initSnake
                0x000023ac       0x9c ./LocalDemoFiles/snake.o
                0x000023ac                initSnake
 .text.SnakeTask
                0x00002448      0x274 ./LocalDemoFiles/snake.o
                0x00002448                SnakeTask
 .text.stopSnake
                0x000026bc       0x18 ./LocalDemoFiles/snake.o
                0x000026bc                stopSnake
 .text          0x000026d4        0x0 ./LocalDemoFiles/worker.o
 .text.WorkerTask
                0x000026d4       0xd4 ./LocalDemoFiles/worker.o
                0x000026d4                WorkerTask
 .text.initWorkers
                0x000027a8       0x98 ./LocalDemoFiles/worker.o
                0x000027a8                initWorkers
 .text.stopWorkers
                0x00002840       0x40 ./LocalDemoFiles/worker.o
                0x00002840                stopWorkers
 .text          0x00002880        0x0 ./LegacyDrivers/ustdlib.o
 .text.uvsnprintf
                0x00002880      0x3d0 ./LegacyDrivers/ustdlib.o
                0x00002880                uvsnprintf
 .text.usprintf
                0x00002c50       0x30 ./LegacyDrivers/ustdlib.o
                0x00002c50                usprintf
 .text.usnprintf
                0x00002c80       0x30 ./LegacyDrivers/ustdlib.o
                0x00002c80                usnprintf
 .text          0x00002cb0        0x0 ./FreeRTOS_Source/portable/MemMang/heap_4.o
 .text.pvPortMalloc
                0x00002cb0      0x15c ./FreeRTOS_Source/portable/MemMang/heap_4.o
                0x00002cb0                pvPortMalloc
 .text.vPortFree
                0x00002e0c       0xa4 ./FreeRTOS_Source/portable/MemMang/heap_4.o
                0x00002e0c                vPortFree
 .text.xPortGetFreeHeapSize
                0x00002eb0       0x14 ./FreeRTOS_Source/portable/MemMang/heap_4.o
                0x00002eb0                xPortGetFreeHeapSize
 .text.xPortGetMinimumEverFreeHeapSize
                0x00002ec4       0x14 ./FreeRTOS_Source/portable/MemMang/heap_4.o
                0x00002ec4                xPortGetMinimumEverFreeHeapSize
 .text.vPortInitialiseBlocks
                0x00002ed8        0xc ./FreeRTOS_Source/portable/MemMang/heap_4.o
                0x00002ed8                vPortInitialiseBlocks
 .text.pvPortCalloc
                0x00002ee4       0x60 ./FreeRTOS_Source/portable/MemMang/heap_4.o
                0x00002ee4                pvPortCalloc
 .text.prvHeapInit
                0x00002f44       0xb8 ./FreeRTOS_Source/portable/MemMang/heap_4.o
 .text.prvInsertBlockIntoFreeList
                0x00002ffc       0xb0 ./FreeRTOS_Source/portable/MemMang/heap_4.o
 .text.vPortGetHeapStats
                0x000030ac       0xbc ./FreeRTOS_Source/portable/MemMang/heap_4.o
                0x000030ac                vPortGetHeapStats
 .text          0x00003168        0x0 ./FreeRTOS_Source/portable/GCC/ARM_CM3/port.o
 .text.pxPortInitialiseStack
                0x00003168       0x58 ./FreeRTOS_Source/portable/GCC/ARM_CM3/port.o
                0x00003168                pxPortInitialiseStack
 .text.prvTaskExitError
                0x000031c0       0x4c ./FreeRTOS_Source/portable/GCC/ARM_CM3/port.o
 *fill*         0x0000320c        0x4 
 .text.vPortSVCHandler
                0x00003210       0x28 ./FreeRTOS_Source/portable/GCC/ARM_CM3/port.o
                0x00003210                vPortSVCHandler
 .text.prvPortStartFirstTask
                0x00003238       0x24 ./FreeRTOS_Source/portable/GCC/ARM_CM3/port.o
 .text.xPortStartScheduler
                0x0000325c       0xc0 ./FreeRTOS_Source/portable/GCC/ARM_CM3/port.o
                0x0000325c                xPortStartScheduler
 .text.vPortEndScheduler
                0x0000331c       0x24 ./FreeRTOS_Source/portable/GCC/ARM_CM3/port.o
                0x0000331c                vPortEndScheduler
 .text.vPortEnterCritical
                0x00003340       0x54 ./FreeRTOS_Source/portable/GCC/ARM_CM3/port.o
                0x00003340                vPortEnterCritical
 .text.vPortExitCritical
                0x00003394       0x48 ./FreeRTOS_Source/portable/GCC/ARM_CM3/port.o
                0x00003394                vPortExitCritical
 *fill*         0x000033dc        0x4 
 .text.xPortPendSVHandler
                0x000033e0       0x48 ./FreeRTOS_Source/portable/GCC/ARM_CM3/port.o
                0x000033e0                xPortPendSVHandler
 .text.xPortSysTickHandler
                0x00003428       0x44 ./FreeRTOS_Source/portable/GCC/ARM_CM3/port.o
                0x00003428                xPortSysTickHandler
 .text.vPortSetupTimerInterrupt
                0x0000346c       0x34 ./FreeRTOS_Source/portable/GCC/ARM_CM3/port.o
                0x0000346c                vPortSetupTimerInterrupt
 .text.vPortValidateInterruptPriority
                0x000034a0       0x68 ./FreeRTOS_Source/portable/GCC/ARM_CM3/port.o
                0x000034a0                vPortValidateInterruptPriority
 .text          0x00003508        0x0 ./FreeRTOS_Source/croutine.o
 .text          0x00003508        0x0 ./FreeRTOS_Source/event_groups.o
 .text.xEventGroupCreate
                0x00003508       0x2e ./FreeRTOS_Source/event_groups.o
                0x00003508                xEventGroupCreate
 *fill*         0x00003536        0x2 
 .text.xEventGroupSync
                0x00003538      0x138 ./FreeRTOS_Source/event_groups.o
                0x00003538                xEventGroupSync
 .text.xEventGroupWaitBits
                0x00003670      0x170 ./FreeRTOS_Source/event_groups.o
                0x00003670                xEventGroupWaitBits
 .text.xEventGroupClearBits
                0x000037e0       0x5c ./FreeRTOS_Source/event_groups.o
                0x000037e0                xEventGroupClearBits
 .text.xEventGroupClearBitsFromISR
                0x0000383c       0x28 ./FreeRTOS_Source/event_groups.o
                0x0000383c                xEventGroupClearBitsFromISR
 .text.xEventGroupGetBitsFromISR
                0x00003864       0x46 ./FreeRTOS_Source/event_groups.o
                0x00003864                xEventGroupGetBitsFromISR
 *fill*         0x000038aa        0x2 
 .text.xEventGroupSetBits
                0x000038ac      0x104 ./FreeRTOS_Source/event_groups.o
                0x000038ac                xEventGroupSetBits
 .text.vEventGroupDelete
                0x000039b0       0x6c ./FreeRTOS_Source/event_groups.o
                0x000039b0                vEventGroupDelete
 .text.vEventGroupSetBitsCallback
                0x00003a1c       0x1a ./FreeRTOS_Source/event_groups.o
                0x00003a1c                vEventGroupSetBitsCallback
 .text.vEventGroupClearBitsCallback
                0x00003a36       0x1a ./FreeRTOS_Source/event_groups.o
                0x00003a36                vEventGroupClearBitsCallback
 .text.prvTestWaitCondition
                0x00003a50       0x42 ./FreeRTOS_Source/event_groups.o
 *fill*         0x00003a92        0x2 
 .text.xEventGroupSetBitsFromISR
                0x00003a94       0x28 ./FreeRTOS_Source/event_groups.o
                0x00003a94                xEventGroupSetBitsFromISR
 .text.uxEventGroupGetNumber
                0x00003abc       0x2a ./FreeRTOS_Source/event_groups.o
                0x00003abc                uxEventGroupGetNumber
 .text.vEventGroupSetNumber
                0x00003ae6       0x1a ./FreeRTOS_Source/event_groups.o
                0x00003ae6                vEventGroupSetNumber
 .text          0x00003b00        0x0 ./FreeRTOS_Source/list.o
 .text.vListInitialise
                0x00003b00       0x3e ./FreeRTOS_Source/list.o
                0x00003b00                vListInitialise
 .text.vListInitialiseItem
                0x00003b3e       0x18 ./FreeRTOS_Source/list.o
                0x00003b3e                vListInitialiseItem
 .text.vListInsertEnd
                0x00003b56       0x46 ./FreeRTOS_Source/list.o
                0x00003b56                vListInsertEnd
 .text.vListInsert
                0x00003b9c       0x70 ./FreeRTOS_Source/list.o
                0x00003b9c                vListInsert
 .text.uxListRemove
                0x00003c0c       0x52 ./FreeRTOS_Source/list.o
                0x00003c0c                uxListRemove
 .text          0x00003c5e        0x0 ./FreeRTOS_Source/queue.o
 *fill*         0x00003c5e        0x2 
 .text.xQueueGenericReset
                0x00003c60      0x10c ./FreeRTOS_Source/queue.o
                0x00003c60                xQueueGenericReset
 .text.xQueueGenericCreate
                0x00003d6c       0x94 ./FreeRTOS_Source/queue.o
                0x00003d6c                xQueueGenericCreate
 .text.prvInitialiseNewQueue
                0x00003e00       0x4c ./FreeRTOS_Source/queue.o
 .text.prvInitialiseMutex
                0x00003e4c       0x34 ./FreeRTOS_Source/queue.o
 .text.xQueueCreateMutex
                0x00003e80       0x30 ./FreeRTOS_Source/queue.o
                0x00003e80                xQueueCreateMutex
 .text.xQueueGetMutexHolder
                0x00003eb0       0x48 ./FreeRTOS_Source/queue.o
                0x00003eb0                xQueueGetMutexHolder
 .text.xQueueGetMutexHolderFromISR
                0x00003ef8       0x3c ./FreeRTOS_Source/queue.o
                0x00003ef8                xQueueGetMutexHolderFromISR
 .text.xQueueGiveMutexRecursive
                0x00003f34       0x60 ./FreeRTOS_Source/queue.o
                0x00003f34                xQueueGiveMutexRecursive
 .text.xQueueTakeMutexRecursive
                0x00003f94       0x64 ./FreeRTOS_Source/queue.o
                0x00003f94                xQueueTakeMutexRecursive
 .text.xQueueCreateCountingSemaphore
                0x00003ff8       0x54 ./FreeRTOS_Source/queue.o
                0x00003ff8                xQueueCreateCountingSemaphore
 .text.xQueueGenericSend
                0x0000404c      0x208 ./FreeRTOS_Source/queue.o
                0x0000404c                xQueueGenericSend
 .text.xQueueGenericSendFromISR
                0x00004254      0x168 ./FreeRTOS_Source/queue.o
                0x00004254                xQueueGenericSendFromISR
 .text.xQueueGiveFromISR
                0x000043bc      0x13c ./FreeRTOS_Source/queue.o
                0x000043bc                xQueueGiveFromISR
 .text.xQueueReceive
                0x000044f8      0x1a0 ./FreeRTOS_Source/queue.o
                0x000044f8                xQueueReceive
 .text.xQueueSemaphoreTake
                0x00004698      0x1dc ./FreeRTOS_Source/queue.o
                0x00004698                xQueueSemaphoreTake
 .text.xQueuePeek
                0x00004874      0x1a4 ./FreeRTOS_Source/queue.o
                0x00004874                xQueuePeek
 .text.xQueueReceiveFromISR
                0x00004a18      0x110 ./FreeRTOS_Source/queue.o
                0x00004a18                xQueueReceiveFromISR
 .text.xQueuePeekFromISR
                0x00004b28       0xb4 ./FreeRTOS_Source/queue.o
                0x00004b28                xQueuePeekFromISR
 .text.uxQueueMessagesWaiting
                0x00004bdc       0x34 ./FreeRTOS_Source/queue.o
                0x00004bdc                uxQueueMessagesWaiting
 .text.uxQueueSpacesAvailable
                0x00004c10       0x40 ./FreeRTOS_Source/queue.o
                0x00004c10                uxQueueSpacesAvailable
 .text.uxQueueMessagesWaitingFromISR
                0x00004c50       0x30 ./FreeRTOS_Source/queue.o
                0x00004c50                uxQueueMessagesWaitingFromISR
 .text.vQueueDelete
                0x00004c80       0x34 ./FreeRTOS_Source/queue.o
                0x00004c80                vQueueDelete
 .text.uxQueueGetQueueNumber
                0x00004cb4       0x16 ./FreeRTOS_Source/queue.o
                0x00004cb4                uxQueueGetQueueNumber
 .text.vQueueSetQueueNumber
                0x00004cca       0x1a ./FreeRTOS_Source/queue.o
                0x00004cca                vQueueSetQueueNumber
 .text.ucQueueGetQueueType
                0x00004ce4       0x18 ./FreeRTOS_Source/queue.o
                0x00004ce4                ucQueueGetQueueType
 .text.prvGetDisinheritPriorityAfterTimeout
                0x00004cfc       0x2e ./FreeRTOS_Source/queue.o
 .text.prvCopyDataToQueue
                0x00004d2a       0xd4 ./FreeRTOS_Source/queue.o
 .text.prvCopyDataFromQueue
                0x00004dfe       0x4c ./FreeRTOS_Source/queue.o
 .text.prvUnlockQueue
                0x00004e4a       0xbe ./FreeRTOS_Source/queue.o
 .text.prvIsQueueEmpty
                0x00004f08       0x2c ./FreeRTOS_Source/queue.o
 .text.xQueueIsQueueEmptyFromISR
                0x00004f34       0x3c ./FreeRTOS_Source/queue.o
                0x00004f34                xQueueIsQueueEmptyFromISR
 .text.prvIsQueueFull
                0x00004f70       0x30 ./FreeRTOS_Source/queue.o
 .text.xQueueIsQueueFullFromISR
                0x00004fa0       0x40 ./FreeRTOS_Source/queue.o
                0x00004fa0                xQueueIsQueueFullFromISR
 .text.vQueueAddToRegistry
                0x00004fe0       0x90 ./FreeRTOS_Source/queue.o
                0x00004fe0                vQueueAddToRegistry
 .text.pcQueueGetName
                0x00005070       0x5c ./FreeRTOS_Source/queue.o
                0x00005070                pcQueueGetName
 .text.vQueueUnregisterQueue
                0x000050cc       0x64 ./FreeRTOS_Source/queue.o
                0x000050cc                vQueueUnregisterQueue
 .text.vQueueWaitForMessageRestricted
                0x00005130       0x68 ./FreeRTOS_Source/queue.o
                0x00005130                vQueueWaitForMessageRestricted
 .text.xQueueCreateSet
                0x00005198       0x1e ./FreeRTOS_Source/queue.o
                0x00005198                xQueueCreateSet
 .text.xQueueAddToSet
                0x000051b6       0x42 ./FreeRTOS_Source/queue.o
                0x000051b6                xQueueAddToSet
 .text.xQueueRemoveFromSet
                0x000051f8       0x48 ./FreeRTOS_Source/queue.o
                0x000051f8                xQueueRemoveFromSet
 .text.xQueueSelectFromSet
                0x00005240       0x26 ./FreeRTOS_Source/queue.o
                0x00005240                xQueueSelectFromSet
 .text.xQueueSelectFromSetFromISR
                0x00005266       0x24 ./FreeRTOS_Source/queue.o
                0x00005266                xQueueSelectFromSetFromISR
 *fill*         0x0000528a        0x2 
 .text.prvNotifyQueueSetContainer
                0x0000528c       0xc0 ./FreeRTOS_Source/queue.o
 .text          0x0000534c        0x0 ./FreeRTOS_Source/stream_buffer.o
 .text.xStreamBufferGenericCreate
                0x0000534c       0xac ./FreeRTOS_Source/stream_buffer.o
                0x0000534c                xStreamBufferGenericCreate
 .text.vStreamBufferDelete
                0x000053f8       0x48 ./FreeRTOS_Source/stream_buffer.o
                0x000053f8                vStreamBufferDelete
 .text.xStreamBufferReset
                0x00005440       0x84 ./FreeRTOS_Source/stream_buffer.o
                0x00005440                xStreamBufferReset
 .text.xStreamBufferSetTriggerLevel
                0x000054c4       0x50 ./FreeRTOS_Source/stream_buffer.o
                0x000054c4                xStreamBufferSetTriggerLevel
 .text.xStreamBufferSpacesAvailable
                0x00005514       0x6c ./FreeRTOS_Source/stream_buffer.o
                0x00005514                xStreamBufferSpacesAvailable
 .text.xStreamBufferBytesAvailable
                0x00005580       0x34 ./FreeRTOS_Source/stream_buffer.o
                0x00005580                xStreamBufferBytesAvailable
 .text.xStreamBufferSend
                0x000055b4      0x170 ./FreeRTOS_Source/stream_buffer.o
                0x000055b4                xStreamBufferSend
 .text.xStreamBufferSendFromISR
                0x00005724       0xd4 ./FreeRTOS_Source/stream_buffer.o
                0x00005724                xStreamBufferSendFromISR
 .text.prvWriteMessageToBuffer
                0x000057f8       0x88 ./FreeRTOS_Source/stream_buffer.o
 .text.xStreamBufferReceive
                0x00005880      0x110 ./FreeRTOS_Source/stream_buffer.o
                0x00005880                xStreamBufferReceive
 .text.xStreamBufferNextMessageLengthBytes
                0x00005990       0x74 ./FreeRTOS_Source/stream_buffer.o
                0x00005990                xStreamBufferNextMessageLengthBytes
 .text.xStreamBufferReceiveFromISR
                0x00005a04       0xcc ./FreeRTOS_Source/stream_buffer.o
                0x00005a04                xStreamBufferReceiveFromISR
 .text.prvReadMessageFromBuffer
                0x00005ad0       0x7a ./FreeRTOS_Source/stream_buffer.o
 *fill*         0x00005b4a        0x2 
 .text.xStreamBufferIsEmpty
                0x00005b4c       0x44 ./FreeRTOS_Source/stream_buffer.o
                0x00005b4c                xStreamBufferIsEmpty
 .text.xStreamBufferIsFull
                0x00005b90       0x58 ./FreeRTOS_Source/stream_buffer.o
                0x00005b90                xStreamBufferIsFull
 .text.xStreamBufferSendCompletedFromISR
                0x00005be8       0x84 ./FreeRTOS_Source/stream_buffer.o
                0x00005be8                xStreamBufferSendCompletedFromISR
 .text.xStreamBufferReceiveCompletedFromISR
                0x00005c6c       0x84 ./FreeRTOS_Source/stream_buffer.o
                0x00005c6c                xStreamBufferReceiveCompletedFromISR
 .text.prvWriteBytesToBuffer
                0x00005cf0       0xbc ./FreeRTOS_Source/stream_buffer.o
 .text.prvReadBytesFromBuffer
                0x00005dac       0xb4 ./FreeRTOS_Source/stream_buffer.o
 .text.prvBytesInBuffer
                0x00005e60       0x3e ./FreeRTOS_Source/stream_buffer.o
 *fill*         0x00005e9e        0x2 
 .text.prvInitialiseNewStreamBuffer
                0x00005ea0       0x60 ./FreeRTOS_Source/stream_buffer.o
 .text.uxStreamBufferGetStreamBufferNumber
                0x00005f00       0x16 ./FreeRTOS_Source/stream_buffer.o
                0x00005f00                uxStreamBufferGetStreamBufferNumber
 .text.vStreamBufferSetStreamBufferNumber
                0x00005f16       0x1a ./FreeRTOS_Source/stream_buffer.o
                0x00005f16                vStreamBufferSetStreamBufferNumber
 .text.ucStreamBufferGetStreamBufferType
                0x00005f30       0x1c ./FreeRTOS_Source/stream_buffer.o
                0x00005f30                ucStreamBufferGetStreamBufferType
 .text          0x00005f4c        0x0 ./FreeRTOS_Source/tasks.o
 .text.xTaskCreate
                0x00005f4c       0x8c ./FreeRTOS_Source/tasks.o
                0x00005f4c                xTaskCreate
 .text.prvInitialiseNewTask
                0x00005fd8      0x10c ./FreeRTOS_Source/tasks.o
 .text.prvAddNewTaskToReadyList
                0x000060e4      0x12c ./FreeRTOS_Source/tasks.o
 .text.vTaskDelete
                0x00006210      0x120 ./FreeRTOS_Source/tasks.o
                0x00006210                vTaskDelete
 .text.xTaskDelayUntil
                0x00006330       0xdc ./FreeRTOS_Source/tasks.o
                0x00006330                xTaskDelayUntil
 .text.vTaskDelay
                0x0000640c       0x60 ./FreeRTOS_Source/tasks.o
                0x0000640c                vTaskDelay
 .text.eTaskGetState
                0x0000646c       0xdc ./FreeRTOS_Source/tasks.o
                0x0000646c                eTaskGetState
 .text.uxTaskPriorityGet
                0x00006548       0x34 ./FreeRTOS_Source/tasks.o
                0x00006548                uxTaskPriorityGet
 .text.uxTaskPriorityGetFromISR
                0x0000657c       0x58 ./FreeRTOS_Source/tasks.o
                0x0000657c                uxTaskPriorityGetFromISR
 .text.vTaskPrioritySet
                0x000065d4      0x19c ./FreeRTOS_Source/tasks.o
                0x000065d4                vTaskPrioritySet
 .text.vTaskSuspend
                0x00006770      0x138 ./FreeRTOS_Source/tasks.o
                0x00006770                vTaskSuspend
 .text.prvTaskIsTaskSuspended
                0x000068a8       0x58 ./FreeRTOS_Source/tasks.o
 .text.vTaskResume
                0x00006900      0x104 ./FreeRTOS_Source/tasks.o
                0x00006900                vTaskResume
 .text.xTaskResumeFromISR
                0x00006a04      0x134 ./FreeRTOS_Source/tasks.o
                0x00006a04                xTaskResumeFromISR
 .text.vTaskStartScheduler
                0x00006b38       0x9c ./FreeRTOS_Source/tasks.o
                0x00006b38                vTaskStartScheduler
 .text.vTaskEndScheduler
                0x00006bd4       0x30 ./FreeRTOS_Source/tasks.o
                0x00006bd4                vTaskEndScheduler
 .text.vTaskSuspendAll
                0x00006c04       0x1c ./FreeRTOS_Source/tasks.o
                0x00006c04                vTaskSuspendAll
 .text.xTaskResumeAll
                0x00006c20      0x1f0 ./FreeRTOS_Source/tasks.o
                0x00006c20                xTaskResumeAll
 .text.xTaskGetTickCount
                0x00006e10       0x1c ./FreeRTOS_Source/tasks.o
                0x00006e10                xTaskGetTickCount
 .text.xTaskGetTickCountFromISR
                0x00006e2c       0x24 ./FreeRTOS_Source/tasks.o
                0x00006e2c                xTaskGetTickCountFromISR
 .text.uxTaskGetNumberOfTasks
                0x00006e50       0x14 ./FreeRTOS_Source/tasks.o
                0x00006e50                uxTaskGetNumberOfTasks
 .text.pcTaskGetName
                0x00006e64       0x3c ./FreeRTOS_Source/tasks.o
                0x00006e64                pcTaskGetName
 .text.uxTaskGetSystemState
                0x00006ea0      0x11c ./FreeRTOS_Source/tasks.o
                0x00006ea0                uxTaskGetSystemState
 .text.xTaskGetIdleTaskHandle
                0x00006fbc       0x28 ./FreeRTOS_Source/tasks.o
                0x00006fbc                xTaskGetIdleTaskHandle
 .text.xTaskCatchUpTicks
                0x00006fe4       0x50 ./FreeRTOS_Source/tasks.o
                0x00006fe4                xTaskCatchUpTicks
 .text.xTaskIncrementTick
                0x00007034      0x234 ./FreeRTOS_Source/tasks.o
                0x00007034                xTaskIncrementTick
 .text.vTaskSwitchContext
                0x00007268       0xf8 ./FreeRTOS_Source/tasks.o
                0x00007268                vTaskSwitchContext
 .text.vTaskPlaceOnEventList
                0x00007360       0x40 ./FreeRTOS_Source/tasks.o
                0x00007360                vTaskPlaceOnEventList
 .text.vTaskPlaceOnUnorderedEventList
                0x000073a0       0x98 ./FreeRTOS_Source/tasks.o
                0x000073a0                vTaskPlaceOnUnorderedEventList
 .text.vTaskPlaceOnEventListRestricted
                0x00007438       0x84 ./FreeRTOS_Source/tasks.o
                0x00007438                vTaskPlaceOnEventListRestricted
 .text.xTaskRemoveFromEventList
                0x000074bc      0x1a0 ./FreeRTOS_Source/tasks.o
                0x000074bc                xTaskRemoveFromEventList
 .text.vTaskRemoveFromUnorderedEventList
                0x0000765c      0x168 ./FreeRTOS_Source/tasks.o
                0x0000765c                vTaskRemoveFromUnorderedEventList
 .text.vTaskSetTimeOutState
                0x000077c4       0x44 ./FreeRTOS_Source/tasks.o
                0x000077c4                vTaskSetTimeOutState
 .text.vTaskInternalSetTimeOutState
                0x00007808       0x2c ./FreeRTOS_Source/tasks.o
                0x00007808                vTaskInternalSetTimeOutState
 .text.xTaskCheckForTimeOut
                0x00007834       0xb8 ./FreeRTOS_Source/tasks.o
                0x00007834                xTaskCheckForTimeOut
 .text.vTaskMissedYield
                0x000078ec       0x18 ./FreeRTOS_Source/tasks.o
                0x000078ec                vTaskMissedYield
 .text.uxTaskGetTaskNumber
                0x00007904       0x2a ./FreeRTOS_Source/tasks.o
                0x00007904                uxTaskGetTaskNumber
 .text.vTaskSetTaskNumber
                0x0000792e       0x24 ./FreeRTOS_Source/tasks.o
                0x0000792e                vTaskSetTaskNumber
 .text.prvIdleTask
                0x00007952        0xe ./FreeRTOS_Source/tasks.o
 .text.prvInitialiseTaskLists
                0x00007960       0x80 ./FreeRTOS_Source/tasks.o
 .text.prvCheckTasksWaitingTermination
                0x000079e0       0x5c ./FreeRTOS_Source/tasks.o
 .text.vTaskGetInfo
                0x00007a3c       0xcc ./FreeRTOS_Source/tasks.o
                0x00007a3c                vTaskGetInfo
 .text.prvListTasksWithinSingleList
                0x00007b08       0xa4 ./FreeRTOS_Source/tasks.o
 .text.prvTaskCheckFreeStackSpace
                0x00007bac       0x36 ./FreeRTOS_Source/tasks.o
 *fill*         0x00007be2        0x2 
 .text.uxTaskGetStackHighWaterMark
                0x00007be4       0x38 ./FreeRTOS_Source/tasks.o
                0x00007be4                uxTaskGetStackHighWaterMark
 .text.prvDeleteTCB
                0x00007c1c       0x20 ./FreeRTOS_Source/tasks.o
 .text.prvResetNextTaskUnblockTime
                0x00007c3c       0x34 ./FreeRTOS_Source/tasks.o
 .text.xTaskGetCurrentTaskHandle
                0x00007c70       0x1c ./FreeRTOS_Source/tasks.o
                0x00007c70                xTaskGetCurrentTaskHandle
 .text.xTaskGetSchedulerState
                0x00007c8c       0x3c ./FreeRTOS_Source/tasks.o
                0x00007c8c                xTaskGetSchedulerState
 .text.xTaskPriorityInherit
                0x00007cc8      0x13c ./FreeRTOS_Source/tasks.o
                0x00007cc8                xTaskPriorityInherit
 .text.xTaskPriorityDisinherit
                0x00007e04      0x130 ./FreeRTOS_Source/tasks.o
                0x00007e04                xTaskPriorityDisinherit
 .text.vTaskPriorityDisinheritAfterTimeout
                0x00007f34      0x15c ./FreeRTOS_Source/tasks.o
                0x00007f34                vTaskPriorityDisinheritAfterTimeout
 .text.prvWriteNameToBuffer
                0x00008090       0x4a ./FreeRTOS_Source/tasks.o
 *fill*         0x000080da        0x2 
 .text.vTaskList
                0x000080dc      0x130 ./FreeRTOS_Source/tasks.o
                0x000080dc                vTaskList
 .text.uxTaskResetEventItemValue
                0x0000820c       0x30 ./FreeRTOS_Source/tasks.o
                0x0000820c                uxTaskResetEventItemValue
 .text.pvTaskIncrementMutexHeldCount
                0x0000823c       0x28 ./FreeRTOS_Source/tasks.o
                0x0000823c                pvTaskIncrementMutexHeldCount
 .text.ulTaskGenericNotifyTake
                0x00008264       0xc8 ./FreeRTOS_Source/tasks.o
                0x00008264                ulTaskGenericNotifyTake
 .text.xTaskGenericNotifyWait
                0x0000832c       0xf8 ./FreeRTOS_Source/tasks.o
                0x0000832c                xTaskGenericNotifyWait
 .text.xTaskGenericNotify
                0x00008424      0x218 ./FreeRTOS_Source/tasks.o
                0x00008424                xTaskGenericNotify
 .text.xTaskGenericNotifyFromISR
                0x0000863c      0x28c ./FreeRTOS_Source/tasks.o
                0x0000863c                xTaskGenericNotifyFromISR
 .text.vTaskGenericNotifyGiveFromISR
                0x000088c8      0x1ec ./FreeRTOS_Source/tasks.o
                0x000088c8                vTaskGenericNotifyGiveFromISR
 .text.xTaskGenericNotifyStateClear
                0x00008ab4       0x6c ./FreeRTOS_Source/tasks.o
                0x00008ab4                xTaskGenericNotifyStateClear
 .text.ulTaskGenericNotifyValueClear
                0x00008b20       0x5c ./FreeRTOS_Source/tasks.o
                0x00008b20                ulTaskGenericNotifyValueClear
 .text.prvAddCurrentTaskToDelayedList
                0x00008b7c      0x100 ./FreeRTOS_Source/tasks.o
 .text.getTaskName
                0x00008c7c       0x24 ./FreeRTOS_Source/tasks.o
                0x00008c7c                getTaskName
 .text          0x00008ca0        0x0 ./FreeRTOS_Source/timers.o
 .text.xTimerCreateTimerTask
                0x00008ca0       0x5c ./FreeRTOS_Source/timers.o
                0x00008ca0                xTimerCreateTimerTask
 .text.xTimerCreate
                0x00008cfc       0x42 ./FreeRTOS_Source/timers.o
                0x00008cfc                xTimerCreate
 *fill*         0x00008d3e        0x2 
 .text.prvInitialiseNewTimer
                0x00008d40       0x68 ./FreeRTOS_Source/timers.o
 .text.xTimerGenericCommand
                0x00008da8       0x94 ./FreeRTOS_Source/timers.o
                0x00008da8                xTimerGenericCommand
 .text.xTimerGetTimerDaemonTaskHandle
                0x00008e3c       0x28 ./FreeRTOS_Source/timers.o
                0x00008e3c                xTimerGetTimerDaemonTaskHandle
 .text.xTimerGetPeriod
                0x00008e64       0x2c ./FreeRTOS_Source/timers.o
                0x00008e64                xTimerGetPeriod
 .text.vTimerSetReloadMode
                0x00008e90       0x60 ./FreeRTOS_Source/timers.o
                0x00008e90                vTimerSetReloadMode
 .text.xTimerGetReloadMode
                0x00008ef0       0x4c ./FreeRTOS_Source/timers.o
                0x00008ef0                xTimerGetReloadMode
 .text.uxTimerGetReloadMode
                0x00008f3c       0x18 ./FreeRTOS_Source/timers.o
                0x00008f3c                uxTimerGetReloadMode
 .text.xTimerGetExpiryTime
                0x00008f54       0x30 ./FreeRTOS_Source/timers.o
                0x00008f54                xTimerGetExpiryTime
 .text.pcTimerGetName
                0x00008f84       0x2c ./FreeRTOS_Source/timers.o
                0x00008f84                pcTimerGetName
 .text.prvReloadTimer
                0x00008fb0       0x42 ./FreeRTOS_Source/timers.o
 *fill*         0x00008ff2        0x2 
 .text.prvProcessExpiredTimer
                0x00008ff4       0x60 ./FreeRTOS_Source/timers.o
 .text.prvTimerTask
                0x00009054       0x24 ./FreeRTOS_Source/timers.o
 .text.prvProcessTimerOrBlockTask
                0x00009078       0x9c ./FreeRTOS_Source/timers.o
 .text.prvGetNextExpireTime
                0x00009114       0x44 ./FreeRTOS_Source/timers.o
 .text.prvSampleTimeNow
                0x00009158       0x40 ./FreeRTOS_Source/timers.o
 .text.prvInsertTimerInActiveList
                0x00009198       0x84 ./FreeRTOS_Source/timers.o
 .text.prvProcessReceivedCommands
                0x0000921c      0x1a0 ./FreeRTOS_Source/timers.o
 .text.prvSwitchTimerLists
                0x000093bc       0x4c ./FreeRTOS_Source/timers.o
 .text.prvCheckForValidListAndQueue
                0x00009408       0x6c ./FreeRTOS_Source/timers.o
 .text.xTimerIsTimerActive
                0x00009474       0x4c ./FreeRTOS_Source/timers.o
                0x00009474                xTimerIsTimerActive
 .text.pvTimerGetTimerID
                0x000094c0       0x38 ./FreeRTOS_Source/timers.o
                0x000094c0                pvTimerGetTimerID
 .text.vTimerSetTimerID
                0x000094f8       0x38 ./FreeRTOS_Source/timers.o
                0x000094f8                vTimerSetTimerID
 .text.xTimerPendFunctionCallFromISR
                0x00009530       0x40 ./FreeRTOS_Source/timers.o
                0x00009530                xTimerPendFunctionCallFromISR
 .text.xTimerPendFunctionCall
                0x00009570       0x58 ./FreeRTOS_Source/timers.o
                0x00009570                xTimerPendFunctionCall
 .text.uxTimerGetTimerNumber
                0x000095c8       0x16 ./FreeRTOS_Source/timers.o
                0x000095c8                uxTimerGetTimerNumber
 .text.vTimerSetTimerNumber
                0x000095de       0x1a ./FreeRTOS_Source/timers.o
                0x000095de                vTimerSetTimerNumber
 .text          0x000095f8        0x0 ./main.o
 .text.main     0x000095f8       0x74 ./main.o
                0x000095f8                main
 .text.prvSetupHardware
                0x0000966c       0x8c ./main.o
 .text.vApplicationTickHook
                0x000096f8        0xc ./main.o
                0x000096f8                vApplicationTickHook
 .text.SerialTask
                0x00009704       0x88 ./main.o
 .text.RefreshDisplayTask
                0x0000978c       0xb0 ./main.o
 .text.vApplicationStackOverflowHook
                0x0000983c       0x24 ./main.o
                0x0000983c                vApplicationStackOverflowHook
 .text.vAssertCalled
                0x00009860       0x26 ./main.o
                0x00009860                vAssertCalled
 *fill*         0x00009886        0x2 
 .text.vApplicationGetIdleTaskMemory
                0x00009888       0x30 ./main.o
                0x00009888                vApplicationGetIdleTaskMemory
 .text.vApplicationGetTimerTaskMemory
                0x000098b8       0x30 ./main.o
                0x000098b8                vApplicationGetTimerTaskMemory
 .text._sbrk_r  0x000098e8       0x2c ./main.o
                0x000098e8                _sbrk_r
 .text          0x00009914        0x0 ./startup.o
 .text.IntDefaultHandler
                0x00009914       0x14 ./startup.o
 .text.FaultISR
                0x00009928       0x14 ./startup.o
 .text.NmiSR    0x0000993c       0x14 ./startup.o
 .text.ResetISR
                0x00009950       0x50 ./startup.o
                0x00009950                ResetISR
 .text.uipprintf
                0x000099a0        0x8 ./startup.o
                0x000099a0                uipprintf
 .text          0x000099a8        0x0 C:\FreeRTOSv202212.01\FreeRTOS\Demo\Common\drivers\LuminaryMicro/arm-none-eabi-gcc/\libdriver.a(gpio.o)
 .text.GPIOGetIntNumber
                0x000099a8       0xa4 C:\FreeRTOSv202212.01\FreeRTOS\Demo\Common\drivers\LuminaryMicro/arm-none-eabi-gcc/\libdriver.a(gpio.o)
 .text.GPIODirModeSet
                0x00009a4c       0x44 C:\FreeRTOSv202212.01\FreeRTOS\Demo\Common\drivers\LuminaryMicro/arm-none-eabi-gcc/\libdriver.a(gpio.o)
                0x00009a4c                GPIODirModeSet
 .text.GPIODirModeGet
                0x00009a90       0x20 C:\FreeRTOSv202212.01\FreeRTOS\Demo\Common\drivers\LuminaryMicro/arm-none-eabi-gcc/\libdriver.a(gpio.o)
                0x00009a90                GPIODirModeGet
 .text.GPIOIntTypeSet
                0x00009ab0       0x70 C:\FreeRTOSv202212.01\FreeRTOS\Demo\Common\drivers\LuminaryMicro/arm-none-eabi-gcc/\libdriver.a(gpio.o)
                0x00009ab0                GPIOIntTypeSet
 .text.GPIOIntTypeGet
                0x00009b20       0x30 C:\FreeRTOSv202212.01\FreeRTOS\Demo\Common\drivers\LuminaryMicro/arm-none-eabi-gcc/\libdriver.a(gpio.o)
                0x00009b20                GPIOIntTypeGet
 .text.GPIOPadConfigSet
                0x00009b50      0x130 C:\FreeRTOSv202212.01\FreeRTOS\Demo\Common\drivers\LuminaryMicro/arm-none-eabi-gcc/\libdriver.a(gpio.o)
                0x00009b50                GPIOPadConfigSet
 .text.GPIOPadConfigGet
                0x00009c80       0x78 C:\FreeRTOSv202212.01\FreeRTOS\Demo\Common\drivers\LuminaryMicro/arm-none-eabi-gcc/\libdriver.a(gpio.o)
                0x00009c80                GPIOPadConfigGet
 .text.GPIOPinIntEnable
                0x00009cf8        0xc C:\FreeRTOSv202212.01\FreeRTOS\Demo\Common\drivers\LuminaryMicro/arm-none-eabi-gcc/\libdriver.a(gpio.o)
                0x00009cf8                GPIOPinIntEnable
 .text.GPIOPinIntDisable
                0x00009d04       0x10 C:\FreeRTOSv202212.01\FreeRTOS\Demo\Common\drivers\LuminaryMicro/arm-none-eabi-gcc/\libdriver.a(gpio.o)
                0x00009d04                GPIOPinIntDisable
 .text.GPIOPinIntStatus
                0x00009d14       0x10 C:\FreeRTOSv202212.01\FreeRTOS\Demo\Common\drivers\LuminaryMicro/arm-none-eabi-gcc/\libdriver.a(gpio.o)
                0x00009d14                GPIOPinIntStatus
 .text.GPIOPinIntClear
                0x00009d24        0x8 C:\FreeRTOSv202212.01\FreeRTOS\Demo\Common\drivers\LuminaryMicro/arm-none-eabi-gcc/\libdriver.a(gpio.o)
                0x00009d24                GPIOPinIntClear
 .text.GPIOPinRead
                0x00009d2c        0x8 C:\FreeRTOSv202212.01\FreeRTOS\Demo\Common\drivers\LuminaryMicro/arm-none-eabi-gcc/\libdriver.a(gpio.o)
                0x00009d2c                GPIOPinRead
 .text.GPIOPinWrite
                0x00009d34        0x8 C:\FreeRTOSv202212.01\FreeRTOS\Demo\Common\drivers\LuminaryMicro/arm-none-eabi-gcc/\libdriver.a(gpio.o)
                0x00009d34                GPIOPinWrite
 .text.GPIOPinTypeADC
                0x00009d3c       0x1c C:\FreeRTOSv202212.01\FreeRTOS\Demo\Common\drivers\LuminaryMicro/arm-none-eabi-gcc/\libdriver.a(gpio.o)
                0x00009d3c                GPIOPinTypeADC
 .text.GPIOPinTypeCAN
                0x00009d58       0x1c C:\FreeRTOSv202212.01\FreeRTOS\Demo\Common\drivers\LuminaryMicro/arm-none-eabi-gcc/\libdriver.a(gpio.o)
                0x00009d58                GPIOPinTypeCAN
 .text.GPIOPinTypeComparator
                0x00009d74       0x1c C:\FreeRTOSv202212.01\FreeRTOS\Demo\Common\drivers\LuminaryMicro/arm-none-eabi-gcc/\libdriver.a(gpio.o)
                0x00009d74                GPIOPinTypeComparator
 .text.GPIOPinTypeGPIOInput
                0x00009d90       0x1c C:\FreeRTOSv202212.01\FreeRTOS\Demo\Common\drivers\LuminaryMicro/arm-none-eabi-gcc/\libdriver.a(gpio.o)
                0x00009d90                GPIOPinTypeGPIOInput
 .text.GPIOPinTypeGPIOOutput
                0x00009dac       0x1c C:\FreeRTOSv202212.01\FreeRTOS\Demo\Common\drivers\LuminaryMicro/arm-none-eabi-gcc/\libdriver.a(gpio.o)
                0x00009dac                GPIOPinTypeGPIOOutput
 .text.GPIOPinTypeGPIOOutputOD
                0x00009dc8       0x1c C:\FreeRTOSv202212.01\FreeRTOS\Demo\Common\drivers\LuminaryMicro/arm-none-eabi-gcc/\libdriver.a(gpio.o)
                0x00009dc8                GPIOPinTypeGPIOOutputOD
 .text.GPIOPinTypeI2C
                0x00009de4       0x1c C:\FreeRTOSv202212.01\FreeRTOS\Demo\Common\drivers\LuminaryMicro/arm-none-eabi-gcc/\libdriver.a(gpio.o)
                0x00009de4                GPIOPinTypeI2C
 .text.GPIOPinTypePWM
                0x00009e00       0x1c C:\FreeRTOSv202212.01\FreeRTOS\Demo\Common\drivers\LuminaryMicro/arm-none-eabi-gcc/\libdriver.a(gpio.o)
                0x00009e00                GPIOPinTypePWM
 .text.GPIOPinTypeQEI
                0x00009e1c       0x1c C:\FreeRTOSv202212.01\FreeRTOS\Demo\Common\drivers\LuminaryMicro/arm-none-eabi-gcc/\libdriver.a(gpio.o)
                0x00009e1c                GPIOPinTypeQEI
 .text.GPIOPinTypeSSI
                0x00009e38       0x1c C:\FreeRTOSv202212.01\FreeRTOS\Demo\Common\drivers\LuminaryMicro/arm-none-eabi-gcc/\libdriver.a(gpio.o)
                0x00009e38                GPIOPinTypeSSI
 .text.GPIOPinTypeTimer
                0x00009e54       0x1c C:\FreeRTOSv202212.01\FreeRTOS\Demo\Common\drivers\LuminaryMicro/arm-none-eabi-gcc/\libdriver.a(gpio.o)
                0x00009e54                GPIOPinTypeTimer
 .text.GPIOPinTypeUART
                0x00009e70       0x1c C:\FreeRTOSv202212.01\FreeRTOS\Demo\Common\drivers\LuminaryMicro/arm-none-eabi-gcc/\libdriver.a(gpio.o)
                0x00009e70                GPIOPinTypeUART
 .text.GPIOPinTypeUSBDigital
                0x00009e8c       0x1c C:\FreeRTOSv202212.01\FreeRTOS\Demo\Common\drivers\LuminaryMicro/arm-none-eabi-gcc/\libdriver.a(gpio.o)
                0x00009e8c                GPIOPinTypeUSBDigital
 .text.GPIOPortIntUnregister
                0x00009ea8       0x14 C:\FreeRTOSv202212.01\FreeRTOS\Demo\Common\drivers\LuminaryMicro/arm-none-eabi-gcc/\libdriver.a(gpio.o)
                0x00009ea8                GPIOPortIntUnregister
 .text.GPIOPortIntRegister
                0x00009ebc       0x18 C:\FreeRTOSv202212.01\FreeRTOS\Demo\Common\drivers\LuminaryMicro/arm-none-eabi-gcc/\libdriver.a(gpio.o)
                0x00009ebc                GPIOPortIntRegister
 .text          0x00009ed4        0x0 C:\FreeRTOSv202212.01\FreeRTOS\Demo\Common\drivers\LuminaryMicro/arm-none-eabi-gcc/\libdriver.a(interrupt.o)
 .text.IntDefaultHandler
                0x00009ed4        0x4 C:\FreeRTOSv202212.01\FreeRTOS\Demo\Common\drivers\LuminaryMicro/arm-none-eabi-gcc/\libdriver.a(interrupt.o)
 .text.IntRegister
                0x00009ed8       0x3c C:\FreeRTOSv202212.01\FreeRTOS\Demo\Common\drivers\LuminaryMicro/arm-none-eabi-gcc/\libdriver.a(interrupt.o)
                0x00009ed8                IntRegister
 .text.IntUnregister
                0x00009f14       0x14 C:\FreeRTOSv202212.01\FreeRTOS\Demo\Common\drivers\LuminaryMicro/arm-none-eabi-gcc/\libdriver.a(interrupt.o)
                0x00009f14                IntUnregister
 .text.IntPriorityGroupingSet
                0x00009f28       0x1c C:\FreeRTOSv202212.01\FreeRTOS\Demo\Common\drivers\LuminaryMicro/arm-none-eabi-gcc/\libdriver.a(interrupt.o)
                0x00009f28                IntPriorityGroupingSet
 .text.IntPriorityGroupingGet
                0x00009f44       0x24 C:\FreeRTOSv202212.01\FreeRTOS\Demo\Common\drivers\LuminaryMicro/arm-none-eabi-gcc/\libdriver.a(interrupt.o)
                0x00009f44                IntPriorityGroupingGet
 .text.IntPrioritySet
                0x00009f68       0x28 C:\FreeRTOSv202212.01\FreeRTOS\Demo\Common\drivers\LuminaryMicro/arm-none-eabi-gcc/\libdriver.a(interrupt.o)
                0x00009f68                IntPrioritySet
 .text.IntPriorityGet
                0x00009f90       0x20 C:\FreeRTOSv202212.01\FreeRTOS\Demo\Common\drivers\LuminaryMicro/arm-none-eabi-gcc/\libdriver.a(interrupt.o)
                0x00009f90                IntPriorityGet
 .text.IntEnable
                0x00009fb0       0x74 C:\FreeRTOSv202212.01\FreeRTOS\Demo\Common\drivers\LuminaryMicro/arm-none-eabi-gcc/\libdriver.a(interrupt.o)
                0x00009fb0                IntEnable
 .text.IntDisable
                0x0000a024       0x74 C:\FreeRTOSv202212.01\FreeRTOS\Demo\Common\drivers\LuminaryMicro/arm-none-eabi-gcc/\libdriver.a(interrupt.o)
                0x0000a024                IntDisable
 .text.IntMasterDisable
                0x0000a098        0xc C:\FreeRTOSv202212.01\FreeRTOS\Demo\Common\drivers\LuminaryMicro/arm-none-eabi-gcc/\libdriver.a(interrupt.o)
                0x0000a098                IntMasterDisable
 .text.IntMasterEnable
                0x0000a0a4        0xc C:\FreeRTOSv202212.01\FreeRTOS\Demo\Common\drivers\LuminaryMicro/arm-none-eabi-gcc/\libdriver.a(interrupt.o)
                0x0000a0a4                IntMasterEnable
 .text          0x0000a0b0        0x0 C:\FreeRTOSv202212.01\FreeRTOS\Demo\Common\drivers\LuminaryMicro/arm-none-eabi-gcc/\libdriver.a(ssi.o)
 .text.SSIConfigSetExpClk
                0x0000a0b0       0x48 C:\FreeRTOSv202212.01\FreeRTOS\Demo\Common\drivers\LuminaryMicro/arm-none-eabi-gcc/\libdriver.a(ssi.o)
                0x0000a0b0                SSIConfigSetExpClk
 .text.SSIEnable
                0x0000a0f8        0xc C:\FreeRTOSv202212.01\FreeRTOS\Demo\Common\drivers\LuminaryMicro/arm-none-eabi-gcc/\libdriver.a(ssi.o)
                0x0000a0f8                SSIEnable
 .text.SSIDisable
                0x0000a104        0xc C:\FreeRTOSv202212.01\FreeRTOS\Demo\Common\drivers\LuminaryMicro/arm-none-eabi-gcc/\libdriver.a(ssi.o)
                0x0000a104                SSIDisable
 .text.SSIIntEnable
                0x0000a110        0x8 C:\FreeRTOSv202212.01\FreeRTOS\Demo\Common\drivers\LuminaryMicro/arm-none-eabi-gcc/\libdriver.a(ssi.o)
                0x0000a110                SSIIntEnable
 .text.SSIIntDisable
                0x0000a118        0xc C:\FreeRTOSv202212.01\FreeRTOS\Demo\Common\drivers\LuminaryMicro/arm-none-eabi-gcc/\libdriver.a(ssi.o)
                0x0000a118                SSIIntDisable
 .text.SSIIntStatus
                0x0000a124        0xc C:\FreeRTOSv202212.01\FreeRTOS\Demo\Common\drivers\LuminaryMicro/arm-none-eabi-gcc/\libdriver.a(ssi.o)
                0x0000a124                SSIIntStatus
 .text.SSIIntClear
                0x0000a130        0x4 C:\FreeRTOSv202212.01\FreeRTOS\Demo\Common\drivers\LuminaryMicro/arm-none-eabi-gcc/\libdriver.a(ssi.o)
                0x0000a130                SSIIntClear
 .text.SSIDataPut
                0x0000a134       0x10 C:\FreeRTOSv202212.01\FreeRTOS\Demo\Common\drivers\LuminaryMicro/arm-none-eabi-gcc/\libdriver.a(ssi.o)
                0x0000a134                SSIDataPut
 .text.SSIDataPutNonBlocking
                0x0000a144       0x10 C:\FreeRTOSv202212.01\FreeRTOS\Demo\Common\drivers\LuminaryMicro/arm-none-eabi-gcc/\libdriver.a(ssi.o)
                0x0000a144                SSIDataPutNonBlocking
 .text.SSIDataGet
                0x0000a154       0x14 C:\FreeRTOSv202212.01\FreeRTOS\Demo\Common\drivers\LuminaryMicro/arm-none-eabi-gcc/\libdriver.a(ssi.o)
                0x0000a154                SSIDataGet
 .text.SSIDataGetNonBlocking
                0x0000a168       0x14 C:\FreeRTOSv202212.01\FreeRTOS\Demo\Common\drivers\LuminaryMicro/arm-none-eabi-gcc/\libdriver.a(ssi.o)
                0x0000a168                SSIDataGetNonBlocking
 .text.SSIDMAEnable
                0x0000a17c        0x8 C:\FreeRTOSv202212.01\FreeRTOS\Demo\Common\drivers\LuminaryMicro/arm-none-eabi-gcc/\libdriver.a(ssi.o)
                0x0000a17c                SSIDMAEnable
 .text.SSIDMADisable
                0x0000a184        0xc C:\FreeRTOSv202212.01\FreeRTOS\Demo\Common\drivers\LuminaryMicro/arm-none-eabi-gcc/\libdriver.a(ssi.o)
                0x0000a184                SSIDMADisable
 .text.SSIIntUnregister
                0x0000a190       0x20 C:\FreeRTOSv202212.01\FreeRTOS\Demo\Common\drivers\LuminaryMicro/arm-none-eabi-gcc/\libdriver.a(ssi.o)
                0x0000a190                SSIIntUnregister
 .text.SSIIntRegister
                0x0000a1b0       0x20 C:\FreeRTOSv202212.01\FreeRTOS\Demo\Common\drivers\LuminaryMicro/arm-none-eabi-gcc/\libdriver.a(ssi.o)
                0x0000a1b0                SSIIntRegister
 .text          0x0000a1d0        0x0 C:\FreeRTOSv202212.01\FreeRTOS\Demo\Common\drivers\LuminaryMicro/arm-none-eabi-gcc/\libdriver.a(sysctl.o)
 .text.SysCtlSRAMSizeGet
                0x0000a1d0       0x14 C:\FreeRTOSv202212.01\FreeRTOS\Demo\Common\drivers\LuminaryMicro/arm-none-eabi-gcc/\libdriver.a(sysctl.o)
                0x0000a1d0                SysCtlSRAMSizeGet
 .text.SysCtlFlashSizeGet
                0x0000a1e4       0x14 C:\FreeRTOSv202212.01\FreeRTOS\Demo\Common\drivers\LuminaryMicro/arm-none-eabi-gcc/\libdriver.a(sysctl.o)
                0x0000a1e4                SysCtlFlashSizeGet
 .text.SysCtlPinPresent
                0x0000a1f8       0x14 C:\FreeRTOSv202212.01\FreeRTOS\Demo\Common\drivers\LuminaryMicro/arm-none-eabi-gcc/\libdriver.a(sysctl.o)
                0x0000a1f8                SysCtlPinPresent
 .text.SysCtlPeripheralPresent
                0x0000a20c       0x28 C:\FreeRTOSv202212.01\FreeRTOS\Demo\Common\drivers\LuminaryMicro/arm-none-eabi-gcc/\libdriver.a(sysctl.o)
                0x0000a20c                SysCtlPeripheralPresent
 .text.SysCtlPeripheralReset
                0x0000a234       0x44 C:\FreeRTOSv202212.01\FreeRTOS\Demo\Common\drivers\LuminaryMicro/arm-none-eabi-gcc/\libdriver.a(sysctl.o)
                0x0000a234                SysCtlPeripheralReset
 .text.SysCtlPeripheralEnable
                0x0000a278       0x24 C:\FreeRTOSv202212.01\FreeRTOS\Demo\Common\drivers\LuminaryMicro/arm-none-eabi-gcc/\libdriver.a(sysctl.o)
                0x0000a278                SysCtlPeripheralEnable
 .text.SysCtlPeripheralDisable
                0x0000a29c       0x24 C:\FreeRTOSv202212.01\FreeRTOS\Demo\Common\drivers\LuminaryMicro/arm-none-eabi-gcc/\libdriver.a(sysctl.o)
                0x0000a29c                SysCtlPeripheralDisable
 .text.SysCtlPeripheralSleepEnable
                0x0000a2c0       0x24 C:\FreeRTOSv202212.01\FreeRTOS\Demo\Common\drivers\LuminaryMicro/arm-none-eabi-gcc/\libdriver.a(sysctl.o)
                0x0000a2c0                SysCtlPeripheralSleepEnable
 .text.SysCtlPeripheralSleepDisable
                0x0000a2e4       0x24 C:\FreeRTOSv202212.01\FreeRTOS\Demo\Common\drivers\LuminaryMicro/arm-none-eabi-gcc/\libdriver.a(sysctl.o)
                0x0000a2e4                SysCtlPeripheralSleepDisable
 .text.SysCtlPeripheralDeepSleepEnable
                0x0000a308       0x24 C:\FreeRTOSv202212.01\FreeRTOS\Demo\Common\drivers\LuminaryMicro/arm-none-eabi-gcc/\libdriver.a(sysctl.o)
                0x0000a308                SysCtlPeripheralDeepSleepEnable
 .text.SysCtlPeripheralDeepSleepDisable
                0x0000a32c       0x24 C:\FreeRTOSv202212.01\FreeRTOS\Demo\Common\drivers\LuminaryMicro/arm-none-eabi-gcc/\libdriver.a(sysctl.o)
                0x0000a32c                SysCtlPeripheralDeepSleepDisable
 .text.SysCtlPeripheralClockGating
                0x0000a350       0x20 C:\FreeRTOSv202212.01\FreeRTOS\Demo\Common\drivers\LuminaryMicro/arm-none-eabi-gcc/\libdriver.a(sysctl.o)
                0x0000a350                SysCtlPeripheralClockGating
 .text.SysCtlIntEnable
                0x0000a370       0x10 C:\FreeRTOSv202212.01\FreeRTOS\Demo\Common\drivers\LuminaryMicro/arm-none-eabi-gcc/\libdriver.a(sysctl.o)
                0x0000a370                SysCtlIntEnable
 .text.SysCtlIntDisable
                0x0000a380       0x10 C:\FreeRTOSv202212.01\FreeRTOS\Demo\Common\drivers\LuminaryMicro/arm-none-eabi-gcc/\libdriver.a(sysctl.o)
                0x0000a380                SysCtlIntDisable
 .text.SysCtlIntClear
                0x0000a390        0xc C:\FreeRTOSv202212.01\FreeRTOS\Demo\Common\drivers\LuminaryMicro/arm-none-eabi-gcc/\libdriver.a(sysctl.o)
                0x0000a390                SysCtlIntClear
 .text.SysCtlIntStatus
                0x0000a39c       0x18 C:\FreeRTOSv202212.01\FreeRTOS\Demo\Common\drivers\LuminaryMicro/arm-none-eabi-gcc/\libdriver.a(sysctl.o)
                0x0000a39c                SysCtlIntStatus
 .text.SysCtlLDOSet
                0x0000a3b4        0xc C:\FreeRTOSv202212.01\FreeRTOS\Demo\Common\drivers\LuminaryMicro/arm-none-eabi-gcc/\libdriver.a(sysctl.o)
                0x0000a3b4                SysCtlLDOSet
 .text.SysCtlLDOGet
                0x0000a3c0        0xc C:\FreeRTOSv202212.01\FreeRTOS\Demo\Common\drivers\LuminaryMicro/arm-none-eabi-gcc/\libdriver.a(sysctl.o)
                0x0000a3c0                SysCtlLDOGet
 .text.SysCtlLDOConfigSet
                0x0000a3cc        0xc C:\FreeRTOSv202212.01\FreeRTOS\Demo\Common\drivers\LuminaryMicro/arm-none-eabi-gcc/\libdriver.a(sysctl.o)
                0x0000a3cc                SysCtlLDOConfigSet
 .text.SysCtlReset
                0x0000a3d8       0x10 C:\FreeRTOSv202212.01\FreeRTOS\Demo\Common\drivers\LuminaryMicro/arm-none-eabi-gcc/\libdriver.a(sysctl.o)
                0x0000a3d8                SysCtlReset
 .text.SysCtlResetCauseGet
                0x0000a3e8        0xc C:\FreeRTOSv202212.01\FreeRTOS\Demo\Common\drivers\LuminaryMicro/arm-none-eabi-gcc/\libdriver.a(sysctl.o)
                0x0000a3e8                SysCtlResetCauseGet
 .text.SysCtlResetCauseClear
                0x0000a3f4       0x10 C:\FreeRTOSv202212.01\FreeRTOS\Demo\Common\drivers\LuminaryMicro/arm-none-eabi-gcc/\libdriver.a(sysctl.o)
                0x0000a3f4                SysCtlResetCauseClear
 .text.SysCtlBrownOutConfigSet
                0x0000a404       0x10 C:\FreeRTOSv202212.01\FreeRTOS\Demo\Common\drivers\LuminaryMicro/arm-none-eabi-gcc/\libdriver.a(sysctl.o)
                0x0000a404                SysCtlBrownOutConfigSet
 .text.SysCtlDelay
                0x0000a414        0x8 C:\FreeRTOSv202212.01\FreeRTOS\Demo\Common\drivers\LuminaryMicro/arm-none-eabi-gcc/\libdriver.a(sysctl.o)
                0x0000a414                SysCtlDelay
 .text.SysCtlClockSet
                0x0000a41c      0x168 C:\FreeRTOSv202212.01\FreeRTOS\Demo\Common\drivers\LuminaryMicro/arm-none-eabi-gcc/\libdriver.a(sysctl.o)
                0x0000a41c                SysCtlClockSet
 .text.SysCtlClockGet
                0x0000a584      0x150 C:\FreeRTOSv202212.01\FreeRTOS\Demo\Common\drivers\LuminaryMicro/arm-none-eabi-gcc/\libdriver.a(sysctl.o)
                0x0000a584                SysCtlClockGet
 .text.SysCtlPWMClockSet
                0x0000a6d4       0x14 C:\FreeRTOSv202212.01\FreeRTOS\Demo\Common\drivers\LuminaryMicro/arm-none-eabi-gcc/\libdriver.a(sysctl.o)
                0x0000a6d4                SysCtlPWMClockSet
 .text.SysCtlPWMClockGet
                0x0000a6e8       0x18 C:\FreeRTOSv202212.01\FreeRTOS\Demo\Common\drivers\LuminaryMicro/arm-none-eabi-gcc/\libdriver.a(sysctl.o)
                0x0000a6e8                SysCtlPWMClockGet
 .text.SysCtlADCSpeedSet
                0x0000a700       0x34 C:\FreeRTOSv202212.01\FreeRTOS\Demo\Common\drivers\LuminaryMicro/arm-none-eabi-gcc/\libdriver.a(sysctl.o)
                0x0000a700                SysCtlADCSpeedSet
 .text.SysCtlADCSpeedGet
                0x0000a734       0x10 C:\FreeRTOSv202212.01\FreeRTOS\Demo\Common\drivers\LuminaryMicro/arm-none-eabi-gcc/\libdriver.a(sysctl.o)
                0x0000a734                SysCtlADCSpeedGet
 .text.SysCtlIOSCVerificationSet
                0x0000a744       0x20 C:\FreeRTOSv202212.01\FreeRTOS\Demo\Common\drivers\LuminaryMicro/arm-none-eabi-gcc/\libdriver.a(sysctl.o)
                0x0000a744                SysCtlIOSCVerificationSet
 .text.SysCtlMOSCVerificationSet
                0x0000a764       0x20 C:\FreeRTOSv202212.01\FreeRTOS\Demo\Common\drivers\LuminaryMicro/arm-none-eabi-gcc/\libdriver.a(sysctl.o)
                0x0000a764                SysCtlMOSCVerificationSet
 .text.SysCtlPLLVerificationSet
                0x0000a784       0x20 C:\FreeRTOSv202212.01\FreeRTOS\Demo\Common\drivers\LuminaryMicro/arm-none-eabi-gcc/\libdriver.a(sysctl.o)
                0x0000a784                SysCtlPLLVerificationSet
 .text.SysCtlClkVerificationClear
                0x0000a7a4       0x10 C:\FreeRTOSv202212.01\FreeRTOS\Demo\Common\drivers\LuminaryMicro/arm-none-eabi-gcc/\libdriver.a(sysctl.o)
                0x0000a7a4                SysCtlClkVerificationClear
 .text.SysCtlGPIOAHBEnable
                0x0000a7b4       0x10 C:\FreeRTOSv202212.01\FreeRTOS\Demo\Common\drivers\LuminaryMicro/arm-none-eabi-gcc/\libdriver.a(sysctl.o)
                0x0000a7b4                SysCtlGPIOAHBEnable
 .text.SysCtlGPIOAHBDisable
                0x0000a7c4       0x14 C:\FreeRTOSv202212.01\FreeRTOS\Demo\Common\drivers\LuminaryMicro/arm-none-eabi-gcc/\libdriver.a(sysctl.o)
                0x0000a7c4                SysCtlGPIOAHBDisable
 .text.SysCtlUSBPLLEnable
                0x0000a7d8       0x10 C:\FreeRTOSv202212.01\FreeRTOS\Demo\Common\drivers\LuminaryMicro/arm-none-eabi-gcc/\libdriver.a(sysctl.o)
                0x0000a7d8                SysCtlUSBPLLEnable
 .text.SysCtlUSBPLLDisable
                0x0000a7e8       0x10 C:\FreeRTOSv202212.01\FreeRTOS\Demo\Common\drivers\LuminaryMicro/arm-none-eabi-gcc/\libdriver.a(sysctl.o)
                0x0000a7e8                SysCtlUSBPLLDisable
 .text.SysCtlDeepSleep
                0x0000a7f8       0x20 C:\FreeRTOSv202212.01\FreeRTOS\Demo\Common\drivers\LuminaryMicro/arm-none-eabi-gcc/\libdriver.a(sysctl.o)
                0x0000a7f8                SysCtlDeepSleep
 .text.SysCtlSleep
                0x0000a818        0x8 C:\FreeRTOSv202212.01\FreeRTOS\Demo\Common\drivers\LuminaryMicro/arm-none-eabi-gcc/\libdriver.a(sysctl.o)
                0x0000a818                SysCtlSleep
 .text.SysCtlIntUnregister
                0x0000a820       0x10 C:\FreeRTOSv202212.01\FreeRTOS\Demo\Common\drivers\LuminaryMicro/arm-none-eabi-gcc/\libdriver.a(sysctl.o)
                0x0000a820                SysCtlIntUnregister
 .text.SysCtlIntRegister
                0x0000a830       0x14 C:\FreeRTOSv202212.01\FreeRTOS\Demo\Common\drivers\LuminaryMicro/arm-none-eabi-gcc/\libdriver.a(sysctl.o)
                0x0000a830                SysCtlIntRegister
 .text          0x0000a844        0x0 C:\FreeRTOSv202212.01\FreeRTOS\Demo\Common\drivers\LuminaryMicro/arm-none-eabi-gcc/\libdriver.a(uart.o)
 .text.UARTParityModeSet
                0x0000a844        0xc C:\FreeRTOSv202212.01\FreeRTOS\Demo\Common\drivers\LuminaryMicro/arm-none-eabi-gcc/\libdriver.a(uart.o)
                0x0000a844                UARTParityModeSet
 .text.UARTParityModeGet
                0x0000a850        0x8 C:\FreeRTOSv202212.01\FreeRTOS\Demo\Common\drivers\LuminaryMicro/arm-none-eabi-gcc/\libdriver.a(uart.o)
                0x0000a850                UARTParityModeGet
 .text.UARTFIFOLevelSet
                0x0000a858        0x8 C:\FreeRTOSv202212.01\FreeRTOS\Demo\Common\drivers\LuminaryMicro/arm-none-eabi-gcc/\libdriver.a(uart.o)
                0x0000a858                UARTFIFOLevelSet
 .text.UARTFIFOLevelGet
                0x0000a860       0x10 C:\FreeRTOSv202212.01\FreeRTOS\Demo\Common\drivers\LuminaryMicro/arm-none-eabi-gcc/\libdriver.a(uart.o)
                0x0000a860                UARTFIFOLevelGet
 .text.UARTConfigGetExpClk
                0x0000a870       0x20 C:\FreeRTOSv202212.01\FreeRTOS\Demo\Common\drivers\LuminaryMicro/arm-none-eabi-gcc/\libdriver.a(uart.o)
                0x0000a870                UARTConfigGetExpClk
 .text.UARTEnable
                0x0000a890       0x18 C:\FreeRTOSv202212.01\FreeRTOS\Demo\Common\drivers\LuminaryMicro/arm-none-eabi-gcc/\libdriver.a(uart.o)
                0x0000a890                UARTEnable
 .text.UARTDisable
                0x0000a8a8       0x24 C:\FreeRTOSv202212.01\FreeRTOS\Demo\Common\drivers\LuminaryMicro/arm-none-eabi-gcc/\libdriver.a(uart.o)
                0x0000a8a8                UARTDisable
 .text.UARTConfigSetExpClk
                0x0000a8cc       0x38 C:\FreeRTOSv202212.01\FreeRTOS\Demo\Common\drivers\LuminaryMicro/arm-none-eabi-gcc/\libdriver.a(uart.o)
                0x0000a8cc                UARTConfigSetExpClk
 .text.UARTEnableSIR
                0x0000a904       0x18 C:\FreeRTOSv202212.01\FreeRTOS\Demo\Common\drivers\LuminaryMicro/arm-none-eabi-gcc/\libdriver.a(uart.o)
                0x0000a904                UARTEnableSIR
 .text.UARTDisableSIR
                0x0000a91c        0xc C:\FreeRTOSv202212.01\FreeRTOS\Demo\Common\drivers\LuminaryMicro/arm-none-eabi-gcc/\libdriver.a(uart.o)
                0x0000a91c                UARTDisableSIR
 .text.UARTCharsAvail
                0x0000a928       0x10 C:\FreeRTOSv202212.01\FreeRTOS\Demo\Common\drivers\LuminaryMicro/arm-none-eabi-gcc/\libdriver.a(uart.o)
                0x0000a928                UARTCharsAvail
 .text.UARTSpaceAvail
                0x0000a938       0x10 C:\FreeRTOSv202212.01\FreeRTOS\Demo\Common\drivers\LuminaryMicro/arm-none-eabi-gcc/\libdriver.a(uart.o)
                0x0000a938                UARTSpaceAvail
 .text.UARTCharGetNonBlocking
                0x0000a948       0x10 C:\FreeRTOSv202212.01\FreeRTOS\Demo\Common\drivers\LuminaryMicro/arm-none-eabi-gcc/\libdriver.a(uart.o)
                0x0000a948                UARTCharGetNonBlocking
 .text.UARTCharGet
                0x0000a958       0x10 C:\FreeRTOSv202212.01\FreeRTOS\Demo\Common\drivers\LuminaryMicro/arm-none-eabi-gcc/\libdriver.a(uart.o)
                0x0000a958                UARTCharGet
 .text.UARTCharPutNonBlocking
                0x0000a968       0x14 C:\FreeRTOSv202212.01\FreeRTOS\Demo\Common\drivers\LuminaryMicro/arm-none-eabi-gcc/\libdriver.a(uart.o)
                0x0000a968                UARTCharPutNonBlocking
 .text.UARTCharPut
                0x0000a97c       0x10 C:\FreeRTOSv202212.01\FreeRTOS\Demo\Common\drivers\LuminaryMicro/arm-none-eabi-gcc/\libdriver.a(uart.o)
                0x0000a97c                UARTCharPut
 .text.UARTBreakCtl
                0x0000a98c       0x18 C:\FreeRTOSv202212.01\FreeRTOS\Demo\Common\drivers\LuminaryMicro/arm-none-eabi-gcc/\libdriver.a(uart.o)
                0x0000a98c                UARTBreakCtl
 .text.UARTIntEnable
                0x0000a9a4        0x8 C:\FreeRTOSv202212.01\FreeRTOS\Demo\Common\drivers\LuminaryMicro/arm-none-eabi-gcc/\libdriver.a(uart.o)
                0x0000a9a4                UARTIntEnable
 .text.UARTIntDisable
                0x0000a9ac        0xc C:\FreeRTOSv202212.01\FreeRTOS\Demo\Common\drivers\LuminaryMicro/arm-none-eabi-gcc/\libdriver.a(uart.o)
                0x0000a9ac                UARTIntDisable
 .text.UARTIntStatus
                0x0000a9b8        0xc C:\FreeRTOSv202212.01\FreeRTOS\Demo\Common\drivers\LuminaryMicro/arm-none-eabi-gcc/\libdriver.a(uart.o)
                0x0000a9b8                UARTIntStatus
 .text.UARTIntClear
                0x0000a9c4        0x4 C:\FreeRTOSv202212.01\FreeRTOS\Demo\Common\drivers\LuminaryMicro/arm-none-eabi-gcc/\libdriver.a(uart.o)
                0x0000a9c4                UARTIntClear
 .text.UARTDMAEnable
                0x0000a9c8        0x8 C:\FreeRTOSv202212.01\FreeRTOS\Demo\Common\drivers\LuminaryMicro/arm-none-eabi-gcc/\libdriver.a(uart.o)
                0x0000a9c8                UARTDMAEnable
 .text.UARTDMADisable
                0x0000a9d0        0xc C:\FreeRTOSv202212.01\FreeRTOS\Demo\Common\drivers\LuminaryMicro/arm-none-eabi-gcc/\libdriver.a(uart.o)
                0x0000a9d0                UARTDMADisable
 .text.UARTIntUnregister
                0x0000a9dc       0x2c C:\FreeRTOSv202212.01\FreeRTOS\Demo\Common\drivers\LuminaryMicro/arm-none-eabi-gcc/\libdriver.a(uart.o)
                0x0000a9dc                UARTIntUnregister
 .text.UARTIntRegister
                0x0000aa08       0x2c C:\FreeRTOSv202212.01\FreeRTOS\Demo\Common\drivers\LuminaryMicro/arm-none-eabi-gcc/\libdriver.a(uart.o)
                0x0000aa08                UARTIntRegister
 .text          0x0000aa34       0x14 C:\FreeRTOSv202212.01\FreeRTOS\Demo\Common\drivers\LuminaryMicro/arm-none-eabi-gcc/\libdriver.a(cpu.o)
                0x0000aa34                CPUcpsid
                0x0000aa3c                CPUcpsie
                0x0000aa44                CPUwfi
 .text          0x0000aa48      0x254 c:/program files (x86)/gnu arm embedded toolchain/10 2021.10/bin/../lib/gcc/arm-none-eabi/10.3.1/thumb/v7-m/nofp\libgcc.a(_arm_muldf3.o)
 .text          0x0000ac9c      0x378 c:/program files (x86)/gnu arm embedded toolchain/10 2021.10/bin/../lib/gcc/arm-none-eabi/10.3.1/thumb/v7-m/nofp\libgcc.a(_arm_addsubdf3.o)
                0x0000ac9c                __aeabi_drsub
                0x0000aca4                __aeabi_dsub
                0x0000aca4                __subdf3
                0x0000aca8                __aeabi_dadd
                0x0000aca8                __adddf3
                0x0000af20                __floatunsidf
                0x0000af20                __aeabi_ui2d
                0x0000af40                __floatsidf
                0x0000af40                __aeabi_i2d
                0x0000af64                __aeabi_f2d
                0x0000af64                __extendsfdf2
                0x0000afa8                __floatundidf
                0x0000afa8                __aeabi_ul2d
                0x0000afb8                __floatdidf
                0x0000afb8                __aeabi_l2d
 .text          0x0000b014      0x424 c:/program files (x86)/gnu arm embedded toolchain/10 2021.10/bin/../lib/gcc/arm-none-eabi/10.3.1/thumb/v7-m/nofp\libgcc.a(_arm_muldivdf3.o)
                0x0000b014                __aeabi_dmul
                0x0000b014                __muldf3
                0x0000b268                __divdf3
                0x0000b268                __aeabi_ddiv
 .text          0x0000b438      0x110 c:/program files (x86)/gnu arm embedded toolchain/10 2021.10/bin/../lib/gcc/arm-none-eabi/10.3.1/thumb/v7-m/nofp\libgcc.a(_arm_cmpdf2.o)
                0x0000b438                __gtdf2
                0x0000b438                __gedf2
                0x0000b440                __ltdf2
                0x0000b440                __ledf2
                0x0000b448                __nedf2
                0x0000b448                __eqdf2
                0x0000b448                __cmpdf2
                0x0000b4c4                __aeabi_cdrcmple
                0x0000b4d4                __aeabi_cdcmpeq
                0x0000b4d4                __aeabi_cdcmple
                0x0000b4e4                __aeabi_dcmpeq
                0x0000b4f8                __aeabi_dcmplt
                0x0000b50c                __aeabi_dcmple
                0x0000b520                __aeabi_dcmpge
                0x0000b534                __aeabi_dcmpgt
 .text          0x0000b548       0x50 c:/program files (x86)/gnu arm embedded toolchain/10 2021.10/bin/../lib/gcc/arm-none-eabi/10.3.1/thumb/v7-m/nofp\libgcc.a(_arm_fixdfsi.o)
                0x0000b548                __aeabi_d2iz
                0x0000b548                __fixdfsi
 .text          0x0000b598        0x0 c:/program files (x86)/gnu arm embedded toolchain/10 2021.10/bin/../lib/gcc/arm-none-eabi/10.3.1/../../../../arm-none-eabi/lib/thumb/v7-m/nofp\libg_nano.a(lib_a-atoi.o)
 .text.atoi     0x0000b598        0x8 c:/program files (x86)/gnu arm embedded toolchain/10 2021.10/bin/../lib/gcc/arm-none-eabi/10.3.1/../../../../arm-none-eabi/lib/thumb/v7-m/nofp\libg_nano.a(lib_a-atoi.o)
                0x0000b598                atoi
 .text._atoi_r  0x0000b5a0        0x8 c:/program files (x86)/gnu arm embedded toolchain/10 2021.10/bin/../lib/gcc/arm-none-eabi/10.3.1/../../../../arm-none-eabi/lib/thumb/v7-m/nofp\libg_nano.a(lib_a-atoi.o)
                0x0000b5a0                _atoi_r
 .text          0x0000b5a8        0x0 c:/program files (x86)/gnu arm embedded toolchain/10 2021.10/bin/../lib/gcc/arm-none-eabi/10.3.1/../../../../arm-none-eabi/lib/thumb/v7-m/nofp\libg_nano.a(lib_a-ctype_.o)
 .text          0x0000b5a8        0x0 c:/program files (x86)/gnu arm embedded toolchain/10 2021.10/bin/../lib/gcc/arm-none-eabi/10.3.1/../../../../arm-none-eabi/lib/thumb/v7-m/nofp\libg_nano.a(lib_a-memcpy-stub.o)
 .text.memcpy   0x0000b5a8       0x1c c:/program files (x86)/gnu arm embedded toolchain/10 2021.10/bin/../lib/gcc/arm-none-eabi/10.3.1/../../../../arm-none-eabi/lib/thumb/v7-m/nofp\libg_nano.a(lib_a-memcpy-stub.o)
                0x0000b5a8                memcpy
 .text          0x0000b5c4        0x0 c:/program files (x86)/gnu arm embedded toolchain/10 2021.10/bin/../lib/gcc/arm-none-eabi/10.3.1/../../../../arm-none-eabi/lib/thumb/v7-m/nofp\libg_nano.a(lib_a-memset.o)
 .text.memset   0x0000b5c4       0x10 c:/program files (x86)/gnu arm embedded toolchain/10 2021.10/bin/../lib/gcc/arm-none-eabi/10.3.1/../../../../arm-none-eabi/lib/thumb/v7-m/nofp\libg_nano.a(lib_a-memset.o)
                0x0000b5c4                memset
 .text          0x0000b5d4        0x0 c:/program files (x86)/gnu arm embedded toolchain/10 2021.10/bin/../lib/gcc/arm-none-eabi/10.3.1/../../../../arm-none-eabi/lib/thumb/v7-m/nofp\libg_nano.a(lib_a-sprintf.o)
 .text._sprintf_r
                0x0000b5d4       0x38 c:/program files (x86)/gnu arm embedded toolchain/10 2021.10/bin/../lib/gcc/arm-none-eabi/10.3.1/../../../../arm-none-eabi/lib/thumb/v7-m/nofp\libg_nano.a(lib_a-sprintf.o)
                0x0000b5d4                _sprintf_r
                0x0000b5d4                _siprintf_r
 .text.sprintf  0x0000b60c       0x40 c:/program files (x86)/gnu arm embedded toolchain/10 2021.10/bin/../lib/gcc/arm-none-eabi/10.3.1/../../../../arm-none-eabi/lib/thumb/v7-m/nofp\libg_nano.a(lib_a-sprintf.o)
                0x0000b60c                siprintf
                0x0000b60c                sprintf
 .text          0x0000b64c       0x14 c:/program files (x86)/gnu arm embedded toolchain/10 2021.10/bin/../lib/gcc/arm-none-eabi/10.3.1/../../../../arm-none-eabi/lib/thumb/v7-m/nofp\libg_nano.a(lib_a-strcmp.o)
                0x0000b64c                strcmp
 .text          0x0000b660        0x0 c:/program files (x86)/gnu arm embedded toolchain/10 2021.10/bin/../lib/gcc/arm-none-eabi/10.3.1/../../../../arm-none-eabi/lib/thumb/v7-m/nofp\libg_nano.a(lib_a-strcpy.o)
 .text.strcpy   0x0000b660       0x10 c:/program files (x86)/gnu arm embedded toolchain/10 2021.10/bin/../lib/gcc/arm-none-eabi/10.3.1/../../../../arm-none-eabi/lib/thumb/v7-m/nofp\libg_nano.a(lib_a-strcpy.o)
                0x0000b660                strcpy
 .text          0x0000b670       0x10 c:/program files (x86)/gnu arm embedded toolchain/10 2021.10/bin/../lib/gcc/arm-none-eabi/10.3.1/../../../../arm-none-eabi/lib/thumb/v7-m/nofp\libg_nano.a(lib_a-strlen.o)
                0x0000b670                strlen
 .text          0x0000b680        0x0 c:/program files (x86)/gnu arm embedded toolchain/10 2021.10/bin/../lib/gcc/arm-none-eabi/10.3.1/../../../../arm-none-eabi/lib/thumb/v7-m/nofp\libg_nano.a(lib_a-strncpy.o)
 .text.strncpy  0x0000b680       0x26 c:/program files (x86)/gnu arm embedded toolchain/10 2021.10/bin/../lib/gcc/arm-none-eabi/10.3.1/../../../../arm-none-eabi/lib/thumb/v7-m/nofp\libg_nano.a(lib_a-strncpy.o)
                0x0000b680                strncpy
 .text          0x0000b6a6        0x0 c:/program files (x86)/gnu arm embedded toolchain/10 2021.10/bin/../lib/gcc/arm-none-eabi/10.3.1/../../../../arm-none-eabi/lib/thumb/v7-m/nofp\libg_nano.a(lib_a-strtol.o)
 *fill*         0x0000b6a6        0x2 
 .text._strtol_l.constprop.0
                0x0000b6a8       0xf8 c:/program files (x86)/gnu arm embedded toolchain/10 2021.10/bin/../lib/gcc/arm-none-eabi/10.3.1/../../../../arm-none-eabi/lib/thumb/v7-m/nofp\libg_nano.a(lib_a-strtol.o)
 .text._strtol_r
                0x0000b7a0        0x4 c:/program files (x86)/gnu arm embedded toolchain/10 2021.10/bin/../lib/gcc/arm-none-eabi/10.3.1/../../../../arm-none-eabi/lib/thumb/v7-m/nofp\libg_nano.a(lib_a-strtol.o)
                0x0000b7a0                _strtol_r
 .text.strtol_l
                0x0000b7a4       0x14 c:/program files (x86)/gnu arm embedded toolchain/10 2021.10/bin/../lib/gcc/arm-none-eabi/10.3.1/../../../../arm-none-eabi/lib/thumb/v7-m/nofp\libg_nano.a(lib_a-strtol.o)
                0x0000b7a4                strtol_l
 .text.strtol   0x0000b7b8       0x14 c:/program files (x86)/gnu arm embedded toolchain/10 2021.10/bin/../lib/gcc/arm-none-eabi/10.3.1/../../../../arm-none-eabi/lib/thumb/v7-m/nofp\libg_nano.a(lib_a-strtol.o)
                0x0000b7b8                strtol
 .text          0x0000b7cc        0x0 c:/program files (x86)/gnu arm embedded toolchain/10 2021.10/bin/../lib/gcc/arm-none-eabi/10.3.1/../../../../arm-none-eabi/lib/thumb/v7-m/nofp\libg_nano.a(lib_a-errno.o)
 .text.__errno  0x0000b7cc        0xc c:/program files (x86)/gnu arm embedded toolchain/10 2021.10/bin/../lib/gcc/arm-none-eabi/10.3.1/../../../../arm-none-eabi/lib/thumb/v7-m/nofp\libg_nano.a(lib_a-errno.o)
                0x0000b7cc                __errno
 .text          0x0000b7d8        0x0 c:/program files (x86)/gnu arm embedded toolchain/10 2021.10/bin/../lib/gcc/arm-none-eabi/10.3.1/../../../../arm-none-eabi/lib/thumb/v7-m/nofp\libg_nano.a(lib_a-impure.o)
 .text          0x0000b7d8        0x0 c:/program files (x86)/gnu arm embedded toolchain/10 2021.10/bin/../lib/gcc/arm-none-eabi/10.3.1/../../../../arm-none-eabi/lib/thumb/v7-m/nofp\libg_nano.a(lib_a-nano-svfprintf.o)
 .text.__ssputs_r
                0x0000b7d8       0xb6 c:/program files (x86)/gnu arm embedded toolchain/10 2021.10/bin/../lib/gcc/arm-none-eabi/10.3.1/../../../../arm-none-eabi/lib/thumb/v7-m/nofp\libg_nano.a(lib_a-nano-svfprintf.o)
                0x0000b7d8                __ssputs_r
 .text.__ssprint_r
                0x0000b88e       0xf6 c:/program files (x86)/gnu arm embedded toolchain/10 2021.10/bin/../lib/gcc/arm-none-eabi/10.3.1/../../../../arm-none-eabi/lib/thumb/v7-m/nofp\libg_nano.a(lib_a-nano-svfprintf.o)
                0x0000b88e                __ssprint_r
 .text._svfprintf_r
                0x0000b984      0x200 c:/program files (x86)/gnu arm embedded toolchain/10 2021.10/bin/../lib/gcc/arm-none-eabi/10.3.1/../../../../arm-none-eabi/lib/thumb/v7-m/nofp\libg_nano.a(lib_a-nano-svfprintf.o)
                0x0000b984                _svfiprintf_r
                0x0000b984                _svfprintf_r
 .text          0x0000bb84        0x0 c:/program files (x86)/gnu arm embedded toolchain/10 2021.10/bin/../lib/gcc/arm-none-eabi/10.3.1/../../../../arm-none-eabi/lib/thumb/v7-m/nofp\libg_nano.a(lib_a-nano-vfprintf_i.o)
 .text._printf_common
                0x0000bb84       0xde c:/program files (x86)/gnu arm embedded toolchain/10 2021.10/bin/../lib/gcc/arm-none-eabi/10.3.1/../../../../arm-none-eabi/lib/thumb/v7-m/nofp\libg_nano.a(lib_a-nano-vfprintf_i.o)
                0x0000bb84                _printf_common
 *fill*         0x0000bc62        0x2 
 .text._printf_i
                0x0000bc64      0x24c c:/program files (x86)/gnu arm embedded toolchain/10 2021.10/bin/../lib/gcc/arm-none-eabi/10.3.1/../../../../arm-none-eabi/lib/thumb/v7-m/nofp\libg_nano.a(lib_a-nano-vfprintf_i.o)
                0x0000bc64                _printf_i
 .text          0x0000beb0        0x0 c:/program files (x86)/gnu arm embedded toolchain/10 2021.10/bin/../lib/gcc/arm-none-eabi/10.3.1/../../../../arm-none-eabi/lib/thumb/v7-m/nofp\libg_nano.a(lib_a-memchr-stub.o)
 .text.memchr   0x0000beb0       0x1c c:/program files (x86)/gnu arm embedded toolchain/10 2021.10/bin/../lib/gcc/arm-none-eabi/10.3.1/../../../../arm-none-eabi/lib/thumb/v7-m/nofp\libg_nano.a(lib_a-memchr-stub.o)
                0x0000beb0                memchr
 .text          0x0000becc        0x0 c:/program files (x86)/gnu arm embedded toolchain/10 2021.10/bin/../lib/gcc/arm-none-eabi/10.3.1/../../../../arm-none-eabi/lib/thumb/v7-m/nofp\libg_nano.a(lib_a-memmove.o)
 .text.memmove  0x0000becc       0x34 c:/program files (x86)/gnu arm embedded toolchain/10 2021.10/bin/../lib/gcc/arm-none-eabi/10.3.1/../../../../arm-none-eabi/lib/thumb/v7-m/nofp\libg_nano.a(lib_a-memmove.o)
                0x0000becc                memmove
 .text          0x0000bf00        0x0 c:/program files (x86)/gnu arm embedded toolchain/10 2021.10/bin/../lib/gcc/arm-none-eabi/10.3.1/../../../../arm-none-eabi/lib/thumb/v7-m/nofp\libg_nano.a(lib_a-nano-freer.o)
 .text._free_r  0x0000bf00       0x90 c:/program files (x86)/gnu arm embedded toolchain/10 2021.10/bin/../lib/gcc/arm-none-eabi/10.3.1/../../../../arm-none-eabi/lib/thumb/v7-m/nofp\libg_nano.a(lib_a-nano-freer.o)
                0x0000bf00                _free_r
 .text          0x0000bf90        0x0 c:/program files (x86)/gnu arm embedded toolchain/10 2021.10/bin/../lib/gcc/arm-none-eabi/10.3.1/../../../../arm-none-eabi/lib/thumb/v7-m/nofp\libg_nano.a(lib_a-nano-mallocr.o)
 .text.sbrk_aligned
                0x0000bf90       0x40 c:/program files (x86)/gnu arm embedded toolchain/10 2021.10/bin/../lib/gcc/arm-none-eabi/10.3.1/../../../../arm-none-eabi/lib/thumb/v7-m/nofp\libg_nano.a(lib_a-nano-mallocr.o)
 .text._malloc_r
                0x0000bfd0       0xe8 c:/program files (x86)/gnu arm embedded toolchain/10 2021.10/bin/../lib/gcc/arm-none-eabi/10.3.1/../../../../arm-none-eabi/lib/thumb/v7-m/nofp\libg_nano.a(lib_a-nano-mallocr.o)
                0x0000bfd0                _malloc_r
 .text          0x0000c0b8        0x0 c:/program files (x86)/gnu arm embedded toolchain/10 2021.10/bin/../lib/gcc/arm-none-eabi/10.3.1/../../../../arm-none-eabi/lib/thumb/v7-m/nofp\libg_nano.a(lib_a-nano-reallocr.o)
 .text._realloc_r
                0x0000c0b8       0x5e c:/program files (x86)/gnu arm embedded toolchain/10 2021.10/bin/../lib/gcc/arm-none-eabi/10.3.1/../../../../arm-none-eabi/lib/thumb/v7-m/nofp\libg_nano.a(lib_a-nano-reallocr.o)
                0x0000c0b8                _realloc_r
 .text          0x0000c116        0x0 c:/program files (x86)/gnu arm embedded toolchain/10 2021.10/bin/../lib/gcc/arm-none-eabi/10.3.1/../../../../arm-none-eabi/lib/thumb/v7-m/nofp\libg_nano.a(lib_a-mlock.o)
 *fill*         0x0000c116        0x2 
 .text.__malloc_lock
                0x0000c118        0xc c:/program files (x86)/gnu arm embedded toolchain/10 2021.10/bin/../lib/gcc/arm-none-eabi/10.3.1/../../../../arm-none-eabi/lib/thumb/v7-m/nofp\libg_nano.a(lib_a-mlock.o)
                0x0000c118                __malloc_lock
 .text.__malloc_unlock
                0x0000c124        0xc c:/program files (x86)/gnu arm embedded toolchain/10 2021.10/bin/../lib/gcc/arm-none-eabi/10.3.1/../../../../arm-none-eabi/lib/thumb/v7-m/nofp\libg_nano.a(lib_a-mlock.o)
                0x0000c124                __malloc_unlock
 .text          0x0000c130        0x0 c:/program files (x86)/gnu arm embedded toolchain/10 2021.10/bin/../lib/gcc/arm-none-eabi/10.3.1/../../../../arm-none-eabi/lib/thumb/v7-m/nofp\libg_nano.a(lib_a-nano-msizer.o)
 .text._malloc_usable_size_r
                0x0000c130       0x10 c:/program files (x86)/gnu arm embedded toolchain/10 2021.10/bin/../lib/gcc/arm-none-eabi/10.3.1/../../../../arm-none-eabi/lib/thumb/v7-m/nofp\libg_nano.a(lib_a-nano-msizer.o)
                0x0000c130                _malloc_usable_size_r
 .text          0x0000c140        0x0 c:/program files (x86)/gnu arm embedded toolchain/10 2021.10/bin/../lib/gcc/arm-none-eabi/10.3.1/../../../../arm-none-eabi/lib/thumb/v7-m/nofp\libg_nano.a(lib_a-lock.o)
 .text.__retarget_lock_init
                0x0000c140        0x2 c:/program files (x86)/gnu arm embedded toolchain/10 2021.10/bin/../lib/gcc/arm-none-eabi/10.3.1/../../../../arm-none-eabi/lib/thumb/v7-m/nofp\libg_nano.a(lib_a-lock.o)
                0x0000c140                __retarget_lock_init
 .text.__retarget_lock_init_recursive
                0x0000c142        0x2 c:/program files (x86)/gnu arm embedded toolchain/10 2021.10/bin/../lib/gcc/arm-none-eabi/10.3.1/../../../../arm-none-eabi/lib/thumb/v7-m/nofp\libg_nano.a(lib_a-lock.o)
                0x0000c142                __retarget_lock_init_recursive
 .text.__retarget_lock_close
                0x0000c144        0x2 c:/program files (x86)/gnu arm embedded toolchain/10 2021.10/bin/../lib/gcc/arm-none-eabi/10.3.1/../../../../arm-none-eabi/lib/thumb/v7-m/nofp\libg_nano.a(lib_a-lock.o)
                0x0000c144                __retarget_lock_close
 .text.__retarget_lock_close_recursive
                0x0000c146        0x2 c:/program files (x86)/gnu arm embedded toolchain/10 2021.10/bin/../lib/gcc/arm-none-eabi/10.3.1/../../../../arm-none-eabi/lib/thumb/v7-m/nofp\libg_nano.a(lib_a-lock.o)
                0x0000c146                __retarget_lock_close_recursive
 .text.__retarget_lock_acquire
                0x0000c148        0x2 c:/program files (x86)/gnu arm embedded toolchain/10 2021.10/bin/../lib/gcc/arm-none-eabi/10.3.1/../../../../arm-none-eabi/lib/thumb/v7-m/nofp\libg_nano.a(lib_a-lock.o)
                0x0000c148                __retarget_lock_acquire
 .text.__retarget_lock_acquire_recursive
                0x0000c14a        0x2 c:/program files (x86)/gnu arm embedded toolchain/10 2021.10/bin/../lib/gcc/arm-none-eabi/10.3.1/../../../../arm-none-eabi/lib/thumb/v7-m/nofp\libg_nano.a(lib_a-lock.o)
                0x0000c14a                __retarget_lock_acquire_recursive
 .text.__retarget_lock_try_acquire
                0x0000c14c        0x4 c:/program files (x86)/gnu arm embedded toolchain/10 2021.10/bin/../lib/gcc/arm-none-eabi/10.3.1/../../../../arm-none-eabi/lib/thumb/v7-m/nofp\libg_nano.a(lib_a-lock.o)
                0x0000c14c                __retarget_lock_try_acquire
 .text.__retarget_lock_try_acquire_recursive
                0x0000c150        0x4 c:/program files (x86)/gnu arm embedded toolchain/10 2021.10/bin/../lib/gcc/arm-none-eabi/10.3.1/../../../../arm-none-eabi/lib/thumb/v7-m/nofp\libg_nano.a(lib_a-lock.o)
                0x0000c150                __retarget_lock_try_acquire_recursive
 .text.__retarget_lock_release
                0x0000c154        0x2 c:/program files (x86)/gnu arm embedded toolchain/10 2021.10/bin/../lib/gcc/arm-none-eabi/10.3.1/../../../../arm-none-eabi/lib/thumb/v7-m/nofp\libg_nano.a(lib_a-lock.o)
                0x0000c154                __retarget_lock_release
 .text.__retarget_lock_release_recursive
                0x0000c156        0x2 c:/program files (x86)/gnu arm embedded toolchain/10 2021.10/bin/../lib/gcc/arm-none-eabi/10.3.1/../../../../arm-none-eabi/lib/thumb/v7-m/nofp\libg_nano.a(lib_a-lock.o)
                0x0000c156                __retarget_lock_release_recursive
 *(.rodata*)
 .rodata.video  0x0000c158    0x33040 ./LocalDemoFiles/display.o
 .rodata        0x0003f198       0xdc ./LocalDemoFiles/display.o
 .rodata        0x0003f274        0x5 ./LocalDemoFiles/func.o
 *fill*         0x0003f279        0x3 
 .rodata.g_pucOSRAM128x64x4VerticalInc
                0x0003f27c        0x2 ./LocalDemoFiles/osram128x64x4.o
 *fill*         0x0003f27e        0x2 
 .rodata.g_pucOSRAM128x64x4HorizontalInc
                0x0003f280        0x2 ./LocalDemoFiles/osram128x64x4.o
 *fill*         0x0003f282        0x2 
 .rodata.g_pucFont
                0x0003f284      0x1e0 ./LocalDemoFiles/osram128x64x4.o
 .rodata.g_pucOSRAM128x64x4Init
                0x0003f464       0x4e ./LocalDemoFiles/osram128x64x4.o
 *fill*         0x0003f4b2        0x2 
 .rodata.pucCommand1.7
                0x0003f4b4        0x3 ./LocalDemoFiles/osram128x64x4.o
 *fill*         0x0003f4b7        0x1 
 .rodata.pucCommand2.6
                0x0003f4b8        0x3 ./LocalDemoFiles/osram128x64x4.o
 *fill*         0x0003f4bb        0x1 
 .rodata.pucCommand1.0
                0x0003f4bc        0x3 ./LocalDemoFiles/osram128x64x4.o
 *fill*         0x0003f4bf        0x1 
 .rodata        0x0003f4c0        0x6 ./LocalDemoFiles/snake.o
 *fill*         0x0003f4c6        0x2 
 .rodata        0x0003f4c8       0x18 ./LocalDemoFiles/worker.o
 .rodata        0x0003f4e0       0x1a ./LegacyDrivers/ustdlib.o
 *fill*         0x0003f4fa        0x2 
 .rodata.g_pcHex
                0x0003f4fc        0x4 ./LegacyDrivers/ustdlib.o
 .rodata.xHeapStructSize
                0x0003f500        0x4 ./FreeRTOS_Source/portable/MemMang/heap_4.o
 .rodata        0x0003f504       0x40 ./FreeRTOS_Source/portable/MemMang/heap_4.o
 .rodata.pcInterruptPriorityRegisters
                0x0003f544        0x4 ./FreeRTOS_Source/portable/GCC/ARM_CM3/port.o
 .rodata        0x0003f548       0x42 ./FreeRTOS_Source/portable/GCC/ARM_CM3/port.o
 *fill*         0x0003f58a        0x2 
 .rodata        0x0003f58c       0x35 ./FreeRTOS_Source/event_groups.o
 *fill*         0x0003f5c1        0x3 
 .rodata        0x0003f5c4       0x2e ./FreeRTOS_Source/queue.o
 *fill*         0x0003f5f2        0x2 
 .rodata        0x0003f5f4       0x36 ./FreeRTOS_Source/stream_buffer.o
 *fill*         0x0003f62a        0x2 
 .rodata        0x0003f62c       0x47 ./FreeRTOS_Source/tasks.o
 *fill*         0x0003f673        0x1 
 .rodata        0x0003f674       0x3d ./FreeRTOS_Source/timers.o
 *fill*         0x0003f6b1        0x3 
 .rodata        0x0003f6b4       0x2e ./main.o
 *fill*         0x0003f6e2        0x2 
 .rodata.IntDefaultHandler.str1.4
                0x0003f6e4        0xd ./startup.o
 *fill*         0x0003f6f1        0x3 
 .rodata.g_pulPriority
                0x0003f6f4       0x20 C:\FreeRTOSv202212.01\FreeRTOS\Demo\Common\drivers\LuminaryMicro/arm-none-eabi-gcc/\libdriver.a(interrupt.o)
 .rodata.g_pulRegs
                0x0003f714       0x40 C:\FreeRTOSv202212.01\FreeRTOS\Demo\Common\drivers\LuminaryMicro/arm-none-eabi-gcc/\libdriver.a(interrupt.o)
 .rodata.g_pulDCRegs
                0x0003f754       0x10 C:\FreeRTOSv202212.01\FreeRTOS\Demo\Common\drivers\LuminaryMicro/arm-none-eabi-gcc/\libdriver.a(sysctl.o)
 .rodata.g_pulXtals
                0x0003f764       0x5c C:\FreeRTOSv202212.01\FreeRTOS\Demo\Common\drivers\LuminaryMicro/arm-none-eabi-gcc/\libdriver.a(sysctl.o)
 .rodata.g_pulDCGCRegs
                0x0003f7c0        0xc C:\FreeRTOSv202212.01\FreeRTOS\Demo\Common\drivers\LuminaryMicro/arm-none-eabi-gcc/\libdriver.a(sysctl.o)
 .rodata.g_pulRCGCRegs
                0x0003f7cc        0xc C:\FreeRTOSv202212.01\FreeRTOS\Demo\Common\drivers\LuminaryMicro/arm-none-eabi-gcc/\libdriver.a(sysctl.o)
 .rodata.g_pulSCGCRegs
                0x0003f7d8        0xc C:\FreeRTOSv202212.01\FreeRTOS\Demo\Common\drivers\LuminaryMicro/arm-none-eabi-gcc/\libdriver.a(sysctl.o)
 .rodata.g_pulSRCRRegs
                0x0003f7e4        0xc C:\FreeRTOSv202212.01\FreeRTOS\Demo\Common\drivers\LuminaryMicro/arm-none-eabi-gcc/\libdriver.a(sysctl.o)
 .rodata._ctype_
                0x0003f7f0      0x101 c:/program files (x86)/gnu arm embedded toolchain/10 2021.10/bin/../lib/gcc/arm-none-eabi/10.3.1/../../../../arm-none-eabi/lib/thumb/v7-m/nofp\libg_nano.a(lib_a-ctype_.o)
                0x0003f7f0                _ctype_
 *fill*         0x0003f8f1        0x3 
 .rodata._global_impure_ptr
                0x0003f8f4        0x4 c:/program files (x86)/gnu arm embedded toolchain/10 2021.10/bin/../lib/gcc/arm-none-eabi/10.3.1/../../../../arm-none-eabi/lib/thumb/v7-m/nofp\libg_nano.a(lib_a-impure.o)
                0x0003f8f4                _global_impure_ptr
 .rodata._svfprintf_r.str1.1
                0x0003f8f8       0x11 c:/program files (x86)/gnu arm embedded toolchain/10 2021.10/bin/../lib/gcc/arm-none-eabi/10.3.1/../../../../arm-none-eabi/lib/thumb/v7-m/nofp\libg_nano.a(lib_a-nano-svfprintf.o)
 .rodata._printf_i.str1.1
                0x0003f909       0x22 c:/program files (x86)/gnu arm embedded toolchain/10 2021.10/bin/../lib/gcc/arm-none-eabi/10.3.1/../../../../arm-none-eabi/lib/thumb/v7-m/nofp\libg_nano.a(lib_a-nano-vfprintf_i.o)
                0x0003f92b                _etext = .

.glue_7         0x0003f92c        0x0
 .glue_7        0x0003f92c        0x0 linker stubs

.glue_7t        0x0003f92c        0x0
 .glue_7t       0x0003f92c        0x0 linker stubs

.vfp11_veneer   0x0003f92c        0x0
 .vfp11_veneer  0x0003f92c        0x0 linker stubs

.v4_bx          0x0003f92c        0x0
 .v4_bx         0x0003f92c        0x0 linker stubs

.iplt           0x0003f92c        0x0
 .iplt          0x0003f92c        0x0 ./LocalDemoFiles/display.o

.rel.dyn        0x0003f92c        0x0
 .rel.iplt      0x0003f92c        0x0 ./LocalDemoFiles/display.o

.data           0x20000000      0x43c load address 0x0003f92b
                0x20000000                _data = .
 *(vtable)
 vtable         0x20000000      0x100 C:\FreeRTOSv202212.01\FreeRTOS\Demo\Common\drivers\LuminaryMicro/arm-none-eabi-gcc/\libdriver.a(interrupt.o)
 *(.data*)
 .data          0x20000100        0x0 ./LocalDemoFiles/display.o
 .data.totalVideoFrames
                0x20000100        0x4 ./LocalDemoFiles/display.o
 .data          0x20000104        0x0 ./LocalDemoFiles/func.o
 .data.totalVideoFrames
                0x20000104        0x4 ./LocalDemoFiles/func.o
 .data          0x20000108        0x0 ./LocalDemoFiles/globals.o
 .data.totalVideoFrames
                0x20000108        0x4 ./LocalDemoFiles/globals.o
 .data.serialBuffer
                0x2000010c       0xa9 ./LocalDemoFiles/globals.o
                0x2000010c                serialBuffer
 .data.flash_cursor
                0x200001b5        0x1 ./LocalDemoFiles/globals.o
                0x200001b5                flash_cursor
 .data.numberOfMenuStates
                0x200001b6        0x1 ./LocalDemoFiles/globals.o
                0x200001b6                numberOfMenuStates
 *fill*         0x200001b7        0x1 