Archive member included to satisfy reference by file (symbol)

C:\FreeRTOSv202212.01\FreeRTOS\Demo\Common\drivers\LuminaryMicro/arm-none-eabi-gcc/\libdriver.a(gpio.o)
                              ./LocalDemoFiles/osram128x64x4.o (GPIODirModeSet)
C:\FreeRTOSv202212.01\FreeRTOS\Demo\Common\drivers\LuminaryMicro/arm-none-eabi-gcc/\libdriver.a(interrupt.o)
                              C:\FreeRTOSv202212.01\FreeRTOS\Demo\Common\drivers\LuminaryMicro/arm-none-eabi-gcc/\libdriver.a(gpio.o) (IntRegister)
C:\FreeRTOSv202212.01\FreeRTOS\Demo\Common\drivers\LuminaryMicro/arm-none-eabi-gcc/\libdriver.a(ssi.o)
                              ./LocalDemoFiles/osram128x64x4.o (SSIConfigSetExpClk)
C:\FreeRTOSv202212.01\FreeRTOS\Demo\Common\drivers\LuminaryMicro/arm-none-eabi-gcc/\libdriver.a(sysctl.o)
                              ./LocalDemoFiles/osram128x64x4.o (SysCtlPeripheralEnable)
C:\FreeRTOSv202212.01\FreeRTOS\Demo\Common\drivers\LuminaryMicro/arm-none-eabi-gcc/\libdriver.a(uart.o)
                              ./main.o (UARTEnable)
C:\FreeRTOSv202212.01\FreeRTOS\Demo\Common\drivers\LuminaryMicro/arm-none-eabi-gcc/\libdriver.a(cpu.o)
                              C:\FreeRTOSv202212.01\FreeRTOS\Demo\Common\drivers\LuminaryMicro/arm-none-eabi-gcc/\libdriver.a(interrupt.o) (CPUcpsid)
c:/program files (x86)/gnu arm embedded toolchain/10 2021.10/bin/../lib/gcc/arm-none-eabi/10.3.1/../../../../arm-none-eabi/lib/thumb/v7-m/nofp\libg_nano.a(lib_a-atoi.o)
                              ./LocalDemoFiles/serial.o (atoi)
c:/program files (x86)/gnu arm embedded toolchain/10 2021.10/bin/../lib/gcc/arm-none-eabi/10.3.1/../../../../arm-none-eabi/lib/thumb/v7-m/nofp\libg_nano.a(lib_a-ctype_.o)
                              ./LocalDemoFiles/serial.o (_ctype_)
c:/program files (x86)/gnu arm embedded toolchain/10 2021.10/bin/../lib/gcc/arm-none-eabi/10.3.1/../../../../arm-none-eabi/lib/thumb/v7-m/nofp\libg_nano.a(lib_a-memcpy-stub.o)
                              ./FreeRTOS_Source/queue.o (memcpy)
c:/program files (x86)/gnu arm embedded toolchain/10 2021.10/bin/../lib/gcc/arm-none-eabi/10.3.1/../../../../arm-none-eabi/lib/thumb/v7-m/nofp\libg_nano.a(lib_a-memset.o)
                              ./FreeRTOS_Source/portable/MemMang/heap_4.o (memset)
c:/program files (x86)/gnu arm embedded toolchain/10 2021.10/bin/../lib/gcc/arm-none-eabi/10.3.1/../../../../arm-none-eabi/lib/thumb/v7-m/nofp\libg_nano.a(lib_a-sprintf.o)
                              ./LocalDemoFiles/display.o (sprintf)
c:/program files (x86)/gnu arm embedded toolchain/10 2021.10/bin/../lib/gcc/arm-none-eabi/10.3.1/../../../../arm-none-eabi/lib/thumb/v7-m/nofp\libg_nano.a(lib_a-strcmp.o)
                              ./LocalDemoFiles/worker.o (strcmp)
c:/program files (x86)/gnu arm embedded toolchain/10 2021.10/bin/../lib/gcc/arm-none-eabi/10.3.1/../../../../arm-none-eabi/lib/thumb/v7-m/nofp\libg_nano.a(lib_a-strcpy.o)
                              ./FreeRTOS_Source/tasks.o (strcpy)
c:/program files (x86)/gnu arm embedded toolchain/10 2021.10/bin/../lib/gcc/arm-none-eabi/10.3.1/../../../../arm-none-eabi/lib/thumb/v7-m/nofp\libg_nano.a(lib_a-strlen.o)
                              ./FreeRTOS_Source/tasks.o (strlen)
c:/program files (x86)/gnu arm embedded toolchain/10 2021.10/bin/../lib/gcc/arm-none-eabi/10.3.1/../../../../arm-none-eabi/lib/thumb/v7-m/nofp\libg_nano.a(lib_a-strncpy.o)
                              ./LegacyDrivers/ustdlib.o (strncpy)
c:/program files (x86)/gnu arm embedded toolchain/10 2021.10/bin/../lib/gcc/arm-none-eabi/10.3.1/../../../../arm-none-eabi/lib/thumb/v7-m/nofp\libg_nano.a(lib_a-strtol.o)
                              c:/program files (x86)/gnu arm embedded toolchain/10 2021.10/bin/../lib/gcc/arm-none-eabi/10.3.1/../../../../arm-none-eabi/lib/thumb/v7-m/nofp\libg_nano.a(lib_a-atoi.o) (_strtol_r)
c:/program files (x86)/gnu arm embedded toolchain/10 2021.10/bin/../lib/gcc/arm-none-eabi/10.3.1/../../../../arm-none-eabi/lib/thumb/v7-m/nofp\libg_nano.a(lib_a-errno.o)
                              c:/program files (x86)/gnu arm embedded toolchain/10 2021.10/bin/../lib/gcc/arm-none-eabi/10.3.1/../../../../arm-none-eabi/lib/thumb/v7-m/nofp\libg_nano.a(lib_a-strtol.o) (__errno)
c:/program files (x86)/gnu arm embedded toolchain/10 2021.10/bin/../lib/gcc/arm-none-eabi/10.3.1/../../../../arm-none-eabi/lib/thumb/v7-m/nofp\libg_nano.a(lib_a-impure.o)
                              c:/program files (x86)/gnu arm embedded toolchain/10 2021.10/bin/../lib/gcc/arm-none-eabi/10.3.1/../../../../arm-none-eabi/lib/thumb/v7-m/nofp\libg_nano.a(lib_a-sprintf.o) (_impure_ptr)
c:/program files (x86)/gnu arm embedded toolchain/10 2021.10/bin/../lib/gcc/arm-none-eabi/10.3.1/../../../../arm-none-eabi/lib/thumb/v7-m/nofp\libg_nano.a(lib_a-nano-svfprintf.o)
                              c:/program files (x86)/gnu arm embedded toolchain/10 2021.10/bin/../lib/gcc/arm-none-eabi/10.3.1/../../../../arm-none-eabi/lib/thumb/v7-m/nofp\libg_nano.a(lib_a-sprintf.o) (_svfprintf_r)
[...]
Memory Configuration

Name             Origin             Length             Attributes
FLASH            0x00000000         0x00040000         xr
SRAM             0x20000000         0x00010000         xrw
*default*        0x00000000         0xffffffff

Linker script and memory map

LOAD ./LocalDemoFiles/display.o
LOAD ./LocalDemoFiles/globals.o
LOAD ./LocalDemoFiles/osram128x64x4.o
LOAD ./LocalDemoFiles/serial.o
LOAD ./LocalDemoFiles/snake.o
LOAD ./LocalDemoFiles/worker.o
LOAD ./LegacyDrivers/ustdlib.o
LOAD ./FreeRTOS_Source/portable/MemMang/heap_4.o
LOAD ./FreeRTOS_Source/portable/GCC/ARM_CM3/port.o
LOAD ./FreeRTOS_Source/croutine.o
LOAD ./FreeRTOS_Source/event_groups.o
LOAD ./FreeRTOS_Source/list.o
LOAD ./FreeRTOS_Source/queue.o
LOAD ./FreeRTOS_Source/stream_buffer.o
LOAD ./FreeRTOS_Source/tasks.o
LOAD ./FreeRTOS_Source/timers.o
LOAD ./main.o
LOAD ./startup.o
LOAD C:\FreeRTOSv202212.01\FreeRTOS\Demo\Common\drivers\LuminaryMicro/arm-none-eabi-gcc/\libdriver.a
LOAD C:\FreeRTOSv202212.01\FreeRTOS\Demo\Common\drivers\LuminaryMicro/arm-none-eabi-gcc/\libgr.a
START GROUP
LOAD c:/program files (x86)/gnu arm embedded toolchain/10 2021.10/bin/../lib/gcc/arm-none-eabi/10.3.1/thumb/v7-m/nofp\libgcc.a
LOAD c:/program files (x86)/gnu arm embedded toolchain/10 2021.10/bin/../lib/gcc/arm-none-eabi/10.3.1/../../../../arm-none-eabi/lib/thumb/v7-m/nofp\libg_nano.a
LOAD c:/program files (x86)/gnu arm embedded toolchain/10 2021.10/bin/../lib/gcc/arm-none-eabi/10.3.1/../../../../arm-none-eabi/lib/thumb/v7-m/nofp\libc_nano.a
END GROUP
START GROUP
LOAD c:/program files (x86)/gnu arm embedded toolchain/10 2021.10/bin/../lib/gcc/arm-none-eabi/10.3.1/thumb/v7-m/nofp\libgcc.a
LOAD c:/program files (x86)/gnu arm embedded toolchain/10 2021.10/bin/../lib/gcc/arm-none-eabi/10.3.1/../../../../arm-none-eabi/lib/thumb/v7-m/nofp\libc_nano.a
END GROUP

.text           0x00000000    0x3e36b
 *(.isr_vector)
 .isr_vector    0x00000000       0xf0 ./startup.o
                0x00000000                g_pfnVectors
 *(.text*)
 .text          0x000000f0        0x0 ./LocalDemoFiles/display.o
 .text.printScreanType
                0x000000f0       0xe4 ./LocalDemoFiles/display.o
                0x000000f0                printScreanType
 .text.printMouse
                0x000001d4       0x24 ./LocalDemoFiles/display.o
                0x000001d4                printMouse
 .text.printMenu
                0x000001f8       0xb4 ./LocalDemoFiles/display.o
                0x000001f8                printMenu
 .text.printWorkers
                0x000002ac      0x178 ./LocalDemoFiles/display.o
                0x000002ac                printWorkers
 .text.drawSnakeGame
                0x00000424       0xb4 ./LocalDemoFiles/display.o
                0x00000424                drawSnakeGame
 .text.drawVideo
                0x000004d8      0x190 ./LocalDemoFiles/display.o
                0x000004d8                drawVideo
 .text.FlashCursorTask
                0x00000668       0x8c ./LocalDemoFiles/display.o
                0x00000668                FlashCursorTask
 .text.startFlashCursor
                0x000006f4       0x2c ./LocalDemoFiles/display.o
                0x000006f4                startFlashCursor
 .text.stopFlashCursor
                0x00000720       0x18 ./LocalDemoFiles/display.o
                0x00000720                stopFlashCursor
 .text          0x00000738        0x0 ./LocalDemoFiles/globals.o
 .text          0x00000738        0x0 ./LocalDemoFiles/osram128x64x4.o
 .text.OSRAMWriteCommand
                0x00000738       0x60 ./LocalDemoFiles/osram128x64x4.o
 .text.OSRAMWriteData
                0x00000798       0x60 ./LocalDemoFiles/osram128x64x4.o
 .text.OSRAM128x64x4Clear
                0x000007f8       0x64 ./LocalDemoFiles/osram128x64x4.o
                0x000007f8                OSRAM128x64x4Clear
 .text.OSRAM128x64x4StringDraw
                0x0000085c      0x1c8 ./LocalDemoFiles/osram128x64x4.o
                0x0000085c                OSRAM128x64x4StringDraw
 .text.OSRAM128x64x4ImageDraw
                0x00000a24      0x174 ./LocalDemoFiles/osram128x64x4.o
                0x00000a24                OSRAM128x64x4ImageDraw
 .text.OSRAM128x64x4PixelDraw
                0x00000b98       0xc8 ./LocalDemoFiles/osram128x64x4.o
                0x00000b98                OSRAM128x64x4PixelDraw
 .text.OSRAM128x64x4RectangleDraw
                0x00000c60      0x19c ./LocalDemoFiles/osram128x64x4.o
                0x00000c60                OSRAM128x64x4RectangleDraw
 .text.OSRAM128x64x4Enable
                0x00000dfc       0x70 ./LocalDemoFiles/osram128x64x4.o
                0x00000dfc                OSRAM128x64x4Enable
 .text.OSRAM128x64x4Disable
                0x00000e6c       0x5c ./LocalDemoFiles/osram128x64x4.o
                0x00000e6c                OSRAM128x64x4Disable
 .text.OSRAM128x64x4Init
                0x00000ec8       0xd8 ./LocalDemoFiles/osram128x64x4.o
                0x00000ec8                OSRAM128x64x4Init
 .text.OSRAM128x64x4DisplayOn
                0x00000fa0       0x4c ./LocalDemoFiles/osram128x64x4.o
                0x00000fa0                OSRAM128x64x4DisplayOn
 .text.OSRAM128x64x4DisplayOff
                0x00000fec       0x14 ./LocalDemoFiles/osram128x64x4.o
                0x00000fec                OSRAM128x64x4DisplayOff
 .text.OSRAM128x64x4SwapBuffer
                0x00001000       0x50 ./LocalDemoFiles/osram128x64x4.o
                0x00001000                OSRAM128x64x4SwapBuffer
 .text          0x00001050        0x0 ./LocalDemoFiles/serial.o
 .text.cleanSerial
                0x00001050       0x58 ./LocalDemoFiles/serial.o
                0x00001050                cleanSerial
 .text.writeToSerialBuffer
                0x000010a8       0x4c ./LocalDemoFiles/serial.o
                0x000010a8                writeToSerialBuffer
 .text.defaultSerial
                0x000010f4      0x1c4 ./LocalDemoFiles/serial.o
                0x000010f4                defaultSerial
 .text.getSpecialKey
                0x000012b8       0xe4 ./LocalDemoFiles/serial.o
                0x000012b8                getSpecialKey
 .text.moveMouse
                0x0000139c       0xc4 ./LocalDemoFiles/serial.o
                0x0000139c                moveMouse
 .text.interactWorkers
                0x00001460      0x1bc ./LocalDemoFiles/serial.o
                0x00001460                interactWorkers
 .text.interactMenu
                0x0000161c      0x1a0 ./LocalDemoFiles/serial.o
                0x0000161c                interactMenu
 .text.interactSnakeGame
                0x000017bc       0xdc ./LocalDemoFiles/serial.o
                0x000017bc                interactSnakeGame
 .text.interactVideo
                0x00001898       0xfc ./LocalDemoFiles/serial.o
                0x00001898                interactVideo
 .text          0x00001994        0x0 ./LocalDemoFiles/snake.o
 .text.initSnake
                0x00001994       0x9c ./LocalDemoFiles/snake.o
                0x00001994                initSnake
 .text.SnakeTask
                0x00001a30      0x274 ./LocalDemoFiles/snake.o
                0x00001a30                SnakeTask
 .text.stopSnake
                0x00001ca4       0x18 ./LocalDemoFiles/snake.o
                0x00001ca4                stopSnake
 .text          0x00001cbc        0x0 ./LocalDemoFiles/worker.o
 .text.WorkerTask
                0x00001cbc       0xf8 ./LocalDemoFiles/worker.o
                0x00001cbc                WorkerTask
 .text.initWorkers
                0x00001db4       0x98 ./LocalDemoFiles/worker.o
                0x00001db4                initWorkers
 .text.stopWorkers
                0x00001e4c       0x40 ./LocalDemoFiles/worker.o
                0x00001e4c                stopWorkers
 .text          0x00001e8c        0x0 ./LegacyDrivers/ustdlib.o
 .text.uvsnprintf
                0x00001e8c      0x3d0 ./LegacyDrivers/ustdlib.o
                0x00001e8c                uvsnprintf
 .text.usprintf
                0x0000225c       0x30 ./LegacyDrivers/ustdlib.o
                0x0000225c                usprintf
 .text.usnprintf
                0x0000228c       0x30 ./LegacyDrivers/ustdlib.o
                0x0000228c                usnprintf
 .text          0x000022bc        0x0 ./FreeRTOS_Source/portable/MemMang/heap_4.o
 .text.pvPortMalloc
                0x000022bc      0x15c ./FreeRTOS_Source/portable/MemMang/heap_4.o
                0x000022bc                pvPortMalloc
 .text.vPortFree
                0x00002418       0xa4 ./FreeRTOS_Source/portable/MemMang/heap_4.o
                0x00002418                vPortFree
 .text.xPortGetFreeHeapSize
                0x000024bc       0x14 ./FreeRTOS_Source/portable/MemMang/heap_4.o
                0x000024bc                xPortGetFreeHeapSize
 .text.xPortGetMinimumEverFreeHeapSize
                0x000024d0       0x14 ./FreeRTOS_Source/portable/MemMang/heap_4.o
                0x000024d0                xPortGetMinimumEverFreeHeapSize
 .text.vPortInitialiseBlocks
                0x000024e4        0xc ./FreeRTOS_Source/portable/MemMang/heap_4.o
                0x000024e4                vPortInitialiseBlocks
 .text.pvPortCalloc
                0x000024f0       0x60 ./FreeRTOS_Source/portable/MemMang/heap_4.o
                0x000024f0                pvPortCalloc
 .text.prvHeapInit
                0x00002550       0xb8 ./FreeRTOS_Source/portable/MemMang/heap_4.o
 .text.prvInsertBlockIntoFreeList
                0x00002608       0xb0 ./FreeRTOS_Source/portable/MemMang/heap_4.o
 .text.vPortGetHeapStats
                0x000026b8       0xbc ./FreeRTOS_Source/portable/MemMang/heap_4.o
                0x000026b8                vPortGetHeapStats
 .text          0x00002774        0x0 ./FreeRTOS_Source/portable/GCC/ARM_CM3/port.o
 .text.pxPortInitialiseStack
                0x00002774       0x58 ./FreeRTOS_Source/portable/GCC/ARM_CM3/port.o
                0x00002774                pxPortInitialiseStack
 .text.prvTaskExitError
                0x000027cc       0x4c ./FreeRTOS_Source/portable/GCC/ARM_CM3/port.o
 *fill*         0x00002818        0x8 
 .text.vPortSVCHandler
                0x00002820       0x28 ./FreeRTOS_Source/portable/GCC/ARM_CM3/port.o
                0x00002820                vPortSVCHandler
 .text.prvPortStartFirstTask
                0x00002848       0x24 ./FreeRTOS_Source/portable/GCC/ARM_CM3/port.o
 .text.xPortStartScheduler
                0x0000286c       0xc0 ./FreeRTOS_Source/portable/GCC/ARM_CM3/port.o
                0x0000286c                xPortStartScheduler
 .text.vPortEndScheduler
                0x0000292c       0x24 ./FreeRTOS_Source/portable/GCC/ARM_CM3/port.o
                0x0000292c                vPortEndScheduler
 .text.vPortEnterCritical
                0x00002950       0x54 ./FreeRTOS_Source/portable/GCC/ARM_CM3/port.o
                0x00002950                vPortEnterCritical
 .text.vPortExitCritical
                0x000029a4       0x48 ./FreeRTOS_Source/portable/GCC/ARM_CM3/port.o
                0x000029a4                vPortExitCritical
 *fill*         0x000029ec        0x4 
 .text.xPortPendSVHandler
                0x000029f0       0x48 ./FreeRTOS_Source/portable/GCC/ARM_CM3/port.o
                0x000029f0                xPortPendSVHandler
 .text.xPortSysTickHandler
                0x00002a38       0x44 ./FreeRTOS_Source/portable/GCC/ARM_CM3/port.o
                0x00002a38                xPortSysTickHandler
 .text.vPortSetupTimerInterrupt
                0x00002a7c       0x34 ./FreeRTOS_Source/portable/GCC/ARM_CM3/port.o
                0x00002a7c                vPortSetupTimerInterrupt
 .text.vPortValidateInterruptPriority
                0x00002ab0       0x68 ./FreeRTOS_Source/portable/GCC/ARM_CM3/port.o
                0x00002ab0                vPortValidateInterruptPriority
 .text          0x00002b18        0x0 ./FreeRTOS_Source/croutine.o
 .text          0x00002b18        0x0 ./FreeRTOS_Source/event_groups.o
 .text.xEventGroupCreate
                0x00002b18       0x2e ./FreeRTOS_Source/event_groups.o
                0x00002b18                xEventGroupCreate
 *fill*         0x00002b46        0x2 
 .text.xEventGroupSync
                0x00002b48      0x138 ./FreeRTOS_Source/event_groups.o
                0x00002b48                xEventGroupSync
 .text.xEventGroupWaitBits
                0x00002c80      0x170 ./FreeRTOS_Source/event_groups.o
                0x00002c80                xEventGroupWaitBits
 .text.xEventGroupClearBits
                0x00002df0       0x5c ./FreeRTOS_Source/event_groups.o
                0x00002df0                xEventGroupClearBits
 .text.xEventGroupClearBitsFromISR
                0x00002e4c       0x28 ./FreeRTOS_Source/event_groups.o
                0x00002e4c                xEventGroupClearBitsFromISR
 .text.xEventGroupGetBitsFromISR
                0x00002e74       0x46 ./FreeRTOS_Source/event_groups.o
                0x00002e74                xEventGroupGetBitsFromISR
 *fill*         0x00002eba        0x2 
 .text.xEventGroupSetBits
                0x00002ebc      0x104 ./FreeRTOS_Source/event_groups.o
                0x00002ebc                xEventGroupSetBits
 .text.vEventGroupDelete
                0x00002fc0       0x6c ./FreeRTOS_Source/event_groups.o
                0x00002fc0                vEventGroupDelete
 .text.vEventGroupSetBitsCallback
                0x0000302c       0x1a ./FreeRTOS_Source/event_groups.o
                0x0000302c                vEventGroupSetBitsCallback
 .text.vEventGroupClearBitsCallback
                0x00003046       0x1a ./FreeRTOS_Source/event_groups.o
                0x00003046                vEventGroupClearBitsCallback
 .text.prvTestWaitCondition
                0x00003060       0x42 ./FreeRTOS_Source/event_groups.o
 *fill*         0x000030a2        0x2 
 .text.xEventGroupSetBitsFromISR
                0x000030a4       0x28 ./FreeRTOS_Source/event_groups.o
                0x000030a4                xEventGroupSetBitsFromISR
 .text.uxEventGroupGetNumber
                0x000030cc       0x2a ./FreeRTOS_Source/event_groups.o
                0x000030cc                uxEventGroupGetNumber
 .text.vEventGroupSetNumber
                0x000030f6       0x1a ./FreeRTOS_Source/event_groups.o
                0x000030f6                vEventGroupSetNumber
 .text          0x00003110        0x0 ./FreeRTOS_Source/list.o
 .text.vListInitialise
                0x00003110       0x3e ./FreeRTOS_Source/list.o
                0x00003110                vListInitialise
 .text.vListInitialiseItem
                0x0000314e       0x18 ./FreeRTOS_Source/list.o
                0x0000314e                vListInitialiseItem
 .text.vListInsertEnd
                0x00003166       0x46 ./FreeRTOS_Source/list.o
                0x00003166                vListInsertEnd
 .text.vListInsert
                0x000031ac       0x70 ./FreeRTOS_Source/list.o
                0x000031ac                vListInsert
 .text.uxListRemove
                0x0000321c       0x52 ./FreeRTOS_Source/list.o
                0x0000321c                uxListRemove
 .text          0x0000326e        0x0 ./FreeRTOS_Source/queue.o
 *fill*         0x0000326e        0x2 
 .text.xQueueGenericReset
                0x00003270      0x10c ./FreeRTOS_Source/queue.o
                0x00003270                xQueueGenericReset
 .text.xQueueGenericCreate
                0x0000337c       0x94 ./FreeRTOS_Source/queue.o
                0x0000337c                xQueueGenericCreate
 .text.prvInitialiseNewQueue
                0x00003410       0x4c ./FreeRTOS_Source/queue.o
 .text.prvInitialiseMutex
                0x0000345c       0x34 ./FreeRTOS_Source/queue.o
 .text.xQueueCreateMutex
                0x00003490       0x30 ./FreeRTOS_Source/queue.o
                0x00003490                xQueueCreateMutex
 .text.xQueueGetMutexHolder
                0x000034c0       0x48 ./FreeRTOS_Source/queue.o
                0x000034c0                xQueueGetMutexHolder
 .text.xQueueGetMutexHolderFromISR
                0x00003508       0x3c ./FreeRTOS_Source/queue.o
                0x00003508                xQueueGetMutexHolderFromISR
 .text.xQueueGiveMutexRecursive
                0x00003544       0x60 ./FreeRTOS_Source/queue.o
                0x00003544                xQueueGiveMutexRecursive
 .text.xQueueTakeMutexRecursive
                0x000035a4       0x64 ./FreeRTOS_Source/queue.o
                0x000035a4                xQueueTakeMutexRecursive
 .text.xQueueCreateCountingSemaphore
                0x00003608       0x54 ./FreeRTOS_Source/queue.o
                0x00003608                xQueueCreateCountingSemaphore
 .text.xQueueGenericSend
                0x0000365c      0x208 ./FreeRTOS_Source/queue.o
                0x0000365c                xQueueGenericSend
 .text.xQueueGenericSendFromISR
                0x00003864      0x168 ./FreeRTOS_Source/queue.o
                0x00003864                xQueueGenericSendFromISR
 .text.xQueueGiveFromISR
                0x000039cc      0x13c ./FreeRTOS_Source/queue.o
                0x000039cc                xQueueGiveFromISR
 .text.xQueueReceive
                0x00003b08      0x1a0 ./FreeRTOS_Source/queue.o
                0x00003b08                xQueueReceive
 .text.xQueueSemaphoreTake
                0x00003ca8      0x1dc ./FreeRTOS_Source/queue.o
                0x00003ca8                xQueueSemaphoreTake
 .text.xQueuePeek
                0x00003e84      0x1a4 ./FreeRTOS_Source/queue.o
                0x00003e84                xQueuePeek
 .text.xQueueReceiveFromISR
                0x00004028      0x110 ./FreeRTOS_Source/queue.o
                0x00004028                xQueueReceiveFromISR
 .text.xQueuePeekFromISR
                0x00004138       0xb4 ./FreeRTOS_Source/queue.o
                0x00004138                xQueuePeekFromISR
 .text.uxQueueMessagesWaiting
                0x000041ec       0x34 ./FreeRTOS_Source/queue.o
                0x000041ec                uxQueueMessagesWaiting
 .text.uxQueueSpacesAvailable
                0x00004220       0x40 ./FreeRTOS_Source/queue.o
                0x00004220                uxQueueSpacesAvailable
 .text.uxQueueMessagesWaitingFromISR
                0x00004260       0x30 ./FreeRTOS_Source/queue.o
                0x00004260                uxQueueMessagesWaitingFromISR
 .text.vQueueDelete
                0x00004290       0x34 ./FreeRTOS_Source/queue.o
                0x00004290                vQueueDelete
 .text.uxQueueGetQueueNumber
                0x000042c4       0x16 ./FreeRTOS_Source/queue.o
                0x000042c4                uxQueueGetQueueNumber
 .text.vQueueSetQueueNumber
                0x000042da       0x1a ./FreeRTOS_Source/queue.o
                0x000042da                vQueueSetQueueNumber
 .text.ucQueueGetQueueType
                0x000042f4       0x18 ./FreeRTOS_Source/queue.o
                0x000042f4                ucQueueGetQueueType
 .text.prvGetDisinheritPriorityAfterTimeout
                0x0000430c       0x2e ./FreeRTOS_Source/queue.o
 .text.prvCopyDataToQueue
                0x0000433a       0xd4 ./FreeRTOS_Source/queue.o
 .text.prvCopyDataFromQueue
                0x0000440e       0x4c ./FreeRTOS_Source/queue.o
 .text.prvUnlockQueue
                0x0000445a       0xbe ./FreeRTOS_Source/queue.o
 .text.prvIsQueueEmpty
                0x00004518       0x2c ./FreeRTOS_Source/queue.o
 .text.xQueueIsQueueEmptyFromISR
                0x00004544       0x3c ./FreeRTOS_Source/queue.o
                0x00004544                xQueueIsQueueEmptyFromISR
 .text.prvIsQueueFull
                0x00004580       0x30 ./FreeRTOS_Source/queue.o
 .text.xQueueIsQueueFullFromISR
                0x000045b0       0x40 ./FreeRTOS_Source/queue.o
                0x000045b0                xQueueIsQueueFullFromISR
 .text.vQueueAddToRegistry
                0x000045f0       0x90 ./FreeRTOS_Source/queue.o
                0x000045f0                vQueueAddToRegistry
 .text.pcQueueGetName
                0x00004680       0x5c ./FreeRTOS_Source/queue.o
                0x00004680                pcQueueGetName
 .text.vQueueUnregisterQueue
                0x000046dc       0x64 ./FreeRTOS_Source/queue.o
                0x000046dc                vQueueUnregisterQueue
 .text.vQueueWaitForMessageRestricted
                0x00004740       0x68 ./FreeRTOS_Source/queue.o
                0x00004740                vQueueWaitForMessageRestricted
 .text.xQueueCreateSet
                0x000047a8       0x1e ./FreeRTOS_Source/queue.o
                0x000047a8                xQueueCreateSet
 .text.xQueueAddToSet
                0x000047c6       0x42 ./FreeRTOS_Source/queue.o
                0x000047c6                xQueueAddToSet
 .text.xQueueRemoveFromSet
                0x00004808       0x48 ./FreeRTOS_Source/queue.o
                0x00004808                xQueueRemoveFromSet
 .text.xQueueSelectFromSet
                0x00004850       0x26 ./FreeRTOS_Source/queue.o
                0x00004850                xQueueSelectFromSet
 .text.xQueueSelectFromSetFromISR
                0x00004876       0x24 ./FreeRTOS_Source/queue.o
                0x00004876                xQueueSelectFromSetFromISR
 *fill*         0x0000489a        0x2 
 .text.prvNotifyQueueSetContainer
                0x0000489c       0xc0 ./FreeRTOS_Source/queue.o
 .text          0x0000495c        0x0 ./FreeRTOS_Source/stream_buffer.o
 .text.xStreamBufferGenericCreate
                0x0000495c       0xac ./FreeRTOS_Source/stream_buffer.o
                0x0000495c                xStreamBufferGenericCreate
 .text.vStreamBufferDelete
                0x00004a08       0x48 ./FreeRTOS_Source/stream_buffer.o
                0x00004a08                vStreamBufferDelete
 .text.xStreamBufferReset
                0x00004a50       0x84 ./FreeRTOS_Source/stream_buffer.o
                0x00004a50                xStreamBufferReset
 .text.xStreamBufferSetTriggerLevel
                0x00004ad4       0x50 ./FreeRTOS_Source/stream_buffer.o
                0x00004ad4                xStreamBufferSetTriggerLevel
 .text.xStreamBufferSpacesAvailable
                0x00004b24       0x6c ./FreeRTOS_Source/stream_buffer.o
                0x00004b24                xStreamBufferSpacesAvailable
 .text.xStreamBufferBytesAvailable
                0x00004b90       0x34 ./FreeRTOS_Source/stream_buffer.o
                0x00004b90                xStreamBufferBytesAvailable
 .text.xStreamBufferSend
                0x00004bc4      0x170 ./FreeRTOS_Source/stream_buffer.o
                0x00004bc4                xStreamBufferSend
 .text.xStreamBufferSendFromISR
                0x00004d34       0xd4 ./FreeRTOS_Source/stream_buffer.o
                0x00004d34                xStreamBufferSendFromISR
 .text.prvWriteMessageToBuffer
                0x00004e08       0x88 ./FreeRTOS_Source/stream_buffer.o
 .text.xStreamBufferReceive
                0x00004e90      0x110 ./FreeRTOS_Source/stream_buffer.o
                0x00004e90                xStreamBufferReceive
 .text.xStreamBufferNextMessageLengthBytes
                0x00004fa0       0x74 ./FreeRTOS_Source/stream_buffer.o
                0x00004fa0                xStreamBufferNextMessageLengthBytes
 .text.xStreamBufferReceiveFromISR
                0x00005014       0xcc ./FreeRTOS_Source/stream_buffer.o
                0x00005014                xStreamBufferReceiveFromISR
 .text.prvReadMessageFromBuffer
                0x000050e0       0x7a ./FreeRTOS_Source/stream_buffer.o
 *fill*         0x0000515a        0x2 
 .text.xStreamBufferIsEmpty
                0x0000515c       0x44 ./FreeRTOS_Source/stream_buffer.o
                0x0000515c                xStreamBufferIsEmpty
 .text.xStreamBufferIsFull
                0x000051a0       0x58 ./FreeRTOS_Source/stream_buffer.o
                0x000051a0                xStreamBufferIsFull
 .text.xStreamBufferSendCompletedFromISR
                0x000051f8       0x84 ./FreeRTOS_Source/stream_buffer.o
                0x000051f8                xStreamBufferSendCompletedFromISR
 .text.xStreamBufferReceiveCompletedFromISR
                0x0000527c       0x84 ./FreeRTOS_Source/stream_buffer.o
                0x0000527c                xStreamBufferReceiveCompletedFromISR
 .text.prvWriteBytesToBuffer
                0x00005300       0xbc ./FreeRTOS_Source/stream_buffer.o
 .text.prvReadBytesFromBuffer
                0x000053bc       0xb4 ./FreeRTOS_Source/stream_buffer.o
 .text.prvBytesInBuffer
                0x00005470       0x3e ./FreeRTOS_Source/stream_buffer.o
 *fill*         0x000054ae        0x2 
 .text.prvInitialiseNewStreamBuffer
                0x000054b0       0x60 ./FreeRTOS_Source/stream_buffer.o
 .text.uxStreamBufferGetStreamBufferNumber
                0x00005510       0x16 ./FreeRTOS_Source/stream_buffer.o
                0x00005510                uxStreamBufferGetStreamBufferNumber
 .text.vStreamBufferSetStreamBufferNumber
                0x00005526       0x1a ./FreeRTOS_Source/stream_buffer.o
                0x00005526                vStreamBufferSetStreamBufferNumber
 .text.ucStreamBufferGetStreamBufferType
                0x00005540       0x1c ./FreeRTOS_Source/stream_buffer.o
                0x00005540                ucStreamBufferGetStreamBufferType
 .text          0x0000555c        0x0 ./FreeRTOS_Source/tasks.o
 .text.xTaskCreate
                0x0000555c       0x8c ./FreeRTOS_Source/tasks.o
                0x0000555c                xTaskCreate
 .text.prvInitialiseNewTask
                0x000055e8      0x10c ./FreeRTOS_Source/tasks.o
 .text.prvAddNewTaskToReadyList
                0x000056f4      0x12c ./FreeRTOS_Source/tasks.o
 .text.vTaskDelete
                0x00005820      0x120 ./FreeRTOS_Source/tasks.o
                0x00005820                vTaskDelete
 .text.xTaskDelayUntil
                0x00005940       0xdc ./FreeRTOS_Source/tasks.o
                0x00005940                xTaskDelayUntil
 .text.vTaskDelay
                0x00005a1c       0x60 ./FreeRTOS_Source/tasks.o
                0x00005a1c                vTaskDelay
 .text.eTaskGetState
                0x00005a7c       0xdc ./FreeRTOS_Source/tasks.o
                0x00005a7c                eTaskGetState
 .text.uxTaskPriorityGet
                0x00005b58       0x34 ./FreeRTOS_Source/tasks.o
                0x00005b58                uxTaskPriorityGet
 .text.uxTaskPriorityGetFromISR
                0x00005b8c       0x58 ./FreeRTOS_Source/tasks.o
                0x00005b8c                uxTaskPriorityGetFromISR
 .text.vTaskPrioritySet
                0x00005be4      0x19c ./FreeRTOS_Source/tasks.o
                0x00005be4                vTaskPrioritySet
 .text.vTaskSuspend
                0x00005d80      0x138 ./FreeRTOS_Source/tasks.o
                0x00005d80                vTaskSuspend
 .text.prvTaskIsTaskSuspended
                0x00005eb8       0x58 ./FreeRTOS_Source/tasks.o
 .text.vTaskResume
                0x00005f10      0x104 ./FreeRTOS_Source/tasks.o
                0x00005f10                vTaskResume
 .text.xTaskResumeFromISR
                0x00006014      0x134 ./FreeRTOS_Source/tasks.o
                0x00006014                xTaskResumeFromISR
 .text.vTaskStartScheduler
                0x00006148       0x9c ./FreeRTOS_Source/tasks.o
                0x00006148                vTaskStartScheduler
 .text.vTaskEndScheduler
                0x000061e4       0x30 ./FreeRTOS_Source/tasks.o
                0x000061e4                vTaskEndScheduler
 .text.vTaskSuspendAll
                0x00006214       0x1c ./FreeRTOS_Source/tasks.o
                0x00006214                vTaskSuspendAll
 .text.xTaskResumeAll
                0x00006230      0x1f0 ./FreeRTOS_Source/tasks.o
                0x00006230                xTaskResumeAll
 .text.xTaskGetTickCount
                0x00006420       0x1c ./FreeRTOS_Source/tasks.o
                0x00006420                xTaskGetTickCount
 .text.xTaskGetTickCountFromISR
                0x0000643c       0x24 ./FreeRTOS_Source/tasks.o
                0x0000643c                xTaskGetTickCountFromISR
 .text.uxTaskGetNumberOfTasks
                0x00006460       0x14 ./FreeRTOS_Source/tasks.o
                0x00006460                uxTaskGetNumberOfTasks
 .text.pcTaskGetName
                0x00006474       0x3c ./FreeRTOS_Source/tasks.o
                0x00006474                pcTaskGetName
 .text.uxTaskGetSystemState
                0x000064b0      0x11c ./FreeRTOS_Source/tasks.o
                0x000064b0                uxTaskGetSystemState
 .text.xTaskGetIdleTaskHandle
                0x000065cc       0x28 ./FreeRTOS_Source/tasks.o
                0x000065cc                xTaskGetIdleTaskHandle
 .text.xTaskCatchUpTicks
                0x000065f4       0x50 ./FreeRTOS_Source/tasks.o
                0x000065f4                xTaskCatchUpTicks
 .text.xTaskIncrementTick
                0x00006644      0x234 ./FreeRTOS_Source/tasks.o
                0x00006644                xTaskIncrementTick
 .text.vTaskSwitchContext
                0x00006878       0xf8 ./FreeRTOS_Source/tasks.o
                0x00006878                vTaskSwitchContext
 .text.vTaskPlaceOnEventList
                0x00006970       0x40 ./FreeRTOS_Source/tasks.o
                0x00006970                vTaskPlaceOnEventList
 .text.vTaskPlaceOnUnorderedEventList
                0x000069b0       0x98 ./FreeRTOS_Source/tasks.o
                0x000069b0                vTaskPlaceOnUnorderedEventList
 .text.vTaskPlaceOnEventListRestricted
                0x00006a48       0x84 ./FreeRTOS_Source/tasks.o
                0x00006a48                vTaskPlaceOnEventListRestricted
 .text.xTaskRemoveFromEventList
                0x00006acc      0x1a0 ./FreeRTOS_Source/tasks.o
                0x00006acc                xTaskRemoveFromEventList
 .text.vTaskRemoveFromUnorderedEventList
                0x00006c6c      0x168 ./FreeRTOS_Source/tasks.o
                0x00006c6c                vTaskRemoveFromUnorderedEventList
 .text.vTaskSetTimeOutState
                0x00006dd4       0x44 ./FreeRTOS_Source/tasks.o
                0x00006dd4                vTaskSetTimeOutState
 .text.vTaskInternalSetTimeOutState
                0x00006e18       0x2c ./FreeRTOS_Source/tasks.o
                0x00006e18                vTaskInternalSetTimeOutState
 .text.xTaskCheckForTimeOut
                0x00006e44       0xb8 ./FreeRTOS_Source/tasks.o
                0x00006e44                xTaskCheckForTimeOut
 .text.vTaskMissedYield
                0x00006efc       0x18 ./FreeRTOS_Source/tasks.o
                0x00006efc                vTaskMissedYield
 .text.uxTaskGetTaskNumber
                0x00006f14       0x2a ./FreeRTOS_Source/tasks.o
                0x00006f14                uxTaskGetTaskNumber
 .text.vTaskSetTaskNumber
                0x00006f3e       0x24 ./FreeRTOS_Source/tasks.o
                0x00006f3e                vTaskSetTaskNumber
 .text.prvIdleTask
                0x00006f62        0xe ./FreeRTOS_Source/tasks.o
 .text.prvInitialiseTaskLists
                0x00006f70       0x80 ./FreeRTOS_Source/tasks.o
 .text.prvCheckTasksWaitingTermination
                0x00006ff0       0x5c ./FreeRTOS_Source/tasks.o
 .text.vTaskGetInfo
                0x0000704c       0xcc ./FreeRTOS_Source/tasks.o
                0x0000704c                vTaskGetInfo
 .text.prvListTasksWithinSingleList
                0x00007118       0xa4 ./FreeRTOS_Source/tasks.o
 .text.prvTaskCheckFreeStackSpace
                0x000071bc       0x36 ./FreeRTOS_Source/tasks.o
 *fill*         0x000071f2        0x2 
 .text.uxTaskGetStackHighWaterMark
                0x000071f4       0x38 ./FreeRTOS_Source/tasks.o
                0x000071f4                uxTaskGetStackHighWaterMark
 .text.prvDeleteTCB
                0x0000722c       0x20 ./FreeRTOS_Source/tasks.o
 .text.prvResetNextTaskUnblockTime
                0x0000724c       0x34 ./FreeRTOS_Source/tasks.o
 .text.xTaskGetCurrentTaskHandle
                0x00007280       0x1c ./FreeRTOS_Source/tasks.o
                0x00007280                xTaskGetCurrentTaskHandle
 .text.xTaskGetSchedulerState
                0x0000729c       0x3c ./FreeRTOS_Source/tasks.o
                0x0000729c                xTaskGetSchedulerState
 .text.xTaskPriorityInherit
                0x000072d8      0x13c ./FreeRTOS_Source/tasks.o
                0x000072d8                xTaskPriorityInherit
 .text.xTaskPriorityDisinherit
                0x00007414      0x130 ./FreeRTOS_Source/tasks.o
                0x00007414                xTaskPriorityDisinherit
 .text.vTaskPriorityDisinheritAfterTimeout
                0x00007544      0x15c ./FreeRTOS_Source/tasks.o
                0x00007544                vTaskPriorityDisinheritAfterTimeout
 .text.prvWriteNameToBuffer
                0x000076a0       0x4a ./FreeRTOS_Source/tasks.o
 *fill*         0x000076ea        0x2 
 .text.vTaskList
                0x000076ec      0x130 ./FreeRTOS_Source/tasks.o
                0x000076ec                vTaskList
 .text.uxTaskResetEventItemValue
                0x0000781c       0x30 ./FreeRTOS_Source/tasks.o
                0x0000781c                uxTaskResetEventItemValue
 .text.pvTaskIncrementMutexHeldCount
                0x0000784c       0x28 ./FreeRTOS_Source/tasks.o
                0x0000784c                pvTaskIncrementMutexHeldCount
 .text.ulTaskGenericNotifyTake
                0x00007874       0xc8 ./FreeRTOS_Source/tasks.o
                0x00007874                ulTaskGenericNotifyTake
 .text.xTaskGenericNotifyWait
                0x0000793c       0xf8 ./FreeRTOS_Source/tasks.o
                0x0000793c                xTaskGenericNotifyWait
 .text.xTaskGenericNotify
                0x00007a34      0x218 ./FreeRTOS_Source/tasks.o
                0x00007a34                xTaskGenericNotify
 .text.xTaskGenericNotifyFromISR
                0x00007c4c      0x28c ./FreeRTOS_Source/tasks.o
                0x00007c4c                xTaskGenericNotifyFromISR
 .text.vTaskGenericNotifyGiveFromISR
                0x00007ed8      0x1ec ./FreeRTOS_Source/tasks.o
                0x00007ed8                vTaskGenericNotifyGiveFromISR
 .text.xTaskGenericNotifyStateClear
                0x000080c4       0x6c ./FreeRTOS_Source/tasks.o
                0x000080c4                xTaskGenericNotifyStateClear
 .text.ulTaskGenericNotifyValueClear
                0x00008130       0x5c ./FreeRTOS_Source/tasks.o
                0x00008130                ulTaskGenericNotifyValueClear
 .text.prvAddCurrentTaskToDelayedList
                0x0000818c      0x100 ./FreeRTOS_Source/tasks.o
 .text.getTaskName
                0x0000828c       0x24 ./FreeRTOS_Source/tasks.o
                0x0000828c                getTaskName
 .text          0x000082b0        0x0 ./FreeRTOS_Source/timers.o
 .text.xTimerCreateTimerTask
                0x000082b0       0x5c ./FreeRTOS_Source/timers.o
                0x000082b0                xTimerCreateTimerTask
 .text.xTimerCreate
                0x0000830c       0x42 ./FreeRTOS_Source/timers.o
                0x0000830c                xTimerCreate
 *fill*         0x0000834e        0x2 
 .text.prvInitialiseNewTimer
                0x00008350       0x68 ./FreeRTOS_Source/timers.o
 .text.xTimerGenericCommand
                0x000083b8       0x94 ./FreeRTOS_Source/timers.o
                0x000083b8                xTimerGenericCommand
 .text.xTimerGetTimerDaemonTaskHandle
                0x0000844c       0x28 ./FreeRTOS_Source/timers.o
                0x0000844c                xTimerGetTimerDaemonTaskHandle
 .text.xTimerGetPeriod
                0x00008474       0x2c ./FreeRTOS_Source/timers.o
                0x00008474                xTimerGetPeriod
 .text.vTimerSetReloadMode
                0x000084a0       0x60 ./FreeRTOS_Source/timers.o
                0x000084a0                vTimerSetReloadMode
 .text.xTimerGetReloadMode
                0x00008500       0x4c ./FreeRTOS_Source/timers.o
                0x00008500                xTimerGetReloadMode
 .text.uxTimerGetReloadMode
                0x0000854c       0x18 ./FreeRTOS_Source/timers.o
                0x0000854c                uxTimerGetReloadMode
 .text.xTimerGetExpiryTime
                0x00008564       0x30 ./FreeRTOS_Source/timers.o
                0x00008564                xTimerGetExpiryTime
 .text.pcTimerGetName
                0x00008594       0x2c ./FreeRTOS_Source/timers.o
                0x00008594                pcTimerGetName
 .text.prvReloadTimer
                0x000085c0       0x42 ./FreeRTOS_Source/timers.o
 *fill*         0x00008602        0x2 
 .text.prvProcessExpiredTimer
                0x00008604       0x60 ./FreeRTOS_Source/timers.o
 .text.prvTimerTask
                0x00008664       0x24 ./FreeRTOS_Source/timers.o
 .text.prvProcessTimerOrBlockTask
                0x00008688       0x9c ./FreeRTOS_Source/timers.o
 .text.prvGetNextExpireTime
                0x00008724       0x44 ./FreeRTOS_Source/timers.o
 .text.prvSampleTimeNow
                0x00008768       0x40 ./FreeRTOS_Source/timers.o
 .text.prvInsertTimerInActiveList
                0x000087a8       0x84 ./FreeRTOS_Source/timers.o
 .text.prvProcessReceivedCommands
                0x0000882c      0x1a0 ./FreeRTOS_Source/timers.o
 .text.prvSwitchTimerLists
                0x000089cc       0x4c ./FreeRTOS_Source/timers.o
 .text.prvCheckForValidListAndQueue
                0x00008a18       0x6c ./FreeRTOS_Source/timers.o
 .text.xTimerIsTimerActive
                0x00008a84       0x4c ./FreeRTOS_Source/timers.o
                0x00008a84                xTimerIsTimerActive
 .text.pvTimerGetTimerID
                0x00008ad0       0x38 ./FreeRTOS_Source/timers.o
                0x00008ad0                pvTimerGetTimerID
 .text.vTimerSetTimerID
                0x00008b08       0x38 ./FreeRTOS_Source/timers.o
                0x00008b08                vTimerSetTimerID
 .text.xTimerPendFunctionCallFromISR
                0x00008b40       0x40 ./FreeRTOS_Source/timers.o
                0x00008b40                xTimerPendFunctionCallFromISR
 .text.xTimerPendFunctionCall
                0x00008b80       0x58 ./FreeRTOS_Source/timers.o
                0x00008b80                xTimerPendFunctionCall
 .text.uxTimerGetTimerNumber
                0x00008bd8       0x16 ./FreeRTOS_Source/timers.o
                0x00008bd8                uxTimerGetTimerNumber
 .text.vTimerSetTimerNumber
                0x00008bee       0x1a ./FreeRTOS_Source/timers.o
                0x00008bee                vTimerSetTimerNumber
 .text          0x00008c08        0x0 ./main.o
 .text.main     0x00008c08       0x48 ./main.o
                0x00008c08                main
 .text.prvSetupHardware
                0x00008c50       0x8c ./main.o
 .text.vApplicationTickHook
                0x00008cdc        0xc ./main.o
                0x00008cdc                vApplicationTickHook
 .text.SerialTask
                0x00008ce8       0x78 ./main.o
 .text.RefreshDisplayTask
                0x00008d60       0xb0 ./main.o
 .text.vApplicationStackOverflowHook
                0x00008e10       0x24 ./main.o
                0x00008e10                vApplicationStackOverflowHook
 .text.vAssertCalled
                0x00008e34       0x26 ./main.o
                0x00008e34                vAssertCalled
 *fill*         0x00008e5a        0x2 
 .text.vApplicationGetIdleTaskMemory
                0x00008e5c       0x30 ./main.o
                0x00008e5c                vApplicationGetIdleTaskMemory
 .text.vApplicationGetTimerTaskMemory
                0x00008e8c       0x30 ./main.o
                0x00008e8c                vApplicationGetTimerTaskMemory
 .text._sbrk_r  0x00008ebc       0x2c ./main.o
                0x00008ebc                _sbrk_r
 .text          0x00008ee8        0x0 ./startup.o
 .text.IntDefaultHandler
                0x00008ee8       0x14 ./startup.o
 .text.FaultISR
                0x00008efc       0x14 ./startup.o
 .text.NmiSR    0x00008f10       0x14 ./startup.o
 .text.ResetISR
                0x00008f24       0x50 ./startup.o
                0x00008f24                ResetISR
 .text.uipprintf
                0x00008f74        0x8 ./startup.o
                0x00008f74                uipprintf
 .text          0x00008f7c        0x0 C:\FreeRTOSv202212.01\FreeRTOS\Demo\Common\drivers\LuminaryMicro/arm-none-eabi-gcc/\libdriver.a(gpio.o)
 .text.GPIOGetIntNumber
                0x00008f7c       0xa4 C:\FreeRTOSv202212.01\FreeRTOS\Demo\Common\drivers\LuminaryMicro/arm-none-eabi-gcc/\libdriver.a(gpio.o)
 .text.GPIODirModeSet
                0x00009020       0x44 C:\FreeRTOSv202212.01\FreeRTOS\Demo\Common\drivers\LuminaryMicro/arm-none-eabi-gcc/\libdriver.a(gpio.o)
                0x00009020                GPIODirModeSet
 .text.GPIODirModeGet
                0x00009064       0x20 C:\FreeRTOSv202212.01\FreeRTOS\Demo\Common\drivers\LuminaryMicro/arm-none-eabi-gcc/\libdriver.a(gpio.o)
                0x00009064                GPIODirModeGet
 .text.GPIOIntTypeSet
                0x00009084       0x70 C:\FreeRTOSv202212.01\FreeRTOS\Demo\Common\drivers\LuminaryMicro/arm-none-eabi-gcc/\libdriver.a(gpio.o)
                0x00009084                GPIOIntTypeSet
 .text.GPIOIntTypeGet
                0x000090f4       0x30 C:\FreeRTOSv202212.01\FreeRTOS\Demo\Common\drivers\LuminaryMicro/arm-none-eabi-gcc/\libdriver.a(gpio.o)
                0x000090f4                GPIOIntTypeGet
 .text.GPIOPadConfigSet
                0x00009124      0x130 C:\FreeRTOSv202212.01\FreeRTOS\Demo\Common\drivers\LuminaryMicro/arm-none-eabi-gcc/\libdriver.a(gpio.o)
                0x00009124                GPIOPadConfigSet
 .text.GPIOPadConfigGet
                0x00009254       0x78 C:\FreeRTOSv202212.01\FreeRTOS\Demo\Common\drivers\LuminaryMicro/arm-none-eabi-gcc/\libdriver.a(gpio.o)
                0x00009254                GPIOPadConfigGet
 .text.GPIOPinIntEnable
                0x000092cc        0xc C:\FreeRTOSv202212.01\FreeRTOS\Demo\Common\drivers\LuminaryMicro/arm-none-eabi-gcc/\libdriver.a(gpio.o)
                0x000092cc                GPIOPinIntEnable
 .text.GPIOPinIntDisable
                0x000092d8       0x10 C:\FreeRTOSv202212.01\FreeRTOS\Demo\Common\drivers\LuminaryMicro/arm-none-eabi-gcc/\libdriver.a(gpio.o)
                0x000092d8                GPIOPinIntDisable
 .text.GPIOPinIntStatus
                0x000092e8       0x10 C:\FreeRTOSv202212.01\FreeRTOS\Demo\Common\drivers\LuminaryMicro/arm-none-eabi-gcc/\libdriver.a(gpio.o)
                0x000092e8                GPIOPinIntStatus
 .text.GPIOPinIntClear
                0x000092f8        0x8 C:\FreeRTOSv202212.01\FreeRTOS\Demo\Common\drivers\LuminaryMicro/arm-none-eabi-gcc/\libdriver.a(gpio.o)
                0x000092f8                GPIOPinIntClear
 .text.GPIOPinRead
                0x00009300        0x8 C:\FreeRTOSv202212.01\FreeRTOS\Demo\Common\drivers\LuminaryMicro/arm-none-eabi-gcc/\libdriver.a(gpio.o)
                0x00009300                GPIOPinRead
 .text.GPIOPinWrite
                0x00009308        0x8 C:\FreeRTOSv202212.01\FreeRTOS\Demo\Common\drivers\LuminaryMicro/arm-none-eabi-gcc/\libdriver.a(gpio.o)
                0x00009308                GPIOPinWrite
 .text.GPIOPinTypeADC
                0x00009310       0x1c C:\FreeRTOSv202212.01\FreeRTOS\Demo\Common\drivers\LuminaryMicro/arm-none-eabi-gcc/\libdriver.a(gpio.o)
                0x00009310                GPIOPinTypeADC
 .text.GPIOPinTypeCAN
                0x0000932c       0x1c C:\FreeRTOSv202212.01\FreeRTOS\Demo\Common\drivers\LuminaryMicro/arm-none-eabi-gcc/\libdriver.a(gpio.o)
                0x0000932c                GPIOPinTypeCAN
 .text.GPIOPinTypeComparator
                0x00009348       0x1c C:\FreeRTOSv202212.01\FreeRTOS\Demo\Common\drivers\LuminaryMicro/arm-none-eabi-gcc/\libdriver.a(gpio.o)
                0x00009348                GPIOPinTypeComparator
 .text.GPIOPinTypeGPIOInput
                0x00009364       0x1c C:\FreeRTOSv202212.01\FreeRTOS\Demo\Common\drivers\LuminaryMicro/arm-none-eabi-gcc/\libdriver.a(gpio.o)
                0x00009364                GPIOPinTypeGPIOInput
 .text.GPIOPinTypeGPIOOutput
                0x00009380       0x1c C:\FreeRTOSv202212.01\FreeRTOS\Demo\Common\drivers\LuminaryMicro/arm-none-eabi-gcc/\libdriver.a(gpio.o)
                0x00009380                GPIOPinTypeGPIOOutput
 .text.GPIOPinTypeGPIOOutputOD
                0x0000939c       0x1c C:\FreeRTOSv202212.01\FreeRTOS\Demo\Common\drivers\LuminaryMicro/arm-none-eabi-gcc/\libdriver.a(gpio.o)
                0x0000939c                GPIOPinTypeGPIOOutputOD
 .text.GPIOPinTypeI2C
                0x000093b8       0x1c C:\FreeRTOSv202212.01\FreeRTOS\Demo\Common\drivers\LuminaryMicro/arm-none-eabi-gcc/\libdriver.a(gpio.o)
                0x000093b8                GPIOPinTypeI2C
 .text.GPIOPinTypePWM
                0x000093d4       0x1c C:\FreeRTOSv202212.01\FreeRTOS\Demo\Common\drivers\LuminaryMicro/arm-none-eabi-gcc/\libdriver.a(gpio.o)
                0x000093d4                GPIOPinTypePWM
 .text.GPIOPinTypeQEI
                0x000093f0       0x1c C:\FreeRTOSv202212.01\FreeRTOS\Demo\Common\drivers\LuminaryMicro/arm-none-eabi-gcc/\libdriver.a(gpio.o)
                0x000093f0                GPIOPinTypeQEI
 .text.GPIOPinTypeSSI
                0x0000940c       0x1c C:\FreeRTOSv202212.01\FreeRTOS\Demo\Common\drivers\LuminaryMicro/arm-none-eabi-gcc/\libdriver.a(gpio.o)
                0x0000940c                GPIOPinTypeSSI
 .text.GPIOPinTypeTimer
                0x00009428       0x1c C:\FreeRTOSv202212.01\FreeRTOS\Demo\Common\drivers\LuminaryMicro/arm-none-eabi-gcc/\libdriver.a(gpio.o)
                0x00009428                GPIOPinTypeTimer
 .text.GPIOPinTypeUART
                0x00009444       0x1c C:\FreeRTOSv202212.01\FreeRTOS\Demo\Common\drivers\LuminaryMicro/arm-none-eabi-gcc/\libdriver.a(gpio.o)
                0x00009444                GPIOPinTypeUART
 .text.GPIOPinTypeUSBDigital
                0x00009460       0x1c C:\FreeRTOSv202212.01\FreeRTOS\Demo\Common\drivers\LuminaryMicro/arm-none-eabi-gcc/\libdriver.a(gpio.o)
                0x00009460                GPIOPinTypeUSBDigital
 .text.GPIOPortIntUnregister
                0x0000947c       0x14 C:\FreeRTOSv202212.01\FreeRTOS\Demo\Common\drivers\LuminaryMicro/arm-none-eabi-gcc/\libdriver.a(gpio.o)
                0x0000947c                GPIOPortIntUnregister
 .text.GPIOPortIntRegister
                0x00009490       0x18 C:\FreeRTOSv202212.01\FreeRTOS\Demo\Common\drivers\LuminaryMicro/arm-none-eabi-gcc/\libdriver.a(gpio.o)
                0x00009490                GPIOPortIntRegister
 .text          0x000094a8        0x0 C:\FreeRTOSv202212.01\FreeRTOS\Demo\Common\drivers\LuminaryMicro/arm-none-eabi-gcc/\libdriver.a(interrupt.o)
 .text.IntDefaultHandler
                0x000094a8        0x4 C:\FreeRTOSv202212.01\FreeRTOS\Demo\Common\drivers\LuminaryMicro/arm-none-eabi-gcc/\libdriver.a(interrupt.o)
 .text.IntRegister
                0x000094ac       0x3c C:\FreeRTOSv202212.01\FreeRTOS\Demo\Common\drivers\LuminaryMicro/arm-none-eabi-gcc/\libdriver.a(interrupt.o)
                0x000094ac                IntRegister
 .text.IntUnregister
                0x000094e8       0x14 C:\FreeRTOSv202212.01\FreeRTOS\Demo\Common\drivers\LuminaryMicro/arm-none-eabi-gcc/\libdriver.a(interrupt.o)
                0x000094e8                IntUnregister
 .text.IntPriorityGroupingSet
                0x000094fc       0x1c C:\FreeRTOSv202212.01\FreeRTOS\Demo\Common\drivers\LuminaryMicro/arm-none-eabi-gcc/\libdriver.a(interrupt.o)
                0x000094fc                IntPriorityGroupingSet
 .text.IntPriorityGroupingGet
                0x00009518       0x24 C:\FreeRTOSv202212.01\FreeRTOS\Demo\Common\drivers\LuminaryMicro/arm-none-eabi-gcc/\libdriver.a(interrupt.o)
                0x00009518                IntPriorityGroupingGet
 .text.IntPrioritySet
                0x0000953c       0x28 C:\FreeRTOSv202212.01\FreeRTOS\Demo\Common\drivers\LuminaryMicro/arm-none-eabi-gcc/\libdriver.a(interrupt.o)
                0x0000953c                IntPrioritySet
 .text.IntPriorityGet
                0x00009564       0x20 C:\FreeRTOSv202212.01\FreeRTOS\Demo\Common\drivers\LuminaryMicro/arm-none-eabi-gcc/\libdriver.a(interrupt.o)
                0x00009564                IntPriorityGet
 .text.IntEnable
                0x00009584       0x74 C:\FreeRTOSv202212.01\FreeRTOS\Demo\Common\drivers\LuminaryMicro/arm-none-eabi-gcc/\libdriver.a(interrupt.o)
                0x00009584                IntEnable
 .text.IntDisable
                0x000095f8       0x74 C:\FreeRTOSv202212.01\FreeRTOS\Demo\Common\drivers\LuminaryMicro/arm-none-eabi-gcc/\libdriver.a(interrupt.o)
                0x000095f8                IntDisable
 .text.IntMasterDisable
                0x0000966c        0xc C:\FreeRTOSv202212.01\FreeRTOS\Demo\Common\drivers\LuminaryMicro/arm-none-eabi-gcc/\libdriver.a(interrupt.o)
                0x0000966c                IntMasterDisable
 .text.IntMasterEnable
                0x00009678        0xc C:\FreeRTOSv202212.01\FreeRTOS\Demo\Common\drivers\LuminaryMicro/arm-none-eabi-gcc/\libdriver.a(interrupt.o)
                0x00009678                IntMasterEnable
 .text          0x00009684        0x0 C:\FreeRTOSv202212.01\FreeRTOS\Demo\Common\drivers\LuminaryMicro/arm-none-eabi-gcc/\libdriver.a(ssi.o)
 .text.SSIConfigSetExpClk
                0x00009684       0x48 C:\FreeRTOSv202212.01\FreeRTOS\Demo\Common\drivers\LuminaryMicro/arm-none-eabi-gcc/\libdriver.a(ssi.o)
                0x00009684                SSIConfigSetExpClk
 .text.SSIEnable
                0x000096cc        0xc C:\FreeRTOSv202212.01\FreeRTOS\Demo\Common\drivers\LuminaryMicro/arm-none-eabi-gcc/\libdriver.a(ssi.o)
                0x000096cc                SSIEnable
 .text.SSIDisable
                0x000096d8        0xc C:\FreeRTOSv202212.01\FreeRTOS\Demo\Common\drivers\LuminaryMicro/arm-none-eabi-gcc/\libdriver.a(ssi.o)
                0x000096d8                SSIDisable
 .text.SSIIntEnable
                0x000096e4        0x8 C:\FreeRTOSv202212.01\FreeRTOS\Demo\Common\drivers\LuminaryMicro/arm-none-eabi-gcc/\libdriver.a(ssi.o)
                0x000096e4                SSIIntEnable
 .text.SSIIntDisable
                0x000096ec        0xc C:\FreeRTOSv202212.01\FreeRTOS\Demo\Common\drivers\LuminaryMicro/arm-none-eabi-gcc/\libdriver.a(ssi.o)
                0x000096ec                SSIIntDisable
 .text.SSIIntStatus
                0x000096f8        0xc C:\FreeRTOSv202212.01\FreeRTOS\Demo\Common\drivers\LuminaryMicro/arm-none-eabi-gcc/\libdriver.a(ssi.o)
                0x000096f8                SSIIntStatus
 .text.SSIIntClear
                0x00009704        0x4 C:\FreeRTOSv202212.01\FreeRTOS\Demo\Common\drivers\LuminaryMicro/arm-none-eabi-gcc/\libdriver.a(ssi.o)
                0x00009704                SSIIntClear
 .text.SSIDataPut
                0x00009708       0x10 C:\FreeRTOSv202212.01\FreeRTOS\Demo\Common\drivers\LuminaryMicro/arm-none-eabi-gcc/\libdriver.a(ssi.o)
                0x00009708                SSIDataPut
 .text.SSIDataPutNonBlocking
                0x00009718       0x10 C:\FreeRTOSv202212.01\FreeRTOS\Demo\Common\drivers\LuminaryMicro/arm-none-eabi-gcc/\libdriver.a(ssi.o)
                0x00009718                SSIDataPutNonBlocking
 .text.SSIDataGet
                0x00009728       0x14 C:\FreeRTOSv202212.01\FreeRTOS\Demo\Common\drivers\LuminaryMicro/arm-none-eabi-gcc/\libdriver.a(ssi.o)
                0x00009728                SSIDataGet
 .text.SSIDataGetNonBlocking
                0x0000973c       0x14 C:\FreeRTOSv202212.01\FreeRTOS\Demo\Common\drivers\LuminaryMicro/arm-none-eabi-gcc/\libdriver.a(ssi.o)
                0x0000973c                SSIDataGetNonBlocking
 .text.SSIDMAEnable
                0x00009750        0x8 C:\FreeRTOSv202212.01\FreeRTOS\Demo\Common\drivers\LuminaryMicro/arm-none-eabi-gcc/\libdriver.a(ssi.o)
                0x00009750                SSIDMAEnable
 .text.SSIDMADisable
                0x00009758        0xc C:\FreeRTOSv202212.01\FreeRTOS\Demo\Common\drivers\LuminaryMicro/arm-none-eabi-gcc/\libdriver.a(ssi.o)
                0x00009758                SSIDMADisable
 .text.SSIIntUnregister
                0x00009764       0x20 C:\FreeRTOSv202212.01\FreeRTOS\Demo\Common\drivers\LuminaryMicro/arm-none-eabi-gcc/\libdriver.a(ssi.o)
                0x00009764                SSIIntUnregister
 .text.SSIIntRegister
                0x00009784       0x20 C:\FreeRTOSv202212.01\FreeRTOS\Demo\Common\drivers\LuminaryMicro/arm-none-eabi-gcc/\libdriver.a(ssi.o)
                0x00009784                SSIIntRegister
 .text          0x000097a4        0x0 C:\FreeRTOSv202212.01\FreeRTOS\Demo\Common\drivers\LuminaryMicro/arm-none-eabi-gcc/\libdriver.a(sysctl.o)
 .text.SysCtlSRAMSizeGet
                0x000097a4       0x14 C:\FreeRTOSv202212.01\FreeRTOS\Demo\Common\drivers\LuminaryMicro/arm-none-eabi-gcc/\libdriver.a(sysctl.o)
                0x000097a4                SysCtlSRAMSizeGet
 .text.SysCtlFlashSizeGet
                0x000097b8       0x14 C:\FreeRTOSv202212.01\FreeRTOS\Demo\Common\drivers\LuminaryMicro/arm-none-eabi-gcc/\libdriver.a(sysctl.o)
                0x000097b8                SysCtlFlashSizeGet
 .text.SysCtlPinPresent
                0x000097cc       0x14 C:\FreeRTOSv202212.01\FreeRTOS\Demo\Common\drivers\LuminaryMicro/arm-none-eabi-gcc/\libdriver.a(sysctl.o)
                0x000097cc                SysCtlPinPresent
 .text.SysCtlPeripheralPresent
                0x000097e0       0x28 C:\FreeRTOSv202212.01\FreeRTOS\Demo\Common\drivers\LuminaryMicro/arm-none-eabi-gcc/\libdriver.a(sysctl.o)
                0x000097e0                SysCtlPeripheralPresent
 .text.SysCtlPeripheralReset
                0x00009808       0x44 C:\FreeRTOSv202212.01\FreeRTOS\Demo\Common\drivers\LuminaryMicro/arm-none-eabi-gcc/\libdriver.a(sysctl.o)
                0x00009808                SysCtlPeripheralReset
 .text.SysCtlPeripheralEnable
                0x0000984c       0x24 C:\FreeRTOSv202212.01\FreeRTOS\Demo\Common\drivers\LuminaryMicro/arm-none-eabi-gcc/\libdriver.a(sysctl.o)
                0x0000984c                SysCtlPeripheralEnable
 .text.SysCtlPeripheralDisable
                0x00009870       0x24 C:\FreeRTOSv202212.01\FreeRTOS\Demo\Common\drivers\LuminaryMicro/arm-none-eabi-gcc/\libdriver.a(sysctl.o)
                0x00009870                SysCtlPeripheralDisable
 .text.SysCtlPeripheralSleepEnable
                0x00009894       0x24 C:\FreeRTOSv202212.01\FreeRTOS\Demo\Common\drivers\LuminaryMicro/arm-none-eabi-gcc/\libdriver.a(sysctl.o)
                0x00009894                SysCtlPeripheralSleepEnable
 .text.SysCtlPeripheralSleepDisable
                0x000098b8       0x24 C:\FreeRTOSv202212.01\FreeRTOS\Demo\Common\drivers\LuminaryMicro/arm-none-eabi-gcc/\libdriver.a(sysctl.o)
                0x000098b8                SysCtlPeripheralSleepDisable
 .text.SysCtlPeripheralDeepSleepEnable
                0x000098dc       0x24 C:\FreeRTOSv202212.01\FreeRTOS\Demo\Common\drivers\LuminaryMicro/arm-none-eabi-gcc/\libdriver.a(sysctl.o)
                0x000098dc                SysCtlPeripheralDeepSleepEnable
 .text.SysCtlPeripheralDeepSleepDisable
                0x00009900       0x24 C:\FreeRTOSv202212.01\FreeRTOS\Demo\Common\drivers\LuminaryMicro/arm-none-eabi-gcc/\libdriver.a(sysctl.o)
                0x00009900                SysCtlPeripheralDeepSleepDisable
 .text.SysCtlPeripheralClockGating
                0x00009924       0x20 C:\FreeRTOSv202212.01\FreeRTOS\Demo\Common\drivers\LuminaryMicro/arm-none-eabi-gcc/\libdriver.a(sysctl.o)
                0x00009924                SysCtlPeripheralClockGating
 .text.SysCtlIntEnable
                0x00009944       0x10 C:\FreeRTOSv202212.01\FreeRTOS\Demo\Common\drivers\LuminaryMicro/arm-none-eabi-gcc/\libdriver.a(sysctl.o)
                0x00009944                SysCtlIntEnable
 .text.SysCtlIntDisable
                0x00009954       0x10 C:\FreeRTOSv202212.01\FreeRTOS\Demo\Common\drivers\LuminaryMicro/arm-none-eabi-gcc/\libdriver.a(sysctl.o)
                0x00009954                SysCtlIntDisable
 .text.SysCtlIntClear
                0x00009964        0xc C:\FreeRTOSv202212.01\FreeRTOS\Demo\Common\drivers\LuminaryMicro/arm-none-eabi-gcc/\libdriver.a(sysctl.o)
                0x00009964                SysCtlIntClear
 .text.SysCtlIntStatus
                0x00009970       0x18 C:\FreeRTOSv202212.01\FreeRTOS\Demo\Common\drivers\LuminaryMicro/arm-none-eabi-gcc/\libdriver.a(sysctl.o)
                0x00009970                SysCtlIntStatus
 .text.SysCtlLDOSet
                0x00009988        0xc C:\FreeRTOSv202212.01\FreeRTOS\Demo\Common\drivers\LuminaryMicro/arm-none-eabi-gcc/\libdriver.a(sysctl.o)
                0x00009988                SysCtlLDOSet
 .text.SysCtlLDOGet
                0x00009994        0xc C:\FreeRTOSv202212.01\FreeRTOS\Demo\Common\drivers\LuminaryMicro/arm-none-eabi-gcc/\libdriver.a(sysctl.o)
                0x00009994                SysCtlLDOGet
 .text.SysCtlLDOConfigSet
                0x000099a0        0xc C:\FreeRTOSv202212.01\FreeRTOS\Demo\Common\drivers\LuminaryMicro/arm-none-eabi-gcc/\libdriver.a(sysctl.o)
                0x000099a0                SysCtlLDOConfigSet
 .text.SysCtlReset
                0x000099ac       0x10 C:\FreeRTOSv202212.01\FreeRTOS\Demo\Common\drivers\LuminaryMicro/arm-none-eabi-gcc/\libdriver.a(sysctl.o)
                0x000099ac                SysCtlReset
 .text.SysCtlResetCauseGet
                0x000099bc        0xc C:\FreeRTOSv202212.01\FreeRTOS\Demo\Common\drivers\LuminaryMicro/arm-none-eabi-gcc/\libdriver.a(sysctl.o)
                0x000099bc                SysCtlResetCauseGet
 .text.SysCtlResetCauseClear
                0x000099c8       0x10 C:\FreeRTOSv202212.01\FreeRTOS\Demo\Common\drivers\LuminaryMicro/arm-none-eabi-gcc/\libdriver.a(sysctl.o)
                0x000099c8                SysCtlResetCauseClear
 .text.SysCtlBrownOutConfigSet
                0x000099d8       0x10 C:\FreeRTOSv202212.01\FreeRTOS\Demo\Common\drivers\LuminaryMicro/arm-none-eabi-gcc/\libdriver.a(sysctl.o)
                0x000099d8                SysCtlBrownOutConfigSet
 .text.SysCtlDelay
                0x000099e8        0x8 C:\FreeRTOSv202212.01\FreeRTOS\Demo\Common\drivers\LuminaryMicro/arm-none-eabi-gcc/\libdriver.a(sysctl.o)
                0x000099e8                SysCtlDelay
 .text.SysCtlClockSet
                0x000099f0      0x168 C:\FreeRTOSv202212.01\FreeRTOS\Demo\Common\drivers\LuminaryMicro/arm-none-eabi-gcc/\libdriver.a(sysctl.o)
                0x000099f0                SysCtlClockSet
 .text.SysCtlClockGet
                0x00009b58      0x150 C:\FreeRTOSv202212.01\FreeRTOS\Demo\Common\drivers\LuminaryMicro/arm-none-eabi-gcc/\libdriver.a(sysctl.o)
                0x00009b58                SysCtlClockGet
 .text.SysCtlPWMClockSet
                0x00009ca8       0x14 C:\FreeRTOSv202212.01\FreeRTOS\Demo\Common\drivers\LuminaryMicro/arm-none-eabi-gcc/\libdriver.a(sysctl.o)
                0x00009ca8                SysCtlPWMClockSet
 .text.SysCtlPWMClockGet
                0x00009cbc       0x18 C:\FreeRTOSv202212.01\FreeRTOS\Demo\Common\drivers\LuminaryMicro/arm-none-eabi-gcc/\libdriver.a(sysctl.o)
                0x00009cbc                SysCtlPWMClockGet
 .text.SysCtlADCSpeedSet
                0x00009cd4       0x34 C:\FreeRTOSv202212.01\FreeRTOS\Demo\Common\drivers\LuminaryMicro/arm-none-eabi-gcc/\libdriver.a(sysctl.o)
                0x00009cd4                SysCtlADCSpeedSet
 .text.SysCtlADCSpeedGet
                0x00009d08       0x10 C:\FreeRTOSv202212.01\FreeRTOS\Demo\Common\drivers\LuminaryMicro/arm-none-eabi-gcc/\libdriver.a(sysctl.o)
                0x00009d08                SysCtlADCSpeedGet
 .text.SysCtlIOSCVerificationSet
                0x00009d18       0x20 C:\FreeRTOSv202212.01\FreeRTOS\Demo\Common\drivers\LuminaryMicro/arm-none-eabi-gcc/\libdriver.a(sysctl.o)
                0x00009d18                SysCtlIOSCVerificationSet
 .text.SysCtlMOSCVerificationSet
                0x00009d38       0x20 C:\FreeRTOSv202212.01\FreeRTOS\Demo\Common\drivers\LuminaryMicro/arm-none-eabi-gcc/\libdriver.a(sysctl.o)
                0x00009d38                SysCtlMOSCVerificationSet
 .text.SysCtlPLLVerificationSet
                0x00009d58       0x20 C:\FreeRTOSv202212.01\FreeRTOS\Demo\Common\drivers\LuminaryMicro/arm-none-eabi-gcc/\libdriver.a(sysctl.o)
                0x00009d58                SysCtlPLLVerificationSet
 .text.SysCtlClkVerificationClear
                0x00009d78       0x10 C:\FreeRTOSv202212.01\FreeRTOS\Demo\Common\drivers\LuminaryMicro/arm-none-eabi-gcc/\libdriver.a(sysctl.o)
                0x00009d78                SysCtlClkVerificationClear
 .text.SysCtlGPIOAHBEnable
                0x00009d88       0x10 C:\FreeRTOSv202212.01\FreeRTOS\Demo\Common\drivers\LuminaryMicro/arm-none-eabi-gcc/\libdriver.a(sysctl.o)
                0x00009d88                SysCtlGPIOAHBEnable
 .text.SysCtlGPIOAHBDisable
                0x00009d98       0x14 C:\FreeRTOSv202212.01\FreeRTOS\Demo\Common\drivers\LuminaryMicro/arm-none-eabi-gcc/\libdriver.a(sysctl.o)
                0x00009d98                SysCtlGPIOAHBDisable
 .text.SysCtlUSBPLLEnable
                0x00009dac       0x10 C:\FreeRTOSv202212.01\FreeRTOS\Demo\Common\drivers\LuminaryMicro/arm-none-eabi-gcc/\libdriver.a(sysctl.o)
                0x00009dac                SysCtlUSBPLLEnable
 .text.SysCtlUSBPLLDisable
                0x00009dbc       0x10 C:\FreeRTOSv202212.01\FreeRTOS\Demo\Common\drivers\LuminaryMicro/arm-none-eabi-gcc/\libdriver.a(sysctl.o)
                0x00009dbc                SysCtlUSBPLLDisable
 .text.SysCtlDeepSleep
                0x00009dcc       0x20 C:\FreeRTOSv202212.01\FreeRTOS\Demo\Common\drivers\LuminaryMicro/arm-none-eabi-gcc/\libdriver.a(sysctl.o)
                0x00009dcc                SysCtlDeepSleep
 .text.SysCtlSleep
                0x00009dec        0x8 C:\FreeRTOSv202212.01\FreeRTOS\Demo\Common\drivers\LuminaryMicro/arm-none-eabi-gcc/\libdriver.a(sysctl.o)
                0x00009dec                SysCtlSleep
 .text.SysCtlIntUnregister
                0x00009df4       0x10 C:\FreeRTOSv202212.01\FreeRTOS\Demo\Common\drivers\LuminaryMicro/arm-none-eabi-gcc/\libdriver.a(sysctl.o)
                0x00009df4                SysCtlIntUnregister
 .text.SysCtlIntRegister
                0x00009e04       0x14 C:\FreeRTOSv202212.01\FreeRTOS\Demo\Common\drivers\LuminaryMicro/arm-none-eabi-gcc/\libdriver.a(sysctl.o)
                0x00009e04                SysCtlIntRegister
 .text          0x00009e18        0x0 C:\FreeRTOSv202212.01\FreeRTOS\Demo\Common\drivers\LuminaryMicro/arm-none-eabi-gcc/\libdriver.a(uart.o)
 .text.UARTParityModeSet
                0x00009e18        0xc C:\FreeRTOSv202212.01\FreeRTOS\Demo\Common\drivers\LuminaryMicro/arm-none-eabi-gcc/\libdriver.a(uart.o)
                0x00009e18                UARTParityModeSet
 .text.UARTParityModeGet
                0x00009e24        0x8 C:\FreeRTOSv202212.01\FreeRTOS\Demo\Common\drivers\LuminaryMicro/arm-none-eabi-gcc/\libdriver.a(uart.o)
                0x00009e24                UARTParityModeGet
 .text.UARTFIFOLevelSet
                0x00009e2c        0x8 C:\FreeRTOSv202212.01\FreeRTOS\Demo\Common\drivers\LuminaryMicro/arm-none-eabi-gcc/\libdriver.a(uart.o)
                0x00009e2c                UARTFIFOLevelSet
 .text.UARTFIFOLevelGet
                0x00009e34       0x10 C:\FreeRTOSv202212.01\FreeRTOS\Demo\Common\drivers\LuminaryMicro/arm-none-eabi-gcc/\libdriver.a(uart.o)
                0x00009e34                UARTFIFOLevelGet
 .text.UARTConfigGetExpClk
                0x00009e44       0x20 C:\FreeRTOSv202212.01\FreeRTOS\Demo\Common\drivers\LuminaryMicro/arm-none-eabi-gcc/\libdriver.a(uart.o)
                0x00009e44                UARTConfigGetExpClk
 .text.UARTEnable
                0x00009e64       0x18 C:\FreeRTOSv202212.01\FreeRTOS\Demo\Common\drivers\LuminaryMicro/arm-none-eabi-gcc/\libdriver.a(uart.o)
                0x00009e64                UARTEnable
 .text.UARTDisable
                0x00009e7c       0x24 C:\FreeRTOSv202212.01\FreeRTOS\Demo\Common\drivers\LuminaryMicro/arm-none-eabi-gcc/\libdriver.a(uart.o)
                0x00009e7c                UARTDisable
 .text.UARTConfigSetExpClk
                0x00009ea0       0x38 C:\FreeRTOSv202212.01\FreeRTOS\Demo\Common\drivers\LuminaryMicro/arm-none-eabi-gcc/\libdriver.a(uart.o)
                0x00009ea0                UARTConfigSetExpClk
 .text.UARTEnableSIR
                0x00009ed8       0x18 C:\FreeRTOSv202212.01\FreeRTOS\Demo\Common\drivers\LuminaryMicro/arm-none-eabi-gcc/\libdriver.a(uart.o)
                0x00009ed8                UARTEnableSIR
 .text.UARTDisableSIR
                0x00009ef0        0xc C:\FreeRTOSv202212.01\FreeRTOS\Demo\Common\drivers\LuminaryMicro/arm-none-eabi-gcc/\libdriver.a(uart.o)
                0x00009ef0                UARTDisableSIR
 .text.UARTCharsAvail
                0x00009efc       0x10 C:\FreeRTOSv202212.01\FreeRTOS\Demo\Common\drivers\LuminaryMicro/arm-none-eabi-gcc/\libdriver.a(uart.o)
                0x00009efc                UARTCharsAvail
 .text.UARTSpaceAvail
                0x00009f0c       0x10 C:\FreeRTOSv202212.01\FreeRTOS\Demo\Common\drivers\LuminaryMicro/arm-none-eabi-gcc/\libdriver.a(uart.o)
                0x00009f0c                UARTSpaceAvail
 .text.UARTCharGetNonBlocking
                0x00009f1c       0x10 C:\FreeRTOSv202212.01\FreeRTOS\Demo\Common\drivers\LuminaryMicro/arm-none-eabi-gcc/\libdriver.a(uart.o)
                0x00009f1c                UARTCharGetNonBlocking
 .text.UARTCharGet
                0x00009f2c       0x10 C:\FreeRTOSv202212.01\FreeRTOS\Demo\Common\drivers\LuminaryMicro/arm-none-eabi-gcc/\libdriver.a(uart.o)
                0x00009f2c                UARTCharGet
 .text.UARTCharPutNonBlocking
                0x00009f3c       0x14 C:\FreeRTOSv202212.01\FreeRTOS\Demo\Common\drivers\LuminaryMicro/arm-none-eabi-gcc/\libdriver.a(uart.o)
                0x00009f3c                UARTCharPutNonBlocking
 .text.UARTCharPut
                0x00009f50       0x10 C:\FreeRTOSv202212.01\FreeRTOS\Demo\Common\drivers\LuminaryMicro/arm-none-eabi-gcc/\libdriver.a(uart.o)
                0x00009f50                UARTCharPut
 .text.UARTBreakCtl
                0x00009f60       0x18 C:\FreeRTOSv202212.01\FreeRTOS\Demo\Common\drivers\LuminaryMicro/arm-none-eabi-gcc/\libdriver.a(uart.o)
                0x00009f60                UARTBreakCtl
 .text.UARTIntEnable
                0x00009f78        0x8 C:\FreeRTOSv202212.01\FreeRTOS\Demo\Common\drivers\LuminaryMicro/arm-none-eabi-gcc/\libdriver.a(uart.o)
                0x00009f78                UARTIntEnable
 .text.UARTIntDisable
                0x00009f80        0xc C:\FreeRTOSv202212.01\FreeRTOS\Demo\Common\drivers\LuminaryMicro/arm-none-eabi-gcc/\libdriver.a(uart.o)
                0x00009f80                UARTIntDisable
 .text.UARTIntStatus
                0x00009f8c        0xc C:\FreeRTOSv202212.01\FreeRTOS\Demo\Common\drivers\LuminaryMicro/arm-none-eabi-gcc/\libdriver.a(uart.o)
                0x00009f8c                UARTIntStatus
 .text.UARTIntClear
                0x00009f98        0x4 C:\FreeRTOSv202212.01\FreeRTOS\Demo\Common\drivers\LuminaryMicro/arm-none-eabi-gcc/\libdriver.a(uart.o)
                0x00009f98                UARTIntClear
 .text.UARTDMAEnable
                0x00009f9c        0x8 C:\FreeRTOSv202212.01\FreeRTOS\Demo\Common\drivers\LuminaryMicro/arm-none-eabi-gcc/\libdriver.a(uart.o)
                0x00009f9c                UARTDMAEnable
 .text.UARTDMADisable
                0x00009fa4        0xc C:\FreeRTOSv202212.01\FreeRTOS\Demo\Common\drivers\LuminaryMicro/arm-none-eabi-gcc/\libdriver.a(uart.o)
                0x00009fa4                UARTDMADisable
 .text.UARTIntUnregister
                0x00009fb0       0x2c C:\FreeRTOSv202212.01\FreeRTOS\Demo\Common\drivers\LuminaryMicro/arm-none-eabi-gcc/\libdriver.a(uart.o)
                0x00009fb0                UARTIntUnregister
 .text.UARTIntRegister
                0x00009fdc       0x2c C:\FreeRTOSv202212.01\FreeRTOS\Demo\Common\drivers\LuminaryMicro/arm-none-eabi-gcc/\libdriver.a(uart.o)
                0x00009fdc                UARTIntRegister
 .text          0x0000a008       0x14 C:\FreeRTOSv202212.01\FreeRTOS\Demo\Common\drivers\LuminaryMicro/arm-none-eabi-gcc/\libdriver.a(cpu.o)
                0x0000a008                CPUcpsid
                0x0000a010                CPUcpsie
                0x0000a018                CPUwfi
 .text          0x0000a01c        0x0 c:/program files (x86)/gnu arm embedded toolchain/10 2021.10/bin/../lib/gcc/arm-none-eabi/10.3.1/../../../../arm-none-eabi/lib/thumb/v7-m/nofp\libg_nano.a(lib_a-atoi.o)
 .text.atoi     0x0000a01c        0x8 c:/program files (x86)/gnu arm embedded toolchain/10 2021.10/bin/../lib/gcc/arm-none-eabi/10.3.1/../../../../arm-none-eabi/lib/thumb/v7-m/nofp\libg_nano.a(lib_a-atoi.o)
                0x0000a01c                atoi
 .text._atoi_r  0x0000a024        0x8 c:/program files (x86)/gnu arm embedded toolchain/10 2021.10/bin/../lib/gcc/arm-none-eabi/10.3.1/../../../../arm-none-eabi/lib/thumb/v7-m/nofp\libg_nano.a(lib_a-atoi.o)
                0x0000a024                _atoi_r
 .text          0x0000a02c        0x0 c:/program files (x86)/gnu arm embedded toolchain/10 2021.10/bin/../lib/gcc/arm-none-eabi/10.3.1/../../../../arm-none-eabi/lib/thumb/v7-m/nofp\libg_nano.a(lib_a-ctype_.o)
 .text          0x0000a02c        0x0 c:/program files (x86)/gnu arm embedded toolchain/10 2021.10/bin/../lib/gcc/arm-none-eabi/10.3.1/../../../../arm-none-eabi/lib/thumb/v7-m/nofp\libg_nano.a(lib_a-memcpy-stub.o)
 .text.memcpy   0x0000a02c       0x1c c:/program files (x86)/gnu arm embedded toolchain/10 2021.10/bin/../lib/gcc/arm-none-eabi/10.3.1/../../../../arm-none-eabi/lib/thumb/v7-m/nofp\libg_nano.a(lib_a-memcpy-stub.o)
                0x0000a02c                memcpy
 .text          0x0000a048        0x0 c:/program files (x86)/gnu arm embedded toolchain/10 2021.10/bin/../lib/gcc/arm-none-eabi/10.3.1/../../../../arm-none-eabi/lib/thumb/v7-m/nofp\libg_nano.a(lib_a-memset.o)
 .text.memset   0x0000a048       0x10 c:/program files (x86)/gnu arm embedded toolchain/10 2021.10/bin/../lib/gcc/arm-none-eabi/10.3.1/../../../../arm-none-eabi/lib/thumb/v7-m/nofp\libg_nano.a(lib_a-memset.o)
                0x0000a048                memset
 .text          0x0000a058        0x0 c:/program files (x86)/gnu arm embedded toolchain/10 2021.10/bin/../lib/gcc/arm-none-eabi/10.3.1/../../../../arm-none-eabi/lib/thumb/v7-m/nofp\libg_nano.a(lib_a-sprintf.o)
 .text._sprintf_r
                0x0000a058       0x38 c:/program files (x86)/gnu arm embedded toolchain/10 2021.10/bin/../lib/gcc/arm-none-eabi/10.3.1/../../../../arm-none-eabi/lib/thumb/v7-m/nofp\libg_nano.a(lib_a-sprintf.o)
                0x0000a058                _sprintf_r
                0x0000a058                _siprintf_r
 .text.sprintf  0x0000a090       0x40 c:/program files (x86)/gnu arm embedded toolchain/10 2021.10/bin/../lib/gcc/arm-none-eabi/10.3.1/../../../../arm-none-eabi/lib/thumb/v7-m/nofp\libg_nano.a(lib_a-sprintf.o)
                0x0000a090                siprintf
                0x0000a090                sprintf
 .text          0x0000a0d0       0x14 c:/program files (x86)/gnu arm embedded toolchain/10 2021.10/bin/../lib/gcc/arm-none-eabi/10.3.1/../../../../arm-none-eabi/lib/thumb/v7-m/nofp\libg_nano.a(lib_a-strcmp.o)
                0x0000a0d0                strcmp
 .text          0x0000a0e4        0x0 c:/program files (x86)/gnu arm embedded toolchain/10 2021.10/bin/../lib/gcc/arm-none-eabi/10.3.1/../../../../arm-none-eabi/lib/thumb/v7-m/nofp\libg_nano.a(lib_a-strcpy.o)
 .text.strcpy   0x0000a0e4       0x10 c:/program files (x86)/gnu arm embedded toolchain/10 2021.10/bin/../lib/gcc/arm-none-eabi/10.3.1/../../../../arm-none-eabi/lib/thumb/v7-m/nofp\libg_nano.a(lib_a-strcpy.o)
                0x0000a0e4                strcpy
 .text          0x0000a0f4       0x10 c:/program files (x86)/gnu arm embedded toolchain/10 2021.10/bin/../lib/gcc/arm-none-eabi/10.3.1/../../../../arm-none-eabi/lib/thumb/v7-m/nofp\libg_nano.a(lib_a-strlen.o)
                0x0000a0f4                strlen
 .text          0x0000a104        0x0 c:/program files (x86)/gnu arm embedded toolchain/10 2021.10/bin/../lib/gcc/arm-none-eabi/10.3.1/../../../../arm-none-eabi/lib/thumb/v7-m/nofp\libg_nano.a(lib_a-strncpy.o)
 .text.strncpy  0x0000a104       0x26 c:/program files (x86)/gnu arm embedded toolchain/10 2021.10/bin/../lib/gcc/arm-none-eabi/10.3.1/../../../../arm-none-eabi/lib/thumb/v7-m/nofp\libg_nano.a(lib_a-strncpy.o)
                0x0000a104                strncpy
 .text          0x0000a12a        0x0 c:/program files (x86)/gnu arm embedded toolchain/10 2021.10/bin/../lib/gcc/arm-none-eabi/10.3.1/../../../../arm-none-eabi/lib/thumb/v7-m/nofp\libg_nano.a(lib_a-strtol.o)
 *fill*         0x0000a12a        0x2 
 .text._strtol_l.constprop.0
                0x0000a12c       0xf8 c:/program files (x86)/gnu arm embedded toolchain/10 2021.10/bin/../lib/gcc/arm-none-eabi/10.3.1/../../../../arm-none-eabi/lib/thumb/v7-m/nofp\libg_nano.a(lib_a-strtol.o)
 .text._strtol_r
                0x0000a224        0x4 c:/program files (x86)/gnu arm embedded toolchain/10 2021.10/bin/../lib/gcc/arm-none-eabi/10.3.1/../../../../arm-none-eabi/lib/thumb/v7-m/nofp\libg_nano.a(lib_a-strtol.o)
                0x0000a224                _strtol_r
 .text.strtol_l
                0x0000a228       0x14 c:/program files (x86)/gnu arm embedded toolchain/10 2021.10/bin/../lib/gcc/arm-none-eabi/10.3.1/../../../../arm-none-eabi/lib/thumb/v7-m/nofp\libg_nano.a(lib_a-strtol.o)
                0x0000a228                strtol_l
 .text.strtol   0x0000a23c       0x14 c:/program files (x86)/gnu arm embedded toolchain/10 2021.10/bin/../lib/gcc/arm-none-eabi/10.3.1/../../../../arm-none-eabi/lib/thumb/v7-m/nofp\libg_nano.a(lib_a-strtol.o)
                0x0000a23c                strtol
 .text          0x0000a250        0x0 c:/program files (x86)/gnu arm embedded toolchain/10 2021.10/bin/../lib/gcc/arm-none-eabi/10.3.1/../../../../arm-none-eabi/lib/thumb/v7-m/nofp\libg_nano.a(lib_a-errno.o)
 .text.__errno  0x0000a250        0xc c:/program files (x86)/gnu arm embedded toolchain/10 2021.10/bin/../lib/gcc/arm-none-eabi/10.3.1/../../../../arm-none-eabi/lib/thumb/v7-m/nofp\libg_nano.a(lib_a-errno.o)
                0x0000a250                __errno
 .text          0x0000a25c        0x0 c:/program files (x86)/gnu arm embedded toolchain/10 2021.10/bin/../lib/gcc/arm-none-eabi/10.3.1/../../../../arm-none-eabi/lib/thumb/v7-m/nofp\libg_nano.a(lib_a-impure.o)
 .text          0x0000a25c        0x0 c:/program files (x86)/gnu arm embedded toolchain/10 2021.10/bin/../lib/gcc/arm-none-eabi/10.3.1/../../../../arm-none-eabi/lib/thumb/v7-m/nofp\libg_nano.a(lib_a-nano-svfprintf.o)
 .text.__ssputs_r
                0x0000a25c       0xb6 c:/program files (x86)/gnu arm embedded toolchain/10 2021.10/bin/../lib/gcc/arm-none-eabi/10.3.1/../../../../arm-none-eabi/lib/thumb/v7-m/nofp\libg_nano.a(lib_a-nano-svfprintf.o)
                0x0000a25c                __ssputs_r
 .text.__ssprint_r
                0x0000a312       0xf6 c:/program files (x86)/gnu arm embedded toolchain/10 2021.10/bin/../lib/gcc/arm-none-eabi/10.3.1/../../../../arm-none-eabi/lib/thumb/v7-m/nofp\libg_nano.a(lib_a-nano-svfprintf.o)
                0x0000a312                __ssprint_r
 .text._svfprintf_r
                0x0000a408      0x200 c:/program files (x86)/gnu arm embedded toolchain/10 2021.10/bin/../lib/gcc/arm-none-eabi/10.3.1/../../../../arm-none-eabi/lib/thumb/v7-m/nofp\libg_nano.a(lib_a-nano-svfprintf.o)
                0x0000a408                _svfiprintf_r
                0x0000a408                _svfprintf_r
 .text          0x0000a608        0x0 c:/program files (x86)/gnu arm embedded toolchain/10 2021.10/bin/../lib/gcc/arm-none-eabi/10.3.1/../../../../arm-none-eabi/lib/thumb/v7-m/nofp\libg_nano.a(lib_a-nano-vfprintf_i.o)
 .text._printf_common
                0x0000a608       0xde c:/program files (x86)/gnu arm embedded toolchain/10 2021.10/bin/../lib/gcc/arm-none-eabi/10.3.1/../../../../arm-none-eabi/lib/thumb/v7-m/nofp\libg_nano.a(lib_a-nano-vfprintf_i.o)
                0x0000a608                _printf_common
 *fill*         0x0000a6e6        0x2 
 .text._printf_i
                0x0000a6e8      0x24c c:/program files (x86)/gnu arm embedded toolchain/10 2021.10/bin/../lib/gcc/arm-none-eabi/10.3.1/../../../../arm-none-eabi/lib/thumb/v7-m/nofp\libg_nano.a(lib_a-nano-vfprintf_i.o)
                0x0000a6e8                _printf_i
 .text          0x0000a934        0x0 c:/program files (x86)/gnu arm embedded toolchain/10 2021.10/bin/../lib/gcc/arm-none-eabi/10.3.1/../../../../arm-none-eabi/lib/thumb/v7-m/nofp\libg_nano.a(lib_a-memchr-stub.o)
 .text.memchr   0x0000a934       0x1c c:/program files (x86)/gnu arm embedded toolchain/10 2021.10/bin/../lib/gcc/arm-none-eabi/10.3.1/../../../../arm-none-eabi/lib/thumb/v7-m/nofp\libg_nano.a(lib_a-memchr-stub.o)
                0x0000a934                memchr
 .text          0x0000a950        0x0 c:/program files (x86)/gnu arm embedded toolchain/10 2021.10/bin/../lib/gcc/arm-none-eabi/10.3.1/../../../../arm-none-eabi/lib/thumb/v7-m/nofp\libg_nano.a(lib_a-memmove.o)
 .text.memmove  0x0000a950       0x34 c:/program files (x86)/gnu arm embedded toolchain/10 2021.10/bin/../lib/gcc/arm-none-eabi/10.3.1/../../../../arm-none-eabi/lib/thumb/v7-m/nofp\libg_nano.a(lib_a-memmove.o)
                0x0000a950                memmove
 .text          0x0000a984        0x0 c:/program files (x86)/gnu arm embedded toolchain/10 2021.10/bin/../lib/gcc/arm-none-eabi/10.3.1/../../../../arm-none-eabi/lib/thumb/v7-m/nofp\libg_nano.a(lib_a-nano-freer.o)
 .text._free_r  0x0000a984       0x90 c:/program files (x86)/gnu arm embedded toolchain/10 2021.10/bin/../lib/gcc/arm-none-eabi/10.3.1/../../../../arm-none-eabi/lib/thumb/v7-m/nofp\libg_nano.a(lib_a-nano-freer.o)
                0x0000a984                _free_r
 .text          0x0000aa14        0x0 c:/program files (x86)/gnu arm embedded toolchain/10 2021.10/bin/../lib/gcc/arm-none-eabi/10.3.1/../../../../arm-none-eabi/lib/thumb/v7-m/nofp\libg_nano.a(lib_a-nano-mallocr.o)
 .text.sbrk_aligned
                0x0000aa14       0x40 c:/program files (x86)/gnu arm embedded toolchain/10 2021.10/bin/../lib/gcc/arm-none-eabi/10.3.1/../../../../arm-none-eabi/lib/thumb/v7-m/nofp\libg_nano.a(lib_a-nano-mallocr.o)
 .text._malloc_r
                0x0000aa54       0xe8 c:/program files (x86)/gnu arm embedded toolchain/10 2021.10/bin/../lib/gcc/arm-none-eabi/10.3.1/../../../../arm-none-eabi/lib/thumb/v7-m/nofp\libg_nano.a(lib_a-nano-mallocr.o)
                0x0000aa54                _malloc_r
 .text          0x0000ab3c        0x0 c:/program files (x86)/gnu arm embedded toolchain/10 2021.10/bin/../lib/gcc/arm-none-eabi/10.3.1/../../../../arm-none-eabi/lib/thumb/v7-m/nofp\libg_nano.a(lib_a-nano-reallocr.o)
 .text._realloc_r
                0x0000ab3c       0x5e c:/program files (x86)/gnu arm embedded toolchain/10 2021.10/bin/../lib/gcc/arm-none-eabi/10.3.1/../../../../arm-none-eabi/lib/thumb/v7-m/nofp\libg_nano.a(lib_a-nano-reallocr.o)
                0x0000ab3c                _realloc_r
 .text          0x0000ab9a        0x0 c:/program files (x86)/gnu arm embedded toolchain/10 2021.10/bin/../lib/gcc/arm-none-eabi/10.3.1/../../../../arm-none-eabi/lib/thumb/v7-m/nofp\libg_nano.a(lib_a-mlock.o)
 *fill*         0x0000ab9a        0x2 
 .text.__malloc_lock
                0x0000ab9c        0xc c:/program files (x86)/gnu arm embedded toolchain/10 2021.10/bin/../lib/gcc/arm-none-eabi/10.3.1/../../../../arm-none-eabi/lib/thumb/v7-m/nofp\libg_nano.a(lib_a-mlock.o)
                0x0000ab9c                __malloc_lock
 .text.__malloc_unlock
                0x0000aba8        0xc c:/program files (x86)/gnu arm embedded toolchain/10 2021.10/bin/../lib/gcc/arm-none-eabi/10.3.1/../../../../arm-none-eabi/lib/thumb/v7-m/nofp\libg_nano.a(lib_a-mlock.o)
                0x0000aba8                __malloc_unlock
 .text          0x0000abb4        0x0 c:/program files (x86)/gnu arm embedded toolchain/10 2021.10/bin/../lib/gcc/arm-none-eabi/10.3.1/../../../../arm-none-eabi/lib/thumb/v7-m/nofp\libg_nano.a(lib_a-nano-msizer.o)
 .text._malloc_usable_size_r
                0x0000abb4       0x10 c:/program files (x86)/gnu arm embedded toolchain/10 2021.10/bin/../lib/gcc/arm-none-eabi/10.3.1/../../../../arm-none-eabi/lib/thumb/v7-m/nofp\libg_nano.a(lib_a-nano-msizer.o)
                0x0000abb4                _malloc_usable_size_r
 .text          0x0000abc4        0x0 c:/program files (x86)/gnu arm embedded toolchain/10 2021.10/bin/../lib/gcc/arm-none-eabi/10.3.1/../../../../arm-none-eabi/lib/thumb/v7-m/nofp\libg_nano.a(lib_a-lock.o)
 .text.__retarget_lock_init
                0x0000abc4        0x2 c:/program files (x86)/gnu arm embedded toolchain/10 2021.10/bin/../lib/gcc/arm-none-eabi/10.3.1/../../../../arm-none-eabi/lib/thumb/v7-m/nofp\libg_nano.a(lib_a-lock.o)
                0x0000abc4                __retarget_lock_init
 .text.__retarget_lock_init_recursive
                0x0000abc6        0x2 c:/program files (x86)/gnu arm embedded toolchain/10 2021.10/bin/../lib/gcc/arm-none-eabi/10.3.1/../../../../arm-none-eabi/lib/thumb/v7-m/nofp\libg_nano.a(lib_a-lock.o)
                0x0000abc6                __retarget_lock_init_recursive
 .text.__retarget_lock_close
                0x0000abc8        0x2 c:/program files (x86)/gnu arm embedded toolchain/10 2021.10/bin/../lib/gcc/arm-none-eabi/10.3.1/../../../../arm-none-eabi/lib/thumb/v7-m/nofp\libg_nano.a(lib_a-lock.o)
                0x0000abc8                __retarget_lock_close
 .text.__retarget_lock_close_recursive
                0x0000abca        0x2 c:/program files (x86)/gnu arm embedded toolchain/10 2021.10/bin/../lib/gcc/arm-none-eabi/10.3.1/../../../../arm-none-eabi/lib/thumb/v7-m/nofp\libg_nano.a(lib_a-lock.o)
                0x0000abca                __retarget_lock_close_recursive
 .text.__retarget_lock_acquire
                0x0000abcc        0x2 c:/program files (x86)/gnu arm embedded toolchain/10 2021.10/bin/../lib/gcc/arm-none-eabi/10.3.1/../../../../arm-none-eabi/lib/thumb/v7-m/nofp\libg_nano.a(lib_a-lock.o)
                0x0000abcc                __retarget_lock_acquire
 .text.__retarget_lock_acquire_recursive
                0x0000abce        0x2 c:/program files (x86)/gnu arm embedded toolchain/10 2021.10/bin/../lib/gcc/arm-none-eabi/10.3.1/../../../../arm-none-eabi/lib/thumb/v7-m/nofp\libg_nano.a(lib_a-lock.o)
                0x0000abce                __retarget_lock_acquire_recursive
 .text.__retarget_lock_try_acquire
                0x0000abd0        0x4 c:/program files (x86)/gnu arm embedded toolchain/10 2021.10/bin/../lib/gcc/arm-none-eabi/10.3.1/../../../../arm-none-eabi/lib/thumb/v7-m/nofp\libg_nano.a(lib_a-lock.o)
                0x0000abd0                __retarget_lock_try_acquire
 .text.__retarget_lock_try_acquire_recursive
                0x0000abd4        0x4 c:/program files (x86)/gnu arm embedded toolchain/10 2021.10/bin/../lib/gcc/arm-none-eabi/10.3.1/../../../../arm-none-eabi/lib/thumb/v7-m/nofp\libg_nano.a(lib_a-lock.o)
                0x0000abd4                __retarget_lock_try_acquire_recursive
 .text.__retarget_lock_release
                0x0000abd8        0x2 c:/program files (x86)/gnu arm embedded toolchain/10 2021.10/bin/../lib/gcc/arm-none-eabi/10.3.1/../../../../arm-none-eabi/lib/thumb/v7-m/nofp\libg_nano.a(lib_a-lock.o)
                0x0000abd8                __retarget_lock_release
 .text.__retarget_lock_release_recursive
                0x0000abda        0x2 c:/program files (x86)/gnu arm embedded toolchain/10 2021.10/bin/../lib/gcc/arm-none-eabi/10.3.1/../../../../arm-none-eabi/lib/thumb/v7-m/nofp\libg_nano.a(lib_a-lock.o)
                0x0000abda                __retarget_lock_release_recursive
 *(.rodata*)
 .rodata.video  0x0000abdc    0x33040 ./LocalDemoFiles/display.o
 .rodata        0x0003dc1c       0xac ./LocalDemoFiles/display.o
 .rodata.g_pucOSRAM128x64x4VerticalInc
                0x0003dcc8        0x2 ./LocalDemoFiles/osram128x64x4.o
 *fill*         0x0003dcca        0x2 
 .rodata.g_pucOSRAM128x64x4HorizontalInc
                0x0003dccc        0x2 ./LocalDemoFiles/osram128x64x4.o
 *fill*         0x0003dcce        0x2 
 .rodata.g_pucFont
                0x0003dcd0      0x1e0 ./LocalDemoFiles/osram128x64x4.o
 .rodata.g_pucOSRAM128x64x4Init
                0x0003deb0       0x4e ./LocalDemoFiles/osram128x64x4.o
 *fill*         0x0003defe        0x2 
 .rodata.pucCommand1.7
                0x0003df00        0x3 ./LocalDemoFiles/osram128x64x4.o
 *fill*         0x0003df03        0x1 
 .rodata.pucCommand2.6
                0x0003df04        0x3 ./LocalDemoFiles/osram128x64x4.o
 *fill*         0x0003df07        0x1 
 .rodata.pucCommand1.0
                0x0003df08        0x3 ./LocalDemoFiles/osram128x64x4.o
 *fill*         0x0003df0b        0x1 
 .rodata        0x0003df0c        0x6 ./LocalDemoFiles/snake.o
 *fill*         0x0003df12        0x2 
 .rodata        0x0003df14       0x18 ./LocalDemoFiles/worker.o
 .rodata        0x0003df2c       0x1a ./LegacyDrivers/ustdlib.o
 *fill*         0x0003df46        0x2 
 .rodata.g_pcHex
                0x0003df48        0x4 ./LegacyDrivers/ustdlib.o
 .rodata.xHeapStructSize
                0x0003df4c        0x4 ./FreeRTOS_Source/portable/MemMang/heap_4.o
 .rodata        0x0003df50       0x40 ./FreeRTOS_Source/portable/MemMang/heap_4.o
 .rodata.pcInterruptPriorityRegisters
                0x0003df90        0x4 ./FreeRTOS_Source/portable/GCC/ARM_CM3/port.o
 .rodata        0x0003df94       0x42 ./FreeRTOS_Source/portable/GCC/ARM_CM3/port.o
 *fill*         0x0003dfd6        0x2 
 .rodata        0x0003dfd8       0x35 ./FreeRTOS_Source/event_groups.o
 *fill*         0x0003e00d        0x3 
 .rodata        0x0003e010       0x2e ./FreeRTOS_Source/queue.o
 *fill*         0x0003e03e        0x2 
 .rodata        0x0003e040       0x36 ./FreeRTOS_Source/stream_buffer.o
 *fill*         0x0003e076        0x2 
 .rodata        0x0003e078       0x47 ./FreeRTOS_Source/tasks.o
 *fill*         0x0003e0bf        0x1 
 .rodata        0x0003e0c0       0x3d ./FreeRTOS_Source/timers.o
 *fill*         0x0003e0fd        0x3 
 .rodata        0x0003e100       0x22 ./main.o
 *fill*         0x0003e122        0x2 
 .rodata.IntDefaultHandler.str1.4
                0x0003e124        0xd ./startup.o
 *fill*         0x0003e131        0x3 
 .rodata.g_pulPriority
                0x0003e134       0x20 C:\FreeRTOSv202212.01\FreeRTOS\Demo\Common\drivers\LuminaryMicro/arm-none-eabi-gcc/\libdriver.a(interrupt.o)
 .rodata.g_pulRegs
                0x0003e154       0x40 C:\FreeRTOSv202212.01\FreeRTOS\Demo\Common\drivers\LuminaryMicro/arm-none-eabi-gcc/\libdriver.a(interrupt.o)
 .rodata.g_pulDCRegs
                0x0003e194       0x10 C:\FreeRTOSv202212.01\FreeRTOS\Demo\Common\drivers\LuminaryMicro/arm-none-eabi-gcc/\libdriver.a(sysctl.o)
 .rodata.g_pulXtals
                0x0003e1a4       0x5c C:\FreeRTOSv202212.01\FreeRTOS\Demo\Common\drivers\LuminaryMicro/arm-none-eabi-gcc/\libdriver.a(sysctl.o)
 .rodata.g_pulDCGCRegs
                0x0003e200        0xc C:\FreeRTOSv202212.01\FreeRTOS\Demo\Common\drivers\LuminaryMicro/arm-none-eabi-gcc/\libdriver.a(sysctl.o)
 .rodata.g_pulRCGCRegs
                0x0003e20c        0xc C:\FreeRTOSv202212.01\FreeRTOS\Demo\Common\drivers\LuminaryMicro/arm-none-eabi-gcc/\libdriver.a(sysctl.o)
 .rodata.g_pulSCGCRegs
                0x0003e218        0xc C:\FreeRTOSv202212.01\FreeRTOS\Demo\Common\drivers\LuminaryMicro/arm-none-eabi-gcc/\libdriver.a(sysctl.o)
 .rodata.g_pulSRCRRegs
                0x0003e224        0xc C:\FreeRTOSv202212.01\FreeRTOS\Demo\Common\drivers\LuminaryMicro/arm-none-eabi-gcc/\libdriver.a(sysctl.o)
 .rodata._ctype_
                0x0003e230      0x101 c:/program files (x86)/gnu arm embedded toolchain/10 2021.10/bin/../lib/gcc/arm-none-eabi/10.3.1/../../../../arm-none-eabi/lib/thumb/v7-m/nofp\libg_nano.a(lib_a-ctype_.o)
                0x0003e230                _ctype_
 *fill*         0x0003e331        0x3 
 .rodata._global_impure_ptr
                0x0003e334        0x4 c:/program files (x86)/gnu arm embedded toolchain/10 2021.10/bin/../lib/gcc/arm-none-eabi/10.3.1/../../../../arm-none-eabi/lib/thumb/v7-m/nofp\libg_nano.a(lib_a-impure.o)
                0x0003e334                _global_impure_ptr
 .rodata._svfprintf_r.str1.1
                0x0003e338       0x11 c:/program files (x86)/gnu arm embedded toolchain/10 2021.10/bin/../lib/gcc/arm-none-eabi/10.3.1/../../../../arm-none-eabi/lib/thumb/v7-m/nofp\libg_nano.a(lib_a-nano-svfprintf.o)
 .rodata._printf_i.str1.1
                0x0003e349       0x22 c:/program files (x86)/gnu arm embedded toolchain/10 2021.10/bin/../lib/gcc/arm-none-eabi/10.3.1/../../../../arm-none-eabi/lib/thumb/v7-m/nofp\libg_nano.a(lib_a-nano-vfprintf_i.o)
                0x0003e36b                _etext = .

.glue_7         0x0003e36c        0x0
 .glue_7        0x0003e36c        0x0 linker stubs

.glue_7t        0x0003e36c        0x0
 .glue_7t       0x0003e36c        0x0 linker stubs

.vfp11_veneer   0x0003e36c        0x0
 .vfp11_veneer  0x0003e36c        0x0 linker stubs

.v4_bx          0x0003e36c        0x0
 .v4_bx         0x0003e36c        0x0 linker stubs

.iplt           0x0003e36c        0x0
 .iplt          0x0003e36c        0x0 ./LocalDemoFiles/display.o

.rel.dyn        0x0003e36c        0x0
 .rel.iplt      0x0003e36c        0x0 ./LocalDemoFiles/display.o

.data           0x20000000      0x438 load address 0x0003e36b
                0x20000000                _data = .
 *(vtable)
 vtable         0x20000000      0x100 C:\FreeRTOSv202212.01\FreeRTOS\Demo\Common\drivers\LuminaryMicro/arm-none-eabi-gcc/\libdriver.a(interrupt.o)
 *(.data*)
 .data          0x20000100        0x0 ./LocalDemoFiles/display.o
 .data.totalVideoFrames
                0x20000100        0x4 ./LocalDemoFiles/display.o
 .data          0x20000104        0x0 ./LocalDemoFiles/globals.o
 .data.totalVideoFrames
                0x20000104        0x4 ./LocalDemoFiles/globals.o
 .data.serialBuffer
                0x20000108       0xa9 ./LocalDemoFiles/globals.o
                0x20000108                serialBuffer
 .data.flash_cursor
                0x200001b1        0x1 ./LocalDemoFiles/globals.o
                0x200001b1                flash_cursor
 .data.numberOfMenuStates
                0x200001b2        0x1 ./LocalDemoFiles/globals.o
                0x200001b2                numberOfMenuStates
 *fill*         0x200001b3        0x1 
 .data.snake    0x200001b4      0x208 ./LocalDemoFiles/globals.o
                0x200001b4                snake
 .data          0x200003bc        0x0 ./LocalDemoFiles/osram128x64x4.o
 .data          0x200003bc        0x0 ./LocalDemoFiles/serial.o
 .data.totalVideoFrames
                0x200003bc        0x4 ./LocalDemoFiles/serial.o
 .data          0x200003c0        0x0 ./LocalDemoFiles/snake.o
 .data.totalVideoFrames
                0x200003c0        0x4 ./LocalDemoFiles/snake.o
 .data          0x200003c4        0x0 ./LocalDemoFiles/worker.o
 .data.totalVideoFrames
                0x200003c4        0x4 ./LocalDemoFiles/worker.o
 .data          0x200003c8        0x0 ./LegacyDrivers/ustdlib.o
 .data          0x200003c8        0x0 ./FreeRTOS_Source/portable/MemMang/heap_4.o
 .data          0x200003c8        0x0 ./FreeRTOS_Source/portable/GCC/ARM_CM3/port.o
 .data.uxCriticalNesting
                0x200003c8        0x4 ./FreeRTOS_Source/portable/GCC/ARM_CM3/port.o
 .data          0x200003cc        0x0 ./FreeRTOS_Source/croutine.o
 .data          0x200003cc        0x0 ./FreeRTOS_Source/event_groups.o
 .data          0x200003cc        0x0 ./FreeRTOS_Source/list.o
 .data          0x200003cc        0x0 ./FreeRTOS_Source/queue.o
 .data          0x200003cc        0x0 ./FreeRTOS_Source/stream_buffer.o
 .data          0x200003cc        0x0 ./FreeRTOS_Source/tasks.o
 .data.uxTopUsedPriority
                0x200003cc        0x4 ./FreeRTOS_Source/tasks.o
                0x200003cc                uxTopUsedPriority
 .data          0x200003d0        0x0 ./FreeRTOS_Source/timers.o
 .data          0x200003d0        0x0 ./main.o
 .data.totalVideoFrames
                0x200003d0        0x4 ./main.o
 .data          0x200003d4        0x0 ./startup.o
 .data          0x200003d4        0x0 C:\FreeRTOSv202212.01\FreeRTOS\Demo\Common\drivers\LuminaryMicro/arm-none-eabi-gcc/\libdriver.a(gpio.o)
 .data          0x200003d4        0x0 C:\FreeRTOSv202212.01\FreeRTOS\Demo\Common\drivers\LuminaryMicro/arm-none-eabi-gcc/\libdriver.a(interrupt.o)
 .data          0x200003d4        0x0 C:\FreeRTOSv202212.01\FreeRTOS\Demo\Common\drivers\LuminaryMicro/arm-none-eabi-gcc/\libdriver.a(ssi.o)
 .data          0x200003d4        0x0 C:\FreeRTOSv202212.01\FreeRTOS\Demo\Common\drivers\LuminaryMicro/arm-none-eabi-gcc/\libdriver.a(sysctl.o)
 .data          0x200003d4        0x0 C:\FreeRTOSv202212.01\FreeRTOS\Demo\Common\drivers\LuminaryMicro/arm-none-eabi-gcc/\libdriver.a(uart.o)
 .data          0x200003d4        0x0 C:\FreeRTOSv202212.01\FreeRTOS\Demo\Common\drivers\LuminaryMicro/arm-none-eabi-gcc/\libdriver.a(cpu.o)
 .data          0x200003d4        0x0 c:/program files (x86)/gnu arm embedded toolchain/10 2021.10/bin/../lib/gcc/arm-none-eabi/10.3.1/../../../../arm-none-eabi/lib/thumb/v7-m/nofp\libg_nano.a(lib_a-atoi.o)
 .data          0x200003d4        0x0 c:/program files (x86)/gnu arm embedded toolchain/10 2021.10/bin/../lib/gcc/arm-none-eabi/10.3.1/../../../../arm-none-eabi/lib/thumb/v7-m/nofp\libg_nano.a(lib_a-ctype_.o)
 .data          0x200003d4        0x0 c:/program files (x86)/gnu arm embedded toolchain/10 2021.10/bin/../lib/gcc/arm-none-eabi/10.3.1/../../../../arm-none-eabi/lib/thumb/v7-m/nofp\libg_nano.a(lib_a-memcpy-stub.o)
 .data          0x200003d4        0x0 c:/program files (x86)/gnu arm embedded toolchain/10 2021.10/bin/../lib/gcc/arm-none-eabi/10.3.1/../../../../arm-none-eabi/lib/thumb/v7-m/nofp\libg_nano.a(lib_a-memset.o)
 .data          0x200003d4        0x0 c:/program files (x86)/gnu arm embedded toolchain/10 2021.10/bin/../lib/gcc/arm-none-eabi/10.3.1/../../../../arm-none-eabi/lib/thumb/v7-m/nofp\libg_nano.a(lib_a-sprintf.o)
 .data          0x200003d4        0x0 c:/program files (x86)/gnu arm embedded toolchain/10 2021.10/bin/../lib/gcc/arm-none-eabi/10.3.1/../../../../arm-none-eabi/lib/thumb/v7-m/nofp\libg_nano.a(lib_a-strcmp.o)
 .data          0x200003d4        0x0 c:/program files (x86)/gnu arm embedded toolchain/10 2021.10/bin/../lib/gcc/arm-none-eabi/10.3.1/../../../../arm-none-eabi/lib/thumb/v7-m/nofp\libg_nano.a(lib_a-strcpy.o)