Archive member included to satisfy reference by file (symbol)

C:\FreeRTOSv202212.01\FreeRTOS\Demo\Common\drivers\LuminaryMicro/arm-none-eabi-gcc/\libdriver.a(gpio.o)
                              ./LocalDemoFiles/osram128x64x4.o (GPIODirModeSet)
C:\FreeRTOSv202212.01\FreeRTOS\Demo\Common\drivers\LuminaryMicro/arm-none-eabi-gcc/\libdriver.a(interrupt.o)
                              C:\FreeRTOSv202212.01\FreeRTOS\Demo\Common\drivers\LuminaryMicro/arm-none-eabi-gcc/\libdriver.a(gpio.o) (IntRegister)
C:\FreeRTOSv202212.01\FreeRTOS\Demo\Common\drivers\LuminaryMicro/arm-none-eabi-gcc/\libdriver.a(ssi.o)
                              ./LocalDemoFiles/osram128x64x4.o (SSIConfigSetExpClk)
C:\FreeRTOSv202212.01\FreeRTOS\Demo\Common\drivers\LuminaryMicro/arm-none-eabi-gcc/\libdriver.a(sysctl.o)
                              ./LocalDemoFiles/osram128x64x4.o (SysCtlPeripheralEnable)
C:\FreeRTOSv202212.01\FreeRTOS\Demo\Common\drivers\LuminaryMicro/arm-none-eabi-gcc/\libdriver.a(uart.o)
                              ./main.o (UARTEnable)
C:\FreeRTOSv202212.01\FreeRTOS\Demo\Common\drivers\LuminaryMicro/arm-none-eabi-gcc/\libdriver.a(cpu.o)
                              C:\FreeRTOSv202212.01\FreeRTOS\Demo\Common\drivers\LuminaryMicro/arm-none-eabi-gcc/\libdriver.a(interrupt.o) (CPUcpsid)
c:/program files (x86)/gnu arm embedded toolchain/10 2021.10/bin/../lib/gcc/arm-none-eabi/10.3.1/../../../../arm-none-eabi/lib/thumb/v7-m/nofp\libg_nano.a(lib_a-memcpy-stub.o)
                              ./FreeRTOS_Source/queue.o (memcpy)
c:/program files (x86)/gnu arm embedded toolchain/10 2021.10/bin/../lib/gcc/arm-none-eabi/10.3.1/../../../../arm-none-eabi/lib/thumb/v7-m/nofp\libg_nano.a(lib_a-memset.o)
                              ./FreeRTOS_Source/portable/MemMang/heap_4.o (memset)
c:/program files (x86)/gnu arm embedded toolchain/10 2021.10/bin/../lib/gcc/arm-none-eabi/10.3.1/../../../../arm-none-eabi/lib/thumb/v7-m/nofp\libg_nano.a(lib_a-sprintf.o)
                              ./FreeRTOS_Source/tasks.o (sprintf)
c:/program files (x86)/gnu arm embedded toolchain/10 2021.10/bin/../lib/gcc/arm-none-eabi/10.3.1/../../../../arm-none-eabi/lib/thumb/v7-m/nofp\libg_nano.a(lib_a-strcpy.o)
                              ./FreeRTOS_Source/tasks.o (strcpy)
c:/program files (x86)/gnu arm embedded toolchain/10 2021.10/bin/../lib/gcc/arm-none-eabi/10.3.1/../../../../arm-none-eabi/lib/thumb/v7-m/nofp\libg_nano.a(lib_a-strlen.o)
                              ./FreeRTOS_Source/tasks.o (strlen)
c:/program files (x86)/gnu arm embedded toolchain/10 2021.10/bin/../lib/gcc/arm-none-eabi/10.3.1/../../../../arm-none-eabi/lib/thumb/v7-m/nofp\libg_nano.a(lib_a-strncpy.o)
                              ./LegacyDrivers/ustdlib.o (strncpy)
c:/program files (x86)/gnu arm embedded toolchain/10 2021.10/bin/../lib/gcc/arm-none-eabi/10.3.1/../../../../arm-none-eabi/lib/thumb/v7-m/nofp\libg_nano.a(lib_a-impure.o)
                              c:/program files (x86)/gnu arm embedded toolchain/10 2021.10/bin/../lib/gcc/arm-none-eabi/10.3.1/../../../../arm-none-eabi/lib/thumb/v7-m/nofp\libg_nano.a(lib_a-sprintf.o) (_impure_ptr)
c:/program files (x86)/gnu arm embedded toolchain/10 2021.10/bin/../lib/gcc/arm-none-eabi/10.3.1/../../../../arm-none-eabi/lib/thumb/v7-m/nofp\libg_nano.a(lib_a-nano-svfprintf.o)
                              c:/program files (x86)/gnu arm embedded toolchain/10 2021.10/bin/../lib/gcc/arm-none-eabi/10.3.1/../../../../arm-none-eabi/lib/thumb/v7-m/nofp\libg_nano.a(lib_a-sprintf.o) (_svfprintf_r)
c:/program files (x86)/gnu arm embedded toolchain/10 2021.10/bin/../lib/gcc/arm-none-eabi/10.3.1/../../../../arm-none-eabi/lib/thumb/v7-m/nofp\libg_nano.a(lib_a-nano-vfprintf_i.o)
                              c:/program files (x86)/gnu arm embedded toolchain/10 2021.10/bin/../lib/gcc/arm-none-eabi/10.3.1/../../../../arm-none-eabi/lib/thumb/v7-m/nofp\libg_nano.a(lib_a-nano-svfprintf.o) (_printf_i)
c:/program files (x86)/gnu arm embedded toolchain/10 2021.10/bin/../lib/gcc/arm-none-eabi/10.3.1/../../../../arm-none-eabi/lib/thumb/v7-m/nofp\libg_nano.a(lib_a-memchr-stub.o)
                              c:/program files (x86)/gnu arm embedded toolchain/10 2021.10/bin/../lib/gcc/arm-none-eabi/10.3.1/../../../../arm-none-eabi/lib/thumb/v7-m/nofp\libg_nano.a(lib_a-nano-svfprintf.o) (memchr)
c:/program files (x86)/gnu arm embedded toolchain/10 2021.10/bin/../lib/gcc/arm-none-eabi/10.3.1/../../../../arm-none-eabi/lib/thumb/v7-m/nofp\libg_nano.a(lib_a-memmove.o)
                              c:/program files (x86)/gnu arm embedded toolchain/10 2021.10/bin/../lib/gcc/arm-none-eabi/10.3.1/../../../../arm-none-eabi/lib/thumb/v7-m/nofp\libg_nano.a(lib_a-nano-svfprintf.o) (memmove)
c:/program files (x86)/gnu arm embedded toolchain/10 2021.10/bin/../lib/gcc/arm-none-eabi/10.3.1/../../../../arm-none-eabi/lib/thumb/v7-m/nofp\libg_nano.a(lib_a-nano-freer.o)
[...]
Memory Configuration

Name             Origin             Length             Attributes
FLASH            0x00000000         0x00040000         xr
SRAM             0x20000000         0x00010000         xrw
*default*        0x00000000         0xffffffff

Linker script and memory map

LOAD ./LocalDemoFiles/display.o
LOAD ./LocalDemoFiles/osram128x64x4.o
LOAD ./LocalDemoFiles/serial.o
LOAD ./LegacyDrivers/ustdlib.o
LOAD ./FreeRTOS_Source/portable/MemMang/heap_4.o
LOAD ./FreeRTOS_Source/portable/GCC/ARM_CM3/port.o
LOAD ./FreeRTOS_Source/croutine.o
LOAD ./FreeRTOS_Source/event_groups.o
LOAD ./FreeRTOS_Source/list.o
LOAD ./FreeRTOS_Source/queue.o
LOAD ./FreeRTOS_Source/stream_buffer.o
LOAD ./FreeRTOS_Source/tasks.o
LOAD ./FreeRTOS_Source/timers.o
LOAD ./main.o
LOAD ./startup.o
LOAD C:\FreeRTOSv202212.01\FreeRTOS\Demo\Common\drivers\LuminaryMicro/arm-none-eabi-gcc/\libdriver.a
LOAD C:\FreeRTOSv202212.01\FreeRTOS\Demo\Common\drivers\LuminaryMicro/arm-none-eabi-gcc/\libgr.a
START GROUP
LOAD c:/program files (x86)/gnu arm embedded toolchain/10 2021.10/bin/../lib/gcc/arm-none-eabi/10.3.1/thumb/v7-m/nofp\libgcc.a
LOAD c:/program files (x86)/gnu arm embedded toolchain/10 2021.10/bin/../lib/gcc/arm-none-eabi/10.3.1/../../../../arm-none-eabi/lib/thumb/v7-m/nofp\libg_nano.a
LOAD c:/program files (x86)/gnu arm embedded toolchain/10 2021.10/bin/../lib/gcc/arm-none-eabi/10.3.1/../../../../arm-none-eabi/lib/thumb/v7-m/nofp\libc_nano.a
END GROUP
START GROUP
LOAD c:/program files (x86)/gnu arm embedded toolchain/10 2021.10/bin/../lib/gcc/arm-none-eabi/10.3.1/thumb/v7-m/nofp\libgcc.a
LOAD c:/program files (x86)/gnu arm embedded toolchain/10 2021.10/bin/../lib/gcc/arm-none-eabi/10.3.1/../../../../arm-none-eabi/lib/thumb/v7-m/nofp\libc_nano.a
END GROUP

.text           0x00000000     0xa07b
 *(.isr_vector)
 .isr_vector    0x00000000       0xf0 ./startup.o
                0x00000000                g_pfnVectors
 *(.text*)
 .text          0x000000f0        0x0 ./LocalDemoFiles/display.o
 .text.printScreanType
                0x000000f0       0x58 ./LocalDemoFiles/display.o
                0x000000f0                printScreanType
 .text.printMouse
                0x00000148       0x24 ./LocalDemoFiles/display.o
                0x00000148                printMouse
 .text          0x0000016c        0x0 ./LocalDemoFiles/osram128x64x4.o
 .text.OSRAMWriteCommand
                0x0000016c       0x60 ./LocalDemoFiles/osram128x64x4.o
 .text.OSRAMWriteData
                0x000001cc       0x60 ./LocalDemoFiles/osram128x64x4.o
 .text.OSRAM128x64x4Clear
                0x0000022c       0x64 ./LocalDemoFiles/osram128x64x4.o
                0x0000022c                OSRAM128x64x4Clear
 .text.OSRAM128x64x4StringDraw
                0x00000290      0x1c8 ./LocalDemoFiles/osram128x64x4.o
                0x00000290                OSRAM128x64x4StringDraw
 .text.OSRAM128x64x4ImageDraw
                0x00000458      0x118 ./LocalDemoFiles/osram128x64x4.o
                0x00000458                OSRAM128x64x4ImageDraw
 .text.OSRAM128x64x4PixelDraw
                0x00000570       0xc8 ./LocalDemoFiles/osram128x64x4.o
                0x00000570                OSRAM128x64x4PixelDraw
 .text.OSRAM128x64x4RectangleDraw
                0x00000638      0x19c ./LocalDemoFiles/osram128x64x4.o
                0x00000638                OSRAM128x64x4RectangleDraw
 .text.OSRAM128x64x4Enable
                0x000007d4       0x70 ./LocalDemoFiles/osram128x64x4.o
                0x000007d4                OSRAM128x64x4Enable
 .text.OSRAM128x64x4Disable
                0x00000844       0x5c ./LocalDemoFiles/osram128x64x4.o
                0x00000844                OSRAM128x64x4Disable
 .text.OSRAM128x64x4Init
                0x000008a0       0xd8 ./LocalDemoFiles/osram128x64x4.o
                0x000008a0                OSRAM128x64x4Init
 .text.OSRAM128x64x4DisplayOn
                0x00000978       0x4c ./LocalDemoFiles/osram128x64x4.o
                0x00000978                OSRAM128x64x4DisplayOn
 .text.OSRAM128x64x4DisplayOff
                0x000009c4       0x14 ./LocalDemoFiles/osram128x64x4.o
                0x000009c4                OSRAM128x64x4DisplayOff
 .text.OSRAM128x64x4SwapBuffer
                0x000009d8       0x4c ./LocalDemoFiles/osram128x64x4.o
                0x000009d8                OSRAM128x64x4SwapBuffer
 .text          0x00000a24        0x0 ./LocalDemoFiles/serial.o
 .text.printSerial
                0x00000a24       0xa4 ./LocalDemoFiles/serial.o
                0x00000a24                printSerial
 .text.moveMouse
                0x00000ac8       0xf4 ./LocalDemoFiles/serial.o
                0x00000ac8                moveMouse
 .text          0x00000bbc        0x0 ./LegacyDrivers/ustdlib.o
 .text.uvsnprintf
                0x00000bbc      0x3d0 ./LegacyDrivers/ustdlib.o
                0x00000bbc                uvsnprintf
 .text.usprintf
                0x00000f8c       0x30 ./LegacyDrivers/ustdlib.o
                0x00000f8c                usprintf
 .text.usnprintf
                0x00000fbc       0x30 ./LegacyDrivers/ustdlib.o
                0x00000fbc                usnprintf
 .text          0x00000fec        0x0 ./FreeRTOS_Source/portable/MemMang/heap_4.o
 .text.pvPortMalloc
                0x00000fec      0x15c ./FreeRTOS_Source/portable/MemMang/heap_4.o
                0x00000fec                pvPortMalloc
 .text.vPortFree
                0x00001148       0xa4 ./FreeRTOS_Source/portable/MemMang/heap_4.o
                0x00001148                vPortFree
 .text.xPortGetFreeHeapSize
                0x000011ec       0x14 ./FreeRTOS_Source/portable/MemMang/heap_4.o
                0x000011ec                xPortGetFreeHeapSize
 .text.xPortGetMinimumEverFreeHeapSize
                0x00001200       0x14 ./FreeRTOS_Source/portable/MemMang/heap_4.o
                0x00001200                xPortGetMinimumEverFreeHeapSize
 .text.vPortInitialiseBlocks
                0x00001214        0xc ./FreeRTOS_Source/portable/MemMang/heap_4.o
                0x00001214                vPortInitialiseBlocks
 .text.pvPortCalloc
                0x00001220       0x60 ./FreeRTOS_Source/portable/MemMang/heap_4.o
                0x00001220                pvPortCalloc
 .text.prvHeapInit
                0x00001280       0xb8 ./FreeRTOS_Source/portable/MemMang/heap_4.o
 .text.prvInsertBlockIntoFreeList
                0x00001338       0xb0 ./FreeRTOS_Source/portable/MemMang/heap_4.o
 .text.vPortGetHeapStats
                0x000013e8       0xbc ./FreeRTOS_Source/portable/MemMang/heap_4.o
                0x000013e8                vPortGetHeapStats
 .text          0x000014a4        0x0 ./FreeRTOS_Source/portable/GCC/ARM_CM3/port.o
 .text.pxPortInitialiseStack
                0x000014a4       0x58 ./FreeRTOS_Source/portable/GCC/ARM_CM3/port.o
                0x000014a4                pxPortInitialiseStack
 .text.prvTaskExitError
                0x000014fc       0x4c ./FreeRTOS_Source/portable/GCC/ARM_CM3/port.o
 *fill*         0x00001548        0x8 
 .text.vPortSVCHandler
                0x00001550       0x28 ./FreeRTOS_Source/portable/GCC/ARM_CM3/port.o
                0x00001550                vPortSVCHandler
 .text.prvPortStartFirstTask
                0x00001578       0x24 ./FreeRTOS_Source/portable/GCC/ARM_CM3/port.o
 .text.xPortStartScheduler
                0x0000159c       0xc0 ./FreeRTOS_Source/portable/GCC/ARM_CM3/port.o
                0x0000159c                xPortStartScheduler
 .text.vPortEndScheduler
                0x0000165c       0x24 ./FreeRTOS_Source/portable/GCC/ARM_CM3/port.o
                0x0000165c                vPortEndScheduler
 .text.vPortEnterCritical
                0x00001680       0x54 ./FreeRTOS_Source/portable/GCC/ARM_CM3/port.o
                0x00001680                vPortEnterCritical
 .text.vPortExitCritical
                0x000016d4       0x48 ./FreeRTOS_Source/portable/GCC/ARM_CM3/port.o
                0x000016d4                vPortExitCritical
 *fill*         0x0000171c        0x4 
 .text.xPortPendSVHandler
                0x00001720       0x48 ./FreeRTOS_Source/portable/GCC/ARM_CM3/port.o
                0x00001720                xPortPendSVHandler
 .text.xPortSysTickHandler
                0x00001768       0x44 ./FreeRTOS_Source/portable/GCC/ARM_CM3/port.o
                0x00001768                xPortSysTickHandler
 .text.vPortSetupTimerInterrupt
                0x000017ac       0x34 ./FreeRTOS_Source/portable/GCC/ARM_CM3/port.o
                0x000017ac                vPortSetupTimerInterrupt
 .text.vPortValidateInterruptPriority
                0x000017e0       0x68 ./FreeRTOS_Source/portable/GCC/ARM_CM3/port.o
                0x000017e0                vPortValidateInterruptPriority
 .text          0x00001848        0x0 ./FreeRTOS_Source/croutine.o
 .text          0x00001848        0x0 ./FreeRTOS_Source/event_groups.o
 .text.xEventGroupCreateStatic
                0x00001848       0x58 ./FreeRTOS_Source/event_groups.o
                0x00001848                xEventGroupCreateStatic
 .text.xEventGroupCreate
                0x000018a0       0x34 ./FreeRTOS_Source/event_groups.o
                0x000018a0                xEventGroupCreate
 .text.xEventGroupSync
                0x000018d4      0x138 ./FreeRTOS_Source/event_groups.o
                0x000018d4                xEventGroupSync
 .text.xEventGroupWaitBits
                0x00001a0c      0x170 ./FreeRTOS_Source/event_groups.o
                0x00001a0c                xEventGroupWaitBits
 .text.xEventGroupClearBits
                0x00001b7c       0x5c ./FreeRTOS_Source/event_groups.o
                0x00001b7c                xEventGroupClearBits
 .text.xEventGroupClearBitsFromISR
                0x00001bd8       0x28 ./FreeRTOS_Source/event_groups.o
                0x00001bd8                xEventGroupClearBitsFromISR
 .text.xEventGroupGetBitsFromISR
                0x00001c00       0x46 ./FreeRTOS_Source/event_groups.o
                0x00001c00                xEventGroupGetBitsFromISR
 *fill*         0x00001c46        0x2 
 .text.xEventGroupSetBits
                0x00001c48      0x104 ./FreeRTOS_Source/event_groups.o
                0x00001c48                xEventGroupSetBits
 .text.vEventGroupDelete
                0x00001d4c       0x74 ./FreeRTOS_Source/event_groups.o
                0x00001d4c                vEventGroupDelete
 .text.vEventGroupSetBitsCallback
                0x00001dc0       0x1a ./FreeRTOS_Source/event_groups.o
                0x00001dc0                vEventGroupSetBitsCallback
 .text.vEventGroupClearBitsCallback
                0x00001dda       0x1a ./FreeRTOS_Source/event_groups.o
                0x00001dda                vEventGroupClearBitsCallback
 .text.prvTestWaitCondition
                0x00001df4       0x42 ./FreeRTOS_Source/event_groups.o
 *fill*         0x00001e36        0x2 
 .text.xEventGroupSetBitsFromISR
                0x00001e38       0x28 ./FreeRTOS_Source/event_groups.o
                0x00001e38                xEventGroupSetBitsFromISR
 .text.uxEventGroupGetNumber
                0x00001e60       0x2a ./FreeRTOS_Source/event_groups.o
                0x00001e60                uxEventGroupGetNumber
 .text.vEventGroupSetNumber
                0x00001e8a       0x1a ./FreeRTOS_Source/event_groups.o
                0x00001e8a                vEventGroupSetNumber
 .text          0x00001ea4        0x0 ./FreeRTOS_Source/list.o
 .text.vListInitialise
                0x00001ea4       0x3e ./FreeRTOS_Source/list.o
                0x00001ea4                vListInitialise
 .text.vListInitialiseItem
                0x00001ee2       0x18 ./FreeRTOS_Source/list.o
                0x00001ee2                vListInitialiseItem
 .text.vListInsertEnd
                0x00001efa       0x46 ./FreeRTOS_Source/list.o
                0x00001efa                vListInsertEnd
 .text.vListInsert
                0x00001f40       0x70 ./FreeRTOS_Source/list.o
                0x00001f40                vListInsert
 .text.uxListRemove
                0x00001fb0       0x52 ./FreeRTOS_Source/list.o
                0x00001fb0                uxListRemove
 .text          0x00002002        0x0 ./FreeRTOS_Source/queue.o
 *fill*         0x00002002        0x2 
 .text.xQueueGenericReset
                0x00002004      0x10c ./FreeRTOS_Source/queue.o
                0x00002004                xQueueGenericReset
 .text.xQueueGenericCreateStatic
                0x00002110       0x9c ./FreeRTOS_Source/queue.o
                0x00002110                xQueueGenericCreateStatic
 .text.xQueueGenericCreate
                0x000021ac       0x9c ./FreeRTOS_Source/queue.o
                0x000021ac                xQueueGenericCreate
 .text.prvInitialiseNewQueue
                0x00002248       0x4c ./FreeRTOS_Source/queue.o
 .text.prvInitialiseMutex
                0x00002294       0x34 ./FreeRTOS_Source/queue.o
 .text.xQueueCreateMutex
                0x000022c8       0x30 ./FreeRTOS_Source/queue.o
                0x000022c8                xQueueCreateMutex
 .text.xQueueCreateMutexStatic
                0x000022f8       0x36 ./FreeRTOS_Source/queue.o
                0x000022f8                xQueueCreateMutexStatic
 *fill*         0x0000232e        0x2 
 .text.xQueueGetMutexHolder
                0x00002330       0x48 ./FreeRTOS_Source/queue.o
                0x00002330                xQueueGetMutexHolder
 .text.xQueueGetMutexHolderFromISR
                0x00002378       0x3c ./FreeRTOS_Source/queue.o
                0x00002378                xQueueGetMutexHolderFromISR
 .text.xQueueGiveMutexRecursive
                0x000023b4       0x60 ./FreeRTOS_Source/queue.o
                0x000023b4                xQueueGiveMutexRecursive
 .text.xQueueTakeMutexRecursive
                0x00002414       0x64 ./FreeRTOS_Source/queue.o
                0x00002414                xQueueTakeMutexRecursive
 .text.xQueueCreateCountingSemaphoreStatic
                0x00002478       0x5c ./FreeRTOS_Source/queue.o
                0x00002478                xQueueCreateCountingSemaphoreStatic
 .text.xQueueCreateCountingSemaphore
                0x000024d4       0x54 ./FreeRTOS_Source/queue.o
                0x000024d4                xQueueCreateCountingSemaphore
 .text.xQueueGenericSend
                0x00002528      0x208 ./FreeRTOS_Source/queue.o
                0x00002528                xQueueGenericSend
 .text.xQueueGenericSendFromISR
                0x00002730      0x168 ./FreeRTOS_Source/queue.o
                0x00002730                xQueueGenericSendFromISR
 .text.xQueueGiveFromISR
                0x00002898      0x13c ./FreeRTOS_Source/queue.o
                0x00002898                xQueueGiveFromISR
 .text.xQueueReceive
                0x000029d4      0x1a0 ./FreeRTOS_Source/queue.o
                0x000029d4                xQueueReceive
 .text.xQueueSemaphoreTake
                0x00002b74      0x1dc ./FreeRTOS_Source/queue.o
                0x00002b74                xQueueSemaphoreTake
 .text.xQueuePeek
                0x00002d50      0x1a4 ./FreeRTOS_Source/queue.o
                0x00002d50                xQueuePeek
 .text.xQueueReceiveFromISR
                0x00002ef4      0x110 ./FreeRTOS_Source/queue.o
                0x00002ef4                xQueueReceiveFromISR
 .text.xQueuePeekFromISR
                0x00003004       0xb4 ./FreeRTOS_Source/queue.o
                0x00003004                xQueuePeekFromISR
 .text.uxQueueMessagesWaiting
                0x000030b8       0x34 ./FreeRTOS_Source/queue.o
                0x000030b8                uxQueueMessagesWaiting
 .text.uxQueueSpacesAvailable
                0x000030ec       0x40 ./FreeRTOS_Source/queue.o
                0x000030ec                uxQueueSpacesAvailable
 .text.uxQueueMessagesWaitingFromISR
                0x0000312c       0x30 ./FreeRTOS_Source/queue.o
                0x0000312c                uxQueueMessagesWaitingFromISR
 .text.vQueueDelete
                0x0000315c       0x40 ./FreeRTOS_Source/queue.o
                0x0000315c                vQueueDelete
 .text.uxQueueGetQueueNumber
                0x0000319c       0x16 ./FreeRTOS_Source/queue.o
                0x0000319c                uxQueueGetQueueNumber
 .text.vQueueSetQueueNumber
                0x000031b2       0x1a ./FreeRTOS_Source/queue.o
                0x000031b2                vQueueSetQueueNumber
 .text.ucQueueGetQueueType
                0x000031cc       0x18 ./FreeRTOS_Source/queue.o
                0x000031cc                ucQueueGetQueueType
 .text.prvGetDisinheritPriorityAfterTimeout
                0x000031e4       0x2e ./FreeRTOS_Source/queue.o
 .text.prvCopyDataToQueue
                0x00003212       0xd4 ./FreeRTOS_Source/queue.o
 .text.prvCopyDataFromQueue
                0x000032e6       0x4c ./FreeRTOS_Source/queue.o
 .text.prvUnlockQueue
                0x00003332       0xbe ./FreeRTOS_Source/queue.o
 .text.prvIsQueueEmpty
                0x000033f0       0x2c ./FreeRTOS_Source/queue.o
 .text.xQueueIsQueueEmptyFromISR
                0x0000341c       0x3c ./FreeRTOS_Source/queue.o
                0x0000341c                xQueueIsQueueEmptyFromISR
 .text.prvIsQueueFull
                0x00003458       0x30 ./FreeRTOS_Source/queue.o
 .text.xQueueIsQueueFullFromISR
                0x00003488       0x40 ./FreeRTOS_Source/queue.o
                0x00003488                xQueueIsQueueFullFromISR
 .text.vQueueAddToRegistry
                0x000034c8       0x90 ./FreeRTOS_Source/queue.o
                0x000034c8                vQueueAddToRegistry
 .text.pcQueueGetName
                0x00003558       0x5c ./FreeRTOS_Source/queue.o
                0x00003558                pcQueueGetName
 .text.vQueueUnregisterQueue
                0x000035b4       0x64 ./FreeRTOS_Source/queue.o
                0x000035b4                vQueueUnregisterQueue
 .text.vQueueWaitForMessageRestricted
                0x00003618       0x68 ./FreeRTOS_Source/queue.o
                0x00003618                vQueueWaitForMessageRestricted
 .text.xQueueCreateSet
                0x00003680       0x1e ./FreeRTOS_Source/queue.o
                0x00003680                xQueueCreateSet
 .text.xQueueAddToSet
                0x0000369e       0x42 ./FreeRTOS_Source/queue.o
                0x0000369e                xQueueAddToSet
 .text.xQueueRemoveFromSet
                0x000036e0       0x48 ./FreeRTOS_Source/queue.o
                0x000036e0                xQueueRemoveFromSet
 .text.xQueueSelectFromSet
                0x00003728       0x26 ./FreeRTOS_Source/queue.o
                0x00003728                xQueueSelectFromSet
 .text.xQueueSelectFromSetFromISR
                0x0000374e       0x24 ./FreeRTOS_Source/queue.o
                0x0000374e                xQueueSelectFromSetFromISR
 *fill*         0x00003772        0x2 
 .text.prvNotifyQueueSetContainer
                0x00003774       0xc0 ./FreeRTOS_Source/queue.o
 .text          0x00003834        0x0 ./FreeRTOS_Source/stream_buffer.o
 .text.xStreamBufferGenericCreate
                0x00003834       0xac ./FreeRTOS_Source/stream_buffer.o
                0x00003834                xStreamBufferGenericCreate
 .text.xStreamBufferGenericCreateStatic
                0x000038e0       0xcc ./FreeRTOS_Source/stream_buffer.o
                0x000038e0                xStreamBufferGenericCreateStatic
 .text.vStreamBufferDelete
                0x000039ac       0x48 ./FreeRTOS_Source/stream_buffer.o
                0x000039ac                vStreamBufferDelete
 .text.xStreamBufferReset
                0x000039f4       0x84 ./FreeRTOS_Source/stream_buffer.o
                0x000039f4                xStreamBufferReset
 .text.xStreamBufferSetTriggerLevel
                0x00003a78       0x50 ./FreeRTOS_Source/stream_buffer.o
                0x00003a78                xStreamBufferSetTriggerLevel
 .text.xStreamBufferSpacesAvailable
                0x00003ac8       0x6c ./FreeRTOS_Source/stream_buffer.o
                0x00003ac8                xStreamBufferSpacesAvailable
 .text.xStreamBufferBytesAvailable
                0x00003b34       0x34 ./FreeRTOS_Source/stream_buffer.o
                0x00003b34                xStreamBufferBytesAvailable
 .text.xStreamBufferSend
                0x00003b68      0x170 ./FreeRTOS_Source/stream_buffer.o
                0x00003b68                xStreamBufferSend
 .text.xStreamBufferSendFromISR
                0x00003cd8       0xd4 ./FreeRTOS_Source/stream_buffer.o
                0x00003cd8                xStreamBufferSendFromISR
 .text.prvWriteMessageToBuffer
                0x00003dac       0x88 ./FreeRTOS_Source/stream_buffer.o
 .text.xStreamBufferReceive
                0x00003e34      0x110 ./FreeRTOS_Source/stream_buffer.o
                0x00003e34                xStreamBufferReceive
 .text.xStreamBufferNextMessageLengthBytes
                0x00003f44       0x74 ./FreeRTOS_Source/stream_buffer.o
                0x00003f44                xStreamBufferNextMessageLengthBytes
 .text.xStreamBufferReceiveFromISR
                0x00003fb8       0xcc ./FreeRTOS_Source/stream_buffer.o
                0x00003fb8                xStreamBufferReceiveFromISR
 .text.prvReadMessageFromBuffer
                0x00004084       0x7a ./FreeRTOS_Source/stream_buffer.o
 *fill*         0x000040fe        0x2 
 .text.xStreamBufferIsEmpty
                0x00004100       0x44 ./FreeRTOS_Source/stream_buffer.o
                0x00004100                xStreamBufferIsEmpty
 .text.xStreamBufferIsFull
                0x00004144       0x58 ./FreeRTOS_Source/stream_buffer.o
                0x00004144                xStreamBufferIsFull
 .text.xStreamBufferSendCompletedFromISR
                0x0000419c       0x84 ./FreeRTOS_Source/stream_buffer.o
                0x0000419c                xStreamBufferSendCompletedFromISR
 .text.xStreamBufferReceiveCompletedFromISR
                0x00004220       0x84 ./FreeRTOS_Source/stream_buffer.o
                0x00004220                xStreamBufferReceiveCompletedFromISR
 .text.prvWriteBytesToBuffer
                0x000042a4       0xbc ./FreeRTOS_Source/stream_buffer.o
 .text.prvReadBytesFromBuffer
                0x00004360       0xb4 ./FreeRTOS_Source/stream_buffer.o
 .text.prvBytesInBuffer
                0x00004414       0x3e ./FreeRTOS_Source/stream_buffer.o
 *fill*         0x00004452        0x2 
 .text.prvInitialiseNewStreamBuffer
                0x00004454       0x60 ./FreeRTOS_Source/stream_buffer.o
 .text.uxStreamBufferGetStreamBufferNumber
                0x000044b4       0x16 ./FreeRTOS_Source/stream_buffer.o
                0x000044b4                uxStreamBufferGetStreamBufferNumber
 .text.vStreamBufferSetStreamBufferNumber
                0x000044ca       0x1a ./FreeRTOS_Source/stream_buffer.o
                0x000044ca                vStreamBufferSetStreamBufferNumber
 .text.ucStreamBufferGetStreamBufferType
                0x000044e4       0x1c ./FreeRTOS_Source/stream_buffer.o
                0x000044e4                ucStreamBufferGetStreamBufferType
 .text          0x00004500        0x0 ./FreeRTOS_Source/tasks.o
 .text.xTaskCreateStatic
                0x00004500       0xa4 ./FreeRTOS_Source/tasks.o
                0x00004500                xTaskCreateStatic
 .text.xTaskCreate
                0x000045a4       0x94 ./FreeRTOS_Source/tasks.o
                0x000045a4                xTaskCreate
 .text.prvInitialiseNewTask
                0x00004638      0x10c ./FreeRTOS_Source/tasks.o
 .text.prvAddNewTaskToReadyList
                0x00004744      0x12c ./FreeRTOS_Source/tasks.o
 .text.vTaskDelete
                0x00004870      0x120 ./FreeRTOS_Source/tasks.o
                0x00004870                vTaskDelete
 .text.xTaskDelayUntil
                0x00004990       0xdc ./FreeRTOS_Source/tasks.o
                0x00004990                xTaskDelayUntil
 .text.vTaskDelay
                0x00004a6c       0x60 ./FreeRTOS_Source/tasks.o
                0x00004a6c                vTaskDelay
 .text.eTaskGetState
                0x00004acc       0xdc ./FreeRTOS_Source/tasks.o
                0x00004acc                eTaskGetState
 .text.uxTaskPriorityGet
                0x00004ba8       0x34 ./FreeRTOS_Source/tasks.o
                0x00004ba8                uxTaskPriorityGet
 .text.uxTaskPriorityGetFromISR
                0x00004bdc       0x58 ./FreeRTOS_Source/tasks.o
                0x00004bdc                uxTaskPriorityGetFromISR
 .text.vTaskPrioritySet
                0x00004c34      0x19c ./FreeRTOS_Source/tasks.o
                0x00004c34                vTaskPrioritySet
 .text.vTaskSuspend
                0x00004dd0      0x138 ./FreeRTOS_Source/tasks.o
                0x00004dd0                vTaskSuspend
 .text.prvTaskIsTaskSuspended
                0x00004f08       0x58 ./FreeRTOS_Source/tasks.o
 .text.vTaskResume
                0x00004f60      0x104 ./FreeRTOS_Source/tasks.o
                0x00004f60                vTaskResume
 .text.xTaskResumeFromISR
                0x00005064      0x134 ./FreeRTOS_Source/tasks.o
                0x00005064                xTaskResumeFromISR
 .text.vTaskStartScheduler
                0x00005198       0xd0 ./FreeRTOS_Source/tasks.o
                0x00005198                vTaskStartScheduler
 .text.vTaskEndScheduler
                0x00005268       0x30 ./FreeRTOS_Source/tasks.o
                0x00005268                vTaskEndScheduler
 .text.vTaskSuspendAll
                0x00005298       0x1c ./FreeRTOS_Source/tasks.o
                0x00005298                vTaskSuspendAll
 .text.xTaskResumeAll
                0x000052b4      0x1f0 ./FreeRTOS_Source/tasks.o
                0x000052b4                xTaskResumeAll
 .text.xTaskGetTickCount
                0x000054a4       0x1c ./FreeRTOS_Source/tasks.o
                0x000054a4                xTaskGetTickCount
 .text.xTaskGetTickCountFromISR
                0x000054c0       0x24 ./FreeRTOS_Source/tasks.o
                0x000054c0                xTaskGetTickCountFromISR
 .text.uxTaskGetNumberOfTasks
                0x000054e4       0x14 ./FreeRTOS_Source/tasks.o
                0x000054e4                uxTaskGetNumberOfTasks
 .text.pcTaskGetName
                0x000054f8       0x3c ./FreeRTOS_Source/tasks.o
                0x000054f8                pcTaskGetName
 .text.uxTaskGetSystemState
                0x00005534      0x11c ./FreeRTOS_Source/tasks.o
                0x00005534                uxTaskGetSystemState
 .text.xTaskGetIdleTaskHandle
                0x00005650       0x28 ./FreeRTOS_Source/tasks.o
                0x00005650                xTaskGetIdleTaskHandle
 .text.xTaskCatchUpTicks
                0x00005678       0x50 ./FreeRTOS_Source/tasks.o
                0x00005678                xTaskCatchUpTicks
 .text.xTaskIncrementTick
                0x000056c8      0x234 ./FreeRTOS_Source/tasks.o
                0x000056c8                xTaskIncrementTick
 .text.vTaskSwitchContext
                0x000058fc       0xf8 ./FreeRTOS_Source/tasks.o
                0x000058fc                vTaskSwitchContext
 .text.vTaskPlaceOnEventList
                0x000059f4       0x40 ./FreeRTOS_Source/tasks.o
                0x000059f4                vTaskPlaceOnEventList
 .text.vTaskPlaceOnUnorderedEventList
                0x00005a34       0x98 ./FreeRTOS_Source/tasks.o
                0x00005a34                vTaskPlaceOnUnorderedEventList
 .text.vTaskPlaceOnEventListRestricted
                0x00005acc       0x84 ./FreeRTOS_Source/tasks.o
                0x00005acc                vTaskPlaceOnEventListRestricted
 .text.xTaskRemoveFromEventList
                0x00005b50      0x1a0 ./FreeRTOS_Source/tasks.o
                0x00005b50                xTaskRemoveFromEventList
 .text.vTaskRemoveFromUnorderedEventList
                0x00005cf0      0x168 ./FreeRTOS_Source/tasks.o
                0x00005cf0                vTaskRemoveFromUnorderedEventList
 .text.vTaskSetTimeOutState
                0x00005e58       0x44 ./FreeRTOS_Source/tasks.o
                0x00005e58                vTaskSetTimeOutState
 .text.vTaskInternalSetTimeOutState
                0x00005e9c       0x2c ./FreeRTOS_Source/tasks.o
                0x00005e9c                vTaskInternalSetTimeOutState
 .text.xTaskCheckForTimeOut
                0x00005ec8       0xb8 ./FreeRTOS_Source/tasks.o
                0x00005ec8                xTaskCheckForTimeOut
 .text.vTaskMissedYield
                0x00005f80       0x18 ./FreeRTOS_Source/tasks.o
                0x00005f80                vTaskMissedYield
 .text.uxTaskGetTaskNumber
                0x00005f98       0x2a ./FreeRTOS_Source/tasks.o
                0x00005f98                uxTaskGetTaskNumber
 .text.vTaskSetTaskNumber
                0x00005fc2       0x24 ./FreeRTOS_Source/tasks.o
                0x00005fc2                vTaskSetTaskNumber
 .text.prvIdleTask
                0x00005fe6        0xe ./FreeRTOS_Source/tasks.o
 .text.prvInitialiseTaskLists
                0x00005ff4       0x80 ./FreeRTOS_Source/tasks.o
 .text.prvCheckTasksWaitingTermination
                0x00006074       0x5c ./FreeRTOS_Source/tasks.o
 .text.vTaskGetInfo
                0x000060d0       0xcc ./FreeRTOS_Source/tasks.o
                0x000060d0                vTaskGetInfo
 .text.prvListTasksWithinSingleList
                0x0000619c       0xa4 ./FreeRTOS_Source/tasks.o
 .text.prvTaskCheckFreeStackSpace
                0x00006240       0x36 ./FreeRTOS_Source/tasks.o
 *fill*         0x00006276        0x2 
 .text.uxTaskGetStackHighWaterMark
                0x00006278       0x38 ./FreeRTOS_Source/tasks.o
                0x00006278                uxTaskGetStackHighWaterMark
 .text.prvDeleteTCB
                0x000062b0       0x58 ./FreeRTOS_Source/tasks.o
 .text.prvResetNextTaskUnblockTime
                0x00006308       0x34 ./FreeRTOS_Source/tasks.o
 .text.xTaskGetCurrentTaskHandle
                0x0000633c       0x1c ./FreeRTOS_Source/tasks.o
                0x0000633c                xTaskGetCurrentTaskHandle
 .text.xTaskGetSchedulerState
                0x00006358       0x3c ./FreeRTOS_Source/tasks.o
                0x00006358                xTaskGetSchedulerState
 .text.xTaskPriorityInherit
                0x00006394      0x13c ./FreeRTOS_Source/tasks.o
                0x00006394                xTaskPriorityInherit
 .text.xTaskPriorityDisinherit
                0x000064d0      0x130 ./FreeRTOS_Source/tasks.o
                0x000064d0                xTaskPriorityDisinherit
 .text.vTaskPriorityDisinheritAfterTimeout
                0x00006600      0x15c ./FreeRTOS_Source/tasks.o
                0x00006600                vTaskPriorityDisinheritAfterTimeout
 .text.prvWriteNameToBuffer
                0x0000675c       0x4a ./FreeRTOS_Source/tasks.o
 *fill*         0x000067a6        0x2 
 .text.vTaskList
                0x000067a8      0x130 ./FreeRTOS_Source/tasks.o
                0x000067a8                vTaskList
 .text.uxTaskResetEventItemValue
                0x000068d8       0x30 ./FreeRTOS_Source/tasks.o
                0x000068d8                uxTaskResetEventItemValue
 .text.pvTaskIncrementMutexHeldCount
                0x00006908       0x28 ./FreeRTOS_Source/tasks.o
                0x00006908                pvTaskIncrementMutexHeldCount
 .text.ulTaskGenericNotifyTake
                0x00006930       0xc8 ./FreeRTOS_Source/tasks.o
                0x00006930                ulTaskGenericNotifyTake
 .text.xTaskGenericNotifyWait
                0x000069f8       0xf8 ./FreeRTOS_Source/tasks.o
                0x000069f8                xTaskGenericNotifyWait
 .text.xTaskGenericNotify
                0x00006af0      0x218 ./FreeRTOS_Source/tasks.o
                0x00006af0                xTaskGenericNotify
 .text.xTaskGenericNotifyFromISR
                0x00006d08      0x28c ./FreeRTOS_Source/tasks.o
                0x00006d08                xTaskGenericNotifyFromISR
 .text.vTaskGenericNotifyGiveFromISR
                0x00006f94      0x1ec ./FreeRTOS_Source/tasks.o
                0x00006f94                vTaskGenericNotifyGiveFromISR
 .text.xTaskGenericNotifyStateClear
                0x00007180       0x6c ./FreeRTOS_Source/tasks.o
                0x00007180                xTaskGenericNotifyStateClear
 .text.ulTaskGenericNotifyValueClear
                0x000071ec       0x5c ./FreeRTOS_Source/tasks.o
                0x000071ec                ulTaskGenericNotifyValueClear
 .text.prvAddCurrentTaskToDelayedList
                0x00007248      0x100 ./FreeRTOS_Source/tasks.o
 .text          0x00007348        0x0 ./FreeRTOS_Source/timers.o
 .text.xTimerCreateTimerTask
                0x00007348       0x88 ./FreeRTOS_Source/timers.o
                0x00007348                xTimerCreateTimerTask
 .text.xTimerCreate
                0x000073d0       0x42 ./FreeRTOS_Source/timers.o
                0x000073d0                xTimerCreate
 *fill*         0x00007412        0x2 
 .text.xTimerCreateStatic
                0x00007414       0x68 ./FreeRTOS_Source/timers.o
                0x00007414                xTimerCreateStatic
 .text.prvInitialiseNewTimer
                0x0000747c       0x68 ./FreeRTOS_Source/timers.o
 .text.xTimerGenericCommand
                0x000074e4       0x94 ./FreeRTOS_Source/timers.o
                0x000074e4                xTimerGenericCommand
 .text.xTimerGetTimerDaemonTaskHandle
                0x00007578       0x28 ./FreeRTOS_Source/timers.o
                0x00007578                xTimerGetTimerDaemonTaskHandle
 .text.xTimerGetPeriod
                0x000075a0       0x2c ./FreeRTOS_Source/timers.o
                0x000075a0                xTimerGetPeriod
 .text.vTimerSetReloadMode
                0x000075cc       0x60 ./FreeRTOS_Source/timers.o
                0x000075cc                vTimerSetReloadMode
 .text.xTimerGetReloadMode
                0x0000762c       0x4c ./FreeRTOS_Source/timers.o
                0x0000762c                xTimerGetReloadMode
 .text.uxTimerGetReloadMode
                0x00007678       0x18 ./FreeRTOS_Source/timers.o
                0x00007678                uxTimerGetReloadMode
 .text.xTimerGetExpiryTime
                0x00007690       0x30 ./FreeRTOS_Source/timers.o
                0x00007690                xTimerGetExpiryTime
 .text.pcTimerGetName
                0x000076c0       0x2c ./FreeRTOS_Source/timers.o
                0x000076c0                pcTimerGetName
 .text.prvReloadTimer
                0x000076ec       0x42 ./FreeRTOS_Source/timers.o
 *fill*         0x0000772e        0x2 
 .text.prvProcessExpiredTimer
                0x00007730       0x60 ./FreeRTOS_Source/timers.o
 .text.prvTimerTask
                0x00007790       0x24 ./FreeRTOS_Source/timers.o
 .text.prvProcessTimerOrBlockTask
                0x000077b4       0x9c ./FreeRTOS_Source/timers.o
 .text.prvGetNextExpireTime
                0x00007850       0x44 ./FreeRTOS_Source/timers.o
 .text.prvSampleTimeNow
                0x00007894       0x40 ./FreeRTOS_Source/timers.o
 .text.prvInsertTimerInActiveList
                0x000078d4       0x84 ./FreeRTOS_Source/timers.o
 .text.prvProcessReceivedCommands
                0x00007958      0x1a0 ./FreeRTOS_Source/timers.o
 .text.prvSwitchTimerLists
                0x00007af8       0x4c ./FreeRTOS_Source/timers.o
 .text.prvCheckForValidListAndQueue
                0x00007b44       0x80 ./FreeRTOS_Source/timers.o
 .text.xTimerIsTimerActive
                0x00007bc4       0x4c ./FreeRTOS_Source/timers.o
                0x00007bc4                xTimerIsTimerActive
 .text.pvTimerGetTimerID
                0x00007c10       0x38 ./FreeRTOS_Source/timers.o
                0x00007c10                pvTimerGetTimerID
 .text.vTimerSetTimerID
                0x00007c48       0x38 ./FreeRTOS_Source/timers.o
                0x00007c48                vTimerSetTimerID
 .text.xTimerPendFunctionCallFromISR
                0x00007c80       0x40 ./FreeRTOS_Source/timers.o
                0x00007c80                xTimerPendFunctionCallFromISR
 .text.xTimerPendFunctionCall
                0x00007cc0       0x58 ./FreeRTOS_Source/timers.o
                0x00007cc0                xTimerPendFunctionCall
 .text.uxTimerGetTimerNumber
                0x00007d18       0x16 ./FreeRTOS_Source/timers.o
                0x00007d18                uxTimerGetTimerNumber
 .text.vTimerSetTimerNumber
                0x00007d2e       0x1a ./FreeRTOS_Source/timers.o
                0x00007d2e                vTimerSetTimerNumber
 .text          0x00007d48        0x0 ./main.o
 .text.main     0x00007d48       0x48 ./main.o
                0x00007d48                main
 .text.prvSetupHardware
                0x00007d90       0x64 ./main.o
 .text.vApplicationTickHook
                0x00007df4        0xc ./main.o
                0x00007df4                vApplicationTickHook
 .text.SerialTask
                0x00007e00       0x40 ./main.o
 .text.RefreshDisplayTask
                0x00007e40       0x44 ./main.o
 .text.vApplicationStackOverflowHook
                0x00007e84       0x24 ./main.o
                0x00007e84                vApplicationStackOverflowHook
 .text.vAssertCalled
                0x00007ea8       0x26 ./main.o
                0x00007ea8                vAssertCalled
 *fill*         0x00007ece        0x2 
 .text.vApplicationGetIdleTaskMemory
                0x00007ed0       0x30 ./main.o
                0x00007ed0                vApplicationGetIdleTaskMemory
 .text.vApplicationGetTimerTaskMemory
                0x00007f00       0x30 ./main.o
                0x00007f00                vApplicationGetTimerTaskMemory
 .text._sbrk_r  0x00007f30       0x2c ./main.o
                0x00007f30                _sbrk_r
 .text          0x00007f5c        0x0 ./startup.o
 .text.IntDefaultHandler
                0x00007f5c       0x14 ./startup.o
 .text.FaultISR
                0x00007f70       0x14 ./startup.o
 .text.NmiSR    0x00007f84       0x14 ./startup.o
 .text.ResetISR
                0x00007f98       0x50 ./startup.o
                0x00007f98                ResetISR
 .text.uipprintf
                0x00007fe8        0x8 ./startup.o
                0x00007fe8                uipprintf
 .text          0x00007ff0        0x0 C:\FreeRTOSv202212.01\FreeRTOS\Demo\Common\drivers\LuminaryMicro/arm-none-eabi-gcc/\libdriver.a(gpio.o)
 .text.GPIOGetIntNumber
                0x00007ff0       0xa4 C:\FreeRTOSv202212.01\FreeRTOS\Demo\Common\drivers\LuminaryMicro/arm-none-eabi-gcc/\libdriver.a(gpio.o)
 .text.GPIODirModeSet
                0x00008094       0x44 C:\FreeRTOSv202212.01\FreeRTOS\Demo\Common\drivers\LuminaryMicro/arm-none-eabi-gcc/\libdriver.a(gpio.o)
                0x00008094                GPIODirModeSet
 .text.GPIODirModeGet
                0x000080d8       0x20 C:\FreeRTOSv202212.01\FreeRTOS\Demo\Common\drivers\LuminaryMicro/arm-none-eabi-gcc/\libdriver.a(gpio.o)
                0x000080d8                GPIODirModeGet
 .text.GPIOIntTypeSet
                0x000080f8       0x70 C:\FreeRTOSv202212.01\FreeRTOS\Demo\Common\drivers\LuminaryMicro/arm-none-eabi-gcc/\libdriver.a(gpio.o)
                0x000080f8                GPIOIntTypeSet
 .text.GPIOIntTypeGet
                0x00008168       0x30 C:\FreeRTOSv202212.01\FreeRTOS\Demo\Common\drivers\LuminaryMicro/arm-none-eabi-gcc/\libdriver.a(gpio.o)
                0x00008168                GPIOIntTypeGet
 .text.GPIOPadConfigSet
                0x00008198      0x130 C:\FreeRTOSv202212.01\FreeRTOS\Demo\Common\drivers\LuminaryMicro/arm-none-eabi-gcc/\libdriver.a(gpio.o)
                0x00008198                GPIOPadConfigSet
 .text.GPIOPadConfigGet
                0x000082c8       0x78 C:\FreeRTOSv202212.01\FreeRTOS\Demo\Common\drivers\LuminaryMicro/arm-none-eabi-gcc/\libdriver.a(gpio.o)
                0x000082c8                GPIOPadConfigGet
 .text.GPIOPinIntEnable
                0x00008340        0xc C:\FreeRTOSv202212.01\FreeRTOS\Demo\Common\drivers\LuminaryMicro/arm-none-eabi-gcc/\libdriver.a(gpio.o)
                0x00008340                GPIOPinIntEnable
 .text.GPIOPinIntDisable
                0x0000834c       0x10 C:\FreeRTOSv202212.01\FreeRTOS\Demo\Common\drivers\LuminaryMicro/arm-none-eabi-gcc/\libdriver.a(gpio.o)
                0x0000834c                GPIOPinIntDisable
 .text.GPIOPinIntStatus
                0x0000835c       0x10 C:\FreeRTOSv202212.01\FreeRTOS\Demo\Common\drivers\LuminaryMicro/arm-none-eabi-gcc/\libdriver.a(gpio.o)
                0x0000835c                GPIOPinIntStatus
 .text.GPIOPinIntClear
                0x0000836c        0x8 C:\FreeRTOSv202212.01\FreeRTOS\Demo\Common\drivers\LuminaryMicro/arm-none-eabi-gcc/\libdriver.a(gpio.o)
                0x0000836c                GPIOPinIntClear
 .text.GPIOPinRead
                0x00008374        0x8 C:\FreeRTOSv202212.01\FreeRTOS\Demo\Common\drivers\LuminaryMicro/arm-none-eabi-gcc/\libdriver.a(gpio.o)
                0x00008374                GPIOPinRead
 .text.GPIOPinWrite
                0x0000837c        0x8 C:\FreeRTOSv202212.01\FreeRTOS\Demo\Common\drivers\LuminaryMicro/arm-none-eabi-gcc/\libdriver.a(gpio.o)
                0x0000837c                GPIOPinWrite
 .text.GPIOPinTypeADC
                0x00008384       0x1c C:\FreeRTOSv202212.01\FreeRTOS\Demo\Common\drivers\LuminaryMicro/arm-none-eabi-gcc/\libdriver.a(gpio.o)
                0x00008384                GPIOPinTypeADC
 .text.GPIOPinTypeCAN
                0x000083a0       0x1c C:\FreeRTOSv202212.01\FreeRTOS\Demo\Common\drivers\LuminaryMicro/arm-none-eabi-gcc/\libdriver.a(gpio.o)
                0x000083a0                GPIOPinTypeCAN
 .text.GPIOPinTypeComparator
                0x000083bc       0x1c C:\FreeRTOSv202212.01\FreeRTOS\Demo\Common\drivers\LuminaryMicro/arm-none-eabi-gcc/\libdriver.a(gpio.o)
                0x000083bc                GPIOPinTypeComparator
 .text.GPIOPinTypeGPIOInput
                0x000083d8       0x1c C:\FreeRTOSv202212.01\FreeRTOS\Demo\Common\drivers\LuminaryMicro/arm-none-eabi-gcc/\libdriver.a(gpio.o)
                0x000083d8                GPIOPinTypeGPIOInput
 .text.GPIOPinTypeGPIOOutput
                0x000083f4       0x1c C:\FreeRTOSv202212.01\FreeRTOS\Demo\Common\drivers\LuminaryMicro/arm-none-eabi-gcc/\libdriver.a(gpio.o)
                0x000083f4                GPIOPinTypeGPIOOutput
 .text.GPIOPinTypeGPIOOutputOD
                0x00008410       0x1c C:\FreeRTOSv202212.01\FreeRTOS\Demo\Common\drivers\LuminaryMicro/arm-none-eabi-gcc/\libdriver.a(gpio.o)
                0x00008410                GPIOPinTypeGPIOOutputOD
 .text.GPIOPinTypeI2C
                0x0000842c       0x1c C:\FreeRTOSv202212.01\FreeRTOS\Demo\Common\drivers\LuminaryMicro/arm-none-eabi-gcc/\libdriver.a(gpio.o)
                0x0000842c                GPIOPinTypeI2C
 .text.GPIOPinTypePWM
                0x00008448       0x1c C:\FreeRTOSv202212.01\FreeRTOS\Demo\Common\drivers\LuminaryMicro/arm-none-eabi-gcc/\libdriver.a(gpio.o)
                0x00008448                GPIOPinTypePWM
 .text.GPIOPinTypeQEI
                0x00008464       0x1c C:\FreeRTOSv202212.01\FreeRTOS\Demo\Common\drivers\LuminaryMicro/arm-none-eabi-gcc/\libdriver.a(gpio.o)
                0x00008464                GPIOPinTypeQEI
 .text.GPIOPinTypeSSI
                0x00008480       0x1c C:\FreeRTOSv202212.01\FreeRTOS\Demo\Common\drivers\LuminaryMicro/arm-none-eabi-gcc/\libdriver.a(gpio.o)
                0x00008480                GPIOPinTypeSSI
 .text.GPIOPinTypeTimer
                0x0000849c       0x1c C:\FreeRTOSv202212.01\FreeRTOS\Demo\Common\drivers\LuminaryMicro/arm-none-eabi-gcc/\libdriver.a(gpio.o)
                0x0000849c                GPIOPinTypeTimer
 .text.GPIOPinTypeUART
                0x000084b8       0x1c C:\FreeRTOSv202212.01\FreeRTOS\Demo\Common\drivers\LuminaryMicro/arm-none-eabi-gcc/\libdriver.a(gpio.o)
                0x000084b8                GPIOPinTypeUART
 .text.GPIOPinTypeUSBDigital
                0x000084d4       0x1c C:\FreeRTOSv202212.01\FreeRTOS\Demo\Common\drivers\LuminaryMicro/arm-none-eabi-gcc/\libdriver.a(gpio.o)
                0x000084d4                GPIOPinTypeUSBDigital
 .text.GPIOPortIntUnregister
                0x000084f0       0x14 C:\FreeRTOSv202212.01\FreeRTOS\Demo\Common\drivers\LuminaryMicro/arm-none-eabi-gcc/\libdriver.a(gpio.o)
                0x000084f0                GPIOPortIntUnregister
 .text.GPIOPortIntRegister
                0x00008504       0x18 C:\FreeRTOSv202212.01\FreeRTOS\Demo\Common\drivers\LuminaryMicro/arm-none-eabi-gcc/\libdriver.a(gpio.o)
                0x00008504                GPIOPortIntRegister
 .text          0x0000851c        0x0 C:\FreeRTOSv202212.01\FreeRTOS\Demo\Common\drivers\LuminaryMicro/arm-none-eabi-gcc/\libdriver.a(interrupt.o)
 .text.IntDefaultHandler
                0x0000851c        0x4 C:\FreeRTOSv202212.01\FreeRTOS\Demo\Common\drivers\LuminaryMicro/arm-none-eabi-gcc/\libdriver.a(interrupt.o)
 .text.IntRegister
                0x00008520       0x3c C:\FreeRTOSv202212.01\FreeRTOS\Demo\Common\drivers\LuminaryMicro/arm-none-eabi-gcc/\libdriver.a(interrupt.o)
                0x00008520                IntRegister
 .text.IntUnregister
                0x0000855c       0x14 C:\FreeRTOSv202212.01\FreeRTOS\Demo\Common\drivers\LuminaryMicro/arm-none-eabi-gcc/\libdriver.a(interrupt.o)
                0x0000855c                IntUnregister
 .text.IntPriorityGroupingSet
                0x00008570       0x1c C:\FreeRTOSv202212.01\FreeRTOS\Demo\Common\drivers\LuminaryMicro/arm-none-eabi-gcc/\libdriver.a(interrupt.o)
                0x00008570                IntPriorityGroupingSet
 .text.IntPriorityGroupingGet
                0x0000858c       0x24 C:\FreeRTOSv202212.01\FreeRTOS\Demo\Common\drivers\LuminaryMicro/arm-none-eabi-gcc/\libdriver.a(interrupt.o)
                0x0000858c                IntPriorityGroupingGet
 .text.IntPrioritySet
                0x000085b0       0x28 C:\FreeRTOSv202212.01\FreeRTOS\Demo\Common\drivers\LuminaryMicro/arm-none-eabi-gcc/\libdriver.a(interrupt.o)
                0x000085b0                IntPrioritySet
 .text.IntPriorityGet
                0x000085d8       0x20 C:\FreeRTOSv202212.01\FreeRTOS\Demo\Common\drivers\LuminaryMicro/arm-none-eabi-gcc/\libdriver.a(interrupt.o)
                0x000085d8                IntPriorityGet
 .text.IntEnable
                0x000085f8       0x74 C:\FreeRTOSv202212.01\FreeRTOS\Demo\Common\drivers\LuminaryMicro/arm-none-eabi-gcc/\libdriver.a(interrupt.o)
                0x000085f8                IntEnable
 .text.IntDisable
                0x0000866c       0x74 C:\FreeRTOSv202212.01\FreeRTOS\Demo\Common\drivers\LuminaryMicro/arm-none-eabi-gcc/\libdriver.a(interrupt.o)
                0x0000866c                IntDisable
 .text.IntMasterDisable
                0x000086e0        0xc C:\FreeRTOSv202212.01\FreeRTOS\Demo\Common\drivers\LuminaryMicro/arm-none-eabi-gcc/\libdriver.a(interrupt.o)
                0x000086e0                IntMasterDisable
 .text.IntMasterEnable
                0x000086ec        0xc C:\FreeRTOSv202212.01\FreeRTOS\Demo\Common\drivers\LuminaryMicro/arm-none-eabi-gcc/\libdriver.a(interrupt.o)
                0x000086ec                IntMasterEnable
 .text          0x000086f8        0x0 C:\FreeRTOSv202212.01\FreeRTOS\Demo\Common\drivers\LuminaryMicro/arm-none-eabi-gcc/\libdriver.a(ssi.o)
 .text.SSIConfigSetExpClk
                0x000086f8       0x48 C:\FreeRTOSv202212.01\FreeRTOS\Demo\Common\drivers\LuminaryMicro/arm-none-eabi-gcc/\libdriver.a(ssi.o)
                0x000086f8                SSIConfigSetExpClk
 .text.SSIEnable
                0x00008740        0xc C:\FreeRTOSv202212.01\FreeRTOS\Demo\Common\drivers\LuminaryMicro/arm-none-eabi-gcc/\libdriver.a(ssi.o)
                0x00008740                SSIEnable
 .text.SSIDisable
                0x0000874c        0xc C:\FreeRTOSv202212.01\FreeRTOS\Demo\Common\drivers\LuminaryMicro/arm-none-eabi-gcc/\libdriver.a(ssi.o)
                0x0000874c                SSIDisable
 .text.SSIIntEnable
                0x00008758        0x8 C:\FreeRTOSv202212.01\FreeRTOS\Demo\Common\drivers\LuminaryMicro/arm-none-eabi-gcc/\libdriver.a(ssi.o)
                0x00008758                SSIIntEnable
 .text.SSIIntDisable
                0x00008760        0xc C:\FreeRTOSv202212.01\FreeRTOS\Demo\Common\drivers\LuminaryMicro/arm-none-eabi-gcc/\libdriver.a(ssi.o)
                0x00008760                SSIIntDisable
 .text.SSIIntStatus
                0x0000876c        0xc C:\FreeRTOSv202212.01\FreeRTOS\Demo\Common\drivers\LuminaryMicro/arm-none-eabi-gcc/\libdriver.a(ssi.o)
                0x0000876c                SSIIntStatus
 .text.SSIIntClear
                0x00008778        0x4 C:\FreeRTOSv202212.01\FreeRTOS\Demo\Common\drivers\LuminaryMicro/arm-none-eabi-gcc/\libdriver.a(ssi.o)
                0x00008778                SSIIntClear
 .text.SSIDataPut
                0x0000877c       0x10 C:\FreeRTOSv202212.01\FreeRTOS\Demo\Common\drivers\LuminaryMicro/arm-none-eabi-gcc/\libdriver.a(ssi.o)
                0x0000877c                SSIDataPut
 .text.SSIDataPutNonBlocking
                0x0000878c       0x10 C:\FreeRTOSv202212.01\FreeRTOS\Demo\Common\drivers\LuminaryMicro/arm-none-eabi-gcc/\libdriver.a(ssi.o)
                0x0000878c                SSIDataPutNonBlocking
 .text.SSIDataGet
                0x0000879c       0x14 C:\FreeRTOSv202212.01\FreeRTOS\Demo\Common\drivers\LuminaryMicro/arm-none-eabi-gcc/\libdriver.a(ssi.o)
                0x0000879c                SSIDataGet
 .text.SSIDataGetNonBlocking
                0x000087b0       0x14 C:\FreeRTOSv202212.01\FreeRTOS\Demo\Common\drivers\LuminaryMicro/arm-none-eabi-gcc/\libdriver.a(ssi.o)
                0x000087b0                SSIDataGetNonBlocking
 .text.SSIDMAEnable
                0x000087c4        0x8 C:\FreeRTOSv202212.01\FreeRTOS\Demo\Common\drivers\LuminaryMicro/arm-none-eabi-gcc/\libdriver.a(ssi.o)
                0x000087c4                SSIDMAEnable
 .text.SSIDMADisable
                0x000087cc        0xc C:\FreeRTOSv202212.01\FreeRTOS\Demo\Common\drivers\LuminaryMicro/arm-none-eabi-gcc/\libdriver.a(ssi.o)
                0x000087cc                SSIDMADisable
 .text.SSIIntUnregister
                0x000087d8       0x20 C:\FreeRTOSv202212.01\FreeRTOS\Demo\Common\drivers\LuminaryMicro/arm-none-eabi-gcc/\libdriver.a(ssi.o)
                0x000087d8                SSIIntUnregister
 .text.SSIIntRegister
                0x000087f8       0x20 C:\FreeRTOSv202212.01\FreeRTOS\Demo\Common\drivers\LuminaryMicro/arm-none-eabi-gcc/\libdriver.a(ssi.o)
                0x000087f8                SSIIntRegister
 .text          0x00008818        0x0 C:\FreeRTOSv202212.01\FreeRTOS\Demo\Common\drivers\LuminaryMicro/arm-none-eabi-gcc/\libdriver.a(sysctl.o)
 .text.SysCtlSRAMSizeGet
                0x00008818       0x14 C:\FreeRTOSv202212.01\FreeRTOS\Demo\Common\drivers\LuminaryMicro/arm-none-eabi-gcc/\libdriver.a(sysctl.o)
                0x00008818                SysCtlSRAMSizeGet
 .text.SysCtlFlashSizeGet
                0x0000882c       0x14 C:\FreeRTOSv202212.01\FreeRTOS\Demo\Common\drivers\LuminaryMicro/arm-none-eabi-gcc/\libdriver.a(sysctl.o)
                0x0000882c                SysCtlFlashSizeGet
 .text.SysCtlPinPresent
                0x00008840       0x14 C:\FreeRTOSv202212.01\FreeRTOS\Demo\Common\drivers\LuminaryMicro/arm-none-eabi-gcc/\libdriver.a(sysctl.o)
                0x00008840                SysCtlPinPresent
 .text.SysCtlPeripheralPresent
                0x00008854       0x28 C:\FreeRTOSv202212.01\FreeRTOS\Demo\Common\drivers\LuminaryMicro/arm-none-eabi-gcc/\libdriver.a(sysctl.o)
                0x00008854                SysCtlPeripheralPresent
 .text.SysCtlPeripheralReset
                0x0000887c       0x44 C:\FreeRTOSv202212.01\FreeRTOS\Demo\Common\drivers\LuminaryMicro/arm-none-eabi-gcc/\libdriver.a(sysctl.o)
                0x0000887c                SysCtlPeripheralReset
 .text.SysCtlPeripheralEnable
                0x000088c0       0x24 C:\FreeRTOSv202212.01\FreeRTOS\Demo\Common\drivers\LuminaryMicro/arm-none-eabi-gcc/\libdriver.a(sysctl.o)
                0x000088c0                SysCtlPeripheralEnable
 .text.SysCtlPeripheralDisable
                0x000088e4       0x24 C:\FreeRTOSv202212.01\FreeRTOS\Demo\Common\drivers\LuminaryMicro/arm-none-eabi-gcc/\libdriver.a(sysctl.o)
                0x000088e4                SysCtlPeripheralDisable
 .text.SysCtlPeripheralSleepEnable
                0x00008908       0x24 C:\FreeRTOSv202212.01\FreeRTOS\Demo\Common\drivers\LuminaryMicro/arm-none-eabi-gcc/\libdriver.a(sysctl.o)
                0x00008908                SysCtlPeripheralSleepEnable
 .text.SysCtlPeripheralSleepDisable
                0x0000892c       0x24 C:\FreeRTOSv202212.01\FreeRTOS\Demo\Common\drivers\LuminaryMicro/arm-none-eabi-gcc/\libdriver.a(sysctl.o)
                0x0000892c                SysCtlPeripheralSleepDisable
 .text.SysCtlPeripheralDeepSleepEnable
                0x00008950       0x24 C:\FreeRTOSv202212.01\FreeRTOS\Demo\Common\drivers\LuminaryMicro/arm-none-eabi-gcc/\libdriver.a(sysctl.o)
                0x00008950                SysCtlPeripheralDeepSleepEnable
 .text.SysCtlPeripheralDeepSleepDisable
                0x00008974       0x24 C:\FreeRTOSv202212.01\FreeRTOS\Demo\Common\drivers\LuminaryMicro/arm-none-eabi-gcc/\libdriver.a(sysctl.o)
                0x00008974                SysCtlPeripheralDeepSleepDisable
 .text.SysCtlPeripheralClockGating
                0x00008998       0x20 C:\FreeRTOSv202212.01\FreeRTOS\Demo\Common\drivers\LuminaryMicro/arm-none-eabi-gcc/\libdriver.a(sysctl.o)
                0x00008998                SysCtlPeripheralClockGating
 .text.SysCtlIntEnable
                0x000089b8       0x10 C:\FreeRTOSv202212.01\FreeRTOS\Demo\Common\drivers\LuminaryMicro/arm-none-eabi-gcc/\libdriver.a(sysctl.o)
                0x000089b8                SysCtlIntEnable
 .text.SysCtlIntDisable
                0x000089c8       0x10 C:\FreeRTOSv202212.01\FreeRTOS\Demo\Common\drivers\LuminaryMicro/arm-none-eabi-gcc/\libdriver.a(sysctl.o)
                0x000089c8                SysCtlIntDisable
 .text.SysCtlIntClear
                0x000089d8        0xc C:\FreeRTOSv202212.01\FreeRTOS\Demo\Common\drivers\LuminaryMicro/arm-none-eabi-gcc/\libdriver.a(sysctl.o)
                0x000089d8                SysCtlIntClear
 .text.SysCtlIntStatus
                0x000089e4       0x18 C:\FreeRTOSv202212.01\FreeRTOS\Demo\Common\drivers\LuminaryMicro/arm-none-eabi-gcc/\libdriver.a(sysctl.o)
                0x000089e4                SysCtlIntStatus
 .text.SysCtlLDOSet
                0x000089fc        0xc C:\FreeRTOSv202212.01\FreeRTOS\Demo\Common\drivers\LuminaryMicro/arm-none-eabi-gcc/\libdriver.a(sysctl.o)
                0x000089fc                SysCtlLDOSet
 .text.SysCtlLDOGet
                0x00008a08        0xc C:\FreeRTOSv202212.01\FreeRTOS\Demo\Common\drivers\LuminaryMicro/arm-none-eabi-gcc/\libdriver.a(sysctl.o)
                0x00008a08                SysCtlLDOGet
 .text.SysCtlLDOConfigSet
                0x00008a14        0xc C:\FreeRTOSv202212.01\FreeRTOS\Demo\Common\drivers\LuminaryMicro/arm-none-eabi-gcc/\libdriver.a(sysctl.o)
                0x00008a14                SysCtlLDOConfigSet
 .text.SysCtlReset
                0x00008a20       0x10 C:\FreeRTOSv202212.01\FreeRTOS\Demo\Common\drivers\LuminaryMicro/arm-none-eabi-gcc/\libdriver.a(sysctl.o)
                0x00008a20                SysCtlReset
 .text.SysCtlResetCauseGet
                0x00008a30        0xc C:\FreeRTOSv202212.01\FreeRTOS\Demo\Common\drivers\LuminaryMicro/arm-none-eabi-gcc/\libdriver.a(sysctl.o)
                0x00008a30                SysCtlResetCauseGet
 .text.SysCtlResetCauseClear
                0x00008a3c       0x10 C:\FreeRTOSv202212.01\FreeRTOS\Demo\Common\drivers\LuminaryMicro/arm-none-eabi-gcc/\libdriver.a(sysctl.o)
                0x00008a3c                SysCtlResetCauseClear
 .text.SysCtlBrownOutConfigSet
                0x00008a4c       0x10 C:\FreeRTOSv202212.01\FreeRTOS\Demo\Common\drivers\LuminaryMicro/arm-none-eabi-gcc/\libdriver.a(sysctl.o)
                0x00008a4c                SysCtlBrownOutConfigSet
 .text.SysCtlDelay
                0x00008a5c        0x8 C:\FreeRTOSv202212.01\FreeRTOS\Demo\Common\drivers\LuminaryMicro/arm-none-eabi-gcc/\libdriver.a(sysctl.o)
                0x00008a5c                SysCtlDelay
 .text.SysCtlClockSet
                0x00008a64      0x168 C:\FreeRTOSv202212.01\FreeRTOS\Demo\Common\drivers\LuminaryMicro/arm-none-eabi-gcc/\libdriver.a(sysctl.o)
                0x00008a64                SysCtlClockSet
 .text.SysCtlClockGet
                0x00008bcc      0x150 C:\FreeRTOSv202212.01\FreeRTOS\Demo\Common\drivers\LuminaryMicro/arm-none-eabi-gcc/\libdriver.a(sysctl.o)
                0x00008bcc                SysCtlClockGet
 .text.SysCtlPWMClockSet
                0x00008d1c       0x14 C:\FreeRTOSv202212.01\FreeRTOS\Demo\Common\drivers\LuminaryMicro/arm-none-eabi-gcc/\libdriver.a(sysctl.o)
                0x00008d1c                SysCtlPWMClockSet
 .text.SysCtlPWMClockGet
                0x00008d30       0x18 C:\FreeRTOSv202212.01\FreeRTOS\Demo\Common\drivers\LuminaryMicro/arm-none-eabi-gcc/\libdriver.a(sysctl.o)
                0x00008d30                SysCtlPWMClockGet
 .text.SysCtlADCSpeedSet
                0x00008d48       0x34 C:\FreeRTOSv202212.01\FreeRTOS\Demo\Common\drivers\LuminaryMicro/arm-none-eabi-gcc/\libdriver.a(sysctl.o)
                0x00008d48                SysCtlADCSpeedSet
 .text.SysCtlADCSpeedGet
                0x00008d7c       0x10 C:\FreeRTOSv202212.01\FreeRTOS\Demo\Common\drivers\LuminaryMicro/arm-none-eabi-gcc/\libdriver.a(sysctl.o)
                0x00008d7c                SysCtlADCSpeedGet
 .text.SysCtlIOSCVerificationSet
                0x00008d8c       0x20 C:\FreeRTOSv202212.01\FreeRTOS\Demo\Common\drivers\LuminaryMicro/arm-none-eabi-gcc/\libdriver.a(sysctl.o)
                0x00008d8c                SysCtlIOSCVerificationSet
 .text.SysCtlMOSCVerificationSet
                0x00008dac       0x20 C:\FreeRTOSv202212.01\FreeRTOS\Demo\Common\drivers\LuminaryMicro/arm-none-eabi-gcc/\libdriver.a(sysctl.o)
                0x00008dac                SysCtlMOSCVerificationSet
 .text.SysCtlPLLVerificationSet
                0x00008dcc       0x20 C:\FreeRTOSv202212.01\FreeRTOS\Demo\Common\drivers\LuminaryMicro/arm-none-eabi-gcc/\libdriver.a(sysctl.o)
                0x00008dcc                SysCtlPLLVerificationSet
 .text.SysCtlClkVerificationClear
                0x00008dec       0x10 C:\FreeRTOSv202212.01\FreeRTOS\Demo\Common\drivers\LuminaryMicro/arm-none-eabi-gcc/\libdriver.a(sysctl.o)
                0x00008dec                SysCtlClkVerificationClear
 .text.SysCtlGPIOAHBEnable
                0x00008dfc       0x10 C:\FreeRTOSv202212.01\FreeRTOS\Demo\Common\drivers\LuminaryMicro/arm-none-eabi-gcc/\libdriver.a(sysctl.o)
                0x00008dfc                SysCtlGPIOAHBEnable
 .text.SysCtlGPIOAHBDisable
                0x00008e0c       0x14 C:\FreeRTOSv202212.01\FreeRTOS\Demo\Common\drivers\LuminaryMicro/arm-none-eabi-gcc/\libdriver.a(sysctl.o)
                0x00008e0c                SysCtlGPIOAHBDisable
 .text.SysCtlUSBPLLEnable
                0x00008e20       0x10 C:\FreeRTOSv202212.01\FreeRTOS\Demo\Common\drivers\LuminaryMicro/arm-none-eabi-gcc/\libdriver.a(sysctl.o)
                0x00008e20                SysCtlUSBPLLEnable
 .text.SysCtlUSBPLLDisable
                0x00008e30       0x10 C:\FreeRTOSv202212.01\FreeRTOS\Demo\Common\drivers\LuminaryMicro/arm-none-eabi-gcc/\libdriver.a(sysctl.o)
                0x00008e30                SysCtlUSBPLLDisable
 .text.SysCtlDeepSleep
                0x00008e40       0x20 C:\FreeRTOSv202212.01\FreeRTOS\Demo\Common\drivers\LuminaryMicro/arm-none-eabi-gcc/\libdriver.a(sysctl.o)
                0x00008e40                SysCtlDeepSleep
 .text.SysCtlSleep
                0x00008e60        0x8 C:\FreeRTOSv202212.01\FreeRTOS\Demo\Common\drivers\LuminaryMicro/arm-none-eabi-gcc/\libdriver.a(sysctl.o)
                0x00008e60                SysCtlSleep
 .text.SysCtlIntUnregister
                0x00008e68       0x10 C:\FreeRTOSv202212.01\FreeRTOS\Demo\Common\drivers\LuminaryMicro/arm-none-eabi-gcc/\libdriver.a(sysctl.o)
                0x00008e68                SysCtlIntUnregister
 .text.SysCtlIntRegister
                0x00008e78       0x14 C:\FreeRTOSv202212.01\FreeRTOS\Demo\Common\drivers\LuminaryMicro/arm-none-eabi-gcc/\libdriver.a(sysctl.o)
                0x00008e78                SysCtlIntRegister
 .text          0x00008e8c        0x0 C:\FreeRTOSv202212.01\FreeRTOS\Demo\Common\drivers\LuminaryMicro/arm-none-eabi-gcc/\libdriver.a(uart.o)
 .text.UARTParityModeSet
                0x00008e8c        0xc C:\FreeRTOSv202212.01\FreeRTOS\Demo\Common\drivers\LuminaryMicro/arm-none-eabi-gcc/\libdriver.a(uart.o)
                0x00008e8c                UARTParityModeSet
 .text.UARTParityModeGet
                0x00008e98        0x8 C:\FreeRTOSv202212.01\FreeRTOS\Demo\Common\drivers\LuminaryMicro/arm-none-eabi-gcc/\libdriver.a(uart.o)
                0x00008e98                UARTParityModeGet
 .text.UARTFIFOLevelSet
                0x00008ea0        0x8 C:\FreeRTOSv202212.01\FreeRTOS\Demo\Common\drivers\LuminaryMicro/arm-none-eabi-gcc/\libdriver.a(uart.o)
                0x00008ea0                UARTFIFOLevelSet
 .text.UARTFIFOLevelGet
                0x00008ea8       0x10 C:\FreeRTOSv202212.01\FreeRTOS\Demo\Common\drivers\LuminaryMicro/arm-none-eabi-gcc/\libdriver.a(uart.o)
                0x00008ea8                UARTFIFOLevelGet
 .text.UARTConfigGetExpClk
                0x00008eb8       0x20 C:\FreeRTOSv202212.01\FreeRTOS\Demo\Common\drivers\LuminaryMicro/arm-none-eabi-gcc/\libdriver.a(uart.o)
                0x00008eb8                UARTConfigGetExpClk
 .text.UARTEnable
                0x00008ed8       0x18 C:\FreeRTOSv202212.01\FreeRTOS\Demo\Common\drivers\LuminaryMicro/arm-none-eabi-gcc/\libdriver.a(uart.o)
                0x00008ed8                UARTEnable
 .text.UARTDisable
                0x00008ef0       0x24 C:\FreeRTOSv202212.01\FreeRTOS\Demo\Common\drivers\LuminaryMicro/arm-none-eabi-gcc/\libdriver.a(uart.o)
                0x00008ef0                UARTDisable
 .text.UARTConfigSetExpClk
                0x00008f14       0x38 C:\FreeRTOSv202212.01\FreeRTOS\Demo\Common\drivers\LuminaryMicro/arm-none-eabi-gcc/\libdriver.a(uart.o)
                0x00008f14                UARTConfigSetExpClk
 .text.UARTEnableSIR
                0x00008f4c       0x18 C:\FreeRTOSv202212.01\FreeRTOS\Demo\Common\drivers\LuminaryMicro/arm-none-eabi-gcc/\libdriver.a(uart.o)
                0x00008f4c                UARTEnableSIR
 .text.UARTDisableSIR
                0x00008f64        0xc C:\FreeRTOSv202212.01\FreeRTOS\Demo\Common\drivers\LuminaryMicro/arm-none-eabi-gcc/\libdriver.a(uart.o)
                0x00008f64                UARTDisableSIR
 .text.UARTCharsAvail
                0x00008f70       0x10 C:\FreeRTOSv202212.01\FreeRTOS\Demo\Common\drivers\LuminaryMicro/arm-none-eabi-gcc/\libdriver.a(uart.o)
                0x00008f70                UARTCharsAvail
 .text.UARTSpaceAvail
                0x00008f80       0x10 C:\FreeRTOSv202212.01\FreeRTOS\Demo\Common\drivers\LuminaryMicro/arm-none-eabi-gcc/\libdriver.a(uart.o)
                0x00008f80                UARTSpaceAvail
 .text.UARTCharGetNonBlocking
                0x00008f90       0x10 C:\FreeRTOSv202212.01\FreeRTOS\Demo\Common\drivers\LuminaryMicro/arm-none-eabi-gcc/\libdriver.a(uart.o)
                0x00008f90                UARTCharGetNonBlocking
 .text.UARTCharGet
                0x00008fa0       0x10 C:\FreeRTOSv202212.01\FreeRTOS\Demo\Common\drivers\LuminaryMicro/arm-none-eabi-gcc/\libdriver.a(uart.o)
                0x00008fa0                UARTCharGet
 .text.UARTCharPutNonBlocking
                0x00008fb0       0x14 C:\FreeRTOSv202212.01\FreeRTOS\Demo\Common\drivers\LuminaryMicro/arm-none-eabi-gcc/\libdriver.a(uart.o)
                0x00008fb0                UARTCharPutNonBlocking
 .text.UARTCharPut
                0x00008fc4       0x10 C:\FreeRTOSv202212.01\FreeRTOS\Demo\Common\drivers\LuminaryMicro/arm-none-eabi-gcc/\libdriver.a(uart.o)
                0x00008fc4                UARTCharPut
 .text.UARTBreakCtl
                0x00008fd4       0x18 C:\FreeRTOSv202212.01\FreeRTOS\Demo\Common\drivers\LuminaryMicro/arm-none-eabi-gcc/\libdriver.a(uart.o)
                0x00008fd4                UARTBreakCtl
 .text.UARTIntEnable
                0x00008fec        0x8 C:\FreeRTOSv202212.01\FreeRTOS\Demo\Common\drivers\LuminaryMicro/arm-none-eabi-gcc/\libdriver.a(uart.o)
                0x00008fec                UARTIntEnable
 .text.UARTIntDisable
                0x00008ff4        0xc C:\FreeRTOSv202212.01\FreeRTOS\Demo\Common\drivers\LuminaryMicro/arm-none-eabi-gcc/\libdriver.a(uart.o)
                0x00008ff4                UARTIntDisable
 .text.UARTIntStatus
                0x00009000        0xc C:\FreeRTOSv202212.01\FreeRTOS\Demo\Common\drivers\LuminaryMicro/arm-none-eabi-gcc/\libdriver.a(uart.o)
                0x00009000                UARTIntStatus
 .text.UARTIntClear
                0x0000900c        0x4 C:\FreeRTOSv202212.01\FreeRTOS\Demo\Common\drivers\LuminaryMicro/arm-none-eabi-gcc/\libdriver.a(uart.o)
                0x0000900c                UARTIntClear
 .text.UARTDMAEnable
                0x00009010        0x8 C:\FreeRTOSv202212.01\FreeRTOS\Demo\Common\drivers\LuminaryMicro/arm-none-eabi-gcc/\libdriver.a(uart.o)
                0x00009010                UARTDMAEnable
 .text.UARTDMADisable
                0x00009018        0xc C:\FreeRTOSv202212.01\FreeRTOS\Demo\Common\drivers\LuminaryMicro/arm-none-eabi-gcc/\libdriver.a(uart.o)
                0x00009018                UARTDMADisable
 .text.UARTIntUnregister
                0x00009024       0x2c C:\FreeRTOSv202212.01\FreeRTOS\Demo\Common\drivers\LuminaryMicro/arm-none-eabi-gcc/\libdriver.a(uart.o)
                0x00009024                UARTIntUnregister
 .text.UARTIntRegister
                0x00009050       0x2c C:\FreeRTOSv202212.01\FreeRTOS\Demo\Common\drivers\LuminaryMicro/arm-none-eabi-gcc/\libdriver.a(uart.o)
                0x00009050                UARTIntRegister
 .text          0x0000907c       0x14 C:\FreeRTOSv202212.01\FreeRTOS\Demo\Common\drivers\LuminaryMicro/arm-none-eabi-gcc/\libdriver.a(cpu.o)
                0x0000907c                CPUcpsid
                0x00009084                CPUcpsie
                0x0000908c                CPUwfi
 .text          0x00009090        0x0 c:/program files (x86)/gnu arm embedded toolchain/10 2021.10/bin/../lib/gcc/arm-none-eabi/10.3.1/../../../../arm-none-eabi/lib/thumb/v7-m/nofp\libg_nano.a(lib_a-memcpy-stub.o)
 .text.memcpy   0x00009090       0x1c c:/program files (x86)/gnu arm embedded toolchain/10 2021.10/bin/../lib/gcc/arm-none-eabi/10.3.1/../../../../arm-none-eabi/lib/thumb/v7-m/nofp\libg_nano.a(lib_a-memcpy-stub.o)
                0x00009090                memcpy
 .text          0x000090ac        0x0 c:/program files (x86)/gnu arm embedded toolchain/10 2021.10/bin/../lib/gcc/arm-none-eabi/10.3.1/../../../../arm-none-eabi/lib/thumb/v7-m/nofp\libg_nano.a(lib_a-memset.o)
 .text.memset   0x000090ac       0x10 c:/program files (x86)/gnu arm embedded toolchain/10 2021.10/bin/../lib/gcc/arm-none-eabi/10.3.1/../../../../arm-none-eabi/lib/thumb/v7-m/nofp\libg_nano.a(lib_a-memset.o)
                0x000090ac                memset
 .text          0x000090bc        0x0 c:/program files (x86)/gnu arm embedded toolchain/10 2021.10/bin/../lib/gcc/arm-none-eabi/10.3.1/../../../../arm-none-eabi/lib/thumb/v7-m/nofp\libg_nano.a(lib_a-sprintf.o)
 .text._sprintf_r
                0x000090bc       0x38 c:/program files (x86)/gnu arm embedded toolchain/10 2021.10/bin/../lib/gcc/arm-none-eabi/10.3.1/../../../../arm-none-eabi/lib/thumb/v7-m/nofp\libg_nano.a(lib_a-sprintf.o)
                0x000090bc                _sprintf_r
                0x000090bc                _siprintf_r
 .text.sprintf  0x000090f4       0x40 c:/program files (x86)/gnu arm embedded toolchain/10 2021.10/bin/../lib/gcc/arm-none-eabi/10.3.1/../../../../arm-none-eabi/lib/thumb/v7-m/nofp\libg_nano.a(lib_a-sprintf.o)
                0x000090f4                siprintf
                0x000090f4                sprintf
 .text          0x00009134        0x0 c:/program files (x86)/gnu arm embedded toolchain/10 2021.10/bin/../lib/gcc/arm-none-eabi/10.3.1/../../../../arm-none-eabi/lib/thumb/v7-m/nofp\libg_nano.a(lib_a-strcpy.o)
 .text.strcpy   0x00009134       0x10 c:/program files (x86)/gnu arm embedded toolchain/10 2021.10/bin/../lib/gcc/arm-none-eabi/10.3.1/../../../../arm-none-eabi/lib/thumb/v7-m/nofp\libg_nano.a(lib_a-strcpy.o)
                0x00009134                strcpy
 .text          0x00009144       0x10 c:/program files (x86)/gnu arm embedded toolchain/10 2021.10/bin/../lib/gcc/arm-none-eabi/10.3.1/../../../../arm-none-eabi/lib/thumb/v7-m/nofp\libg_nano.a(lib_a-strlen.o)
                0x00009144                strlen
 .text          0x00009154        0x0 c:/program files (x86)/gnu arm embedded toolchain/10 2021.10/bin/../lib/gcc/arm-none-eabi/10.3.1/../../../../arm-none-eabi/lib/thumb/v7-m/nofp\libg_nano.a(lib_a-strncpy.o)
 .text.strncpy  0x00009154       0x26 c:/program files (x86)/gnu arm embedded toolchain/10 2021.10/bin/../lib/gcc/arm-none-eabi/10.3.1/../../../../arm-none-eabi/lib/thumb/v7-m/nofp\libg_nano.a(lib_a-strncpy.o)
                0x00009154                strncpy
 .text          0x0000917a        0x0 c:/program files (x86)/gnu arm embedded toolchain/10 2021.10/bin/../lib/gcc/arm-none-eabi/10.3.1/../../../../arm-none-eabi/lib/thumb/v7-m/nofp\libg_nano.a(lib_a-impure.o)
 .text          0x0000917a        0x0 c:/program files (x86)/gnu arm embedded toolchain/10 2021.10/bin/../lib/gcc/arm-none-eabi/10.3.1/../../../../arm-none-eabi/lib/thumb/v7-m/nofp\libg_nano.a(lib_a-nano-svfprintf.o)
 .text.__ssputs_r
                0x0000917a       0xb6 c:/program files (x86)/gnu arm embedded toolchain/10 2021.10/bin/../lib/gcc/arm-none-eabi/10.3.1/../../../../arm-none-eabi/lib/thumb/v7-m/nofp\libg_nano.a(lib_a-nano-svfprintf.o)
                0x0000917a                __ssputs_r
 .text.__ssprint_r
                0x00009230       0xf6 c:/program files (x86)/gnu arm embedded toolchain/10 2021.10/bin/../lib/gcc/arm-none-eabi/10.3.1/../../../../arm-none-eabi/lib/thumb/v7-m/nofp\libg_nano.a(lib_a-nano-svfprintf.o)
                0x00009230                __ssprint_r
 *fill*         0x00009326        0x2 
 .text._svfprintf_r
                0x00009328      0x200 c:/program files (x86)/gnu arm embedded toolchain/10 2021.10/bin/../lib/gcc/arm-none-eabi/10.3.1/../../../../arm-none-eabi/lib/thumb/v7-m/nofp\libg_nano.a(lib_a-nano-svfprintf.o)
                0x00009328                _svfiprintf_r
                0x00009328                _svfprintf_r
 .text          0x00009528        0x0 c:/program files (x86)/gnu arm embedded toolchain/10 2021.10/bin/../lib/gcc/arm-none-eabi/10.3.1/../../../../arm-none-eabi/lib/thumb/v7-m/nofp\libg_nano.a(lib_a-nano-vfprintf_i.o)
 .text._printf_common
                0x00009528       0xde c:/program files (x86)/gnu arm embedded toolchain/10 2021.10/bin/../lib/gcc/arm-none-eabi/10.3.1/../../../../arm-none-eabi/lib/thumb/v7-m/nofp\libg_nano.a(lib_a-nano-vfprintf_i.o)
                0x00009528                _printf_common
 *fill*         0x00009606        0x2 
 .text._printf_i
                0x00009608      0x24c c:/program files (x86)/gnu arm embedded toolchain/10 2021.10/bin/../lib/gcc/arm-none-eabi/10.3.1/../../../../arm-none-eabi/lib/thumb/v7-m/nofp\libg_nano.a(lib_a-nano-vfprintf_i.o)
                0x00009608                _printf_i
 .text          0x00009854        0x0 c:/program files (x86)/gnu arm embedded toolchain/10 2021.10/bin/../lib/gcc/arm-none-eabi/10.3.1/../../../../arm-none-eabi/lib/thumb/v7-m/nofp\libg_nano.a(lib_a-memchr-stub.o)
 .text.memchr   0x00009854       0x1c c:/program files (x86)/gnu arm embedded toolchain/10 2021.10/bin/../lib/gcc/arm-none-eabi/10.3.1/../../../../arm-none-eabi/lib/thumb/v7-m/nofp\libg_nano.a(lib_a-memchr-stub.o)
                0x00009854                memchr
 .text          0x00009870        0x0 c:/program files (x86)/gnu arm embedded toolchain/10 2021.10/bin/../lib/gcc/arm-none-eabi/10.3.1/../../../../arm-none-eabi/lib/thumb/v7-m/nofp\libg_nano.a(lib_a-memmove.o)
 .text.memmove  0x00009870       0x34 c:/program files (x86)/gnu arm embedded toolchain/10 2021.10/bin/../lib/gcc/arm-none-eabi/10.3.1/../../../../arm-none-eabi/lib/thumb/v7-m/nofp\libg_nano.a(lib_a-memmove.o)
                0x00009870                memmove
 .text          0x000098a4        0x0 c:/program files (x86)/gnu arm embedded toolchain/10 2021.10/bin/../lib/gcc/arm-none-eabi/10.3.1/../../../../arm-none-eabi/lib/thumb/v7-m/nofp\libg_nano.a(lib_a-nano-freer.o)
 .text._free_r  0x000098a4       0x90 c:/program files (x86)/gnu arm embedded toolchain/10 2021.10/bin/../lib/gcc/arm-none-eabi/10.3.1/../../../../arm-none-eabi/lib/thumb/v7-m/nofp\libg_nano.a(lib_a-nano-freer.o)
                0x000098a4                _free_r
 .text          0x00009934        0x0 c:/program files (x86)/gnu arm embedded toolchain/10 2021.10/bin/../lib/gcc/arm-none-eabi/10.3.1/../../../../arm-none-eabi/lib/thumb/v7-m/nofp\libg_nano.a(lib_a-nano-mallocr.o)
 .text.sbrk_aligned
                0x00009934       0x40 c:/program files (x86)/gnu arm embedded toolchain/10 2021.10/bin/../lib/gcc/arm-none-eabi/10.3.1/../../../../arm-none-eabi/lib/thumb/v7-m/nofp\libg_nano.a(lib_a-nano-mallocr.o)
 .text._malloc_r
                0x00009974       0xe8 c:/program files (x86)/gnu arm embedded toolchain/10 2021.10/bin/../lib/gcc/arm-none-eabi/10.3.1/../../../../arm-none-eabi/lib/thumb/v7-m/nofp\libg_nano.a(lib_a-nano-mallocr.o)
                0x00009974                _malloc_r
 .text          0x00009a5c        0x0 c:/program files (x86)/gnu arm embedded toolchain/10 2021.10/bin/../lib/gcc/arm-none-eabi/10.3.1/../../../../arm-none-eabi/lib/thumb/v7-m/nofp\libg_nano.a(lib_a-nano-reallocr.o)
 .text._realloc_r
                0x00009a5c       0x5e c:/program files (x86)/gnu arm embedded toolchain/10 2021.10/bin/../lib/gcc/arm-none-eabi/10.3.1/../../../../arm-none-eabi/lib/thumb/v7-m/nofp\libg_nano.a(lib_a-nano-reallocr.o)
                0x00009a5c                _realloc_r
 .text          0x00009aba        0x0 c:/program files (x86)/gnu arm embedded toolchain/10 2021.10/bin/../lib/gcc/arm-none-eabi/10.3.1/../../../../arm-none-eabi/lib/thumb/v7-m/nofp\libg_nano.a(lib_a-mlock.o)
 *fill*         0x00009aba        0x2 
 .text.__malloc_lock
                0x00009abc        0xc c:/program files (x86)/gnu arm embedded toolchain/10 2021.10/bin/../lib/gcc/arm-none-eabi/10.3.1/../../../../arm-none-eabi/lib/thumb/v7-m/nofp\libg_nano.a(lib_a-mlock.o)
                0x00009abc                __malloc_lock
 .text.__malloc_unlock
                0x00009ac8        0xc c:/program files (x86)/gnu arm embedded toolchain/10 2021.10/bin/../lib/gcc/arm-none-eabi/10.3.1/../../../../arm-none-eabi/lib/thumb/v7-m/nofp\libg_nano.a(lib_a-mlock.o)
                0x00009ac8                __malloc_unlock
 .text          0x00009ad4        0x0 c:/program files (x86)/gnu arm embedded toolchain/10 2021.10/bin/../lib/gcc/arm-none-eabi/10.3.1/../../../../arm-none-eabi/lib/thumb/v7-m/nofp\libg_nano.a(lib_a-nano-msizer.o)
 .text._malloc_usable_size_r
                0x00009ad4       0x10 c:/program files (x86)/gnu arm embedded toolchain/10 2021.10/bin/../lib/gcc/arm-none-eabi/10.3.1/../../../../arm-none-eabi/lib/thumb/v7-m/nofp\libg_nano.a(lib_a-nano-msizer.o)
                0x00009ad4                _malloc_usable_size_r
 .text          0x00009ae4        0x0 c:/program files (x86)/gnu arm embedded toolchain/10 2021.10/bin/../lib/gcc/arm-none-eabi/10.3.1/../../../../arm-none-eabi/lib/thumb/v7-m/nofp\libg_nano.a(lib_a-lock.o)
 .text.__retarget_lock_init
                0x00009ae4        0x2 c:/program files (x86)/gnu arm embedded toolchain/10 2021.10/bin/../lib/gcc/arm-none-eabi/10.3.1/../../../../arm-none-eabi/lib/thumb/v7-m/nofp\libg_nano.a(lib_a-lock.o)
                0x00009ae4                __retarget_lock_init
 .text.__retarget_lock_init_recursive
                0x00009ae6        0x2 c:/program files (x86)/gnu arm embedded toolchain/10 2021.10/bin/../lib/gcc/arm-none-eabi/10.3.1/../../../../arm-none-eabi/lib/thumb/v7-m/nofp\libg_nano.a(lib_a-lock.o)
                0x00009ae6                __retarget_lock_init_recursive
 .text.__retarget_lock_close
                0x00009ae8        0x2 c:/program files (x86)/gnu arm embedded toolchain/10 2021.10/bin/../lib/gcc/arm-none-eabi/10.3.1/../../../../arm-none-eabi/lib/thumb/v7-m/nofp\libg_nano.a(lib_a-lock.o)
                0x00009ae8                __retarget_lock_close
 .text.__retarget_lock_close_recursive
                0x00009aea        0x2 c:/program files (x86)/gnu arm embedded toolchain/10 2021.10/bin/../lib/gcc/arm-none-eabi/10.3.1/../../../../arm-none-eabi/lib/thumb/v7-m/nofp\libg_nano.a(lib_a-lock.o)
                0x00009aea                __retarget_lock_close_recursive
 .text.__retarget_lock_acquire
                0x00009aec        0x2 c:/program files (x86)/gnu arm embedded toolchain/10 2021.10/bin/../lib/gcc/arm-none-eabi/10.3.1/../../../../arm-none-eabi/lib/thumb/v7-m/nofp\libg_nano.a(lib_a-lock.o)
                0x00009aec                __retarget_lock_acquire
 .text.__retarget_lock_acquire_recursive
                0x00009aee        0x2 c:/program files (x86)/gnu arm embedded toolchain/10 2021.10/bin/../lib/gcc/arm-none-eabi/10.3.1/../../../../arm-none-eabi/lib/thumb/v7-m/nofp\libg_nano.a(lib_a-lock.o)
                0x00009aee                __retarget_lock_acquire_recursive
 .text.__retarget_lock_try_acquire
                0x00009af0        0x4 c:/program files (x86)/gnu arm embedded toolchain/10 2021.10/bin/../lib/gcc/arm-none-eabi/10.3.1/../../../../arm-none-eabi/lib/thumb/v7-m/nofp\libg_nano.a(lib_a-lock.o)
                0x00009af0                __retarget_lock_try_acquire
 .text.__retarget_lock_try_acquire_recursive
                0x00009af4        0x4 c:/program files (x86)/gnu arm embedded toolchain/10 2021.10/bin/../lib/gcc/arm-none-eabi/10.3.1/../../../../arm-none-eabi/lib/thumb/v7-m/nofp\libg_nano.a(lib_a-lock.o)
                0x00009af4                __retarget_lock_try_acquire_recursive
 .text.__retarget_lock_release
                0x00009af8        0x2 c:/program files (x86)/gnu arm embedded toolchain/10 2021.10/bin/../lib/gcc/arm-none-eabi/10.3.1/../../../../arm-none-eabi/lib/thumb/v7-m/nofp\libg_nano.a(lib_a-lock.o)
                0x00009af8                __retarget_lock_release
 .text.__retarget_lock_release_recursive
                0x00009afa        0x2 c:/program files (x86)/gnu arm embedded toolchain/10 2021.10/bin/../lib/gcc/arm-none-eabi/10.3.1/../../../../arm-none-eabi/lib/thumb/v7-m/nofp\libg_nano.a(lib_a-lock.o)
                0x00009afa                __retarget_lock_release_recursive
 *(.rodata*)
 .rodata.g_pucOSRAM128x64x4VerticalInc
                0x00009afc        0x2 ./LocalDemoFiles/osram128x64x4.o
 *fill*         0x00009afe        0x2 
 .rodata.g_pucOSRAM128x64x4HorizontalInc
                0x00009b00        0x2 ./LocalDemoFiles/osram128x64x4.o
 *fill*         0x00009b02        0x2 
 .rodata.g_pucFont
                0x00009b04      0x1e0 ./LocalDemoFiles/osram128x64x4.o
 .rodata.g_pucOSRAM128x64x4Init
                0x00009ce4       0x4e ./LocalDemoFiles/osram128x64x4.o
 *fill*         0x00009d32        0x2 
 .rodata.pucCommand1.7
                0x00009d34        0x3 ./LocalDemoFiles/osram128x64x4.o
 *fill*         0x00009d37        0x1 
 .rodata.pucCommand2.6
                0x00009d38        0x3 ./LocalDemoFiles/osram128x64x4.o
 *fill*         0x00009d3b        0x1 
 .rodata.pucCommand1.0
                0x00009d3c        0x3 ./LocalDemoFiles/osram128x64x4.o
 *fill*         0x00009d3f        0x1 
 .rodata        0x00009d40       0x1a ./LegacyDrivers/ustdlib.o
 *fill*         0x00009d5a        0x2 
 .rodata.g_pcHex
                0x00009d5c        0x4 ./LegacyDrivers/ustdlib.o
 .rodata.xHeapStructSize
                0x00009d60        0x4 ./FreeRTOS_Source/portable/MemMang/heap_4.o
 .rodata        0x00009d64       0x40 ./FreeRTOS_Source/portable/MemMang/heap_4.o
 .rodata.pcInterruptPriorityRegisters
                0x00009da4        0x4 ./FreeRTOS_Source/portable/GCC/ARM_CM3/port.o
 .rodata        0x00009da8       0x42 ./FreeRTOS_Source/portable/GCC/ARM_CM3/port.o
 *fill*         0x00009dea        0x2 
 .rodata        0x00009dec       0x35 ./FreeRTOS_Source/event_groups.o
 *fill*         0x00009e21        0x3 
 .rodata        0x00009e24       0x2e ./FreeRTOS_Source/queue.o
 *fill*         0x00009e52        0x2 
 .rodata        0x00009e54       0x36 ./FreeRTOS_Source/stream_buffer.o
 *fill*         0x00009e8a        0x2 
 .rodata        0x00009e8c       0x47 ./FreeRTOS_Source/tasks.o
 *fill*         0x00009ed3        0x1 
 .rodata        0x00009ed4       0x3d ./FreeRTOS_Source/timers.o
 *fill*         0x00009f11        0x3 
 .rodata        0x00009f14       0x22 ./main.o
 *fill*         0x00009f36        0x2 
 .rodata.IntDefaultHandler.str1.4
                0x00009f38        0xd ./startup.o
 *fill*         0x00009f45        0x3 
 .rodata.g_pulPriority
                0x00009f48       0x20 C:\FreeRTOSv202212.01\FreeRTOS\Demo\Common\drivers\LuminaryMicro/arm-none-eabi-gcc/\libdriver.a(interrupt.o)
 .rodata.g_pulRegs
                0x00009f68       0x40 C:\FreeRTOSv202212.01\FreeRTOS\Demo\Common\drivers\LuminaryMicro/arm-none-eabi-gcc/\libdriver.a(interrupt.o)
 .rodata.g_pulDCRegs
                0x00009fa8       0x10 C:\FreeRTOSv202212.01\FreeRTOS\Demo\Common\drivers\LuminaryMicro/arm-none-eabi-gcc/\libdriver.a(sysctl.o)
 .rodata.g_pulXtals
                0x00009fb8       0x5c C:\FreeRTOSv202212.01\FreeRTOS\Demo\Common\drivers\LuminaryMicro/arm-none-eabi-gcc/\libdriver.a(sysctl.o)
 .rodata.g_pulDCGCRegs
                0x0000a014        0xc C:\FreeRTOSv202212.01\FreeRTOS\Demo\Common\drivers\LuminaryMicro/arm-none-eabi-gcc/\libdriver.a(sysctl.o)
 .rodata.g_pulRCGCRegs
                0x0000a020        0xc C:\FreeRTOSv202212.01\FreeRTOS\Demo\Common\drivers\LuminaryMicro/arm-none-eabi-gcc/\libdriver.a(sysctl.o)
 .rodata.g_pulSCGCRegs
                0x0000a02c        0xc C:\FreeRTOSv202212.01\FreeRTOS\Demo\Common\drivers\LuminaryMicro/arm-none-eabi-gcc/\libdriver.a(sysctl.o)
 .rodata.g_pulSRCRRegs
                0x0000a038        0xc C:\FreeRTOSv202212.01\FreeRTOS\Demo\Common\drivers\LuminaryMicro/arm-none-eabi-gcc/\libdriver.a(sysctl.o)
 .rodata._global_impure_ptr
                0x0000a044        0x4 c:/program files (x86)/gnu arm embedded toolchain/10 2021.10/bin/../lib/gcc/arm-none-eabi/10.3.1/../../../../arm-none-eabi/lib/thumb/v7-m/nofp\libg_nano.a(lib_a-impure.o)
                0x0000a044                _global_impure_ptr
 .rodata._svfprintf_r.str1.1
                0x0000a048       0x11 c:/program files (x86)/gnu arm embedded toolchain/10 2021.10/bin/../lib/gcc/arm-none-eabi/10.3.1/../../../../arm-none-eabi/lib/thumb/v7-m/nofp\libg_nano.a(lib_a-nano-svfprintf.o)
 .rodata._printf_i.str1.1
                0x0000a059       0x22 c:/program files (x86)/gnu arm embedded toolchain/10 2021.10/bin/../lib/gcc/arm-none-eabi/10.3.1/../../../../arm-none-eabi/lib/thumb/v7-m/nofp\libg_nano.a(lib_a-nano-vfprintf_i.o)
                0x0000a07b                _etext = .

.glue_7         0x0000a07c        0x0
 .glue_7        0x0000a07c        0x0 linker stubs

.glue_7t        0x0000a07c        0x0
 .glue_7t       0x0000a07c        0x0 linker stubs

.vfp11_veneer   0x0000a07c        0x0
 .vfp11_veneer  0x0000a07c        0x0 linker stubs

.v4_bx          0x0000a07c        0x0
 .v4_bx         0x0000a07c        0x0 linker stubs

.iplt           0x0000a07c        0x0
 .iplt          0x0000a07c        0x0 ./LocalDemoFiles/display.o

.rel.dyn        0x0000a07c        0x0
 .rel.iplt      0x0000a07c        0x0 ./LocalDemoFiles/display.o

.data           0x20000000      0x170 load address 0x0000a07b
                0x20000000                _data = .
 *(vtable)
 vtable         0x20000000      0x100 C:\FreeRTOSv202212.01\FreeRTOS\Demo\Common\drivers\LuminaryMicro/arm-none-eabi-gcc/\libdriver.a(interrupt.o)
 *(.data*)
 .data          0x20000100        0x0 ./LocalDemoFiles/display.o
 .data          0x20000100        0x0 ./LocalDemoFiles/osram128x64x4.o
 .data          0x20000100        0x0 ./LocalDemoFiles/serial.o
 .data          0x20000100        0x0 ./LegacyDrivers/ustdlib.o
 .data          0x20000100        0x0 ./FreeRTOS_Source/portable/MemMang/heap_4.o
 .data          0x20000100        0x0 ./FreeRTOS_Source/portable/GCC/ARM_CM3/port.o
 .data.uxCriticalNesting
                0x20000100        0x4 ./FreeRTOS_Source/portable/GCC/ARM_CM3/port.o
 .data          0x20000104        0x0 ./FreeRTOS_Source/croutine.o
 .data          0x20000104        0x0 ./FreeRTOS_Source/event_groups.o
 .data          0x20000104        0x0 ./FreeRTOS_Source/list.o
 .data          0x20000104        0x0 ./FreeRTOS_Source/queue.o
 .data          0x20000104        0x0 ./FreeRTOS_Source/stream_buffer.o
 .data          0x20000104        0x0 ./FreeRTOS_Source/tasks.o
 .data.uxTopUsedPriority
                0x20000104        0x4 ./FreeRTOS_Source/tasks.o
                0x20000104                uxTopUsedPriority
 .data          0x20000108        0x0 ./FreeRTOS_Source/timers.o
 .data          0x20000108        0x0 ./main.o
 .data.s        0x20000108        0x1 ./main.o
 .data          0x20000109        0x0 ./startup.o
 .data          0x20000109        0x0 C:\FreeRTOSv202212.01\FreeRTOS\Demo\Common\drivers\LuminaryMicro/arm-none-eabi-gcc/\libdriver.a(gpio.o)
 .data          0x20000109        0x0 C:\FreeRTOSv202212.01\FreeRTOS\Demo\Common\drivers\LuminaryMicro/arm-none-eabi-gcc/\libdriver.a(interrupt.o)
 .data          0x20000109        0x0 C:\FreeRTOSv202212.01\FreeRTOS\Demo\Common\drivers\LuminaryMicro/arm-none-eabi-gcc/\libdriver.a(ssi.o)
 .data          0x20000109        0x0 C:\FreeRTOSv202212.01\FreeRTOS\Demo\Common\drivers\LuminaryMicro/arm-none-eabi-gcc/\libdriver.a(sysctl.o)
 .data          0x20000109        0x0 C:\FreeRTOSv202212.01\FreeRTOS\Demo\Common\drivers\LuminaryMicro/arm-none-eabi-gcc/\libdriver.a(uart.o)
 .data          0x20000109        0x0 C:\FreeRTOSv202212.01\FreeRTOS\Demo\Common\drivers\LuminaryMicro/arm-none-eabi-gcc/\libdriver.a(cpu.o)
 .data          0x20000109        0x0 c:/program files (x86)/gnu arm embedded toolchain/10 2021.10/bin/../lib/gcc/arm-none-eabi/10.3.1/../../../../arm-none-eabi/lib/thumb/v7-m/nofp\libg_nano.a(lib_a-memcpy-stub.o)
 .data          0x20000109        0x0 c:/program files (x86)/gnu arm embedded toolchain/10 2021.10/bin/../lib/gcc/arm-none-eabi/10.3.1/../../../../arm-none-eabi/lib/thumb/v7-m/nofp\libg_nano.a(lib_a-memset.o)
 .data          0x20000109        0x0 c:/program files (x86)/gnu arm embedded toolchain/10 2021.10/bin/../lib/gcc/arm-none-eabi/10.3.1/../../../../arm-none-eabi/lib/thumb/v7-m/nofp\libg_nano.a(lib_a-sprintf.o)
 .data          0x20000109        0x0 c:/program files (x86)/gnu arm embedded toolchain/10 2021.10/bin/../lib/gcc/arm-none-eabi/10.3.1/../../../../arm-none-eabi/lib/thumb/v7-m/nofp\libg_nano.a(lib_a-strcpy.o)
 .data          0x20000109        0x0 c:/program files (x86)/gnu arm embedded toolchain/10 2021.10/bin/../lib/gcc/arm-none-eabi/10.3.1/../../../../arm-none-eabi/lib/thumb/v7-m/nofp\libg_nano.a(lib_a-strlen.o)
 .data          0x20000109        0x0 c:/program files (x86)/gnu arm embedded toolchain/10 2021.10/bin/../lib/gcc/arm-none-eabi/10.3.1/../../../../arm-none-eabi/lib/thumb/v7-m/nofp\libg_nano.a(lib_a-strncpy.o)
 .data          0x20000109        0x0 c:/program files (x86)/gnu arm embedded toolchain/10 2021.10/bin/../lib/gcc/arm-none-eabi/10.3.1/../../../../arm-none-eabi/lib/thumb/v7-m/nofp\libg_nano.a(lib_a-impure.o)
 *fill*         0x20000109        0x3 
 .data._impure_ptr
                0x2000010c        0x4 c:/program files (x86)/gnu arm embedded toolchain/10 2021.10/bin/../lib/gcc/arm-none-eabi/10.3.1/../../../../arm-none-eabi/lib/thumb/v7-m/nofp\libg_nano.a(lib_a-impure.o)
                0x2000010c                _impure_ptr
 .data.impure_data
                0x20000110       0x60 c:/program files (x86)/gnu arm embedded toolchain/10 2021.10/bin/../lib/gcc/arm-none-eabi/10.3.1/../../../../arm-none-eabi/lib/thumb/v7-m/nofp\libg_nano.a(lib_a-impure.o)
 .data          0x20000170        0x0 c:/program files (x86)/gnu arm embedded toolchain/10 2021.10/bin/../lib/gcc/arm-none-eabi/10.3.1/../../../../arm-none-eabi/lib/thumb/v7-m/nofp\libg_nano.a(lib_a-nano-svfprintf.o)
 .data          0x20000170        0x0 c:/program files (x86)/gnu arm embedded toolchain/10 2021.10/bin/../lib/gcc/arm-none-eabi/10.3.1/../../../../arm-none-eabi/lib/thumb/v7-m/nofp\libg_nano.a(lib_a-nano-vfprintf_i.o)
 .data          0x20000170        0x0 c:/program files (x86)/gnu arm embedded toolchain/10 2021.10/bin/../lib/gcc/arm-none-eabi/10.3.1/../../../../arm-none-eabi/lib/thumb/v7-m/nofp\libg_nano.a(lib_a-memchr-stub.o)
 .data          0x20000170        0x0 c:/program files (x86)/gnu arm embedded toolchain/10 2021.10/bin/../lib/gcc/arm-none-eabi/10.3.1/../../../../arm-none-eabi/lib/thumb/v7-m/nofp\libg_nano.a(lib_a-memmove.o)
 .data          0x20000170        0x0 c:/program files (x86)/gnu arm embedded toolchain/10 2021.10/bin/../lib/gcc/arm-none-eabi/10.3.1/../../../../arm-none-eabi/lib/thumb/v7-m/nofp\libg_nano.a(lib_a-nano-freer.o)
 .data          0x20000170        0x0 c:/program files (x86)/gnu arm embedded toolchain/10 2021.10/bin/../lib/gcc/arm-none-eabi/10.3.1/../../../../arm-none-eabi/lib/thumb/v7-m/nofp\libg_nano.a(lib_a-nano-mallocr.o)
 .data          0x20000170        0x0 c:/program files (x86)/gnu arm embedded toolchain/10 2021.10/bin/../lib/gcc/arm-none-eabi/10.3.1/../../../../arm-none-eabi/lib/thumb/v7-m/nofp\libg_nano.a(lib_a-nano-reallocr.o)
 .data          0x20000170        0x0 c:/program files (x86)/gnu arm embedded toolchain/10 2021.10/bin/../lib/gcc/arm-none-eabi/10.3.1/../../../../arm-none-eabi/lib/thumb/v7-m/nofp\libg_nano.a(lib_a-mlock.o)
 .data          0x20000170        0x0 c:/program files (x86)/gnu arm embedded toolchain/10 2021.10/bin/../lib/gcc/arm-none-eabi/10.3.1/../../../../arm-none-eabi/lib/thumb/v7-m/nofp\libg_nano.a(lib_a-nano-msizer.o)
 .data          0x20000170        0x0 c:/program files (x86)/gnu arm embedded toolchain/10 2021.10/bin/../lib/gcc/arm-none-eabi/10.3.1/../../../../arm-none-eabi/lib/thumb/v7-m/nofp\libg_nano.a(lib_a-lock.o)
                0x20000170                _edata = .

.igot.plt       0x20000170        0x0 load address 0x0000a1ec
 .igot.plt      0x20000170        0x0 ./LocalDemoFiles/display.o

.bss            0x20000170     0xe909 load address 0x0000a1ec
                0x20000170                _bss = .
 *(.bss*)
 .bss           0x20000170        0x0 ./LocalDemoFiles/display.o
 .bss           0x20000170        0x0 ./LocalDemoFiles/osram128x64x4.o
 .bss.buffer    0x20000170     0x1400 ./LocalDemoFiles/osram128x64x4.o
 .bss.g_bSSIEnabled
                0x20001570        0x1 ./LocalDemoFiles/osram128x64x4.o
 *fill*         0x20001571        0x3 
 .bss.pucZeroBuffer.5
                0x20001574        0x8 ./LocalDemoFiles/osram128x64x4.o
 .bss.pucBuffer.4
                0x2000157c        0x8 ./LocalDemoFiles/osram128x64x4.o
 .bss.pucBuffer.3
                0x20001584        0x8 ./LocalDemoFiles/osram128x64x4.o
 .bss.pucBuffer.2
                0x2000158c        0x8 ./LocalDemoFiles/osram128x64x4.o
 .bss.pucBuffer.1
                0x20001594        0x8 ./LocalDemoFiles/osram128x64x4.o
 .bss           0x2000159c        0x0 ./LocalDemoFiles/serial.o
 .bss.serialBuffer
                0x2000159c      0x400 ./LocalDemoFiles/serial.o
                0x2000159c                serialBuffer
 .bss.mouse     0x2000199c        0x2 ./LocalDemoFiles/serial.o
                0x2000199c                mouse
 .bss.c.2       0x2000199e        0x1 ./LocalDemoFiles/serial.o
 *fill*         0x2000199f        0x1 
 .bss.i.1       0x200019a0        0x4 ./LocalDemoFiles/serial.o
 .bss.c.0       0x200019a4        0x1 ./LocalDemoFiles/serial.o
 .bss           0x200019a5        0x0 ./LegacyDrivers/ustdlib.o
 .bss           0x200019a5        0x0 ./FreeRTOS_Source/portable/MemMang/heap_4.o
 *fill*         0x200019a5        0x3 
 .bss.ucHeap    0x200019a8     0xc800 ./FreeRTOS_Source/portable/MemMang/heap_4.o
 .bss.xStart    0x2000e1a8        0x8 ./FreeRTOS_Source/portable/MemMang/heap_4.o
 .bss.pxEnd     0x2000e1b0        0x4 ./FreeRTOS_Source/portable/MemMang/heap_4.o
 .bss.xFreeBytesRemaining
                0x2000e1b4        0x4 ./FreeRTOS_Source/portable/MemMang/heap_4.o
 .bss.xMinimumEverFreeBytesRemaining
                0x2000e1b8        0x4 ./FreeRTOS_Source/portable/MemMang/heap_4.o
 .bss.xNumberOfSuccessfulAllocations
                0x2000e1bc        0x4 ./FreeRTOS_Source/portable/MemMang/heap_4.o
 .bss.xNumberOfSuccessfulFrees
                0x2000e1c0        0x4 ./FreeRTOS_Source/portable/MemMang/heap_4.o
 .bss           0x2000e1c4        0x0 ./FreeRTOS_Source/portable/GCC/ARM_CM3/port.o
 .bss.ucMaxSysCallPriority
                0x2000e1c4        0x1 ./FreeRTOS_Source/portable/GCC/ARM_CM3/port.o
 *fill*         0x2000e1c5        0x3 
 .bss.ulMaxPRIGROUPValue
                0x2000e1c8        0x4 ./FreeRTOS_Source/portable/GCC/ARM_CM3/port.o
 .bss           0x2000e1cc        0x0 ./FreeRTOS_Source/croutine.o
 .bss           0x2000e1cc        0x0 ./FreeRTOS_Source/event_groups.o
 .bss           0x2000e1cc        0x0 ./FreeRTOS_Source/list.o
 .bss           0x2000e1cc        0x0 ./FreeRTOS_Source/queue.o
 .bss.xQueueRegistry
                0x2000e1cc       0x50 ./FreeRTOS_Source/queue.o
                0x2000e1cc                xQueueRegistry
 .bss           0x2000e21c        0x0 ./FreeRTOS_Source/stream_buffer.o
 .bss           0x2000e21c        0x0 ./FreeRTOS_Source/tasks.o
 .bss.pxCurrentTCB
                0x2000e21c        0x4 ./FreeRTOS_Source/tasks.o
                0x2000e21c                pxCurrentTCB
 .bss.pxReadyTasksLists
                0x2000e220       0x78 ./FreeRTOS_Source/tasks.o
 .bss.xDelayedTaskList1
                0x2000e298       0x14 ./FreeRTOS_Source/tasks.o
 .bss.xDelayedTaskList2
                0x2000e2ac       0x14 ./FreeRTOS_Source/tasks.o
 .bss.pxDelayedTaskList
                0x2000e2c0        0x4 ./FreeRTOS_Source/tasks.o
 .bss.pxOverflowDelayedTaskList
                0x2000e2c4        0x4 ./FreeRTOS_Source/tasks.o
 .bss.xPendingReadyList
                0x2000e2c8       0x14 ./FreeRTOS_Source/tasks.o
 .bss.xTasksWaitingTermination
                0x2000e2dc       0x14 ./FreeRTOS_Source/tasks.o